
2016/08/11 16:13:53 [WxController.go:17][D] heyishi
2016/08/11 16:34:55 [WxController.go:19][I] 微信服务器进行验证
2016/08/11 16:34:55 [WxController.go:23][I] 接受微信服务器参数：
2016/08/11 16:36:08 [WxController.go:19][I] 微信服务器进行验证
2016/08/11 16:36:08 [WxController.go:23][I] 接受微信服务器参数：
2016/08/11 16:38:32 [WxController.go:19][I] 微信服务器进行验证
2016/08/11 16:38:32 [WxController.go:21][I] 接受微信服务器参数：timestamp=timestamp&signature=0513f26ab6a3cb34a50217877910ebd941ea1047&nonce=nonce&echostr=echostr
2016/08/11 16:38:33 [WxController.go:19][I] 微信服务器进行验证
2016/08/11 16:38:33 [WxController.go:21][I] 接受微信服务器参数：timestamp=timestamp&signature=0513f26ab6a3cb34a50217877910ebd941ea1047&nonce=nonce&echostr=echostr
2016/08/11 16:41:19 [WxController.go:19][I] 微信服务器进行验证
2016/08/11 16:41:19 [WxController.go:21][I] 接受微信服务器参数：/wx?timestamp=timestamp&signature=0513f26ab6a3cb34a50217877910ebd941ea1047&nonce=nonce&echostr=echostr
2016/08/11 16:54:56 [WxController.go:19][I] 微信服务器进行验证:
2016/08/11 16:54:56 [WxController.go:21][I] 接受微信服务器参数：/wx?timestamp=timestamp&signature=0513f26ab6a3cb34a50217877910ebd941ea1047&nonce=nonce&echostr=echostr
2016/08/11 17:16:50 [WxController.go:19][I] 微信服务器进行验证
2016/08/11 17:16:50 [WxController.go:21][I] 接受微信服务器参数：/wx?timestamp=timestamp&signature=0513f26ab6a3cb34a50217877910ebd941ea1047&nonce=nonce&echostr=echostr
2016/08/11 17:16:50 [WxController.go:33][I] 微信服务器发来的签名串：0513f26ab6a3cb34a50217877910ebd941ea1047
2016/08/11 17:16:50 [sign.go:49][I] 需要验证签名的数据：nonce|timestamp|wx12sscwweewwqwwqqs
2016/08/11 17:16:50 [sign.go:32][I] 计算签名串：0513f26ab6a3cb34a50217877910ebd941ea1047
2016/08/11 17:16:50 [WxController.go:40][I] 微信服务器验证成功
2016/08/12 10:38:06 [WxController.go:22][I] 微信服务器进行验证
2016/08/12 10:38:06 [WxController.go:24][I] 接受微信服务器参数：/wx?timestamp=timestamp&signature=0513f26ab6a3cb34a50217877910ebd941ea1047&nonce=nonce&echostr=echostr
2016/08/12 10:38:06 [WxController.go:36][I] 微信服务器发来的签名串：0513f26ab6a3cb34a50217877910ebd941ea1047
2016/08/12 10:38:06 [sign.go:49][I] 需要验证签名的数据：nonce|timestamp|wx12sscwweewwqwwqqs
2016/08/12 10:38:06 [sign.go:32][I] 计算签名串：0513f26ab6a3cb34a50217877910ebd941ea1047
2016/08/12 10:38:06 [WxController.go:43][I] 微信服务器验证成功
2016/08/12 10:39:06 [WxController.go:22][I] 微信服务器进行验证
2016/08/12 10:39:06 [WxController.go:24][I] 接受微信服务器参数：/wx?timestamp=timestamp&signature=0513f26ab6a3cb34a50217877910ebd941ea1047&nonce=nonce&echostr=echostr
2016/08/12 10:39:06 [WxController.go:36][I] 微信服务器发来的签名串：0513f26ab6a3cb34a50217877910ebd941ea1047
2016/08/12 10:39:06 [sign.go:49][I] 需要验证签名的数据：nonce|timestamp|wx12sscwweewwqwwqqs
2016/08/12 10:39:06 [sign.go:32][I] 计算签名串：0513f26ab6a3cb34a50217877910ebd941ea1047
2016/08/12 10:39:06 [WxController.go:43][I] 微信服务器验证成功
2016/08/12 10:39:20 [WxController.go:22][I] 微信服务器进行验证
2016/08/12 10:39:20 [WxController.go:24][I] 接受微信服务器参数：/wx?timestamp=timestamp&signature=0513f26ab6a3cb34a50217877910ebd941ea1047&nonce=nonce&echostr=echostr
2016/08/12 10:39:20 [WxController.go:36][I] 微信服务器发来的签名串：0513f26ab6a3cb34a50217877910ebd941ea1047
2016/08/12 10:39:20 [sign.go:49][I] 需要验证签名的数据：nonce|timestamp|wx12sscwweewwqwwqqs
2016/08/12 10:39:20 [sign.go:32][I] 计算签名串：0513f26ab6a3cb34a50217877910ebd941ea1047
2016/08/12 10:39:20 [WxController.go:43][I] 微信服务器验证成功
2016/08/12 10:41:31 [WxController.go:22][I] 微信服务器进行验证
2016/08/12 10:41:31 [WxController.go:24][I] 接受微信服务器参数：/wx?timestamp=timestamp&signature=0513f26ab6a3cb34a50217877910ebd941ea1047&nonce=nonce&echostr=echostr
2016/08/12 10:41:31 [WxController.go:36][I] 微信服务器发来的签名串：0513f26ab6a3cb34a50217877910ebd941ea1047
2016/08/12 10:41:31 [sign.go:49][I] 需要验证签名的数据：nonce|timestamp|wx12sscwweewwqwwqqs
2016/08/12 10:41:31 [sign.go:32][I] 计算签名串：0513f26ab6a3cb34a50217877910ebd941ea1047
2016/08/12 10:41:31 [WxController.go:43][I] 微信服务器验证成功
2016/08/12 10:42:35 [WxController.go:22][I] 微信服务器进行验证
2016/08/12 10:42:35 [WxController.go:24][I] 接受微信服务器参数：/wx?timestamp=timestamp&signature=0513f26ab6a3cb34a50217877910ebd941ea1047&nonce=nonce&echostr=echostr
2016/08/12 10:42:35 [WxController.go:36][I] 微信服务器发来的签名串：0513f26ab6a3cb34a50217877910ebd941ea1047
2016/08/12 10:42:35 [sign.go:49][I] 需要验证签名的数据：nonce|timestamp|wx12sscwweewwqwwqqs
2016/08/12 10:42:35 [sign.go:32][I] 计算签名串：0513f26ab6a3cb34a50217877910ebd941ea1047
2016/08/12 10:42:35 [WxController.go:43][I] 微信服务器验证成功
2016/08/12 10:42:37 [WxController.go:22][I] 微信服务器进行验证
2016/08/12 10:42:37 [WxController.go:24][I] 接受微信服务器参数：/wx?timestamp=timestamp&signature=0513f26ab6a3cb34a50217877910ebd941ea1047&nonce=nonce&echostr=echostr
2016/08/12 10:42:37 [WxController.go:36][I] 微信服务器发来的签名串：0513f26ab6a3cb34a50217877910ebd941ea1047
2016/08/12 10:42:37 [sign.go:49][I] 需要验证签名的数据：nonce|timestamp|wx12sscwweewwqwwqqs
2016/08/12 10:42:37 [sign.go:32][I] 计算签名串：0513f26ab6a3cb34a50217877910ebd941ea1047
2016/08/12 10:42:37 [WxController.go:43][I] 微信服务器验证成功
2016/08/12 10:43:11 [WxController.go:22][I] 微信服务器进行验证
2016/08/12 10:43:11 [WxController.go:24][I] 接受微信服务器参数：/wx?timestamp=timestamp&signature=0513f26ab6a3cb34a50217877910ebd941ea1047&nonce=nonce&echostr=echostr
2016/08/12 10:43:11 [WxController.go:36][I] 微信服务器发来的签名串：0513f26ab6a3cb34a50217877910ebd941ea1047
2016/08/12 10:43:11 [sign.go:49][I] 需要验证签名的数据：nonce|timestamp|wx12sscwweewwqwwqqs
2016/08/12 10:43:11 [sign.go:32][I] 计算签名串：0513f26ab6a3cb34a50217877910ebd941ea1047
2016/08/12 10:43:11 [WxController.go:43][I] 微信服务器验证成功
2016/08/12 10:52:10 [WxController.go:22][I] 微信服务器进行验证
2016/08/12 10:52:10 [WxController.go:24][I] 接受微信服务器参数：/wx?timestamp=timestamp&signature=0513f26ab6a3cb34a50217877910ebd941ea1047&nonce=nonce&echostr=echostr
2016/08/12 10:52:10 [WxController.go:36][I] 微信服务器发来的签名串：0513f26ab6a3cb34a50217877910ebd941ea1047
2016/08/12 10:52:10 [sign.go:49][I] 需要验证签名的数据：nonce|timestamp|wx12sscwweewwqwwqqs
2016/08/12 10:52:10 [sign.go:32][I] 计算签名串：0513f26ab6a3cb34a50217877910ebd941ea1047
2016/08/12 10:52:10 [WxController.go:43][I] 微信服务器验证成功
2016/08/12 10:55:51 [WxController.go:22][I] 微信服务器进行验证
2016/08/12 10:55:51 [WxController.go:24][I] 接受微信服务器参数：/wx?timestamp=timestamp&signature=0513f26ab6a3cb34a50217877910ebd941ea1047&nonce=nonce&echostr=echostr
2016/08/12 10:55:51 [WxController.go:36][I] 微信服务器发来的签名串：0513f26ab6a3cb34a50217877910ebd941ea1047
2016/08/12 10:55:51 [sign.go:49][I] 需要验证签名的数据：nonce|timestamp|wx12sscwweewwqwwqqs
2016/08/12 10:55:51 [sign.go:32][I] 计算签名串：0513f26ab6a3cb34a50217877910ebd941ea1047
2016/08/12 10:55:51 [WxController.go:43][I] 微信服务器验证成功
2016/08/12 10:57:10 [WxController.go:22][I] 微信服务器进行验证
2016/08/12 10:57:10 [WxController.go:24][I] 接受微信服务器参数：/wx?timestamp=timestamp&signature=0513f26ab6a3cb34a50217877910ebd941ea1047&nonce=nonce&echostr=echostr
2016/08/12 10:57:10 [WxController.go:36][I] 微信服务器发来的签名串：0513f26ab6a3cb34a50217877910ebd941ea1047
2016/08/12 10:57:10 [sign.go:49][I] 需要验证签名的数据：nonce|timestamp|wx12sscwweewwqwwqqs
2016/08/12 10:57:10 [sign.go:32][I] 计算签名串：0513f26ab6a3cb34a50217877910ebd941ea1047
2016/08/12 10:57:10 [WxController.go:43][I] 微信服务器验证成功
2016/08/12 10:59:19 [WxController.go:22][I] 微信服务器进行验证
2016/08/12 10:59:19 [WxController.go:24][I] 接受微信服务器参数：/wx?timestamp=timestamp&signature=0513f26ab6a3cb34a50217877910ebd941ea1047&nonce=nonce&echostr=echostr
2016/08/12 10:59:19 [WxController.go:36][I] 微信服务器发来的签名串：0513f26ab6a3cb34a50217877910ebd941ea1047
2016/08/12 10:59:19 [sign.go:49][I] 需要验证签名的数据：nonce|timestamp|wx12sscwweewwqwwqqs
2016/08/12 10:59:19 [sign.go:32][I] 计算签名串：0513f26ab6a3cb34a50217877910ebd941ea1047
2016/08/12 10:59:19 [WxController.go:43][I] 微信服务器验证成功
2016/08/12 11:05:00 [WxController.go:22][I] 微信服务器进行验证
2016/08/12 11:05:00 [WxController.go:24][I] 接受微信服务器参数：/wx?timestamp=timestamp&signature=0513f26ab6a3cb34a50217877910ebd941ea1047&nonce=nonce&echostr=echostr
2016/08/12 11:05:00 [WxController.go:36][I] 微信服务器发来的签名串：0513f26ab6a3cb34a50217877910ebd941ea1047
2016/08/12 11:05:00 [sign.go:49][I] 需要验证签名的数据：nonce|timestamp|wx12sscwweewwqwwqqs
2016/08/12 11:05:00 [sign.go:32][I] 计算签名串：0513f26ab6a3cb34a50217877910ebd941ea1047
2016/08/12 11:05:00 [WxController.go:43][I] 微信服务器验证成功
2016/08/12 11:07:26 [WxController.go:20][I] 微信服务器进行验证
2016/08/12 11:07:26 [WxController.go:22][I] 接受微信服务器参数：/wx?timestamp=timestamp&signature=0513f26ab6a3cb34a50217877910ebd941ea1047&nonce=nonce&echostr=echostr
2016/08/12 11:07:26 [WxController.go:34][I] 微信服务器发来的签名串：0513f26ab6a3cb34a50217877910ebd941ea1047
2016/08/12 11:07:26 [sign.go:49][I] 需要验证签名的数据：nonce|timestamp|wx12sscwweewwqwwqqs
2016/08/12 11:07:26 [sign.go:32][I] 计算签名串：0513f26ab6a3cb34a50217877910ebd941ea1047
2016/08/12 11:07:26 [WxController.go:41][I] 微信服务器验证成功
2016/08/12 11:28:47 [WxController.go:20][I] 微信服务器进行验证
2016/08/12 11:28:47 [WxController.go:22][I] 接受微信服务器参数：/wx?timestamp=timestamp&signature=0513f26ab6a3cb34a50217877910ebd941ea1047&nonce=nonce&echostr=echostr
2016/08/12 11:28:47 [utils.go:37][I] key is wxconfig::token
2016/08/12 11:28:47 [utils.go:39][I] key is wxconfig::token: value is wx12sscwweewwqwwqqs
2016/08/12 11:28:47 [WxController.go:34][I] 微信服务器发来的签名串：0513f26ab6a3cb34a50217877910ebd941ea1047
2016/08/12 11:28:47 [sign.go:49][I] 需要验证签名的数据：nonce|timestamp|wx12sscwweewwqwwqqs
2016/08/12 11:28:47 [sign.go:32][I] 计算签名串：0513f26ab6a3cb34a50217877910ebd941ea1047
2016/08/12 11:28:47 [WxController.go:41][I] 微信服务器验证成功
2016/08/12 11:34:59 [WxController.go:20][I] 微信服务器进行验证
2016/08/12 11:34:59 [WxController.go:22][I] 接受微信服务器参数：/wx?timestamp=timestamp&signature=0513f26ab6a3cb34a50217877910ebd941ea1047&nonce=nonce&echostr=echostr
2016/08/12 11:34:59 [utils.go:37][I] key is wxconfig::token
2016/08/12 11:34:59 [utils.go:39][I] key is wxconfig::token&& value is wx12sscwweewwqwwqqs
2016/08/12 11:34:59 [WxController.go:34][I] 微信服务器发来的签名串：0513f26ab6a3cb34a50217877910ebd941ea1047
2016/08/12 11:34:59 [sign.go:49][I] 需要验证签名的数据：nonce|timestamp|wx12sscwweewwqwwqqs
2016/08/12 11:34:59 [sign.go:32][I] 计算签名串：0513f26ab6a3cb34a50217877910ebd941ea1047
2016/08/12 11:34:59 [WxController.go:41][I] 微信服务器验证成功
2016/08/12 11:43:38 [WxController.go:20][I] 微信服务器进行验证
2016/08/12 11:43:38 [WxController.go:22][I] 接受微信服务器参数：/wx?timestamp=timestamp&signature=0513f26ab6a3cb34a50217877910ebd941ea1047&nonce=nonce&echostr=echostr
2016/08/12 11:43:38 [utils.go:37][I] key is wxconfig::token
2016/08/12 11:43:38 [utils.go:39][I] key is wxconfig::token||value is wx12sscwweewwqwwqqs
2016/08/12 11:43:38 [WxController.go:34][I] 微信服务器发来的签名串：0513f26ab6a3cb34a50217877910ebd941ea1047
2016/08/12 11:43:38 [sign.go:49][I] 需要验证签名的数据：nonce|timestamp|wx12sscwweewwqwwqqs
2016/08/12 11:43:38 [sign.go:32][I] 计算签名串：0513f26ab6a3cb34a50217877910ebd941ea1047
2016/08/12 11:43:38 [WxController.go:41][I] 微信服务器验证成功
2016/08/12 12:33:16 [WxController.go:20][I] 微信服务器进行验证
2016/08/12 12:33:16 [WxController.go:22][I] 接受微信服务器参数：/wx?timestamp=timestamp&signature=0513f26ab6a3cb34a50217877910ebd941ea1047&nonce=nonce&echostr=echostr
2016/08/12 12:33:16 [utils.go:39][I] key is wxconfig::token
2016/08/12 12:33:16 [utils.go:41][I] key is wxconfig::token||value is 
2016/08/12 12:33:16 [WxController.go:31][E] Config is fund token
2016/08/12 12:33:29 [WxController.go:20][I] 微信服务器进行验证
2016/08/12 12:33:29 [WxController.go:22][I] 接受微信服务器参数：/wx?timestamp=timestamp&signature=0513f26ab6a3cb34a50217877910ebd941ea1047&nonce=nonce&echostr=echostr
2016/08/12 12:33:29 [utils.go:39][I] key is wxconfig::token
2016/08/12 12:33:29 [utils.go:41][I] key is wxconfig::token||value is 
2016/08/12 12:33:29 [WxController.go:31][E] Config is fund token
2016/08/12 12:33:32 [WxController.go:20][I] 微信服务器进行验证
2016/08/12 12:33:32 [WxController.go:22][I] 接受微信服务器参数：/wx?timestamp=timestamp&signature=0513f26ab6a3cb34a50217877910ebd941ea1047&nonce=nonce&echostr=echostr
2016/08/12 12:33:32 [utils.go:39][I] key is wxconfig::token
2016/08/12 12:33:32 [utils.go:41][I] key is wxconfig::token||value is 
2016/08/12 12:33:32 [WxController.go:31][E] Config is fund token
2016/08/12 12:33:32 [WxController.go:20][I] 微信服务器进行验证
2016/08/12 12:33:32 [WxController.go:22][I] 接受微信服务器参数：/wx?timestamp=timestamp&signature=0513f26ab6a3cb34a50217877910ebd941ea1047&nonce=nonce&echostr=echostr
2016/08/12 12:33:32 [utils.go:39][I] key is wxconfig::token
2016/08/12 12:33:32 [utils.go:41][I] key is wxconfig::token||value is 
2016/08/12 12:33:32 [WxController.go:31][E] Config is fund token
2016/08/12 12:33:33 [WxController.go:20][I] 微信服务器进行验证
2016/08/12 12:33:33 [WxController.go:22][I] 接受微信服务器参数：/wx?timestamp=timestamp&signature=0513f26ab6a3cb34a50217877910ebd941ea1047&nonce=nonce&echostr=echostr
2016/08/12 12:33:33 [utils.go:39][I] key is wxconfig::token
2016/08/12 12:33:33 [utils.go:41][I] key is wxconfig::token||value is 
2016/08/12 12:33:33 [WxController.go:31][E] Config is fund token
2016/08/12 12:36:23 [WxController.go:20][I] 微信服务器进行验证
2016/08/12 12:36:23 [WxController.go:22][I] 接受微信服务器参数：/wx?timestamp=timestamp&signature=0513f26ab6a3cb34a50217877910ebd941ea1047&nonce=nonce&echostr=echostr
2016/08/12 12:36:23 [utils.go:48][I] key is token||value is wx12sscwweewwqwwqqs
2016/08/12 12:36:23 [WxController.go:34][I] 微信服务器发来的签名串：0513f26ab6a3cb34a50217877910ebd941ea1047
2016/08/12 12:36:23 [sign.go:49][I] 需要验证签名的数据：nonce|timestamp|wx12sscwweewwqwwqqs
2016/08/12 12:36:23 [sign.go:32][I] 计算签名串：0513f26ab6a3cb34a50217877910ebd941ea1047
2016/08/12 12:36:23 [WxController.go:41][I] 微信服务器验证成功
2016/08/17 22:17:16 [WxController.go:20][I] 微信服务器进行验证
2016/08/17 22:17:16 [WxController.go:22][I] 接受微信服务器参数：/wx
2016/08/17 22:17:16 [utils.go:48][I] key is token||value is wx12sscwweewwqwwqqs
2016/08/17 22:17:16 [WxController.go:34][I] 微信服务器发来的签名串：
2016/08/17 22:17:16 [WxController.go:37][E] timestamp is null
2016/08/17 22:17:28 [WxController.go:20][I] 微信服务器进行验证
2016/08/17 22:17:28 [WxController.go:22][I] 接受微信服务器参数：/wx/
2016/08/17 22:17:28 [utils.go:48][I] key is token||value is wx12sscwweewwqwwqqs
2016/08/17 22:17:28 [WxController.go:34][I] 微信服务器发来的签名串：
2016/08/17 22:17:28 [WxController.go:37][E] timestamp is null
2016/08/17 22:17:53 [WxController.go:20][I] 微信服务器进行验证
2016/08/17 22:17:53 [WxController.go:22][I] 接受微信服务器参数：/wx/?signature=555fe5b5ca4ab58772916edc4e11ef680dd20584&echostr=8655635176887188239&timestamp=1471443471&nonce=1641382571
2016/08/17 22:17:53 [utils.go:48][I] key is token||value is wx12sscwweewwqwwqqs
2016/08/17 22:17:53 [WxController.go:34][I] 微信服务器发来的签名串：555fe5b5ca4ab58772916edc4e11ef680dd20584
2016/08/17 22:17:53 [sign.go:49][I] 需要验证签名的数据：1471443471|1641382571|wx12sscwweewwqwwqqs
2016/08/17 22:17:53 [sign.go:32][I] 计算签名串：a8674dd01083211b69bf9df29631554324547aa6
2016/08/17 22:17:53 [WxController.go:45][E] 微信服务起验证签名失败
2016/08/17 22:17:57 [WxController.go:20][I] 微信服务器进行验证
2016/08/17 22:17:57 [WxController.go:22][I] 接受微信服务器参数：/wx/?signature=a6f222fe1a506895346e31dc76b6736ab17fdbe9&echostr=462276463181496223&timestamp=1471443471&nonce=1574582111
2016/08/17 22:17:57 [utils.go:48][I] key is token||value is wx12sscwweewwqwwqqs
2016/08/17 22:17:57 [WxController.go:34][I] 微信服务器发来的签名串：a6f222fe1a506895346e31dc76b6736ab17fdbe9
2016/08/17 22:17:57 [sign.go:49][I] 需要验证签名的数据：1471443471|1574582111|wx12sscwweewwqwwqqs
2016/08/17 22:17:57 [sign.go:32][I] 计算签名串：82b664d78514a5fc3d670d9dc8b8b5e6bfcb1ae2
2016/08/17 22:17:57 [WxController.go:45][E] 微信服务起验证签名失败
2016/08/17 22:17:57 [WxController.go:20][I] 微信服务器进行验证
2016/08/17 22:17:57 [WxController.go:22][I] 接受微信服务器参数：/wx/?signature=f9f1b9a62472a172883f2b5af7c6f2f841a4fccb&echostr=259407441047289711&timestamp=1471443470&nonce=1396322444
2016/08/17 22:17:57 [utils.go:48][I] key is token||value is wx12sscwweewwqwwqqs
2016/08/17 22:17:57 [WxController.go:34][I] 微信服务器发来的签名串：f9f1b9a62472a172883f2b5af7c6f2f841a4fccb
2016/08/17 22:17:57 [sign.go:49][I] 需要验证签名的数据：1396322444|1471443470|wx12sscwweewwqwwqqs
2016/08/17 22:17:57 [sign.go:32][I] 计算签名串：b65e10b5f590c6d1d5eb09d68297f2b79515378b
2016/08/17 22:17:57 [WxController.go:45][E] 微信服务起验证签名失败
2016/08/17 22:17:57 [WxController.go:20][I] 微信服务器进行验证
2016/08/17 22:17:57 [WxController.go:22][I] 接受微信服务器参数：/wx/?signature=a6f222fe1a506895346e31dc76b6736ab17fdbe9&echostr=462276463181496223&timestamp=1471443471&nonce=1574582111
2016/08/17 22:17:57 [utils.go:48][I] key is token||value is wx12sscwweewwqwwqqs
2016/08/17 22:17:57 [WxController.go:34][I] 微信服务器发来的签名串：a6f222fe1a506895346e31dc76b6736ab17fdbe9
2016/08/17 22:17:57 [sign.go:49][I] 需要验证签名的数据：1471443471|1574582111|wx12sscwweewwqwwqqs
2016/08/17 22:17:57 [sign.go:32][I] 计算签名串：82b664d78514a5fc3d670d9dc8b8b5e6bfcb1ae2
2016/08/17 22:17:57 [WxController.go:45][E] 微信服务起验证签名失败
2016/08/17 22:17:57 [WxController.go:20][I] 微信服务器进行验证
2016/08/17 22:17:57 [WxController.go:22][I] 接受微信服务器参数：/wx/?signature=f9f1b9a62472a172883f2b5af7c6f2f841a4fccb&echostr=259407441047289711&timestamp=1471443470&nonce=1396322444
2016/08/17 22:17:57 [utils.go:48][I] key is token||value is wx12sscwweewwqwwqqs
2016/08/17 22:17:57 [WxController.go:34][I] 微信服务器发来的签名串：f9f1b9a62472a172883f2b5af7c6f2f841a4fccb
2016/08/17 22:17:57 [sign.go:49][I] 需要验证签名的数据：1396322444|1471443470|wx12sscwweewwqwwqqs
2016/08/17 22:17:57 [sign.go:32][I] 计算签名串：b65e10b5f590c6d1d5eb09d68297f2b79515378b
2016/08/17 22:17:57 [WxController.go:45][E] 微信服务起验证签名失败
2016/08/17 22:17:57 [WxController.go:20][I] 微信服务器进行验证
2016/08/17 22:17:57 [WxController.go:22][I] 接受微信服务器参数：/wx/?signature=443dadae554513f951146069d4c38c4bc501d420&echostr=4811694065529421535&timestamp=1471443470&nonce=1482226128
2016/08/17 22:17:57 [utils.go:48][I] key is token||value is wx12sscwweewwqwwqqs
2016/08/17 22:17:57 [WxController.go:34][I] 微信服务器发来的签名串：443dadae554513f951146069d4c38c4bc501d420
2016/08/17 22:17:57 [sign.go:49][I] 需要验证签名的数据：1471443470|1482226128|wx12sscwweewwqwwqqs
2016/08/17 22:17:57 [sign.go:32][I] 计算签名串：3c4b3d626d9514d240c0a093c77adcf9ab727c70
2016/08/17 22:17:57 [WxController.go:45][E] 微信服务起验证签名失败
2016/08/17 22:17:57 [WxController.go:20][I] 微信服务器进行验证
2016/08/17 22:17:57 [WxController.go:22][I] 接受微信服务器参数：/wx/?signature=443dadae554513f951146069d4c38c4bc501d420&echostr=4811694065529421535&timestamp=1471443470&nonce=1482226128
2016/08/17 22:17:57 [utils.go:48][I] key is token||value is wx12sscwweewwqwwqqs
2016/08/17 22:17:57 [WxController.go:34][I] 微信服务器发来的签名串：443dadae554513f951146069d4c38c4bc501d420
2016/08/17 22:17:57 [sign.go:49][I] 需要验证签名的数据：1471443470|1482226128|wx12sscwweewwqwwqqs
2016/08/17 22:17:57 [sign.go:32][I] 计算签名串：3c4b3d626d9514d240c0a093c77adcf9ab727c70
2016/08/17 22:17:57 [WxController.go:45][E] 微信服务起验证签名失败
2016/08/17 22:19:27 [WxController.go:20][I] 微信服务器进行验证
2016/08/17 22:19:27 [WxController.go:22][I] 接受微信服务器参数：/wx/?signature=719a74653be4d6e4fd8508e47cc47824ef81893d&echostr=193558324782692095&timestamp=1471443563&nonce=1297948553
2016/08/17 22:19:27 [utils.go:48][I] key is token||value is wx12sscwweewwqwwqqs
2016/08/17 22:19:27 [WxController.go:34][I] 微信服务器发来的签名串：719a74653be4d6e4fd8508e47cc47824ef81893d
2016/08/17 22:19:27 [sign.go:49][I] 需要验证签名的数据：1297948553|1471443563|wx12sscwweewwqwwqqs
2016/08/17 22:19:27 [sign.go:32][I] 计算签名串：47aa28bc600b12c1080def76890336e7f983ef8d
2016/08/17 22:19:27 [WxController.go:45][E] 微信服务起验证签名失败
2016/08/17 22:19:47 [WxController.go:20][I] 微信服务器进行验证
2016/08/17 22:19:55 [WxController.go:20][I] 微信服务器进行验证
2016/08/17 22:20:02 [WxController.go:20][I] 微信服务器进行验证
2016/08/17 22:20:08 [WxController.go:20][I] 微信服务器进行验证
2016/08/17 22:20:17 [WxController.go:20][I] 微信服务器进行验证
2016/08/17 22:20:54 [WxController.go:22][I] 接受微信服务器参数：/wx?signature=036e42dc1667d9930f4d112135b1340cc8885126&echostr=8168858499980063377&timestamp=1471443584&nonce=286897990
2016/08/17 22:20:54 [WxController.go:22][I] 接受微信服务器参数：/wx?signature=8801f26dc6d390ad0f005dccb6e827fe51282299&echostr=3365928896107413218&timestamp=1471443586&nonce=924336767
2016/08/17 22:20:54 [WxController.go:22][I] 接受微信服务器参数：/wx?signature=37aa08267b6545071c8068adf630c26c4700c12e&echostr=1852690340087430027&timestamp=1471443595&nonce=442503736
2016/08/17 22:20:54 [WxController.go:22][I] 接受微信服务器参数：/wx?signature=2386bf87aae99539432207f4a95e057ac326bc01&echostr=5084475728455859149&timestamp=1471443596&nonce=588882407
2016/08/17 22:20:54 [WxController.go:22][I] 接受微信服务器参数：/wx?signature=dc816dea99e5a11dec88e3f374804f5a12f03868&echostr=2773689679503389582&timestamp=1471443596&nonce=413284452
2016/08/17 22:20:54 [utils.go:48][I] key is token||value is wx12sscwweewwqwwqqs
2016/08/17 22:20:54 [utils.go:48][I] key is token||value is wx12sscwweewwqwwqqs
2016/08/17 22:20:54 [utils.go:48][I] key is token||value is wx12sscwweewwqwwqqs
2016/08/17 22:20:54 [utils.go:48][I] key is token||value is wx12sscwweewwqwwqqs
2016/08/17 22:20:54 [utils.go:48][I] key is token||value is wx12sscwweewwqwwqqs
2016/08/17 22:20:54 [WxController.go:34][I] 微信服务器发来的签名串：036e42dc1667d9930f4d112135b1340cc8885126
2016/08/17 22:20:54 [WxController.go:34][I] 微信服务器发来的签名串：8801f26dc6d390ad0f005dccb6e827fe51282299
2016/08/17 22:20:54 [WxController.go:34][I] 微信服务器发来的签名串：37aa08267b6545071c8068adf630c26c4700c12e
2016/08/17 22:20:54 [WxController.go:34][I] 微信服务器发来的签名串：2386bf87aae99539432207f4a95e057ac326bc01
2016/08/17 22:20:54 [WxController.go:34][I] 微信服务器发来的签名串：dc816dea99e5a11dec88e3f374804f5a12f03868
2016/08/17 22:20:54 [sign.go:49][I] 需要验证签名的数据：1471443584|286897990|wx12sscwweewwqwwqqs
2016/08/17 22:20:54 [sign.go:49][I] 需要验证签名的数据：1471443586|924336767|wx12sscwweewwqwwqqs
2016/08/17 22:20:54 [sign.go:49][I] 需要验证签名的数据：1471443595|442503736|wx12sscwweewwqwwqqs
2016/08/17 22:20:54 [sign.go:49][I] 需要验证签名的数据：1471443596|588882407|wx12sscwweewwqwwqqs
2016/08/17 22:20:54 [sign.go:49][I] 需要验证签名的数据：1471443596|413284452|wx12sscwweewwqwwqqs
2016/08/17 22:20:54 [sign.go:32][I] 计算签名串：55170915609ff0b963c629510f5549144516aaee
2016/08/17 22:20:54 [sign.go:32][I] 计算签名串：70991e6f36112c07175636ea2681e99235ab8c8a
2016/08/17 22:20:54 [sign.go:32][I] 计算签名串：0ea3a43e1fd766f6f17cc721a02489df7ec13a3b
2016/08/17 22:20:54 [WxController.go:45][E] 微信服务起验证签名失败
2016/08/17 22:20:54 [sign.go:32][I] 计算签名串：5de5201388a18f74718cc1b6a24b73be20f627f5
2016/08/17 22:20:54 [WxController.go:45][E] 微信服务起验证签名失败
2016/08/17 22:20:54 [WxController.go:45][E] 微信服务起验证签名失败
2016/08/17 22:20:54 [sign.go:32][I] 计算签名串：ed95b2b7de3a120f2892916efb83f7312c3302a9
2016/08/17 22:20:54 [WxController.go:45][E] 微信服务起验证签名失败
2016/08/17 22:20:54 [WxController.go:45][E] 微信服务起验证签名失败
2016/08/17 22:21:59 [WxController.go:20][I] 微信服务器进行验证
2016/08/17 22:21:59 [WxController.go:22][I] 接受微信服务器参数：/wx?signature=719a74653be4d6e4fd8508e47cc47824ef81893d&echostr=193558324782692095&timestamp=1471443563&nonce=1297948553
2016/08/17 22:21:59 [utils.go:48][I] key is token||value is wx12sscwweewwqwwqqs
2016/08/17 22:21:59 [WxController.go:34][I] 微信服务器发来的签名串：719a74653be4d6e4fd8508e47cc47824ef81893d
2016/08/17 22:21:59 [sign.go:49][I] 需要验证签名的数据：1297948553|1471443563|wx12sscwweewwqwwqqs
2016/08/17 22:21:59 [sign.go:32][I] 计算签名串：47aa28bc600b12c1080def76890336e7f983ef8d
2016/08/17 22:21:59 [WxController.go:45][E] 微信服务起验证签名失败
2016/08/17 22:32:54 [WxController.go:20][I] 微信服务器进行验证
2016/08/17 22:32:54 [WxController.go:22][I] 接受微信服务器参数：/wx?signature=719a74653be4d6e4fd8508e47cc47824ef81893d&echostr=193558324782692095&timestamp=1471443563&nonce=1297948553
2016/08/17 22:32:54 [utils.go:48][I] key is token||value is wx12sscwweewwqwwqqs
2016/08/17 22:32:54 [WxController.go:34][I] 微信服务器发来的签名串：719a74653be4d6e4fd8508e47cc47824ef81893d
2016/08/17 22:32:54 [sign.go:49][I] 需要验证签名的数据：1297948553|1471443563|wx12sscwweewwqwwqqs
2016/08/17 22:32:54 [sign.go:51][I] 需要签名str:12979485531471443563wx12sscwweewwqwwqqs
2016/08/17 22:32:54 [sign.go:32][I] 计算签名串：47aa28bc600b12c1080def76890336e7f983ef8d
2016/08/17 22:32:54 [WxController.go:45][E] 微信服务起验证签名失败
2016/08/17 22:34:19 [WxController.go:20][I] 微信服务器进行验证
2016/08/17 22:34:19 [WxController.go:22][I] 接受微信服务器参数：/wx?signature=719a74653be4d6e4fd8508e47cc47824ef81893d&echostr=193558324782692095&timestamp=1471443563&nonce=1297948553
2016/08/17 22:34:19 [utils.go:48][I] key is token||value is wx12sscwweewwqwwqqs
2016/08/17 22:34:19 [WxController.go:34][I] 微信服务器发来的签名串：719a74653be4d6e4fd8508e47cc47824ef81893d
2016/08/17 22:34:19 [sign.go:49][I] 需要验证签名的数据：1297948553|1471443563|wx12sscwweewwqwwqqs
2016/08/17 22:34:19 [sign.go:51][I] 需要签名str:12979485531471443563wx12sscwweewwqwwqqs
2016/08/17 22:34:19 [sign.go:32][I] 计算签名串：47aa28bc600b12c1080def76890336e7f983ef8d
2016/08/17 22:34:19 [WxController.go:45][E] 微信服务起验证签名失败
2016/08/17 22:35:52 [WxController.go:20][I] 微信服务器进行验证
2016/08/17 22:35:52 [WxController.go:22][I] 接受微信服务器参数：/wx?signature=719a74653be4d6e4fd8508e47cc47824ef81893d&echostr=193558324782692095&timestamp=1471443563&nonce=1297948553
2016/08/17 22:35:52 [utils.go:48][I] key is token||value is wx12sscwweewwqwwqqs
2016/08/17 22:35:52 [WxController.go:34][I] 微信服务器发来的签名串：719a74653be4d6e4fd8508e47cc47824ef81893d
2016/08/17 22:35:52 [sign.go:49][I] 需要验证签名的数据：1297948553|1471443563|wx12sscwweewwqwwqqs
2016/08/17 22:35:52 [sign.go:51][I] 需要签名str:12979485531471443563wx12sscwweewwqwwqqs
2016/08/17 22:35:52 [sign.go:32][I] 计算签名串：47aa28bc600b12c1080def76890336e7f983ef8d
2016/08/17 22:35:52 [WxController.go:45][E] 微信服务起验证签名失败
2016/08/17 22:36:46 [WxController.go:20][I] 微信服务器进行验证
2016/08/17 22:36:46 [WxController.go:22][I] 接受微信服务器参数：/wx?signature=719a74653be4d6e4fd8508e47cc47824ef81893d&echostr=193558324782692095&timestamp=1471443563&nonce=1297948553
2016/08/17 22:36:46 [utils.go:48][I] key is token||value is wx12sscwweewwqwwqqs
2016/08/17 22:36:46 [WxController.go:34][I] 微信服务器发来的签名串：719a74653be4d6e4fd8508e47cc47824ef81893d
2016/08/17 22:36:46 [sign.go:49][I] 需要验证签名的数据：1297948553|1471443563|wx12sscwweewwqwwqqs
2016/08/17 22:36:46 [sign.go:51][I] 需要签名str:12979485531471443563wx12sscwweewwqwwqqs
2016/08/17 22:36:46 [sign.go:32][I] 计算签名串：47aa28bc600b12c1080def76890336e7f983ef8d
2016/08/17 22:36:46 [WxController.go:45][E] 微信服务起验证签名失败
2016/08/17 22:39:20 [WxController.go:20][I] 微信服务器进行验证
2016/08/17 22:39:20 [WxController.go:22][I] 接受微信服务器参数：/wx?signature=719a74653be4d6e4fd8508e47cc47824ef81893d&echostr=193558324782692095&timestamp=1471443563&nonce=1297948553
2016/08/17 22:39:20 [utils.go:48][I] key is token||value is wx12sscwweewwqwwqqs
2016/08/17 22:39:20 [WxController.go:34][I] 微信服务器发来的签名串：719a74653be4d6e4fd8508e47cc47824ef81893d
2016/08/17 22:39:20 [sign.go:49][I] 需要验证签名的数据：1297948553|1471443563|wx12sscwweewwqwwqqs
2016/08/17 22:39:20 [sign.go:51][I] 需要签名str:12979485531471443563wx12sscwweewwqwwqqs
2016/08/17 22:39:20 [sign.go:32][I] 计算签名串：47aa28bc600b12c1080def76890336e7f983ef8d
2016/08/17 22:39:20 [WxController.go:45][E] 微信服务起验证签名失败
2016/08/17 22:40:42 [WxController.go:20][I] 微信服务器进行验证
2016/08/17 22:40:42 [WxController.go:22][I] 接受微信服务器参数：/wx?signature=719a74653be4d6e4fd8508e47cc47824ef81893d&echostr=193558324782692095&timestamp=1471443563&nonce=1297948553
2016/08/17 22:40:42 [utils.go:48][I] key is token||value is wx12sscwweewwqwwqqs
2016/08/17 22:40:42 [WxController.go:34][I] 微信服务器发来的签名串：719a74653be4d6e4fd8508e47cc47824ef81893d
2016/08/17 22:40:42 [sign.go:49][I] 需要验证签名的数据：1297948553|1471443563|wx12sscwweewwqwwqqs
2016/08/17 22:40:42 [sign.go:51][I] 需要签名str:12979485531471443563wx12sscwweewwqwwqqs
2016/08/17 22:40:42 [sign.go:32][I] 计算签名串：47aa28bc600b12c1080def76890336e7f983ef8d
2016/08/17 22:40:42 [WxController.go:45][E] 微信服务起验证签名失败
2016/08/17 22:41:07 [WxController.go:20][I] 微信服务器进行验证
2016/08/17 22:41:07 [WxController.go:22][I] 接受微信服务器参数：/wx?signature=719a74653be4d6e4fd8508e47cc47824ef81893d&echostr=193558324782692095&timestamp=1471443563&nonce=1297948553
2016/08/17 22:41:07 [utils.go:48][I] key is token||value is wx12sscwweewwqwwqqs
2016/08/17 22:41:07 [WxController.go:34][I] 微信服务器发来的签名串：719a74653be4d6e4fd8508e47cc47824ef81893d
2016/08/17 22:41:07 [sign.go:49][I] 需要验证签名的数据：1297948553|1471443563|wx12sscwweewwqwwqqs
2016/08/17 22:41:07 [sign.go:51][I] 需要签名str:12979485531471443563wx12sscwweewwqwwqqs
2016/08/17 22:41:07 [sign.go:32][I] 计算签名串：47aa28bc600b12c1080def76890336e7f983ef8d
2016/08/17 22:41:07 [WxController.go:45][E] 微信服务起验证签名失败
2016/08/17 22:42:17 [WxController.go:20][I] 微信服务器进行验证
2016/08/17 22:42:17 [WxController.go:22][I] 接受微信服务器参数：/wx?signature=719a74653be4d6e4fd8508e47cc47824ef81893d&echostr=193558324782692095&timestamp=1471443563&nonce=1297948553
2016/08/17 22:42:17 [utils.go:48][I] key is token||value is wx12sscwweewwqwwqqs
2016/08/17 22:42:17 [WxController.go:34][I] 微信服务器发来的签名串：719a74653be4d6e4fd8508e47cc47824ef81893d
2016/08/17 22:42:17 [sign.go:49][I] 需要验证签名的数据：1297948553|1471443563|wx12sscwweewwqwwqqs
2016/08/17 22:42:17 [sign.go:51][I] 需要签名str:12979485531471443563wx12sscwweewwqwwqqs
2016/08/17 22:42:17 [sign.go:32][I] 计算签名串：47aa28bc600b12c1080def76890336e7f983ef8d
2016/08/17 22:42:17 [WxController.go:45][E] 微信服务起验证签名失败
2016/08/17 22:42:32 [WxController.go:20][I] 微信服务器进行验证
2016/08/17 22:42:32 [WxController.go:22][I] 接受微信服务器参数：/wx?signature=719a74653be4d6e4fd8508e47cc47824ef81893d&echostr=193558324782692095&timestamp=1471443563&nonce=1297948553
2016/08/17 22:42:32 [utils.go:48][I] key is token||value is wx12sscwweewwqwwqqs
2016/08/17 22:42:32 [WxController.go:34][I] 微信服务器发来的签名串：719a74653be4d6e4fd8508e47cc47824ef81893d
2016/08/17 22:42:32 [sign.go:49][I] 需要验证签名的数据：1297948553|1471443563|wx12sscwweewwqwwqqs
2016/08/17 22:42:32 [sign.go:51][I] 需要签名str:12979485531471443563wx12sscwweewwqwwqqs
2016/08/17 22:42:32 [sign.go:32][I] 计算签名串：47aa28bc600b12c1080def76890336e7f983ef8d
2016/08/17 22:42:32 [WxController.go:45][E] 微信服务起验证签名失败
2016/08/17 22:42:38 [WxController.go:20][I] 微信服务器进行验证
2016/08/17 22:42:38 [WxController.go:22][I] 接受微信服务器参数：/wx?signature=719a74653be4d6e4fd8508e47cc47824ef81893d&echostr=193558324782692095&timestamp=1471443563&nonce=1297948553
2016/08/17 22:42:38 [utils.go:48][I] key is token||value is wx12sscwweewwqwwqqs
2016/08/17 22:42:38 [WxController.go:34][I] 微信服务器发来的签名串：719a74653be4d6e4fd8508e47cc47824ef81893d
2016/08/17 22:42:38 [sign.go:49][I] 需要验证签名的数据：1297948553|1471443563|wx12sscwweewwqwwqqs
2016/08/17 22:42:38 [sign.go:51][I] 需要签名str:12979485531471443563wx12sscwweewwqwwqqs
2016/08/17 22:42:38 [sign.go:32][I] 计算签名串：47aa28bc600b12c1080def76890336e7f983ef8d
2016/08/17 22:42:38 [WxController.go:45][E] 微信服务起验证签名失败
2016/08/17 23:17:03 [WxController.go:20][I] 微信服务器进行验证
2016/08/17 23:17:03 [WxController.go:22][I] 接受微信服务器参数：/wx?signature=719a74653be4d6e4fd8508e47cc47824ef81893d&echostr=193558324782692095&timestamp=1471443563&nonce=1297948553
2016/08/17 23:17:03 [utils.go:48][I] key is token||value is wx12sscwweewwqwwqqs
2016/08/17 23:17:03 [WxController.go:34][I] 微信服务器发来的签名串：719a74653be4d6e4fd8508e47cc47824ef81893d
2016/08/17 23:17:03 [sign.go:70][I] 需要验证签名的数据：1297948553|1471443563|wx12sscwweewwqwwqqs
2016/08/17 23:17:03 [sign.go:34][I] 719a74653be4d6e4fd8508e47cc47824ef81893d
2016/08/17 23:17:03 [sign.go:39][I] 计算签名串：719a74653be4d6e4fd8508e47cc47824ef81893d
2016/08/17 23:17:03 [WxController.go:41][I] 微信服务器验证成功
2016/08/17 23:17:22 [WxController.go:20][I] 微信服务器进行验证
2016/08/17 23:17:22 [WxController.go:22][I] 接受微信服务器参数：/wx?signature=32374a9c98f4ae29114dec1dc7f5482b7257d43d&echostr=4544911424617873407&timestamp=1471447038&nonce=206211825
2016/08/17 23:17:22 [utils.go:48][I] key is token||value is wx12sscwweewwqwwqqs
2016/08/17 23:17:22 [WxController.go:34][I] 微信服务器发来的签名串：32374a9c98f4ae29114dec1dc7f5482b7257d43d
2016/08/17 23:17:22 [sign.go:70][I] 需要验证签名的数据：1471447038|206211825|wx12sscwweewwqwwqqs
2016/08/17 23:17:22 [sign.go:34][I] 32374a9c98f4ae29114dec1dc7f5482b7257d43d
2016/08/17 23:17:22 [sign.go:39][I] 计算签名串：32374a9c98f4ae29114dec1dc7f5482b7257d43d
2016/08/17 23:17:22 [WxController.go:41][I] 微信服务器验证成功
2016/08/18 11:14:54 [WxController.go:20][I] 微信服务器进行验证
2016/08/18 11:14:54 [WxController.go:22][I] 接受微信服务器参数：/wx?timestamp=timestamp&signature=signature&nonce=nonce&echostr=echostr
2016/08/18 11:14:54 [utils.go:48][I] key is token||value is wx12sscwweewwqwwqqs
2016/08/18 11:14:54 [WxController.go:34][I] 微信服务器发来的签名串：signature
2016/08/18 11:14:54 [sign.go:37][I] params参数进行字典排序
2016/08/18 11:14:54 [sign.go:89][I] 需要验证签名的数据：nonce|timestamp|wx12sscwweewwqwwqqs
2016/08/18 11:14:54 [sign.go:39][I] params参数进行字典排序结果 noncetimestampwx12sscwweewwqwwqqs
2016/08/18 11:14:54 [sign.go:40][I] 生成sha1摘要digest实例
2016/08/18 11:14:54 [sign.go:42][I] 生成sha1摘要digest实例：&{h:[1732584193 4023233417 2562383102 271733878 3285377520] x:[0 0 0 0 0 0 0 0 0 0 0 0 0 0 0 0 0 0 0 0 0 0 0 0 0 0 0 0 0 0 0 0 0 0 0 0 0 0 0 0 0 0 0 0 0 0 0 0 0 0 0 0 0 0 0 0 0 0 0 0 0 0 0 0] nx:0 len:0}
2016/08/18 11:14:54 [sign.go:43][I] 生成sha1摘要digest实例,写入字节数据
2016/08/18 11:14:54 [sign.go:45][I] 生成sha1摘要digest实例,写入字节数据 &{h:[1732584193 4023233417 2562383102 271733878 3285377520] x:[110 111 110 99 101 116 105 109 101 115 116 97 109 112 119 120 49 50 115 115 99 119 119 101 101 119 119 113 119 119 113 113 115 0 0 0 0 0 0 0 0 0 0 0 0 0 0 0 0 0 0 0 0 0 0 0 0 0 0 0 0 0 0 0] nx:33 len:33}
2016/08/18 11:14:54 [sign.go:48][I] 计算签名串：326c0be9bdb0633ea48cd5f947c816b81a58b6e8
2016/08/18 11:14:54 [WxController.go:45][E] 微信服务起验证签名失败
2016/08/18 11:40:00 [WxController.go:20][I] 微信服务器进行验证
2016/08/18 11:40:00 [WxController.go:22][I] 接受微信服务器参数：/test
2016/08/18 11:40:00 [utils.go:48][I] key is token||value is wx12sscwweewwqwwqqs
2016/08/18 11:40:00 [WxController.go:34][I] 微信服务器发来的签名串：
2016/08/18 11:40:00 [WxController.go:37][E] timestamp is null
2016/08/18 11:43:33 [WxController.go:50][I] 接受微信服务器参数：/test
2016/08/18 11:43:33 [WxController.go:51][I] test 数据
2016/08/18 11:44:35 [WxController.go:50][I] 接受微信服务器参数：/test
2016/08/18 11:44:35 [WxController.go:51][I] test 数据
2016/08/18 12:00:39 [WxController.go:50][I] 接受微信服务器参数：/test
2016/08/18 12:00:39 [WxController.go:51][I] test 数据
2016/08/18 12:37:34 [access_token_server.go:40][I] 获取accessToken的配置
2016/08/18 12:37:34 [access_token_server.go:45][I] 获取accessToken的配置==============start===================
2016/08/18 12:37:34 [utils.go:48][I] key is access_token_url||value is https://api.weixin.qq.com/cgi-bin/token
2016/08/18 12:37:34 [utils.go:48][I] key is appID||value is wx1dc762cdfeb4ed66
2016/08/18 12:37:34 [utils.go:48][I] key is appsecret||value is a72c8ccb896f3f7ddaf45f5318035bde
2016/08/18 12:37:34 [utils.go:48][I] key is grant_type||value is client_credential
2016/08/18 12:37:34 [access_token_server.go:47][I] accessToken 配置文件信息：&{url:https://api.weixin.qq.com/cgi-bin/token aPPID:wx1dc762cdfeb4ed66 appsecret:a72c8ccb896f3f7ddaf45f5318035bde grantType:client_credential accessTokenURL:https://api.weixin.qq.com/cgi-bin/token?grant_type=client_credential&&appid=wx1dc762cdfeb4ed66&secret=a72c8ccb896f3f7ddaf45f5318035bde}
2016/08/18 12:37:34 [access_token_server.go:48][I] 获取accessToken的配置==============end===================
2016/08/18 12:37:34 [access_token_server.go:42][I] 获取accessToken的配置 &{url:https://api.weixin.qq.com/cgi-bin/token aPPID:wx1dc762cdfeb4ed66 appsecret:a72c8ccb896f3f7ddaf45f5318035bde grantType:client_credential accessTokenURL:https://api.weixin.qq.com/cgi-bin/token?grant_type=client_credential&&appid=wx1dc762cdfeb4ed66&secret=a72c8ccb896f3f7ddaf45f5318035bde}
2016/08/18 12:38:32 [WxController.go:51][I] 接受微信服务器参数：/test
2016/08/18 12:38:32 [WxController.go:52][I] test 数据
2016/08/18 12:38:32 [access_token_server.go:87][I] accessToken 获取，数据结构初始化：&{CurrentAccessToken:0xc04226ae40 accessTokenResult:0xc04226aea0 LiveTime:0 Times:2h0m0s json:<nil>}
2016/08/18 12:38:32 [access_token_server.go:88][I] accessToken 启动定时器，进行请求accessToken
2016/08/18 12:38:32 [access_token_server.go:96][I] GetAndAccessTokenServer创建定时器，进行请求accessToken
2016/08/18 12:40:15 [access_token_server.go:40][I] 获取accessToken的配置
2016/08/18 12:40:15 [access_token_server.go:45][I] 获取accessToken的配置==============start===================
2016/08/18 12:40:15 [utils.go:48][I] key is access_token_url||value is https://api.weixin.qq.com/cgi-bin/token
2016/08/18 12:40:15 [utils.go:48][I] key is appID||value is wx1dc762cdfeb4ed66
2016/08/18 12:40:15 [utils.go:48][I] key is appsecret||value is a72c8ccb896f3f7ddaf45f5318035bde
2016/08/18 12:40:15 [utils.go:48][I] key is grant_type||value is client_credential
2016/08/18 12:40:15 [access_token_server.go:47][I] accessToken 配置文件信息：&{url:https://api.weixin.qq.com/cgi-bin/token aPPID:wx1dc762cdfeb4ed66 appsecret:a72c8ccb896f3f7ddaf45f5318035bde grantType:client_credential accessTokenURL:https://api.weixin.qq.com/cgi-bin/token?grant_type=client_credential&&appid=wx1dc762cdfeb4ed66&secret=a72c8ccb896f3f7ddaf45f5318035bde}
2016/08/18 12:40:15 [access_token_server.go:48][I] 获取accessToken的配置==============end===================
2016/08/18 12:40:15 [access_token_server.go:42][I] 获取accessToken的配置 &{url:https://api.weixin.qq.com/cgi-bin/token aPPID:wx1dc762cdfeb4ed66 appsecret:a72c8ccb896f3f7ddaf45f5318035bde grantType:client_credential accessTokenURL:https://api.weixin.qq.com/cgi-bin/token?grant_type=client_credential&&appid=wx1dc762cdfeb4ed66&secret=a72c8ccb896f3f7ddaf45f5318035bde}
2016/08/18 12:40:23 [WxController.go:51][I] 接受微信服务器参数：/test
2016/08/18 12:40:23 [WxController.go:52][I] test 数据
2016/08/18 12:40:23 [access_token_server.go:87][I] accessToken 获取，数据结构初始化：&{CurrentAccessToken:0xc04233a240 accessTokenResult:0xc04233a2a0 LiveTime:0 Times:2h0m0s json:<nil>}
2016/08/18 12:40:23 [access_token_server.go:88][I] accessToken 启动定时器，进行请求accessToken
2016/08/18 12:40:23 [access_token_server.go:96][I] GetAndAccessTokenServer创建定时器，进行请求accessToken
2016/08/18 12:41:51 [access_token_server.go:40][I] 获取accessToken的配置
2016/08/18 12:41:51 [access_token_server.go:45][I] 获取accessToken的配置==============start===================
2016/08/18 12:41:51 [utils.go:48][I] key is access_token_url||value is https://api.weixin.qq.com/cgi-bin/token
2016/08/18 12:41:51 [utils.go:48][I] key is appID||value is wx1dc762cdfeb4ed66
2016/08/18 12:41:51 [utils.go:48][I] key is appsecret||value is a72c8ccb896f3f7ddaf45f5318035bde
2016/08/18 12:41:51 [utils.go:48][I] key is grant_type||value is client_credential
2016/08/18 12:41:51 [access_token_server.go:47][I] accessToken 配置文件信息：&{url:https://api.weixin.qq.com/cgi-bin/token aPPID:wx1dc762cdfeb4ed66 appsecret:a72c8ccb896f3f7ddaf45f5318035bde grantType:client_credential accessTokenURL:https://api.weixin.qq.com/cgi-bin/token?grant_type=client_credential&&appid=wx1dc762cdfeb4ed66&secret=a72c8ccb896f3f7ddaf45f5318035bde}
2016/08/18 12:41:51 [access_token_server.go:48][I] 获取accessToken的配置==============end===================
2016/08/18 12:41:51 [access_token_server.go:42][I] 获取accessToken的配置 &{url:https://api.weixin.qq.com/cgi-bin/token aPPID:wx1dc762cdfeb4ed66 appsecret:a72c8ccb896f3f7ddaf45f5318035bde grantType:client_credential accessTokenURL:https://api.weixin.qq.com/cgi-bin/token?grant_type=client_credential&&appid=wx1dc762cdfeb4ed66&secret=a72c8ccb896f3f7ddaf45f5318035bde}
2016/08/18 12:41:52 [WxController.go:51][I] 接受微信服务器参数：/test
2016/08/18 12:41:52 [WxController.go:52][I] test 数据
2016/08/18 12:41:52 [access_token_server.go:87][I] accessToken 获取，数据结构初始化：&{CurrentAccessToken:0xc04233a180 accessTokenResult:0xc04233a1e0 LiveTime:0 Times:2h0m0s json:<nil>}
2016/08/18 12:41:52 [access_token_server.go:88][I] accessToken 启动定时器，进行请求accessToken
2016/08/18 12:41:52 [access_token_server.go:96][I] GetAndAccessTokenServer创建定时器，进行请求accessToken
2016/08/18 12:41:52 [access_token_server.go:100][I] GetAndAccessTokenServer,for 循环
2016/08/18 12:43:09 [access_token_server.go:40][I] 获取accessToken的配置
2016/08/18 12:43:09 [access_token_server.go:45][I] 获取accessToken的配置==============start===================
2016/08/18 12:43:09 [utils.go:48][I] key is access_token_url||value is https://api.weixin.qq.com/cgi-bin/token
2016/08/18 12:43:09 [utils.go:48][I] key is appID||value is wx1dc762cdfeb4ed66
2016/08/18 12:43:09 [utils.go:48][I] key is appsecret||value is a72c8ccb896f3f7ddaf45f5318035bde
2016/08/18 12:43:09 [utils.go:48][I] key is grant_type||value is client_credential
2016/08/18 12:43:09 [access_token_server.go:47][I] accessToken 配置文件信息：&{url:https://api.weixin.qq.com/cgi-bin/token aPPID:wx1dc762cdfeb4ed66 appsecret:a72c8ccb896f3f7ddaf45f5318035bde grantType:client_credential accessTokenURL:https://api.weixin.qq.com/cgi-bin/token?grant_type=client_credential&&appid=wx1dc762cdfeb4ed66&secret=a72c8ccb896f3f7ddaf45f5318035bde}
2016/08/18 12:43:09 [access_token_server.go:48][I] 获取accessToken的配置==============end===================
2016/08/18 12:43:09 [access_token_server.go:42][I] 获取accessToken的配置 &{url:https://api.weixin.qq.com/cgi-bin/token aPPID:wx1dc762cdfeb4ed66 appsecret:a72c8ccb896f3f7ddaf45f5318035bde grantType:client_credential accessTokenURL:https://api.weixin.qq.com/cgi-bin/token?grant_type=client_credential&&appid=wx1dc762cdfeb4ed66&secret=a72c8ccb896f3f7ddaf45f5318035bde}
2016/08/18 12:43:09 [WxController.go:51][I] 接受微信服务器参数：/test
2016/08/18 12:43:09 [WxController.go:52][I] test 数据
2016/08/18 12:43:09 [access_token_server.go:87][I] accessToken 获取，数据结构初始化：&{CurrentAccessToken:0xc04227ccc0 accessTokenResult:0xc04227cd20 LiveTime:0 Times:2s json:<nil>}
2016/08/18 12:43:09 [access_token_server.go:88][I] accessToken 启动定时器，进行请求accessToken
2016/08/18 12:43:09 [access_token_server.go:96][I] GetAndAccessTokenServer创建定时器，进行请求accessToken
2016/08/18 12:43:09 [access_token_server.go:100][I] GetAndAccessTokenServer,for 循环
2016/08/18 12:43:11 [access_token_server.go:116][I] 获取微信accessToken 启动定时器时间 0xc04227ce40
2016/08/18 12:43:11 [access_token_server.go:141][I] 链接微信服务器获取accessToken
2016/08/18 12:43:11 [access_token_server.go:149][I] 与微信服务器建立链接
2016/08/18 12:43:11 [access_token_server.go:151][I] 获取微信服务器数据：{"access_token":"forv97DZr9YW6ngXB5T0Idx4ZrfQlyIrch78wx-xlmLDk1vp0mkhlm0xjNeDtCRui3WEdeYcYopnTgmuxp6KjRwCe-vUhWFi-xiJ7xJx7bJT_KLXB-e5nlmorPTaSGUBHFNeAAASQY","expires_in":7200}
2016/08/18 12:43:11 [access_token_server.go:118][I] 获取微信accessToken 定时器获取数据 <nil>
2016/08/18 12:46:13 [access_token_server.go:40][I] 获取accessToken的配置
2016/08/18 12:46:13 [access_token_server.go:45][I] 获取accessToken的配置==============start===================
2016/08/18 12:46:13 [utils.go:48][I] key is access_token_url||value is https://api.weixin.qq.com/cgi-bin/token
2016/08/18 12:46:13 [utils.go:48][I] key is appID||value is wx1dc762cdfeb4ed66
2016/08/18 12:46:13 [utils.go:48][I] key is appsecret||value is a72c8ccb896f3f7ddaf45f5318035bde
2016/08/18 12:46:13 [utils.go:48][I] key is grant_type||value is client_credential
2016/08/18 12:46:13 [access_token_server.go:47][I] accessToken 配置文件信息：&{url:https://api.weixin.qq.com/cgi-bin/token aPPID:wx1dc762cdfeb4ed66 appsecret:a72c8ccb896f3f7ddaf45f5318035bde grantType:client_credential accessTokenURL:https://api.weixin.qq.com/cgi-bin/token?grant_type=client_credential&&appid=wx1dc762cdfeb4ed66&secret=a72c8ccb896f3f7ddaf45f5318035bde}
2016/08/18 12:46:13 [access_token_server.go:48][I] 获取accessToken的配置==============end===================
2016/08/18 12:46:13 [access_token_server.go:42][I] 获取accessToken的配置 &{url:https://api.weixin.qq.com/cgi-bin/token aPPID:wx1dc762cdfeb4ed66 appsecret:a72c8ccb896f3f7ddaf45f5318035bde grantType:client_credential accessTokenURL:https://api.weixin.qq.com/cgi-bin/token?grant_type=client_credential&&appid=wx1dc762cdfeb4ed66&secret=a72c8ccb896f3f7ddaf45f5318035bde}
2016/08/18 12:46:47 [access_token_server.go:40][I] 获取accessToken的配置
2016/08/18 12:46:47 [access_token_server.go:45][I] 获取accessToken的配置==============start===================
2016/08/18 12:46:47 [utils.go:48][I] key is access_token_url||value is https://api.weixin.qq.com/cgi-bin/token
2016/08/18 12:46:47 [utils.go:48][I] key is appID||value is wx1dc762cdfeb4ed66
2016/08/18 12:46:47 [utils.go:48][I] key is appsecret||value is a72c8ccb896f3f7ddaf45f5318035bde
2016/08/18 12:46:47 [utils.go:48][I] key is grant_type||value is client_credential
2016/08/18 12:46:47 [access_token_server.go:47][I] accessToken 配置文件信息：&{url:https://api.weixin.qq.com/cgi-bin/token aPPID:wx1dc762cdfeb4ed66 appsecret:a72c8ccb896f3f7ddaf45f5318035bde grantType:client_credential accessTokenURL:https://api.weixin.qq.com/cgi-bin/token?grant_type=client_credential&&appid=wx1dc762cdfeb4ed66&secret=a72c8ccb896f3f7ddaf45f5318035bde}
2016/08/18 12:46:47 [access_token_server.go:48][I] 获取accessToken的配置==============end===================
2016/08/18 12:46:47 [access_token_server.go:42][I] 获取accessToken的配置 &{url:https://api.weixin.qq.com/cgi-bin/token aPPID:wx1dc762cdfeb4ed66 appsecret:a72c8ccb896f3f7ddaf45f5318035bde grantType:client_credential accessTokenURL:https://api.weixin.qq.com/cgi-bin/token?grant_type=client_credential&&appid=wx1dc762cdfeb4ed66&secret=a72c8ccb896f3f7ddaf45f5318035bde}
2016/08/18 12:47:15 [WxController.go:51][I] 接受微信服务器参数：/test
2016/08/18 12:47:15 [WxController.go:52][I] test 数据
2016/08/18 12:47:15 [access_token_server.go:87][I] accessToken 获取，数据结构初始化：&{CurrentAccessToken:0xc042340180 accessTokenResult:0xc0423401e0 LiveTime:0 Times:2s json:<nil>}
2016/08/18 12:47:15 [access_token_server.go:88][I] accessToken 启动定时器，进行请求accessToken
2016/08/18 12:47:15 [access_token_server.go:96][I] GetAndAccessTokenServer创建定时器，进行请求accessToken
2016/08/18 12:47:15 [access_token_server.go:100][I] GetAndAccessTokenServer,for 循环
2016/08/18 12:47:17 [access_token_server.go:116][I] 获取微信accessToken 启动定时器时间 0xc042340360
2016/08/18 12:47:17 [access_token_server.go:141][I] 链接微信服务器获取accessToken
2016/08/18 12:47:17 [access_token_server.go:149][I] 与微信服务器建立链接
2016/08/18 12:47:18 [access_token_server.go:151][I] 获取微信服务器数据：{"access_token":"KXz01rudzvM4ifVeSTT6Dmts7c5kjVZqH2RC91MozfgwJhrRuFKy2C8tV0V7g3a-F-hw2RBfgmiMUOHxlRLN5oAnZbfhy6qC6LFSEp8Grs0_eOKX4hF9WVjn-LHT9PGpSOIiAGANJD","expires_in":7200}
2016/08/18 12:47:18 [access_token_server.go:159][I] 获取微信服务器数据,解析数据：&{r:0xc042398160 buf:[] d:{data:[] off:0 scan:{step:<nil> endTop:false parseState:[] err:<nil> redo:false redoCode:0 redoState:<nil> bytes:0} nextscan:{step:<nil> endTop:false parseState:[] err:<nil> redo:false redoCode:0 redoState:<nil> bytes:0} savedError:<nil> useNumber:false} scanp:0 scan:{step:<nil> endTop:false parseState:[] err:<nil> redo:false redoCode:0 redoState:<nil> bytes:0} err:<nil> tokenState:0 tokenStack:[]}
2016/08/18 12:47:18 [access_token_server.go:165][I] 获取微信服务器数据,解析数据错误：json: Unmarshal(non-pointer syncAccessToken.AccessTokenJson)
2016/08/18 12:47:18 [access_token_server.go:118][I] 获取微信accessToken 定时器获取数据 <nil>
2016/08/18 12:55:22 [access_token_server.go:40][I] 获取accessToken的配置
2016/08/18 12:55:22 [access_token_server.go:45][I] 获取accessToken的配置==============start===================
2016/08/18 12:55:22 [utils.go:48][I] key is access_token_url||value is https://api.weixin.qq.com/cgi-bin/token
2016/08/18 12:55:22 [utils.go:48][I] key is appID||value is wx1dc762cdfeb4ed66
2016/08/18 12:55:22 [utils.go:48][I] key is appsecret||value is a72c8ccb896f3f7ddaf45f5318035bde
2016/08/18 12:55:22 [utils.go:48][I] key is grant_type||value is client_credential
2016/08/18 12:55:22 [access_token_server.go:47][I] accessToken 配置文件信息：&{url:https://api.weixin.qq.com/cgi-bin/token aPPID:wx1dc762cdfeb4ed66 appsecret:a72c8ccb896f3f7ddaf45f5318035bde grantType:client_credential accessTokenURL:https://api.weixin.qq.com/cgi-bin/token?grant_type=client_credential&&appid=wx1dc762cdfeb4ed66&secret=a72c8ccb896f3f7ddaf45f5318035bde}
2016/08/18 12:55:22 [access_token_server.go:48][I] 获取accessToken的配置==============end===================
2016/08/18 12:55:22 [access_token_server.go:42][I] 获取accessToken的配置 &{url:https://api.weixin.qq.com/cgi-bin/token aPPID:wx1dc762cdfeb4ed66 appsecret:a72c8ccb896f3f7ddaf45f5318035bde grantType:client_credential accessTokenURL:https://api.weixin.qq.com/cgi-bin/token?grant_type=client_credential&&appid=wx1dc762cdfeb4ed66&secret=a72c8ccb896f3f7ddaf45f5318035bde}
2016/08/18 12:56:30 [access_token_server.go:40][I] 获取accessToken的配置
2016/08/18 12:56:30 [access_token_server.go:45][I] 获取accessToken的配置==============start===================
2016/08/18 12:56:30 [utils.go:48][I] key is access_token_url||value is https://api.weixin.qq.com/cgi-bin/token
2016/08/18 12:56:30 [utils.go:48][I] key is appID||value is wx1dc762cdfeb4ed66
2016/08/18 12:56:30 [utils.go:48][I] key is appsecret||value is a72c8ccb896f3f7ddaf45f5318035bde
2016/08/18 12:56:30 [utils.go:48][I] key is grant_type||value is client_credential
2016/08/18 12:56:30 [access_token_server.go:47][I] accessToken 配置文件信息：&{url:https://api.weixin.qq.com/cgi-bin/token aPPID:wx1dc762cdfeb4ed66 appsecret:a72c8ccb896f3f7ddaf45f5318035bde grantType:client_credential accessTokenURL:https://api.weixin.qq.com/cgi-bin/token?grant_type=client_credential&&appid=wx1dc762cdfeb4ed66&secret=a72c8ccb896f3f7ddaf45f5318035bde}
2016/08/18 12:56:30 [access_token_server.go:48][I] 获取accessToken的配置==============end===================
2016/08/18 12:56:30 [access_token_server.go:42][I] 获取accessToken的配置 &{url:https://api.weixin.qq.com/cgi-bin/token aPPID:wx1dc762cdfeb4ed66 appsecret:a72c8ccb896f3f7ddaf45f5318035bde grantType:client_credential accessTokenURL:https://api.weixin.qq.com/cgi-bin/token?grant_type=client_credential&&appid=wx1dc762cdfeb4ed66&secret=a72c8ccb896f3f7ddaf45f5318035bde}
2016/08/18 12:58:03 [WxController.go:51][I] 接受微信服务器参数：/test
2016/08/18 12:58:03 [WxController.go:52][I] test 数据
2016/08/18 12:58:03 [access_token_server.go:87][I] accessToken 获取，数据结构初始化：&{CurrentAccessToken:0xc042348180 accessTokenResult:0xc0423481e0 LiveTime:0 Times:2s json:<nil>}
2016/08/18 12:58:03 [access_token_server.go:88][I] accessToken 启动定时器，进行请求accessToken
2016/08/18 12:58:03 [access_token_server.go:96][I] GetAndAccessTokenServer创建定时器，进行请求accessToken
2016/08/18 12:58:03 [access_token_server.go:100][I] GetAndAccessTokenServer,for 循环
2016/08/18 12:58:05 [access_token_server.go:116][I] 获取微信accessToken 启动定时器时间 0xc042348360
2016/08/18 12:58:05 [access_token_server.go:141][I] 链接微信服务器获取accessToken
2016/08/18 12:58:05 [access_token_server.go:149][I] 与微信服务器建立链接
2016/08/18 12:58:06 [access_token_server.go:151][I] 获取微信服务器数据：{"access_token":"dlpeIlJS3WUQwpxn8zc9aPBRX_oPQsmISa118aryycTslZyBfCOsijXqNAwd9P1P7OQB6NDa4aMPxFtbJIZHcWLGExEFU8NnTemfiyYAz0TLHQZfA3gOGA5DP50HUeD3GNOdABAKRS","expires_in":7200}
2016/08/18 12:58:06 [access_token_server.go:159][I] 获取微信服务器数据,解析数据：&{r:0xc0423b20a0 buf:[] d:{data:[] off:0 scan:{step:<nil> endTop:false parseState:[] err:<nil> redo:false redoCode:0 redoState:<nil> bytes:0} nextscan:{step:<nil> endTop:false parseState:[] err:<nil> redo:false redoCode:0 redoState:<nil> bytes:0} savedError:<nil> useNumber:false} scanp:0 scan:{step:<nil> endTop:false parseState:[] err:<nil> redo:false redoCode:0 redoState:<nil> bytes:0} err:<nil> tokenState:0 tokenStack:[]}
2016/08/18 12:58:06 [access_token_server.go:118][I] 获取微信accessToken 定时器获取数据 <nil>
2016/08/18 13:02:17 [access_token_server.go:40][I] 获取accessToken的配置
2016/08/18 13:02:17 [access_token_server.go:45][I] 获取accessToken的配置==============start===================
2016/08/18 13:02:17 [utils.go:48][I] key is access_token_url||value is https://api.weixin.qq.com/cgi-bin/token
2016/08/18 13:02:17 [utils.go:48][I] key is appID||value is wx1dc762cdfeb4ed66
2016/08/18 13:02:17 [utils.go:48][I] key is appsecret||value is a72c8ccb896f3f7ddaf45f5318035bde
2016/08/18 13:02:17 [utils.go:48][I] key is grant_type||value is client_credential
2016/08/18 13:02:17 [access_token_server.go:47][I] accessToken 配置文件信息：&{url:https://api.weixin.qq.com/cgi-bin/token aPPID:wx1dc762cdfeb4ed66 appsecret:a72c8ccb896f3f7ddaf45f5318035bde grantType:client_credential accessTokenURL:https://api.weixin.qq.com/cgi-bin/token?grant_type=client_credential&&appid=wx1dc762cdfeb4ed66&secret=a72c8ccb896f3f7ddaf45f5318035bde}
2016/08/18 13:02:17 [access_token_server.go:48][I] 获取accessToken的配置==============end===================
2016/08/18 13:02:17 [access_token_server.go:42][I] 获取accessToken的配置 &{url:https://api.weixin.qq.com/cgi-bin/token aPPID:wx1dc762cdfeb4ed66 appsecret:a72c8ccb896f3f7ddaf45f5318035bde grantType:client_credential accessTokenURL:https://api.weixin.qq.com/cgi-bin/token?grant_type=client_credential&&appid=wx1dc762cdfeb4ed66&secret=a72c8ccb896f3f7ddaf45f5318035bde}
2016/08/18 13:16:54 [WxController.go:51][I] 接受微信服务器参数：/test
2016/08/18 13:16:54 [WxController.go:52][I] test 数据
2016/08/18 13:16:54 [access_token_server.go:87][I] accessToken 获取，数据结构初始化：&{CurrentAccessToken:0xc042348240 accessTokenResult:0xc0423482a0 LiveTime:0 Times:2s json:<nil>}
2016/08/18 13:16:54 [access_token_server.go:88][I] accessToken 启动定时器，进行请求accessToken
2016/08/18 13:16:54 [access_token_server.go:96][I] GetAndAccessTokenServer创建定时器，进行请求accessToken
2016/08/18 13:16:54 [access_token_server.go:100][I] GetAndAccessTokenServer,for 循环
2016/08/18 13:16:56 [access_token_server.go:116][I] 获取微信accessToken 启动定时器时间 0xc042348420
2016/08/18 13:16:56 [access_token_server.go:141][I] 链接微信服务器获取accessToken
2016/08/18 13:16:56 [access_token_server.go:149][I] 与微信服务器建立链接
2016/08/18 13:16:56 [access_token_server.go:151][I] 获取微信服务器数据：{"access_token":"2YHaXMI2VlTKoG43SeIciixwd8SQk5eSlngiDc5FEPcoLqIovzcaokjUKtnPl8AblazYEKhwClffI3tW-nJlD5mgLWNtYMXLgkBZqtLzJ-q3eeq5HvKkKOlkPrBIN20-OEXbAJABRK","expires_in":7200}
2016/08/18 13:16:56 [access_token_server.go:159][I] 获取微信服务器数据,解析数据：&{r:0xc04244a0e0 buf:[] d:{data:[] off:0 scan:{step:<nil> endTop:false parseState:[] err:<nil> redo:false redoCode:0 redoState:<nil> bytes:0} nextscan:{step:<nil> endTop:false parseState:[] err:<nil> redo:false redoCode:0 redoState:<nil> bytes:0} savedError:<nil> useNumber:false} scanp:0 scan:{step:<nil> endTop:false parseState:[] err:<nil> redo:false redoCode:0 redoState:<nil> bytes:0} err:<nil> tokenState:0 tokenStack:[]}
2016/08/18 13:16:56 [access_token_server.go:118][I] 获取微信accessToken 定时器获取数据 <nil>
2016/08/18 13:17:53 [WxController.go:51][I] 接受微信服务器参数：/test
2016/08/18 13:17:53 [WxController.go:52][I] test 数据
2016/08/18 13:17:53 [access_token_server.go:87][I] accessToken 获取，数据结构初始化：&{CurrentAccessToken:0xc04217e240 accessTokenResult:0xc04217e2a0 LiveTime:0 Times:2s json:<nil>}
2016/08/18 13:17:53 [access_token_server.go:88][I] accessToken 启动定时器，进行请求accessToken
2016/08/18 13:17:53 [access_token_server.go:96][I] GetAndAccessTokenServer创建定时器，进行请求accessToken
2016/08/18 13:17:53 [access_token_server.go:100][I] GetAndAccessTokenServer,for 循环
2016/08/18 13:17:55 [access_token_server.go:116][I] 获取微信accessToken 启动定时器时间 0xc04217e3c0
2016/08/18 13:17:55 [access_token_server.go:141][I] 链接微信服务器获取accessToken
2016/08/18 13:17:55 [access_token_server.go:149][I] 与微信服务器建立链接
2016/08/18 13:17:55 [access_token_server.go:151][I] 获取微信服务器数据：{"access_token":"FMXC1vC6WUnX16zoHuRTNlHtmA1otDQeM62zIKj-Ord86gh1mTXZf4zFq7p_D1834_l0SdLwboNE2cfvYxR6J95ShGnz59yWDTxqYu3URbD-c0pHgb4srolYkDhr_ERYOQMiAAAYAW","expires_in":7200}
2016/08/18 13:17:55 [access_token_server.go:159][I] 获取微信服务器数据,解析数据：&{r:0xc042276080 buf:[] d:{data:[] off:0 scan:{step:<nil> endTop:false parseState:[] err:<nil> redo:false redoCode:0 redoState:<nil> bytes:0} nextscan:{step:<nil> endTop:false parseState:[] err:<nil> redo:false redoCode:0 redoState:<nil> bytes:0} savedError:<nil> useNumber:false} scanp:0 scan:{step:<nil> endTop:false parseState:[] err:<nil> redo:false redoCode:0 redoState:<nil> bytes:0} err:<nil> tokenState:0 tokenStack:[]}
2016/08/18 13:17:55 [access_token_server.go:118][I] 获取微信accessToken 定时器获取数据 <nil>
2016/08/18 13:19:00 [access_token_server.go:40][I] 获取accessToken的配置
2016/08/18 13:19:00 [access_token_server.go:45][I] 获取accessToken的配置==============start===================
2016/08/18 13:19:00 [utils.go:48][I] key is access_token_url||value is https://api.weixin.qq.com/cgi-bin/token
2016/08/18 13:19:00 [utils.go:48][I] key is appID||value is wx1dc762cdfeb4ed66
2016/08/18 13:19:00 [utils.go:48][I] key is appsecret||value is a72c8ccb896f3f7ddaf45f5318035bde
2016/08/18 13:19:00 [utils.go:48][I] key is grant_type||value is client_credential
2016/08/18 13:19:00 [access_token_server.go:47][I] accessToken 配置文件信息：&{url:https://api.weixin.qq.com/cgi-bin/token aPPID:wx1dc762cdfeb4ed66 appsecret:a72c8ccb896f3f7ddaf45f5318035bde grantType:client_credential accessTokenURL:https://api.weixin.qq.com/cgi-bin/token?grant_type=client_credential&&appid=wx1dc762cdfeb4ed66&secret=a72c8ccb896f3f7ddaf45f5318035bde}
2016/08/18 13:19:00 [access_token_server.go:48][I] 获取accessToken的配置==============end===================
2016/08/18 13:19:00 [access_token_server.go:42][I] 获取accessToken的配置 &{url:https://api.weixin.qq.com/cgi-bin/token aPPID:wx1dc762cdfeb4ed66 appsecret:a72c8ccb896f3f7ddaf45f5318035bde grantType:client_credential accessTokenURL:https://api.weixin.qq.com/cgi-bin/token?grant_type=client_credential&&appid=wx1dc762cdfeb4ed66&secret=a72c8ccb896f3f7ddaf45f5318035bde}
2016/08/18 13:19:42 [access_token_server.go:40][I] 获取accessToken的配置
2016/08/18 13:19:42 [access_token_server.go:45][I] 获取accessToken的配置==============start===================
2016/08/18 13:19:42 [utils.go:48][I] key is access_token_url||value is https://api.weixin.qq.com/cgi-bin/token
2016/08/18 13:19:42 [utils.go:48][I] key is appID||value is wx1dc762cdfeb4ed66
2016/08/18 13:19:42 [utils.go:48][I] key is appsecret||value is a72c8ccb896f3f7ddaf45f5318035bde
2016/08/18 13:19:42 [utils.go:48][I] key is grant_type||value is client_credential
2016/08/18 13:19:42 [access_token_server.go:47][I] accessToken 配置文件信息：&{url:https://api.weixin.qq.com/cgi-bin/token aPPID:wx1dc762cdfeb4ed66 appsecret:a72c8ccb896f3f7ddaf45f5318035bde grantType:client_credential accessTokenURL:https://api.weixin.qq.com/cgi-bin/token?grant_type=client_credential&&appid=wx1dc762cdfeb4ed66&secret=a72c8ccb896f3f7ddaf45f5318035bde}
2016/08/18 13:19:42 [access_token_server.go:48][I] 获取accessToken的配置==============end===================
2016/08/18 13:19:42 [access_token_server.go:42][I] 获取accessToken的配置 &{url:https://api.weixin.qq.com/cgi-bin/token aPPID:wx1dc762cdfeb4ed66 appsecret:a72c8ccb896f3f7ddaf45f5318035bde grantType:client_credential accessTokenURL:https://api.weixin.qq.com/cgi-bin/token?grant_type=client_credential&&appid=wx1dc762cdfeb4ed66&secret=a72c8ccb896f3f7ddaf45f5318035bde}
2016/08/18 13:20:00 [WxController.go:51][I] 接受微信服务器参数：/test
2016/08/18 13:20:00 [WxController.go:52][I] test 数据
2016/08/18 13:20:00 [access_token_server.go:87][I] accessToken 获取，数据结构初始化：&{CurrentAccessToken:0xc042340240 accessTokenResult:0xc0423402a0 LiveTime:0 Times:2s json:<nil>}
2016/08/18 13:20:00 [access_token_server.go:88][I] accessToken 启动定时器，进行请求accessToken
2016/08/18 13:20:00 [access_token_server.go:96][I] GetAndAccessTokenServer创建定时器，进行请求accessToken
2016/08/18 13:20:00 [access_token_server.go:100][I] GetAndAccessTokenServer,for 循环
2016/08/18 13:20:02 [access_token_server.go:116][I] 获取微信accessToken 启动定时器时间 0xc042340420
2016/08/18 13:20:02 [access_token_server.go:141][I] 链接微信服务器获取accessToken
2016/08/18 13:20:02 [access_token_server.go:149][I] 与微信服务器建立链接
2016/08/18 13:20:02 [access_token_server.go:151][I] 获取微信服务器数据：{"access_token":"J6SxzwTEStIL899StoBdKuPY5nJWCKEFt1Pcvhx70u9qMca3n6BPcsjndnkzm0Q5xl4zGU2rCsVEjRDIoIpz_lC_wtQ0ksKFZiJ6ArvU6fSmvumGBTXWzourGX_xQL0lYFGeAJAJQR","expires_in":7200}
2016/08/18 13:20:02 [access_token_server.go:164][I] 获取微信服务器数据,解析数据：&{r:0xc0423920a0 buf:[] d:{data:[] off:0 scan:{step:<nil> endTop:false parseState:[] err:<nil> redo:false redoCode:0 redoState:<nil> bytes:0} nextscan:{step:<nil> endTop:false parseState:[] err:<nil> redo:false redoCode:0 redoState:<nil> bytes:0} savedError:<nil> useNumber:false} scanp:0 scan:{step:<nil> endTop:false parseState:[] err:<nil> redo:false redoCode:0 redoState:<nil> bytes:0} err:<nil> tokenState:0 tokenStack:[]}
2016/08/18 13:20:02 [access_token_server.go:118][I] 获取微信accessToken 定时器获取数据 <nil>
2016/08/18 13:22:20 [access_token_server.go:40][I] 获取accessToken的配置
2016/08/18 13:22:20 [access_token_server.go:45][I] 获取accessToken的配置==============start===================
2016/08/18 13:22:20 [utils.go:48][I] key is access_token_url||value is https://api.weixin.qq.com/cgi-bin/token
2016/08/18 13:22:20 [utils.go:48][I] key is appID||value is wx1dc762cdfeb4ed66
2016/08/18 13:22:20 [utils.go:48][I] key is appsecret||value is a72c8ccb896f3f7ddaf45f5318035bde
2016/08/18 13:22:20 [utils.go:48][I] key is grant_type||value is client_credential
2016/08/18 13:22:20 [access_token_server.go:47][I] accessToken 配置文件信息：&{url:https://api.weixin.qq.com/cgi-bin/token aPPID:wx1dc762cdfeb4ed66 appsecret:a72c8ccb896f3f7ddaf45f5318035bde grantType:client_credential accessTokenURL:https://api.weixin.qq.com/cgi-bin/token?grant_type=client_credential&&appid=wx1dc762cdfeb4ed66&secret=a72c8ccb896f3f7ddaf45f5318035bde}
2016/08/18 13:22:20 [access_token_server.go:48][I] 获取accessToken的配置==============end===================
2016/08/18 13:22:20 [access_token_server.go:42][I] 获取accessToken的配置 &{url:https://api.weixin.qq.com/cgi-bin/token aPPID:wx1dc762cdfeb4ed66 appsecret:a72c8ccb896f3f7ddaf45f5318035bde grantType:client_credential accessTokenURL:https://api.weixin.qq.com/cgi-bin/token?grant_type=client_credential&&appid=wx1dc762cdfeb4ed66&secret=a72c8ccb896f3f7ddaf45f5318035bde}
2016/08/18 13:22:27 [access_token_server.go:40][I] 获取accessToken的配置
2016/08/18 13:22:27 [access_token_server.go:45][I] 获取accessToken的配置==============start===================
2016/08/18 13:22:27 [utils.go:48][I] key is access_token_url||value is https://api.weixin.qq.com/cgi-bin/token
2016/08/18 13:22:27 [utils.go:48][I] key is appID||value is wx1dc762cdfeb4ed66
2016/08/18 13:22:27 [utils.go:48][I] key is appsecret||value is a72c8ccb896f3f7ddaf45f5318035bde
2016/08/18 13:22:27 [utils.go:48][I] key is grant_type||value is client_credential
2016/08/18 13:22:27 [access_token_server.go:47][I] accessToken 配置文件信息：&{url:https://api.weixin.qq.com/cgi-bin/token aPPID:wx1dc762cdfeb4ed66 appsecret:a72c8ccb896f3f7ddaf45f5318035bde grantType:client_credential accessTokenURL:https://api.weixin.qq.com/cgi-bin/token?grant_type=client_credential&&appid=wx1dc762cdfeb4ed66&secret=a72c8ccb896f3f7ddaf45f5318035bde}
2016/08/18 13:22:27 [access_token_server.go:48][I] 获取accessToken的配置==============end===================
2016/08/18 13:22:27 [access_token_server.go:42][I] 获取accessToken的配置 &{url:https://api.weixin.qq.com/cgi-bin/token aPPID:wx1dc762cdfeb4ed66 appsecret:a72c8ccb896f3f7ddaf45f5318035bde grantType:client_credential accessTokenURL:https://api.weixin.qq.com/cgi-bin/token?grant_type=client_credential&&appid=wx1dc762cdfeb4ed66&secret=a72c8ccb896f3f7ddaf45f5318035bde}
2016/08/18 13:22:56 [WxController.go:51][I] 接受微信服务器参数：/test
2016/08/18 13:22:56 [WxController.go:52][I] test 数据
2016/08/18 13:22:56 [access_token_server.go:87][I] accessToken 获取，数据结构初始化：&{CurrentAccessToken:0xc04232a180 accessTokenResult:0xc04232a1e0 LiveTime:0 Times:2s json:<nil>}
2016/08/18 13:22:56 [access_token_server.go:88][I] accessToken 启动定时器，进行请求accessToken
2016/08/18 13:22:56 [access_token_server.go:96][I] GetAndAccessTokenServer创建定时器，进行请求accessToken
2016/08/18 13:22:56 [access_token_server.go:100][I] GetAndAccessTokenServer,for 循环
2016/08/18 13:22:58 [access_token_server.go:116][I] 获取微信accessToken 启动定时器时间 0xc04232a360
2016/08/18 13:22:58 [access_token_server.go:141][I] 链接微信服务器获取accessToken
2016/08/18 13:22:58 [access_token_server.go:149][I] 与微信服务器建立链接
2016/08/18 13:22:59 [access_token_server.go:151][I] 获取微信服务器数据：{"access_token":"XVhfF4Ood32utpQuT3Hgan74_GfmdvWueUoQnye-ku64koIyeeeq5EavaExzeS1KvlLZ_0VKf1gvVsj3nKSRdftlkgoFVt3Kz8YFSUqono1wCI4_BIcM-WTGjUdNKtv5VDLcAFAHPX","expires_in":7200}
2016/08/18 13:22:59 [access_token_server.go:164][I] 获取微信服务器数据,解析数据sss：&{r:0xc04239c0a0 buf:[] d:{data:[] off:0 scan:{step:<nil> endTop:false parseState:[] err:<nil> redo:false redoCode:0 redoState:<nil> bytes:0} nextscan:{step:<nil> endTop:false parseState:[] err:<nil> redo:false redoCode:0 redoState:<nil> bytes:0} savedError:<nil> useNumber:false} scanp:0 scan:{step:<nil> endTop:false parseState:[] err:<nil> redo:false redoCode:0 redoState:<nil> bytes:0} err:<nil> tokenState:0 tokenStack:[]}
2016/08/18 13:22:59 [access_token_server.go:118][I] 获取微信accessToken 定时器获取数据 <nil>
2016/08/18 13:25:46 [access_token_server.go:40][I] 获取accessToken的配置
2016/08/18 13:25:46 [access_token_server.go:45][I] 获取accessToken的配置==============start===================
2016/08/18 13:25:46 [utils.go:48][I] key is access_token_url||value is https://api.weixin.qq.com/cgi-bin/token
2016/08/18 13:25:46 [utils.go:48][I] key is appID||value is wx1dc762cdfeb4ed66
2016/08/18 13:25:46 [utils.go:48][I] key is appsecret||value is a72c8ccb896f3f7ddaf45f5318035bde
2016/08/18 13:25:46 [utils.go:48][I] key is grant_type||value is client_credential
2016/08/18 13:25:46 [access_token_server.go:47][I] accessToken 配置文件信息：&{url:https://api.weixin.qq.com/cgi-bin/token aPPID:wx1dc762cdfeb4ed66 appsecret:a72c8ccb896f3f7ddaf45f5318035bde grantType:client_credential accessTokenURL:https://api.weixin.qq.com/cgi-bin/token?grant_type=client_credential&&appid=wx1dc762cdfeb4ed66&secret=a72c8ccb896f3f7ddaf45f5318035bde}
2016/08/18 13:25:46 [access_token_server.go:48][I] 获取accessToken的配置==============end===================
2016/08/18 13:25:46 [access_token_server.go:42][I] 获取accessToken的配置 &{url:https://api.weixin.qq.com/cgi-bin/token aPPID:wx1dc762cdfeb4ed66 appsecret:a72c8ccb896f3f7ddaf45f5318035bde grantType:client_credential accessTokenURL:https://api.weixin.qq.com/cgi-bin/token?grant_type=client_credential&&appid=wx1dc762cdfeb4ed66&secret=a72c8ccb896f3f7ddaf45f5318035bde}
2016/08/18 13:25:50 [WxController.go:51][I] 接受微信服务器参数：/test
2016/08/18 13:25:50 [WxController.go:52][I] test 数据
2016/08/18 13:25:50 [access_token_server.go:87][I] accessToken 获取，数据结构初始化：&{CurrentAccessToken:0xc04233e240 accessTokenResult:0xc04233e2a0 LiveTime:0 Times:2s json:<nil>}
2016/08/18 13:25:50 [access_token_server.go:88][I] accessToken 启动定时器，进行请求accessToken
2016/08/18 13:25:50 [access_token_server.go:96][I] GetAndAccessTokenServer创建定时器，进行请求accessToken
2016/08/18 13:25:50 [access_token_server.go:100][I] GetAndAccessTokenServer,for 循环
2016/08/18 13:25:52 [access_token_server.go:116][I] 获取微信accessToken 启动定时器时间 0xc04233e3c0
2016/08/18 13:25:52 [access_token_server.go:141][I] 链接微信服务器获取accessToken
2016/08/18 13:25:52 [access_token_server.go:149][I] 与微信服务器建立链接
2016/08/18 13:25:53 [access_token_server.go:151][I] 获取微信服务器数据：{"access_token":"zB1COc22ec2mWxtD2Ku4ct_ZLeTSd6vFHQEMERhxK0dey6a1EggAvYNuzZXOKfM03dpOYlxjlJxXrnNlg5UDRl1iAp5KA5hbGni5zCACOwYw0RATsVSs6ZrDw35nNpAOVCWeAFAQXR","expires_in":7200}
2016/08/18 13:25:53 [access_token_server.go:159][I] 获取微信服务器数据,r   &{s:{"access_token":"zB1COc22ec2mWxtD2Ku4ct_ZLeTSd6vFHQEMERhxK0dey6a1EggAvYNuzZXOKfM03dpOYlxjlJxXrnNlg5UDRl1iAp5KA5hbGni5zCACOwYw0RATsVSs6ZrDw35nNpAOVCWeAFAQXR","expires_in":7200} i:0 prevRune:-1}
2016/08/18 13:25:53 [access_token_server.go:161][I] 获取微信服务器数据,dec   &{r:0xc0423ac140 buf:[] d:{data:[] off:0 scan:{step:<nil> endTop:false parseState:[] err:<nil> redo:false redoCode:0 redoState:<nil> bytes:0} nextscan:{step:<nil> endTop:false parseState:[] err:<nil> redo:false redoCode:0 redoState:<nil> bytes:0} savedError:<nil> useNumber:false} scanp:0 scan:{step:<nil> endTop:false parseState:[] err:<nil> redo:false redoCode:0 redoState:<nil> bytes:0} err:<nil> tokenState:0 tokenStack:[]}
2016/08/18 13:25:53 [access_token_server.go:118][I] 获取微信accessToken 定时器获取数据 <nil>
2016/08/18 13:28:41 [access_token_server.go:40][I] 获取accessToken的配置
2016/08/18 13:28:41 [access_token_server.go:45][I] 获取accessToken的配置==============start===================
2016/08/18 13:28:41 [utils.go:48][I] key is access_token_url||value is https://api.weixin.qq.com/cgi-bin/token
2016/08/18 13:28:41 [utils.go:48][I] key is appID||value is wx1dc762cdfeb4ed66
2016/08/18 13:28:41 [utils.go:48][I] key is appsecret||value is a72c8ccb896f3f7ddaf45f5318035bde
2016/08/18 13:28:41 [utils.go:48][I] key is grant_type||value is client_credential
2016/08/18 13:28:41 [access_token_server.go:47][I] accessToken 配置文件信息：&{url:https://api.weixin.qq.com/cgi-bin/token aPPID:wx1dc762cdfeb4ed66 appsecret:a72c8ccb896f3f7ddaf45f5318035bde grantType:client_credential accessTokenURL:https://api.weixin.qq.com/cgi-bin/token?grant_type=client_credential&&appid=wx1dc762cdfeb4ed66&secret=a72c8ccb896f3f7ddaf45f5318035bde}
2016/08/18 13:28:41 [access_token_server.go:48][I] 获取accessToken的配置==============end===================
2016/08/18 13:28:41 [access_token_server.go:42][I] 获取accessToken的配置 &{url:https://api.weixin.qq.com/cgi-bin/token aPPID:wx1dc762cdfeb4ed66 appsecret:a72c8ccb896f3f7ddaf45f5318035bde grantType:client_credential accessTokenURL:https://api.weixin.qq.com/cgi-bin/token?grant_type=client_credential&&appid=wx1dc762cdfeb4ed66&secret=a72c8ccb896f3f7ddaf45f5318035bde}
2016/08/18 13:28:50 [WxController.go:51][I] 接受微信服务器参数：/test
2016/08/18 13:28:50 [WxController.go:52][I] test 数据
2016/08/18 13:28:50 [access_token_server.go:87][I] accessToken 获取，数据结构初始化：&{CurrentAccessToken:0xc04226ad80 accessTokenResult:0xc04226ade0 LiveTime:0 Times:2s json:<nil>}
2016/08/18 13:28:50 [access_token_server.go:88][I] accessToken 启动定时器，进行请求accessToken
2016/08/18 13:28:50 [access_token_server.go:96][I] GetAndAccessTokenServer创建定时器，进行请求accessToken
2016/08/18 13:28:50 [access_token_server.go:100][I] GetAndAccessTokenServer,for 循环
2016/08/18 13:28:52 [access_token_server.go:116][I] 获取微信accessToken 启动定时器时间 0xc04226af00
2016/08/18 13:28:52 [access_token_server.go:141][I] 链接微信服务器获取accessToken
2016/08/18 13:28:52 [access_token_server.go:149][I] 与微信服务器建立链接
2016/08/18 13:28:52 [access_token_server.go:151][I] 获取微信服务器数据：{"access_token":"xqu6szadAGUWvkYZwkbq-eIHihX6Dkswn0cV2hnYb1Bc4_k3j_9OfqCf6LLh5Bzb_bMZ9o40XeDJOA3K60u-F5VEIjogD6c_GcDdfviDzMjZ8KayoqIG7yaGeTUHRuyRROCcAGADAO","expires_in":7200}
2016/08/18 13:28:52 [access_token_server.go:159][I] 获取微信服务器数据,r   &{s:{"access_token":"xqu6szadAGUWvkYZwkbq-eIHihX6Dkswn0cV2hnYb1Bc4_k3j_9OfqCf6LLh5Bzb_bMZ9o40XeDJOA3K60u-F5VEIjogD6c_GcDdfviDzMjZ8KayoqIG7yaGeTUHRuyRROCcAGADAO","expires_in":7200} i:0 prevRune:-1}
2016/08/18 13:28:52 [access_token_server.go:161][I] 获取微信服务器数据,dec   &{r:0xc0423a65a0 buf:[] d:{data:[] off:0 scan:{step:<nil> endTop:false parseState:[] err:<nil> redo:false redoCode:0 redoState:<nil> bytes:0} nextscan:{step:<nil> endTop:false parseState:[] err:<nil> redo:false redoCode:0 redoState:<nil> bytes:0} savedError:<nil> useNumber:false} scanp:0 scan:{step:<nil> endTop:false parseState:[] err:<nil> redo:false redoCode:0 redoState:<nil> bytes:0} err:<nil> tokenState:0 tokenStack:[]}
2016/08/18 13:28:52 [access_token_server.go:162][I] 获取微信服务器数据,dec   <nil>
2016/08/18 13:28:52 [access_token_server.go:164][I] 获取微信服务器数据,解析数据：{Token:xqu6szadAGUWvkYZwkbq-eIHihX6Dkswn0cV2hnYb1Bc4_k3j_9OfqCf6LLh5Bzb_bMZ9o40XeDJOA3K60u-F5VEIjogD6c_GcDdfviDzMjZ8KayoqIG7yaGeTUHRuyRROCcAGADAO ExpiresIn:7200}
2016/08/18 13:28:52 [access_token_server.go:118][I] 获取微信accessToken 定时器获取数据 &{Token:xqu6szadAGUWvkYZwkbq-eIHihX6Dkswn0cV2hnYb1Bc4_k3j_9OfqCf6LLh5Bzb_bMZ9o40XeDJOA3K60u-F5VEIjogD6c_GcDdfviDzMjZ8KayoqIG7yaGeTUHRuyRROCcAGADAO ExpiresIn:7200}
2016/08/18 13:31:47 [WxController.go:51][I] 接受微信服务器参数：/test
2016/08/18 13:31:47 [WxController.go:52][I] test 数据
2016/08/18 13:31:47 [access_token_server.go:87][I] accessToken 获取，数据结构初始化：&{CurrentAccessToken:0xc0420384e0 accessTokenResult:0xc042038540 LiveTime:0 Times:2s json:<nil>}
2016/08/18 13:31:47 [access_token_server.go:88][I] accessToken 启动定时器，进行请求accessToken
2016/08/18 13:31:47 [access_token_server.go:96][I] GetAndAccessTokenServer创建定时器，进行请求accessToken
2016/08/18 13:31:47 [access_token_server.go:100][I] GetAndAccessTokenServer,for 循环
2016/08/18 13:31:49 [access_token_server.go:116][I] 获取微信accessToken 启动定时器时间 0xc0420386c0
2016/08/18 13:31:49 [access_token_server.go:141][I] 链接微信服务器获取accessToken
2016/08/18 13:31:49 [access_token_server.go:149][I] 与微信服务器建立链接
2016/08/18 13:31:49 [access_token_server.go:151][I] 获取微信服务器数据：{"access_token":"H6Z62J-I3YtJUHiEc2tVKEJK_XhL9rGR2Fk_kFSviFsKSvuBmzPjX8cxAe5dXfMjWzK3AMG7qA1IBFXZ3Xn4Ah1CYyYyQ0eg6rwY8J5JlMW2aHAaz-H6xr5QqF9Xo843HXPiAEASIA","expires_in":7200}
2016/08/18 13:31:49 [access_token_server.go:159][I] 获取微信服务器数据,r   &{s:{"access_token":"H6Z62J-I3YtJUHiEc2tVKEJK_XhL9rGR2Fk_kFSviFsKSvuBmzPjX8cxAe5dXfMjWzK3AMG7qA1IBFXZ3Xn4Ah1CYyYyQ0eg6rwY8J5JlMW2aHAaz-H6xr5QqF9Xo843HXPiAEASIA","expires_in":7200} i:0 prevRune:-1}
2016/08/18 13:31:49 [access_token_server.go:161][I] 获取微信服务器数据,dec   &{r:0xc042262880 buf:[] d:{data:[] off:0 scan:{step:<nil> endTop:false parseState:[] err:<nil> redo:false redoCode:0 redoState:<nil> bytes:0} nextscan:{step:<nil> endTop:false parseState:[] err:<nil> redo:false redoCode:0 redoState:<nil> bytes:0} savedError:<nil> useNumber:false} scanp:0 scan:{step:<nil> endTop:false parseState:[] err:<nil> redo:false redoCode:0 redoState:<nil> bytes:0} err:<nil> tokenState:0 tokenStack:[]}
2016/08/18 13:31:49 [access_token_server.go:162][I] 获取微信服务器数据,dec   <nil>
2016/08/18 13:31:49 [access_token_server.go:164][I] 获取微信服务器数据,解析数据：{Token:H6Z62J-I3YtJUHiEc2tVKEJK_XhL9rGR2Fk_kFSviFsKSvuBmzPjX8cxAe5dXfMjWzK3AMG7qA1IBFXZ3Xn4Ah1CYyYyQ0eg6rwY8J5JlMW2aHAaz-H6xr5QqF9Xo843HXPiAEASIA ExpiresIn:7200}
2016/08/18 13:31:49 [access_token_server.go:118][I] 获取微信accessToken 定时器获取数据 &{Token:H6Z62J-I3YtJUHiEc2tVKEJK_XhL9rGR2Fk_kFSviFsKSvuBmzPjX8cxAe5dXfMjWzK3AMG7qA1IBFXZ3Xn4Ah1CYyYyQ0eg6rwY8J5JlMW2aHAaz-H6xr5QqF9Xo843HXPiAEASIA ExpiresIn:7200}
2016/08/18 13:32:32 [access_token_server.go:40][I] 获取accessToken的配置
2016/08/18 13:32:32 [access_token_server.go:45][I] 获取accessToken的配置==============start===================
2016/08/18 13:32:32 [utils.go:48][I] key is access_token_url||value is https://api.weixin.qq.com/cgi-bin/token
2016/08/18 13:32:32 [utils.go:48][I] key is appID||value is wx1dc762cdfeb4ed66
2016/08/18 13:32:32 [utils.go:48][I] key is appsecret||value is a72c8ccb896f3f7ddaf45f5318035bde
2016/08/18 13:32:32 [utils.go:48][I] key is grant_type||value is client_credential
2016/08/18 13:32:32 [access_token_server.go:47][I] accessToken 配置文件信息：&{url:https://api.weixin.qq.com/cgi-bin/token aPPID:wx1dc762cdfeb4ed66 appsecret:a72c8ccb896f3f7ddaf45f5318035bde grantType:client_credential accessTokenURL:https://api.weixin.qq.com/cgi-bin/token?grant_type=client_credential&&appid=wx1dc762cdfeb4ed66&secret=a72c8ccb896f3f7ddaf45f5318035bde}
2016/08/18 13:32:32 [access_token_server.go:48][I] 获取accessToken的配置==============end===================
2016/08/18 13:32:32 [access_token_server.go:42][I] 获取accessToken的配置 &{url:https://api.weixin.qq.com/cgi-bin/token aPPID:wx1dc762cdfeb4ed66 appsecret:a72c8ccb896f3f7ddaf45f5318035bde grantType:client_credential accessTokenURL:https://api.weixin.qq.com/cgi-bin/token?grant_type=client_credential&&appid=wx1dc762cdfeb4ed66&secret=a72c8ccb896f3f7ddaf45f5318035bde}
2016/08/18 13:32:33 [WxController.go:51][I] 接受微信服务器参数：/test
2016/08/18 13:32:33 [WxController.go:52][I] test 数据
2016/08/18 13:32:33 [access_token_server.go:87][I] accessToken 获取，数据结构初始化：&{CurrentAccessToken:0xc04232c180 accessTokenResult:0xc04232c1e0 LiveTime:0 Times:2s json:<nil>}
2016/08/18 13:32:33 [access_token_server.go:88][I] accessToken 启动定时器，进行请求accessToken
2016/08/18 13:32:33 [access_token_server.go:96][I] GetAndAccessTokenServer创建定时器，进行请求accessToken
2016/08/18 13:32:33 [access_token_server.go:100][I] GetAndAccessTokenServer,for 循环
2016/08/18 13:32:35 [access_token_server.go:116][I] 获取微信accessToken 启动定时器时间 0xc04232c360
2016/08/18 13:32:35 [access_token_server.go:141][I] 链接微信服务器获取accessToken
2016/08/18 13:32:35 [access_token_server.go:149][I] 与微信服务器建立链接
2016/08/18 13:32:35 [access_token_server.go:151][I] 获取微信服务器数据：{"access_token":"X7pLNxuSZsTBEUqq9dOKOwJDKbyQ-PYV7ZrQFy7tT23lQj9IndwLtvs0Motg2QoWWpMk84E5LrSRAv7Z0lf7s9axwQTvhPx26AIBlCGOzFkgY1dkjWHUXKCF-WqzOFeeROFhAGAURI","expires_in":7200}
2016/08/18 13:32:35 [access_token_server.go:159][I] 获取微信服务器数据,r   &{s:{"access_token":"X7pLNxuSZsTBEUqq9dOKOwJDKbyQ-PYV7ZrQFy7tT23lQj9IndwLtvs0Motg2QoWWpMk84E5LrSRAv7Z0lf7s9axwQTvhPx26AIBlCGOzFkgY1dkjWHUXKCF-WqzOFeeROFhAGAURI","expires_in":7200} i:0 prevRune:-1}
2016/08/18 13:32:35 [access_token_server.go:161][I] 获取微信服务器数据,dec   &{r:0xc042394160 buf:[] d:{data:[] off:0 scan:{step:<nil> endTop:false parseState:[] err:<nil> redo:false redoCode:0 redoState:<nil> bytes:0} nextscan:{step:<nil> endTop:false parseState:[] err:<nil> redo:false redoCode:0 redoState:<nil> bytes:0} savedError:<nil> useNumber:false} scanp:0 scan:{step:<nil> endTop:false parseState:[] err:<nil> redo:false redoCode:0 redoState:<nil> bytes:0} err:<nil> tokenState:0 tokenStack:[]}
2016/08/18 13:32:35 [access_token_server.go:118][I] 获取微信accessToken 定时器获取数据 <nil>
2016/08/18 13:33:03 [WxController.go:51][I] 接受微信服务器参数：/test
2016/08/18 13:33:03 [WxController.go:52][I] test 数据
2016/08/18 13:33:03 [access_token_server.go:87][I] accessToken 获取，数据结构初始化：&{CurrentAccessToken:0xc0421666c0 accessTokenResult:0xc042166720 LiveTime:0 Times:2s json:<nil>}
2016/08/18 13:33:03 [access_token_server.go:88][I] accessToken 启动定时器，进行请求accessToken
2016/08/18 13:33:03 [access_token_server.go:96][I] GetAndAccessTokenServer创建定时器，进行请求accessToken
2016/08/18 13:33:03 [access_token_server.go:100][I] GetAndAccessTokenServer,for 循环
2016/08/18 13:33:05 [access_token_server.go:116][I] 获取微信accessToken 启动定时器时间 0xc042166840
2016/08/18 13:33:05 [access_token_server.go:141][I] 链接微信服务器获取accessToken
2016/08/18 13:33:05 [access_token_server.go:149][I] 与微信服务器建立链接
2016/08/18 13:33:05 [access_token_server.go:151][I] 获取微信服务器数据：{"access_token":"XBYkjiXxPd9CpgHdPd8DYWSwH7LQDn7qJ0n5T4Y9XJfTSl3MuwGKMap8P_oA0NYPr4lLmIog66xGED8-eP7RBALT3Zj1Lr8_wCfbpIUiG5uSlqSASyTpa9knpEvbw4EvWUQjAFAOMI","expires_in":7200}
2016/08/18 13:33:05 [access_token_server.go:159][I] 获取微信服务器数据,r   &{s:{"access_token":"XBYkjiXxPd9CpgHdPd8DYWSwH7LQDn7qJ0n5T4Y9XJfTSl3MuwGKMap8P_oA0NYPr4lLmIog66xGED8-eP7RBALT3Zj1Lr8_wCfbpIUiG5uSlqSASyTpa9knpEvbw4EvWUQjAFAOMI","expires_in":7200} i:0 prevRune:-1}
2016/08/18 13:33:05 [access_token_server.go:161][I] 获取微信服务器数据,dec   &{r:0xc04238e0c0 buf:[] d:{data:[] off:0 scan:{step:<nil> endTop:false parseState:[] err:<nil> redo:false redoCode:0 redoState:<nil> bytes:0} nextscan:{step:<nil> endTop:false parseState:[] err:<nil> redo:false redoCode:0 redoState:<nil> bytes:0} savedError:<nil> useNumber:false} scanp:0 scan:{step:<nil> endTop:false parseState:[] err:<nil> redo:false redoCode:0 redoState:<nil> bytes:0} err:<nil> tokenState:0 tokenStack:[]}
2016/08/18 13:33:05 [access_token_server.go:118][I] 获取微信accessToken 定时器获取数据 <nil>
2016/08/18 13:33:20 [access_token_server.go:40][I] 获取accessToken的配置
2016/08/18 13:33:20 [access_token_server.go:45][I] 获取accessToken的配置==============start===================
2016/08/18 13:33:20 [utils.go:48][I] key is access_token_url||value is https://api.weixin.qq.com/cgi-bin/token
2016/08/18 13:33:20 [utils.go:48][I] key is appID||value is wx1dc762cdfeb4ed66
2016/08/18 13:33:20 [utils.go:48][I] key is appsecret||value is a72c8ccb896f3f7ddaf45f5318035bde
2016/08/18 13:33:20 [utils.go:48][I] key is grant_type||value is client_credential
2016/08/18 13:33:20 [access_token_server.go:47][I] accessToken 配置文件信息：&{url:https://api.weixin.qq.com/cgi-bin/token aPPID:wx1dc762cdfeb4ed66 appsecret:a72c8ccb896f3f7ddaf45f5318035bde grantType:client_credential accessTokenURL:https://api.weixin.qq.com/cgi-bin/token?grant_type=client_credential&&appid=wx1dc762cdfeb4ed66&secret=a72c8ccb896f3f7ddaf45f5318035bde}
2016/08/18 13:33:20 [access_token_server.go:48][I] 获取accessToken的配置==============end===================
2016/08/18 13:33:20 [access_token_server.go:42][I] 获取accessToken的配置 &{url:https://api.weixin.qq.com/cgi-bin/token aPPID:wx1dc762cdfeb4ed66 appsecret:a72c8ccb896f3f7ddaf45f5318035bde grantType:client_credential accessTokenURL:https://api.weixin.qq.com/cgi-bin/token?grant_type=client_credential&&appid=wx1dc762cdfeb4ed66&secret=a72c8ccb896f3f7ddaf45f5318035bde}
2016/08/18 13:33:25 [WxController.go:51][I] 接受微信服务器参数：/test
2016/08/18 13:33:25 [WxController.go:52][I] test 数据
2016/08/18 13:33:25 [access_token_server.go:87][I] accessToken 获取，数据结构初始化：&{CurrentAccessToken:0xc0423323c0 accessTokenResult:0xc042332420 LiveTime:0 Times:2s json:<nil>}
2016/08/18 13:33:25 [access_token_server.go:88][I] accessToken 启动定时器，进行请求accessToken
2016/08/18 13:33:25 [access_token_server.go:96][I] GetAndAccessTokenServer创建定时器，进行请求accessToken
2016/08/18 13:33:25 [access_token_server.go:100][I] GetAndAccessTokenServer,for 循环
2016/08/18 13:33:27 [access_token_server.go:116][I] 获取微信accessToken 启动定时器时间 0xc042332540
2016/08/18 13:33:27 [access_token_server.go:141][I] 链接微信服务器获取accessToken
2016/08/18 13:33:27 [access_token_server.go:149][I] 与微信服务器建立链接
2016/08/18 13:33:27 [access_token_server.go:151][I] 获取微信服务器数据：{"access_token":"WRv5jMcBTbw15mNXjrCiU3uLTmHG3zzcVFnWgDe5QQ-CaE46tQ7gAQhepXQyOtoUXvAWJ8pSFn7B_wJVtqWZDUboYZUNRMSzbNHpI5mb6qh_rtUEq-6SigFeGMJgXV6kVCDiAGAQXY","expires_in":7200}
2016/08/18 13:33:27 [access_token_server.go:159][I] 获取微信服务器数据,r   &{s:{"access_token":"WRv5jMcBTbw15mNXjrCiU3uLTmHG3zzcVFnWgDe5QQ-CaE46tQ7gAQhepXQyOtoUXvAWJ8pSFn7B_wJVtqWZDUboYZUNRMSzbNHpI5mb6qh_rtUEq-6SigFeGMJgXV6kVCDiAGAQXY","expires_in":7200} i:0 prevRune:-1}
2016/08/18 13:33:27 [access_token_server.go:161][I] 获取微信服务器数据,dec   &{r:0xc0423ae0a0 buf:[] d:{data:[] off:0 scan:{step:<nil> endTop:false parseState:[] err:<nil> redo:false redoCode:0 redoState:<nil> bytes:0} nextscan:{step:<nil> endTop:false parseState:[] err:<nil> redo:false redoCode:0 redoState:<nil> bytes:0} savedError:<nil> useNumber:false} scanp:0 scan:{step:<nil> endTop:false parseState:[] err:<nil> redo:false redoCode:0 redoState:<nil> bytes:0} err:<nil> tokenState:0 tokenStack:[]}
2016/08/18 13:33:27 [access_token_server.go:162][I] 获取微信服务器数据,dec   <nil>
2016/08/18 13:33:27 [access_token_server.go:164][I] 获取微信服务器数据,解析数据：{Token:WRv5jMcBTbw15mNXjrCiU3uLTmHG3zzcVFnWgDe5QQ-CaE46tQ7gAQhepXQyOtoUXvAWJ8pSFn7B_wJVtqWZDUboYZUNRMSzbNHpI5mb6qh_rtUEq-6SigFeGMJgXV6kVCDiAGAQXY ExpiresIn:7200}
2016/08/18 13:33:27 [access_token_server.go:118][I] 获取微信accessToken 定时器获取数据 &{Token:WRv5jMcBTbw15mNXjrCiU3uLTmHG3zzcVFnWgDe5QQ-CaE46tQ7gAQhepXQyOtoUXvAWJ8pSFn7B_wJVtqWZDUboYZUNRMSzbNHpI5mb6qh_rtUEq-6SigFeGMJgXV6kVCDiAGAQXY ExpiresIn:7200}
2016/08/18 13:33:35 [access_token_server.go:40][I] 获取accessToken的配置
2016/08/18 13:33:35 [access_token_server.go:45][I] 获取accessToken的配置==============start===================
2016/08/18 13:33:35 [utils.go:48][I] key is access_token_url||value is https://api.weixin.qq.com/cgi-bin/token
2016/08/18 13:33:35 [utils.go:48][I] key is appID||value is wx1dc762cdfeb4ed66
2016/08/18 13:33:35 [utils.go:48][I] key is appsecret||value is a72c8ccb896f3f7ddaf45f5318035bde
2016/08/18 13:33:35 [utils.go:48][I] key is grant_type||value is client_credential
2016/08/18 13:33:35 [access_token_server.go:47][I] accessToken 配置文件信息：&{url:https://api.weixin.qq.com/cgi-bin/token aPPID:wx1dc762cdfeb4ed66 appsecret:a72c8ccb896f3f7ddaf45f5318035bde grantType:client_credential accessTokenURL:https://api.weixin.qq.com/cgi-bin/token?grant_type=client_credential&&appid=wx1dc762cdfeb4ed66&secret=a72c8ccb896f3f7ddaf45f5318035bde}
2016/08/18 13:33:35 [access_token_server.go:48][I] 获取accessToken的配置==============end===================
2016/08/18 13:33:35 [access_token_server.go:42][I] 获取accessToken的配置 &{url:https://api.weixin.qq.com/cgi-bin/token aPPID:wx1dc762cdfeb4ed66 appsecret:a72c8ccb896f3f7ddaf45f5318035bde grantType:client_credential accessTokenURL:https://api.weixin.qq.com/cgi-bin/token?grant_type=client_credential&&appid=wx1dc762cdfeb4ed66&secret=a72c8ccb896f3f7ddaf45f5318035bde}
2016/08/18 13:33:36 [WxController.go:51][I] 接受微信服务器参数：/test
2016/08/18 13:33:36 [WxController.go:52][I] test 数据
2016/08/18 13:33:36 [access_token_server.go:87][I] accessToken 获取，数据结构初始化：&{CurrentAccessToken:0xc04226acc0 accessTokenResult:0xc04226ad20 LiveTime:0 Times:2s json:<nil>}
2016/08/18 13:33:36 [access_token_server.go:88][I] accessToken 启动定时器，进行请求accessToken
2016/08/18 13:33:36 [access_token_server.go:96][I] GetAndAccessTokenServer创建定时器，进行请求accessToken
2016/08/18 13:33:36 [access_token_server.go:100][I] GetAndAccessTokenServer,for 循环
2016/08/18 13:33:38 [access_token_server.go:116][I] 获取微信accessToken 启动定时器时间 0xc04226ae40
2016/08/18 13:33:38 [access_token_server.go:141][I] 链接微信服务器获取accessToken
2016/08/18 13:33:38 [access_token_server.go:149][I] 与微信服务器建立链接
2016/08/18 13:33:38 [access_token_server.go:151][I] 获取微信服务器数据：{"access_token":"WRv5jMcBTbw15mNXjrCiU3uLTmHG3zzcVFnWgDe5QQ8yNChhCyv-Sor8JZfDNJ8GRf9l45dAZYhlaSpU_B3UPQHtc5flW8ilXN34YJCANAWnJDJd-PZqIMEdMgHdvbHOXLXiAGABPB","expires_in":7200}
2016/08/18 13:33:38 [access_token_server.go:159][I] 获取微信服务器数据,r   &{s:{"access_token":"WRv5jMcBTbw15mNXjrCiU3uLTmHG3zzcVFnWgDe5QQ8yNChhCyv-Sor8JZfDNJ8GRf9l45dAZYhlaSpU_B3UPQHtc5flW8ilXN34YJCANAWnJDJd-PZqIMEdMgHdvbHOXLXiAGABPB","expires_in":7200} i:0 prevRune:-1}
2016/08/18 13:33:38 [access_token_server.go:161][I] 获取微信服务器数据,dec   &{r:0xc04238d680 buf:[] d:{data:[] off:0 scan:{step:<nil> endTop:false parseState:[] err:<nil> redo:false redoCode:0 redoState:<nil> bytes:0} nextscan:{step:<nil> endTop:false parseState:[] err:<nil> redo:false redoCode:0 redoState:<nil> bytes:0} savedError:<nil> useNumber:false} scanp:0 scan:{step:<nil> endTop:false parseState:[] err:<nil> redo:false redoCode:0 redoState:<nil> bytes:0} err:<nil> tokenState:0 tokenStack:[]}
2016/08/18 13:33:38 [access_token_server.go:118][I] 获取微信accessToken 定时器获取数据 <nil>
2016/08/18 13:34:50 [access_token_server.go:40][I] 获取accessToken的配置
2016/08/18 13:34:50 [access_token_server.go:45][I] 获取accessToken的配置==============start===================
2016/08/18 13:34:50 [utils.go:48][I] key is access_token_url||value is https://api.weixin.qq.com/cgi-bin/token
2016/08/18 13:34:50 [utils.go:48][I] key is appID||value is wx1dc762cdfeb4ed66
2016/08/18 13:34:50 [utils.go:48][I] key is appsecret||value is a72c8ccb896f3f7ddaf45f5318035bde
2016/08/18 13:34:50 [utils.go:48][I] key is grant_type||value is client_credential
2016/08/18 13:34:50 [access_token_server.go:47][I] accessToken 配置文件信息：&{url:https://api.weixin.qq.com/cgi-bin/token aPPID:wx1dc762cdfeb4ed66 appsecret:a72c8ccb896f3f7ddaf45f5318035bde grantType:client_credential accessTokenURL:https://api.weixin.qq.com/cgi-bin/token?grant_type=client_credential&&appid=wx1dc762cdfeb4ed66&secret=a72c8ccb896f3f7ddaf45f5318035bde}
2016/08/18 13:34:50 [access_token_server.go:48][I] 获取accessToken的配置==============end===================
2016/08/18 13:34:50 [access_token_server.go:42][I] 获取accessToken的配置 &{url:https://api.weixin.qq.com/cgi-bin/token aPPID:wx1dc762cdfeb4ed66 appsecret:a72c8ccb896f3f7ddaf45f5318035bde grantType:client_credential accessTokenURL:https://api.weixin.qq.com/cgi-bin/token?grant_type=client_credential&&appid=wx1dc762cdfeb4ed66&secret=a72c8ccb896f3f7ddaf45f5318035bde}
2016/08/18 13:35:10 [WxController.go:51][I] 接受微信服务器参数：/test
2016/08/18 13:35:10 [WxController.go:52][I] test 数据
2016/08/18 13:35:10 [access_token_server.go:87][I] accessToken 获取，数据结构初始化：&{CurrentAccessToken:0xc04226ad80 accessTokenResult:0xc04226ade0 LiveTime:0 Times:2s json:<nil>}
2016/08/18 13:35:10 [access_token_server.go:88][I] accessToken 启动定时器，进行请求accessToken
2016/08/18 13:35:10 [access_token_server.go:96][I] GetAndAccessTokenServer创建定时器，进行请求accessToken
2016/08/18 13:35:10 [access_token_server.go:100][I] GetAndAccessTokenServer,for 循环
2016/08/18 13:35:12 [access_token_server.go:116][I] 获取微信accessToken 启动定时器时间 0xc04226af00
2016/08/18 13:35:12 [access_token_server.go:141][I] 链接微信服务器获取accessToken
2016/08/18 13:35:12 [access_token_server.go:149][I] 与微信服务器建立链接
2016/08/18 13:35:12 [access_token_server.go:151][I] 获取微信服务器数据：{"access_token":"7FylDYr7T_Ovjc2ifNFx5W3r54SnUZPP5aDy3zXlc7RbT_KH7yd4C0GULaZuqTUJgOHGxRLK0CEDJKCGihL3aGWNf-9fKBVVyj2BgqRH1MpwXsAv8IK1wGWzWZoN1PgaYGMbADAHPV","expires_in":7200}
2016/08/18 13:35:12 [access_token_server.go:159][I] 获取微信服务器数据,r   &{s:{"access_token":"7FylDYr7T_Ovjc2ifNFx5W3r54SnUZPP5aDy3zXlc7RbT_KH7yd4C0GULaZuqTUJgOHGxRLK0CEDJKCGihL3aGWNf-9fKBVVyj2BgqRH1MpwXsAv8IK1wGWzWZoN1PgaYGMbADAHPV","expires_in":7200} i:0 prevRune:-1}
2016/08/18 13:35:12 [access_token_server.go:161][I] 获取微信服务器数据,dec   &{r:0xc0423a0120 buf:[] d:{data:[] off:0 scan:{step:<nil> endTop:false parseState:[] err:<nil> redo:false redoCode:0 redoState:<nil> bytes:0} nextscan:{step:<nil> endTop:false parseState:[] err:<nil> redo:false redoCode:0 redoState:<nil> bytes:0} savedError:<nil> useNumber:false} scanp:0 scan:{step:<nil> endTop:false parseState:[] err:<nil> redo:false redoCode:0 redoState:<nil> bytes:0} err:<nil> tokenState:0 tokenStack:[]}
2016/08/18 13:35:12 [access_token_server.go:165][I] 获取微信服务器数据,解析数据：{Token:7FylDYr7T_Ovjc2ifNFx5W3r54SnUZPP5aDy3zXlc7RbT_KH7yd4C0GULaZuqTUJgOHGxRLK0CEDJKCGihL3aGWNf-9fKBVVyj2BgqRH1MpwXsAv8IK1wGWzWZoN1PgaYGMbADAHPV ExpiresIn:7200}
2016/08/18 13:35:12 [access_token_server.go:118][I] 获取微信accessToken 定时器获取数据 &{Token:7FylDYr7T_Ovjc2ifNFx5W3r54SnUZPP5aDy3zXlc7RbT_KH7yd4C0GULaZuqTUJgOHGxRLK0CEDJKCGihL3aGWNf-9fKBVVyj2BgqRH1MpwXsAv8IK1wGWzWZoN1PgaYGMbADAHPV ExpiresIn:7200}
2016/08/18 13:38:09 [access_token_server.go:40][I] 获取accessToken的配置
2016/08/18 13:38:09 [access_token_server.go:45][I] 获取accessToken的配置==============start===================
2016/08/18 13:38:09 [utils.go:48][I] key is access_token_url||value is https://api.weixin.qq.com/cgi-bin/token
2016/08/18 13:38:09 [utils.go:48][I] key is appID||value is wx1dc762cdfeb4ed66
2016/08/18 13:38:09 [utils.go:48][I] key is appsecret||value is a72c8ccb896f3f7ddaf45f5318035bde
2016/08/18 13:38:09 [utils.go:48][I] key is grant_type||value is client_credential
2016/08/18 13:38:09 [access_token_server.go:47][I] accessToken 配置文件信息：&{url:https://api.weixin.qq.com/cgi-bin/token aPPID:wx1dc762cdfeb4ed66 appsecret:a72c8ccb896f3f7ddaf45f5318035bde grantType:client_credential accessTokenURL:https://api.weixin.qq.com/cgi-bin/token?grant_type=client_credential&&appid=wx1dc762cdfeb4ed66&secret=a72c8ccb896f3f7ddaf45f5318035bde}
2016/08/18 13:38:09 [access_token_server.go:48][I] 获取accessToken的配置==============end===================
2016/08/18 13:38:09 [access_token_server.go:42][I] 获取accessToken的配置 &{url:https://api.weixin.qq.com/cgi-bin/token aPPID:wx1dc762cdfeb4ed66 appsecret:a72c8ccb896f3f7ddaf45f5318035bde grantType:client_credential accessTokenURL:https://api.weixin.qq.com/cgi-bin/token?grant_type=client_credential&&appid=wx1dc762cdfeb4ed66&secret=a72c8ccb896f3f7ddaf45f5318035bde}
2016/08/18 13:38:09 [WxController.go:51][I] 接受微信服务器参数：/test
2016/08/18 13:38:09 [WxController.go:52][I] test 数据
2016/08/18 13:38:09 [access_token_server.go:87][I] accessToken 获取，数据结构初始化：&{CurrentAccessToken:0xc04226ab40 accessTokenResult:0xc04226aba0 LiveTime:0 Times:2s json:<nil>}
2016/08/18 13:38:09 [access_token_server.go:88][I] accessToken 启动定时器，进行请求accessToken
2016/08/18 13:38:09 [access_token_server.go:96][I] GetAndAccessTokenServer创建定时器，进行请求accessToken
2016/08/18 13:38:09 [access_token_server.go:100][I] GetAndAccessTokenServer,for 循环
2016/08/18 13:38:11 [access_token_server.go:116][I] 获取微信accessToken 启动定时器时间nicker.C 0xc04226acc0
2016/08/18 13:38:11 [access_token_server.go:141][I] 链接微信服务器获取accessToken
2016/08/18 13:38:11 [access_token_server.go:149][I] 与微信服务器建立链接
2016/08/18 13:38:12 [access_token_server.go:151][I] 获取微信服务器数据：{"access_token":"hs7TfcCihylN7k_I6mKsgh8CpDX0BjN0P7pdRixSEJ8nTyBjXJST-Ia8lY4npgEw2yye04arx_wyqP7tLMuvUpiv5SF2dQMD0NtAwse9pADbQNxd7ZClkBmgQfYBVsATDPDaAHAXJX","expires_in":7200}
2016/08/18 13:38:12 [access_token_server.go:159][I] 获取微信服务器数据,r   &{s:{"access_token":"hs7TfcCihylN7k_I6mKsgh8CpDX0BjN0P7pdRixSEJ8nTyBjXJST-Ia8lY4npgEw2yye04arx_wyqP7tLMuvUpiv5SF2dQMD0NtAwse9pADbQNxd7ZClkBmgQfYBVsATDPDaAHAXJX","expires_in":7200} i:0 prevRune:-1}
2016/08/18 13:38:12 [access_token_server.go:161][I] 获取微信服务器数据,dec   &{r:0xc0423b05c0 buf:[] d:{data:[] off:0 scan:{step:<nil> endTop:false parseState:[] err:<nil> redo:false redoCode:0 redoState:<nil> bytes:0} nextscan:{step:<nil> endTop:false parseState:[] err:<nil> redo:false redoCode:0 redoState:<nil> bytes:0} savedError:<nil> useNumber:false} scanp:0 scan:{step:<nil> endTop:false parseState:[] err:<nil> redo:false redoCode:0 redoState:<nil> bytes:0} err:<nil> tokenState:0 tokenStack:[]}
2016/08/18 13:38:12 [access_token_server.go:165][I] 获取微信服务器数据,解析数据：{Token:hs7TfcCihylN7k_I6mKsgh8CpDX0BjN0P7pdRixSEJ8nTyBjXJST-Ia8lY4npgEw2yye04arx_wyqP7tLMuvUpiv5SF2dQMD0NtAwse9pADbQNxd7ZClkBmgQfYBVsATDPDaAHAXJX ExpiresIn:7200}
2016/08/18 13:38:12 [access_token_server.go:118][I] 获取微信accessToken 定时器获取数据 &{Token:hs7TfcCihylN7k_I6mKsgh8CpDX0BjN0P7pdRixSEJ8nTyBjXJST-Ia8lY4npgEw2yye04arx_wyqP7tLMuvUpiv5SF2dQMD0NtAwse9pADbQNxd7ZClkBmgQfYBVsATDPDaAHAXJX ExpiresIn:7200}
2016/08/18 13:38:35 [access_token_server.go:40][I] 获取accessToken的配置
2016/08/18 13:38:35 [access_token_server.go:45][I] 获取accessToken的配置==============start===================
2016/08/18 13:38:35 [utils.go:48][I] key is access_token_url||value is https://api.weixin.qq.com/cgi-bin/token
2016/08/18 13:38:35 [utils.go:48][I] key is appID||value is wx1dc762cdfeb4ed66
2016/08/18 13:38:35 [utils.go:48][I] key is appsecret||value is a72c8ccb896f3f7ddaf45f5318035bde
2016/08/18 13:38:35 [utils.go:48][I] key is grant_type||value is client_credential
2016/08/18 13:38:35 [access_token_server.go:47][I] accessToken 配置文件信息：&{url:https://api.weixin.qq.com/cgi-bin/token aPPID:wx1dc762cdfeb4ed66 appsecret:a72c8ccb896f3f7ddaf45f5318035bde grantType:client_credential accessTokenURL:https://api.weixin.qq.com/cgi-bin/token?grant_type=client_credential&&appid=wx1dc762cdfeb4ed66&secret=a72c8ccb896f3f7ddaf45f5318035bde}
2016/08/18 13:38:35 [access_token_server.go:48][I] 获取accessToken的配置==============end===================
2016/08/18 13:38:35 [access_token_server.go:42][I] 获取accessToken的配置 &{url:https://api.weixin.qq.com/cgi-bin/token aPPID:wx1dc762cdfeb4ed66 appsecret:a72c8ccb896f3f7ddaf45f5318035bde grantType:client_credential accessTokenURL:https://api.weixin.qq.com/cgi-bin/token?grant_type=client_credential&&appid=wx1dc762cdfeb4ed66&secret=a72c8ccb896f3f7ddaf45f5318035bde}
2016/08/18 13:38:36 [WxController.go:51][I] 接受微信服务器参数：/test
2016/08/18 13:38:36 [WxController.go:52][I] test 数据
2016/08/18 13:38:36 [access_token_server.go:87][I] accessToken 获取，数据结构初始化：&{CurrentAccessToken:0xc04231c3c0 accessTokenResult:0xc04231c420 LiveTime:0 Times:2s json:<nil>}
2016/08/18 13:38:36 [access_token_server.go:88][I] accessToken 启动定时器，进行请求accessToken
2016/08/18 13:38:36 [access_token_server.go:96][I] GetAndAccessTokenServer创建定时器，进行请求accessToken
2016/08/18 13:38:36 [access_token_server.go:100][I] GetAndAccessTokenServer,for 循环
2016/08/18 13:38:38 [access_token_server.go:116][I] 获取微信accessToken 启动定时器时间nicker.C 0xc04231c540
2016/08/18 13:38:38 [access_token_server.go:141][I] 链接微信服务器获取accessToken
2016/08/18 13:38:38 [access_token_server.go:149][I] 与微信服务器建立链接
2016/08/18 13:38:38 [access_token_server.go:151][I] 获取微信服务器数据：{"access_token":"OeEXj8GY3497vQmdbtRY7ncjVhT3oef4PhUfVnq6YfVX_1Wzlbwl9gHodSg8WoETJzoDo_PxcMX1Fn7cnE2BER52O6DYYlwM9g8YHzpxAvcMIJaAIAYUV","expires_in":7200}
2016/08/18 13:38:38 [access_token_server.go:159][I] 获取微信服务器数据,r   &{s:{"access_token":"OeEXj8GY3497vQmdbtRY7ncjVhT3oef4PhUfVnq6YfVX_1Wzlbwl9gHodSg8WoETJzoDo_PxcMX1Fn7cnE2BER52O6DYYlwM9g8YHzpxAvcMIJaAIAYUV","expires_in":7200} i:0 prevRune:-1}
2016/08/18 13:38:38 [access_token_server.go:161][I] 获取微信服务器数据,dec   &{r:0xc042395ec0 buf:[] d:{data:[] off:0 scan:{step:<nil> endTop:false parseState:[] err:<nil> redo:false redoCode:0 redoState:<nil> bytes:0} nextscan:{step:<nil> endTop:false parseState:[] err:<nil> redo:false redoCode:0 redoState:<nil> bytes:0} savedError:<nil> useNumber:false} scanp:0 scan:{step:<nil> endTop:false parseState:[] err:<nil> redo:false redoCode:0 redoState:<nil> bytes:0} err:<nil> tokenState:0 tokenStack:[]}
2016/08/18 13:38:38 [access_token_server.go:165][I] 获取微信服务器数据,解析数据：{Token:OeEXj8GY3497vQmdbtRY7ncjVhT3oef4PhUfVnq6YfVX_1Wzlbwl9gHodSg8WoETJzoDo_PxcMX1Fn7cnE2BER52O6DYYlwM9g8YHzpxAvcMIJaAIAYUV ExpiresIn:7200}
2016/08/18 13:38:38 [access_token_server.go:118][I] 获取微信accessToken 定时器获取数据nicker.C &{Token:OeEXj8GY3497vQmdbtRY7ncjVhT3oef4PhUfVnq6YfVX_1Wzlbwl9gHodSg8WoETJzoDo_PxcMX1Fn7cnE2BER52O6DYYlwM9g8YHzpxAvcMIJaAIAYUV ExpiresIn:7200}
2016/08/18 13:38:38 [access_token_server.go:40][I] 获取accessToken的配置
2016/08/18 13:38:38 [access_token_server.go:45][I] 获取accessToken的配置==============start===================
2016/08/18 13:38:38 [utils.go:48][I] key is access_token_url||value is https://api.weixin.qq.com/cgi-bin/token
2016/08/18 13:38:38 [utils.go:48][I] key is appID||value is wx1dc762cdfeb4ed66
2016/08/18 13:38:38 [utils.go:48][I] key is appsecret||value is a72c8ccb896f3f7ddaf45f5318035bde
2016/08/18 13:38:38 [utils.go:48][I] key is grant_type||value is client_credential
2016/08/18 13:38:38 [access_token_server.go:47][I] accessToken 配置文件信息：&{url:https://api.weixin.qq.com/cgi-bin/token aPPID:wx1dc762cdfeb4ed66 appsecret:a72c8ccb896f3f7ddaf45f5318035bde grantType:client_credential accessTokenURL:https://api.weixin.qq.com/cgi-bin/token?grant_type=client_credential&&appid=wx1dc762cdfeb4ed66&secret=a72c8ccb896f3f7ddaf45f5318035bde}
2016/08/18 13:38:38 [access_token_server.go:48][I] 获取accessToken的配置==============end===================
2016/08/18 13:38:38 [access_token_server.go:42][I] 获取accessToken的配置 &{url:https://api.weixin.qq.com/cgi-bin/token aPPID:wx1dc762cdfeb4ed66 appsecret:a72c8ccb896f3f7ddaf45f5318035bde grantType:client_credential accessTokenURL:https://api.weixin.qq.com/cgi-bin/token?grant_type=client_credential&&appid=wx1dc762cdfeb4ed66&secret=a72c8ccb896f3f7ddaf45f5318035bde}
2016/08/18 13:38:47 [WxController.go:51][I] 接受微信服务器参数：/test
2016/08/18 13:38:47 [WxController.go:52][I] test 数据
2016/08/18 13:38:47 [access_token_server.go:87][I] accessToken 获取，数据结构初始化：&{CurrentAccessToken:0xc04227eb40 accessTokenResult:0xc04227eba0 LiveTime:0 Times:2s json:<nil>}
2016/08/18 13:38:47 [access_token_server.go:88][I] accessToken 启动定时器，进行请求accessToken
2016/08/18 13:38:47 [access_token_server.go:96][I] GetAndAccessTokenServer创建定时器，进行请求accessToken
2016/08/18 13:38:47 [access_token_server.go:100][I] GetAndAccessTokenServer,for 循环
2016/08/18 13:38:49 [access_token_server.go:116][I] 获取微信accessToken 启动定时器时间nicker.C 0xc04227ecc0
2016/08/18 13:38:49 [access_token_server.go:141][I] 链接微信服务器获取accessToken
2016/08/18 13:38:49 [access_token_server.go:149][I] 与微信服务器建立链接
2016/08/18 13:38:49 [access_token_server.go:151][I] 获取微信服务器数据：{"access_token":"OeEXj8GY3497vQmdbtRY7ncjVhT3oef4PhUfVnq6YfW05KIcby5hWNUa4W51cVZaWZ9eCmHhSU6zkUBNHhyK1zfrNs5wN5biXTcbMajOZmsRUGaAIAADP","expires_in":7200}
2016/08/18 13:38:49 [access_token_server.go:159][I] 获取微信服务器数据,r   &{s:{"access_token":"OeEXj8GY3497vQmdbtRY7ncjVhT3oef4PhUfVnq6YfW05KIcby5hWNUa4W51cVZaWZ9eCmHhSU6zkUBNHhyK1zfrNs5wN5biXTcbMajOZmsRUGaAIAADP","expires_in":7200} i:0 prevRune:-1}
2016/08/18 13:38:49 [access_token_server.go:161][I] 获取微信服务器数据,dec   &{r:0xc042399120 buf:[] d:{data:[] off:0 scan:{step:<nil> endTop:false parseState:[] err:<nil> redo:false redoCode:0 redoState:<nil> bytes:0} nextscan:{step:<nil> endTop:false parseState:[] err:<nil> redo:false redoCode:0 redoState:<nil> bytes:0} savedError:<nil> useNumber:false} scanp:0 scan:{step:<nil> endTop:false parseState:[] err:<nil> redo:false redoCode:0 redoState:<nil> bytes:0} err:<nil> tokenState:0 tokenStack:[]}
2016/08/18 13:38:49 [access_token_server.go:165][I] 获取微信服务器数据,解析数据：{Token:OeEXj8GY3497vQmdbtRY7ncjVhT3oef4PhUfVnq6YfW05KIcby5hWNUa4W51cVZaWZ9eCmHhSU6zkUBNHhyK1zfrNs5wN5biXTcbMajOZmsRUGaAIAADP ExpiresIn:7200}
2016/08/18 13:38:49 [access_token_server.go:118][I] 获取微信accessToken 定时器获取数据nicker.C &{Token:OeEXj8GY3497vQmdbtRY7ncjVhT3oef4PhUfVnq6YfW05KIcby5hWNUa4W51cVZaWZ9eCmHhSU6zkUBNHhyK1zfrNs5wN5biXTcbMajOZmsRUGaAIAADP ExpiresIn:7200}
2016/08/18 13:39:57 [access_token_server.go:40][I] 获取accessToken的配置
2016/08/18 13:39:57 [access_token_server.go:45][I] 获取accessToken的配置==============start===================
2016/08/18 13:39:57 [utils.go:48][I] key is access_token_url||value is https://api.weixin.qq.com/cgi-bin/token
2016/08/18 13:39:57 [utils.go:48][I] key is appID||value is wx1dc762cdfeb4ed66
2016/08/18 13:39:57 [utils.go:48][I] key is appsecret||value is a72c8ccb896f3f7ddaf45f5318035bde
2016/08/18 13:39:57 [utils.go:48][I] key is grant_type||value is client_credential
2016/08/18 13:39:57 [access_token_server.go:47][I] accessToken 配置文件信息：&{url:https://api.weixin.qq.com/cgi-bin/token aPPID:wx1dc762cdfeb4ed66 appsecret:a72c8ccb896f3f7ddaf45f5318035bde grantType:client_credential accessTokenURL:https://api.weixin.qq.com/cgi-bin/token?grant_type=client_credential&&appid=wx1dc762cdfeb4ed66&secret=a72c8ccb896f3f7ddaf45f5318035bde}
2016/08/18 13:39:57 [access_token_server.go:48][I] 获取accessToken的配置==============end===================
2016/08/18 13:39:57 [access_token_server.go:42][I] 获取accessToken的配置 &{url:https://api.weixin.qq.com/cgi-bin/token aPPID:wx1dc762cdfeb4ed66 appsecret:a72c8ccb896f3f7ddaf45f5318035bde grantType:client_credential accessTokenURL:https://api.weixin.qq.com/cgi-bin/token?grant_type=client_credential&&appid=wx1dc762cdfeb4ed66&secret=a72c8ccb896f3f7ddaf45f5318035bde}
2016/08/18 13:39:57 [WxController.go:51][I] 接受微信服务器参数：/test
2016/08/18 13:39:57 [WxController.go:52][I] test 数据
2016/08/18 13:39:57 [access_token_server.go:87][I] accessToken 获取，数据结构初始化：&{CurrentAccessToken:0xc042340180 accessTokenResult:0xc0423401e0 LiveTime:0 Times:2s json:<nil>}
2016/08/18 13:39:57 [access_token_server.go:88][I] accessToken 启动定时器，进行请求accessToken
2016/08/18 13:39:57 [access_token_server.go:96][I] GetAndAccessTokenServer创建定时器，进行请求accessToken
2016/08/18 13:39:57 [access_token_server.go:100][I] GetAndAccessTokenServer,for 循环
2016/08/18 13:39:59 [access_token_server.go:116][I] 获取微信accessToken 启动定时器时间nicker.C 0xc042340360
2016/08/18 13:39:59 [access_token_server.go:142][I] 链接微信服务器获取accessToken
2016/08/18 13:39:59 [access_token_server.go:150][I] 与微信服务器建立链接
2016/08/18 13:40:00 [access_token_server.go:152][I] 获取微信服务器数据：{"access_token":"yBO9IeToWPBYExXRNvzXSiFqXw7Xsh9FQbazOvAOJdDMNG-fTlIBgZIadIYk6L-R-1ki9l4ZcjKLezoAqT2IldhTQrjayJ5gnoO1-N0bz_qULggS92vj6ar7WnJ5DFQVVZPgAAAJND","expires_in":7200}
2016/08/18 13:40:00 [access_token_server.go:160][I] 获取微信服务器数据,r   &{s:{"access_token":"yBO9IeToWPBYExXRNvzXSiFqXw7Xsh9FQbazOvAOJdDMNG-fTlIBgZIadIYk6L-R-1ki9l4ZcjKLezoAqT2IldhTQrjayJ5gnoO1-N0bz_qULggS92vj6ar7WnJ5DFQVVZPgAAAJND","expires_in":7200} i:0 prevRune:-1}
2016/08/18 13:40:00 [access_token_server.go:162][I] 获取微信服务器数据,dec   &{r:0xc042392060 buf:[] d:{data:[] off:0 scan:{step:<nil> endTop:false parseState:[] err:<nil> redo:false redoCode:0 redoState:<nil> bytes:0} nextscan:{step:<nil> endTop:false parseState:[] err:<nil> redo:false redoCode:0 redoState:<nil> bytes:0} savedError:<nil> useNumber:false} scanp:0 scan:{step:<nil> endTop:false parseState:[] err:<nil> redo:false redoCode:0 redoState:<nil> bytes:0} err:<nil> tokenState:0 tokenStack:[]}
2016/08/18 13:40:00 [access_token_server.go:166][I] 获取微信服务器数据,解析数据：{Token:yBO9IeToWPBYExXRNvzXSiFqXw7Xsh9FQbazOvAOJdDMNG-fTlIBgZIadIYk6L-R-1ki9l4ZcjKLezoAqT2IldhTQrjayJ5gnoO1-N0bz_qULggS92vj6ar7WnJ5DFQVVZPgAAAJND ExpiresIn:7200}
2016/08/18 13:40:00 [access_token_server.go:118][I] 获取微信accessToken 定时器获取数据nicker.C &{Token:yBO9IeToWPBYExXRNvzXSiFqXw7Xsh9FQbazOvAOJdDMNG-fTlIBgZIadIYk6L-R-1ki9l4ZcjKLezoAqT2IldhTQrjayJ5gnoO1-N0bz_qULggS92vj6ar7WnJ5DFQVVZPgAAAJND ExpiresIn:7200}
2016/08/18 13:40:00 [access_token_server.go:125][I] 获取数据时间 ExpiresIn  7200
2016/08/18 13:40:34 [access_token_server.go:40][I] 获取accessToken的配置
2016/08/18 13:40:34 [access_token_server.go:45][I] 获取accessToken的配置==============start===================
2016/08/18 13:40:34 [utils.go:48][I] key is access_token_url||value is https://api.weixin.qq.com/cgi-bin/token
2016/08/18 13:40:34 [utils.go:48][I] key is appID||value is wx1dc762cdfeb4ed66
2016/08/18 13:40:34 [utils.go:48][I] key is appsecret||value is a72c8ccb896f3f7ddaf45f5318035bde
2016/08/18 13:40:34 [utils.go:48][I] key is grant_type||value is client_credential
2016/08/18 13:40:34 [access_token_server.go:47][I] accessToken 配置文件信息：&{url:https://api.weixin.qq.com/cgi-bin/token aPPID:wx1dc762cdfeb4ed66 appsecret:a72c8ccb896f3f7ddaf45f5318035bde grantType:client_credential accessTokenURL:https://api.weixin.qq.com/cgi-bin/token?grant_type=client_credential&&appid=wx1dc762cdfeb4ed66&secret=a72c8ccb896f3f7ddaf45f5318035bde}
2016/08/18 13:40:34 [access_token_server.go:48][I] 获取accessToken的配置==============end===================
2016/08/18 13:40:34 [access_token_server.go:42][I] 获取accessToken的配置 &{url:https://api.weixin.qq.com/cgi-bin/token aPPID:wx1dc762cdfeb4ed66 appsecret:a72c8ccb896f3f7ddaf45f5318035bde grantType:client_credential accessTokenURL:https://api.weixin.qq.com/cgi-bin/token?grant_type=client_credential&&appid=wx1dc762cdfeb4ed66&secret=a72c8ccb896f3f7ddaf45f5318035bde}
2016/08/18 13:40:39 [WxController.go:51][I] 接受微信服务器参数：/test
2016/08/18 13:40:39 [WxController.go:52][I] test 数据
2016/08/18 13:40:39 [access_token_server.go:87][I] accessToken 获取，数据结构初始化：&{CurrentAccessToken:0xc042366180 accessTokenResult:0xc0423661e0 LiveTime:0 Times:2s json:<nil>}
2016/08/18 13:40:39 [access_token_server.go:88][I] accessToken 启动定时器，进行请求accessToken
2016/08/18 13:40:39 [access_token_server.go:96][I] GetAndAccessTokenServer创建定时器，进行请求accessToken
2016/08/18 13:40:39 [access_token_server.go:100][I] GetAndAccessTokenServer,for 循环
2016/08/18 13:40:41 [access_token_server.go:116][I] 获取微信accessToken 启动定时器时间nicker.C 0xc042366360
2016/08/18 13:40:41 [access_token_server.go:143][I] 链接微信服务器获取accessToken
2016/08/18 13:40:41 [access_token_server.go:151][I] 与微信服务器建立链接
2016/08/18 13:40:41 [access_token_server.go:153][I] 获取微信服务器数据：{"access_token":"4Hhm54jFpFifw2tA-CabomJj4_l34yOxjL6yA-ifrEIH8JH4IdD5xhvFgUCPAUkMNR_IbbP4LUauxbR9VMmvfgtJoHxpcd-SggvzKCh4saGSOOsYKSIEtSOe8YQi0nvRUVJgAJAMNB","expires_in":7200}
2016/08/18 13:40:41 [access_token_server.go:161][I] 获取微信服务器数据,r   &{s:{"access_token":"4Hhm54jFpFifw2tA-CabomJj4_l34yOxjL6yA-ifrEIH8JH4IdD5xhvFgUCPAUkMNR_IbbP4LUauxbR9VMmvfgtJoHxpcd-SggvzKCh4saGSOOsYKSIEtSOe8YQi0nvRUVJgAJAMNB","expires_in":7200} i:0 prevRune:-1}
2016/08/18 13:40:41 [access_token_server.go:163][I] 获取微信服务器数据,dec   &{r:0xc0423ae060 buf:[] d:{data:[] off:0 scan:{step:<nil> endTop:false parseState:[] err:<nil> redo:false redoCode:0 redoState:<nil> bytes:0} nextscan:{step:<nil> endTop:false parseState:[] err:<nil> redo:false redoCode:0 redoState:<nil> bytes:0} savedError:<nil> useNumber:false} scanp:0 scan:{step:<nil> endTop:false parseState:[] err:<nil> redo:false redoCode:0 redoState:<nil> bytes:0} err:<nil> tokenState:0 tokenStack:[]}
2016/08/18 13:40:41 [access_token_server.go:167][I] 获取微信服务器数据,解析数据：{Token:4Hhm54jFpFifw2tA-CabomJj4_l34yOxjL6yA-ifrEIH8JH4IdD5xhvFgUCPAUkMNR_IbbP4LUauxbR9VMmvfgtJoHxpcd-SggvzKCh4saGSOOsYKSIEtSOe8YQi0nvRUVJgAJAMNB ExpiresIn:7200}
2016/08/18 13:40:41 [access_token_server.go:118][I] 获取微信accessToken 定时器获取数据 错误nicker.C <nil>
2016/08/18 13:40:41 [access_token_server.go:119][I] 获取微信accessToken 定时器获取数据nicker.C &{Token:4Hhm54jFpFifw2tA-CabomJj4_l34yOxjL6yA-ifrEIH8JH4IdD5xhvFgUCPAUkMNR_IbbP4LUauxbR9VMmvfgtJoHxpcd-SggvzKCh4saGSOOsYKSIEtSOe8YQi0nvRUVJgAJAMNB ExpiresIn:7200}
2016/08/18 13:40:41 [access_token_server.go:126][I] 获取数据时间 ExpiresIn  7200
2016/08/18 13:41:10 [access_token_server.go:40][I] 获取accessToken的配置
2016/08/18 13:41:10 [access_token_server.go:45][I] 获取accessToken的配置==============start===================
2016/08/18 13:41:10 [utils.go:48][I] key is access_token_url||value is https://api.weixin.qq.com/cgi-bin/token
2016/08/18 13:41:10 [utils.go:48][I] key is appID||value is wx1dc762cdfeb4ed66
2016/08/18 13:41:10 [utils.go:48][I] key is appsecret||value is a72c8ccb896f3f7ddaf45f5318035bde
2016/08/18 13:41:10 [utils.go:48][I] key is grant_type||value is client_credential
2016/08/18 13:41:10 [access_token_server.go:47][I] accessToken 配置文件信息：&{url:https://api.weixin.qq.com/cgi-bin/token aPPID:wx1dc762cdfeb4ed66 appsecret:a72c8ccb896f3f7ddaf45f5318035bde grantType:client_credential accessTokenURL:https://api.weixin.qq.com/cgi-bin/token?grant_type=client_credential&&appid=wx1dc762cdfeb4ed66&secret=a72c8ccb896f3f7ddaf45f5318035bde}
2016/08/18 13:41:10 [access_token_server.go:48][I] 获取accessToken的配置==============end===================
2016/08/18 13:41:10 [access_token_server.go:42][I] 获取accessToken的配置 &{url:https://api.weixin.qq.com/cgi-bin/token aPPID:wx1dc762cdfeb4ed66 appsecret:a72c8ccb896f3f7ddaf45f5318035bde grantType:client_credential accessTokenURL:https://api.weixin.qq.com/cgi-bin/token?grant_type=client_credential&&appid=wx1dc762cdfeb4ed66&secret=a72c8ccb896f3f7ddaf45f5318035bde}
2016/08/18 13:41:11 [WxController.go:51][I] 接受微信服务器参数：/test
2016/08/18 13:41:11 [WxController.go:52][I] test 数据
2016/08/18 13:41:11 [access_token_server.go:87][I] accessToken 获取，数据结构初始化：&{CurrentAccessToken:0xc042338180 accessTokenResult:0xc0423381e0 LiveTime:0 Times:2s json:<nil>}
2016/08/18 13:41:11 [access_token_server.go:88][I] accessToken 启动定时器，进行请求accessToken
2016/08/18 13:41:11 [access_token_server.go:96][I] GetAndAccessTokenServer创建定时器，进行请求accessToken
2016/08/18 13:41:11 [access_token_server.go:100][I] GetAndAccessTokenServer,for 循环
2016/08/18 13:41:13 [access_token_server.go:116][I] 获取微信accessToken 启动定时器时间nicker.C 0xc042338360
2016/08/18 13:41:13 [access_token_server.go:143][I] 链接微信服务器获取accessToken
2016/08/18 13:41:13 [access_token_server.go:151][I] 与微信服务器建立链接
2016/08/18 13:41:13 [access_token_server.go:153][I] 获取微信服务器数据：{"access_token":"4bu8FEUu18eXGk86cH_OHUJAXNgETkzriO5lKCB949H8_ZmqrGl7n5zTLg79NBdCQGHl8iPXf8RBZhjMP99p4nAp3RMZg1zUM7TG-8kBCtMTJCdAIADTM","expires_in":7200}
2016/08/18 13:41:13 [access_token_server.go:161][I] 获取微信服务器数据,r   &{s:{"access_token":"4bu8FEUu18eXGk86cH_OHUJAXNgETkzriO5lKCB949H8_ZmqrGl7n5zTLg79NBdCQGHl8iPXf8RBZhjMP99p4nAp3RMZg1zUM7TG-8kBCtMTJCdAIADTM","expires_in":7200} i:0 prevRune:-1}
2016/08/18 13:41:13 [access_token_server.go:163][I] 获取微信服务器数据,dec   &{r:0xc0423a05c0 buf:[] d:{data:[] off:0 scan:{step:<nil> endTop:false parseState:[] err:<nil> redo:false redoCode:0 redoState:<nil> bytes:0} nextscan:{step:<nil> endTop:false parseState:[] err:<nil> redo:false redoCode:0 redoState:<nil> bytes:0} savedError:<nil> useNumber:false} scanp:0 scan:{step:<nil> endTop:false parseState:[] err:<nil> redo:false redoCode:0 redoState:<nil> bytes:0} err:<nil> tokenState:0 tokenStack:[]}
2016/08/18 13:41:13 [access_token_server.go:167][I] 获取微信服务器数据,解析数据：{Token:4bu8FEUu18eXGk86cH_OHUJAXNgETkzriO5lKCB949H8_ZmqrGl7n5zTLg79NBdCQGHl8iPXf8RBZhjMP99p4nAp3RMZg1zUM7TG-8kBCtMTJCdAIADTM ExpiresIn:7200}
2016/08/18 13:41:13 [access_token_server.go:118][I] 获取微信accessToken 定时器获取数据 错误nicker.C <nil>
2016/08/18 13:41:13 [access_token_server.go:119][I] 获取微信accessToken 定时器获取数据nicker.C &{Token:4bu8FEUu18eXGk86cH_OHUJAXNgETkzriO5lKCB949H8_ZmqrGl7n5zTLg79NBdCQGHl8iPXf8RBZhjMP99p4nAp3RMZg1zUM7TG-8kBCtMTJCdAIADTM ExpiresIn:7200}
2016/08/18 13:41:13 [access_token_server.go:126][I] 获取数据时间 ExpiresIn  7200
2016/08/18 13:42:00 [access_token_server.go:40][I] 获取accessToken的配置
2016/08/18 13:42:00 [access_token_server.go:45][I] 获取accessToken的配置==============start===================
2016/08/18 13:42:00 [utils.go:48][I] key is access_token_url||value is https://api.weixin.qq.com/cgi-bin/token
2016/08/18 13:42:00 [utils.go:48][I] key is appID||value is wx1dc762cdfeb4ed66
2016/08/18 13:42:00 [utils.go:48][I] key is appsecret||value is a72c8ccb896f3f7ddaf45f5318035bde
2016/08/18 13:42:00 [utils.go:48][I] key is grant_type||value is client_credential
2016/08/18 13:42:00 [access_token_server.go:47][I] accessToken 配置文件信息：&{url:https://api.weixin.qq.com/cgi-bin/token aPPID:wx1dc762cdfeb4ed66 appsecret:a72c8ccb896f3f7ddaf45f5318035bde grantType:client_credential accessTokenURL:https://api.weixin.qq.com/cgi-bin/token?grant_type=client_credential&&appid=wx1dc762cdfeb4ed66&secret=a72c8ccb896f3f7ddaf45f5318035bde}
2016/08/18 13:42:00 [access_token_server.go:48][I] 获取accessToken的配置==============end===================
2016/08/18 13:42:00 [access_token_server.go:42][I] 获取accessToken的配置 &{url:https://api.weixin.qq.com/cgi-bin/token aPPID:wx1dc762cdfeb4ed66 appsecret:a72c8ccb896f3f7ddaf45f5318035bde grantType:client_credential accessTokenURL:https://api.weixin.qq.com/cgi-bin/token?grant_type=client_credential&&appid=wx1dc762cdfeb4ed66&secret=a72c8ccb896f3f7ddaf45f5318035bde}
2016/08/18 13:42:28 [access_token_server.go:40][I] 获取accessToken的配置
2016/08/18 13:42:28 [access_token_server.go:45][I] 获取accessToken的配置==============start===================
2016/08/18 13:42:28 [utils.go:48][I] key is access_token_url||value is https://api.weixin.qq.com/cgi-bin/token
2016/08/18 13:42:28 [utils.go:48][I] key is appID||value is wx1dc762cdfeb4ed66
2016/08/18 13:42:28 [utils.go:48][I] key is appsecret||value is a72c8ccb896f3f7ddaf45f5318035bde
2016/08/18 13:42:28 [utils.go:48][I] key is grant_type||value is client_credential
2016/08/18 13:42:28 [access_token_server.go:47][I] accessToken 配置文件信息：&{url:https://api.weixin.qq.com/cgi-bin/token aPPID:wx1dc762cdfeb4ed66 appsecret:a72c8ccb896f3f7ddaf45f5318035bde grantType:client_credential accessTokenURL:https://api.weixin.qq.com/cgi-bin/token?grant_type=client_credential&&appid=wx1dc762cdfeb4ed66&secret=a72c8ccb896f3f7ddaf45f5318035bde}
2016/08/18 13:42:28 [access_token_server.go:48][I] 获取accessToken的配置==============end===================
2016/08/18 13:42:28 [access_token_server.go:42][I] 获取accessToken的配置 &{url:https://api.weixin.qq.com/cgi-bin/token aPPID:wx1dc762cdfeb4ed66 appsecret:a72c8ccb896f3f7ddaf45f5318035bde grantType:client_credential accessTokenURL:https://api.weixin.qq.com/cgi-bin/token?grant_type=client_credential&&appid=wx1dc762cdfeb4ed66&secret=a72c8ccb896f3f7ddaf45f5318035bde}
2016/08/18 13:42:31 [WxController.go:51][I] 接受微信服务器参数：/test
2016/08/18 13:42:31 [WxController.go:52][I] test 数据
2016/08/18 13:42:31 [access_token_server.go:87][I] accessToken 获取，数据结构初始化：&{CurrentAccessToken:0xc042268e40 accessTokenResult:0xc042268ea0 LiveTime:0 Times:2s json:<nil>}
2016/08/18 13:42:31 [access_token_server.go:88][I] accessToken 启动定时器，进行请求accessToken
2016/08/18 13:42:31 [access_token_server.go:96][I] GetAndAccessTokenServer创建定时器，进行请求accessToken
2016/08/18 13:42:31 [access_token_server.go:100][I] GetAndAccessTokenServer,for 循环
2016/08/18 13:42:33 [access_token_server.go:116][I] 获取微信accessToken 启动定时器时间nicker.C 0xc042268fc0
2016/08/18 13:42:33 [access_token_server.go:143][I] 链接微信服务器获取accessToken
2016/08/18 13:42:33 [access_token_server.go:151][I] 与微信服务器建立链接
2016/08/18 13:42:33 [access_token_server.go:153][I] 获取微信服务器数据：{"access_token":"J6SxzwTEStIL899StoBdKvJjArA3mE8-kiLpKJtQk8uQxI3Qdts9N7HcDI2EUKimOz_ckNnzz8hDvcZhG_O1hN0s_qZlFLeLhf3ZcYyw932FKv69qdrtaZrCLW_cKgHHBYAaAFATQS","expires_in":7200}
2016/08/18 13:42:33 [access_token_server.go:161][I] 获取微信服务器数据,r   &{s:{"access_token":"J6SxzwTEStIL899StoBdKvJjArA3mE8-kiLpKJtQk8uQxI3Qdts9N7HcDI2EUKimOz_ckNnzz8hDvcZhG_O1hN0s_qZlFLeLhf3ZcYyw932FKv69qdrtaZrCLW_cKgHHBYAaAFATQS","expires_in":7200} i:0 prevRune:-1}
2016/08/18 13:42:33 [access_token_server.go:163][I] 获取微信服务器数据,dec   &{r:0xc0423a85e0 buf:[] d:{data:[] off:0 scan:{step:<nil> endTop:false parseState:[] err:<nil> redo:false redoCode:0 redoState:<nil> bytes:0} nextscan:{step:<nil> endTop:false parseState:[] err:<nil> redo:false redoCode:0 redoState:<nil> bytes:0} savedError:<nil> useNumber:false} scanp:0 scan:{step:<nil> endTop:false parseState:[] err:<nil> redo:false redoCode:0 redoState:<nil> bytes:0} err:<nil> tokenState:0 tokenStack:[]}
2016/08/18 13:42:33 [access_token_server.go:167][I] 获取微信服务器数据,解析数据：{Token:J6SxzwTEStIL899StoBdKvJjArA3mE8-kiLpKJtQk8uQxI3Qdts9N7HcDI2EUKimOz_ckNnzz8hDvcZhG_O1hN0s_qZlFLeLhf3ZcYyw932FKv69qdrtaZrCLW_cKgHHBYAaAFATQS ExpiresIn:7200}
2016/08/18 13:42:33 [access_token_server.go:118][I] 获取微信accessToken 定时器获取数据 错误nicker.C <nil>
2016/08/18 13:42:33 [access_token_server.go:119][I] 获取微信accessToken 定时器获取数据nicker.C &{Token:J6SxzwTEStIL899StoBdKvJjArA3mE8-kiLpKJtQk8uQxI3Qdts9N7HcDI2EUKimOz_ckNnzz8hDvcZhG_O1hN0s_qZlFLeLhf3ZcYyw932FKv69qdrtaZrCLW_cKgHHBYAaAFATQS ExpiresIn:7200}
2016/08/18 13:42:33 [access_token_server.go:126][I] 获取数据时间 ExpiresIn  7200
2016/08/18 13:43:46 [access_token_server.go:40][I] 获取accessToken的配置
2016/08/18 13:43:46 [access_token_server.go:45][I] 获取accessToken的配置==============start===================
2016/08/18 13:43:46 [utils.go:48][I] key is access_token_url||value is https://api.weixin.qq.com/cgi-bin/token
2016/08/18 13:43:46 [utils.go:48][I] key is appID||value is wx1dc762cdfeb4ed66
2016/08/18 13:43:46 [utils.go:48][I] key is appsecret||value is a72c8ccb896f3f7ddaf45f5318035bde
2016/08/18 13:43:46 [utils.go:48][I] key is grant_type||value is client_credential
2016/08/18 13:43:46 [access_token_server.go:47][I] accessToken 配置文件信息：&{url:https://api.weixin.qq.com/cgi-bin/token aPPID:wx1dc762cdfeb4ed66 appsecret:a72c8ccb896f3f7ddaf45f5318035bde grantType:client_credential accessTokenURL:https://api.weixin.qq.com/cgi-bin/token?grant_type=client_credential&&appid=wx1dc762cdfeb4ed66&secret=a72c8ccb896f3f7ddaf45f5318035bde}
2016/08/18 13:43:46 [access_token_server.go:48][I] 获取accessToken的配置==============end===================
2016/08/18 13:43:46 [access_token_server.go:42][I] 获取accessToken的配置 &{url:https://api.weixin.qq.com/cgi-bin/token aPPID:wx1dc762cdfeb4ed66 appsecret:a72c8ccb896f3f7ddaf45f5318035bde grantType:client_credential accessTokenURL:https://api.weixin.qq.com/cgi-bin/token?grant_type=client_credential&&appid=wx1dc762cdfeb4ed66&secret=a72c8ccb896f3f7ddaf45f5318035bde}
2016/08/18 13:43:47 [WxController.go:51][I] 接受微信服务器参数：/test
2016/08/18 13:43:47 [WxController.go:52][I] test 数据
2016/08/18 13:43:47 [access_token_server.go:87][I] accessToken 获取，数据结构初始化：&{CurrentAccessToken:0xc04233c180 accessTokenResult:0xc04233c1e0 LiveTime:0 Times:2s json:<nil>}
2016/08/18 13:43:47 [access_token_server.go:88][I] accessToken 启动定时器，进行请求accessToken
2016/08/18 13:43:47 [access_token_server.go:96][I] GetAndAccessTokenServer创建定时器，进行请求accessToken
2016/08/18 13:43:47 [access_token_server.go:100][I] GetAndAccessTokenServer,for 循环
2016/08/18 13:43:49 [access_token_server.go:116][I] 获取微信accessToken 启动定时器时间nicker.C 0xc04233c360
2016/08/18 13:43:49 [access_token_server.go:143][I] 链接微信服务器获取accessToken
2016/08/18 13:43:49 [access_token_server.go:151][I] 与微信服务器建立链接
2016/08/18 13:43:49 [access_token_server.go:153][I] 获取微信服务器数据：{"access_token":"3SqobJlsdgVzodaSVktIrHngOCSEkMwH2x_4xhg_rNybwR_6yJ8W9TN0Q3PPt05qpdCfA1jjqy5jC2ndLOQv5uMeQNAOgri78ucC5S6HHWeIY1dHHBILjS4KjkuZ7W9pAACcAJAEEG","expires_in":7200}
2016/08/18 13:43:49 [access_token_server.go:161][I] 获取微信服务器数据,r   &{s:{"access_token":"3SqobJlsdgVzodaSVktIrHngOCSEkMwH2x_4xhg_rNybwR_6yJ8W9TN0Q3PPt05qpdCfA1jjqy5jC2ndLOQv5uMeQNAOgri78ucC5S6HHWeIY1dHHBILjS4KjkuZ7W9pAACcAJAEEG","expires_in":7200} i:0 prevRune:-1}
2016/08/18 13:43:49 [access_token_server.go:163][I] 获取微信服务器数据,dec   &{r:0xc0423c45c0 buf:[] d:{data:[] off:0 scan:{step:<nil> endTop:false parseState:[] err:<nil> redo:false redoCode:0 redoState:<nil> bytes:0} nextscan:{step:<nil> endTop:false parseState:[] err:<nil> redo:false redoCode:0 redoState:<nil> bytes:0} savedError:<nil> useNumber:false} scanp:0 scan:{step:<nil> endTop:false parseState:[] err:<nil> redo:false redoCode:0 redoState:<nil> bytes:0} err:<nil> tokenState:0 tokenStack:[]}
2016/08/18 13:43:49 [access_token_server.go:167][I] 获取微信服务器数据,解析数据：{Token:3SqobJlsdgVzodaSVktIrHngOCSEkMwH2x_4xhg_rNybwR_6yJ8W9TN0Q3PPt05qpdCfA1jjqy5jC2ndLOQv5uMeQNAOgri78ucC5S6HHWeIY1dHHBILjS4KjkuZ7W9pAACcAJAEEG ExpiresIn:7200}
2016/08/18 13:43:49 [access_token_server.go:118][I] 获取微信accessToken 定时器获取数据 错误nicker.C <nil>
2016/08/18 13:43:49 [access_token_server.go:119][I] 获取微信accessToken 定时器获取数据nicker.C &{Token:3SqobJlsdgVzodaSVktIrHngOCSEkMwH2x_4xhg_rNybwR_6yJ8W9TN0Q3PPt05qpdCfA1jjqy5jC2ndLOQv5uMeQNAOgri78ucC5S6HHWeIY1dHHBILjS4KjkuZ7W9pAACcAJAEEG ExpiresIn:7200}
2016/08/18 13:43:49 [access_token_server.go:126][I] 获取数据时间 ExpiresIn  7200
2016/08/18 13:44:09 [access_token_server.go:40][I] 获取accessToken的配置
2016/08/18 13:44:09 [access_token_server.go:45][I] 获取accessToken的配置==============start===================
2016/08/18 13:44:09 [utils.go:48][I] key is access_token_url||value is https://api.weixin.qq.com/cgi-bin/token
2016/08/18 13:44:09 [utils.go:48][I] key is appID||value is wx1dc762cdfeb4ed66
2016/08/18 13:44:09 [utils.go:48][I] key is appsecret||value is a72c8ccb896f3f7ddaf45f5318035bde
2016/08/18 13:44:09 [utils.go:48][I] key is grant_type||value is client_credential
2016/08/18 13:44:09 [access_token_server.go:47][I] accessToken 配置文件信息：&{url:https://api.weixin.qq.com/cgi-bin/token aPPID:wx1dc762cdfeb4ed66 appsecret:a72c8ccb896f3f7ddaf45f5318035bde grantType:client_credential accessTokenURL:https://api.weixin.qq.com/cgi-bin/token?grant_type=client_credential&&appid=wx1dc762cdfeb4ed66&secret=a72c8ccb896f3f7ddaf45f5318035bde}
2016/08/18 13:44:09 [access_token_server.go:48][I] 获取accessToken的配置==============end===================
2016/08/18 13:44:09 [access_token_server.go:42][I] 获取accessToken的配置 &{url:https://api.weixin.qq.com/cgi-bin/token aPPID:wx1dc762cdfeb4ed66 appsecret:a72c8ccb896f3f7ddaf45f5318035bde grantType:client_credential accessTokenURL:https://api.weixin.qq.com/cgi-bin/token?grant_type=client_credential&&appid=wx1dc762cdfeb4ed66&secret=a72c8ccb896f3f7ddaf45f5318035bde}
2016/08/18 13:44:16 [WxController.go:51][I] 接受微信服务器参数：/test
2016/08/18 13:44:16 [WxController.go:52][I] test 数据
2016/08/18 13:44:16 [access_token_server.go:87][I] accessToken 获取，数据结构初始化：&{CurrentAccessToken:0xc042360240 accessTokenResult:0xc0423602a0 LiveTime:0 Times:2s json:<nil>}
2016/08/18 13:44:16 [access_token_server.go:88][I] accessToken 启动定时器，进行请求accessToken
2016/08/18 13:44:16 [access_token_server.go:96][I] GetAndAccessTokenServer创建定时器，进行请求accessToken
2016/08/18 13:44:16 [access_token_server.go:100][I] GetAndAccessTokenServer,for 循环
2016/08/18 13:44:18 [access_token_server.go:116][I] 获取微信accessToken 启动定时器时间nicker.C 0xc042360420
2016/08/18 13:44:18 [access_token_server.go:144][I] 链接微信服务器获取accessToken
2016/08/18 13:44:18 [access_token_server.go:152][I] 与微信服务器建立链接
2016/08/18 13:44:18 [access_token_server.go:154][I] 获取微信服务器数据：{"access_token":"GTc5QB5hGgXYmU_CIbF063qbwXdrxscznx3l3jlj0VFQEt42TqiE0EfVo38H-tHMPH2kEwu0Y8bOSplPFi34K6WeBCDFcKRDSPtIb_F4ZAnD5r-iQ7H_c8eHq2Om_vkbHLEdAJAOSL","expires_in":7200}
2016/08/18 13:44:18 [access_token_server.go:162][I] 获取微信服务器数据,r   &{s:{"access_token":"GTc5QB5hGgXYmU_CIbF063qbwXdrxscznx3l3jlj0VFQEt42TqiE0EfVo38H-tHMPH2kEwu0Y8bOSplPFi34K6WeBCDFcKRDSPtIb_F4ZAnD5r-iQ7H_c8eHq2Om_vkbHLEdAJAOSL","expires_in":7200} i:0 prevRune:-1}
2016/08/18 13:44:18 [access_token_server.go:164][I] 获取微信服务器数据,dec   &{r:0xc0423b40a0 buf:[] d:{data:[] off:0 scan:{step:<nil> endTop:false parseState:[] err:<nil> redo:false redoCode:0 redoState:<nil> bytes:0} nextscan:{step:<nil> endTop:false parseState:[] err:<nil> redo:false redoCode:0 redoState:<nil> bytes:0} savedError:<nil> useNumber:false} scanp:0 scan:{step:<nil> endTop:false parseState:[] err:<nil> redo:false redoCode:0 redoState:<nil> bytes:0} err:<nil> tokenState:0 tokenStack:[]}
2016/08/18 13:44:18 [access_token_server.go:168][I] 获取微信服务器数据,解析数据：{Token:GTc5QB5hGgXYmU_CIbF063qbwXdrxscznx3l3jlj0VFQEt42TqiE0EfVo38H-tHMPH2kEwu0Y8bOSplPFi34K6WeBCDFcKRDSPtIb_F4ZAnD5r-iQ7H_c8eHq2Om_vkbHLEdAJAOSL ExpiresIn:7200}
2016/08/18 13:44:18 [access_token_server.go:118][I] 获取微信accessToken 定时器获取数据 错误nicker.C <nil>
2016/08/18 13:44:18 [access_token_server.go:119][I] 获取微信accessToken 定时器获取数据nicker.C &{Token:GTc5QB5hGgXYmU_CIbF063qbwXdrxscznx3l3jlj0VFQEt42TqiE0EfVo38H-tHMPH2kEwu0Y8bOSplPFi34K6WeBCDFcKRDSPtIb_F4ZAnD5r-iQ7H_c8eHq2Om_vkbHLEdAJAOSL ExpiresIn:7200}
2016/08/18 13:44:18 [access_token_server.go:126][I] 获取数据时间 ExpiresIn  7200
2016/08/18 13:44:18 [access_token_server.go:134][I] 获取微信accessToken 定时器获取数据AccessTokenServer &{CurrentAccessToken:0xc042360240 accessTokenResult:0xc0423602a0 LiveTime:0 Times:2s json:0xc0423b4080}
2016/08/18 13:45:00 [access_token_server.go:40][I] 获取accessToken的配置
2016/08/18 13:45:00 [access_token_server.go:45][I] 获取accessToken的配置==============start===================
2016/08/18 13:45:00 [utils.go:48][I] key is access_token_url||value is https://api.weixin.qq.com/cgi-bin/token
2016/08/18 13:45:00 [utils.go:48][I] key is appID||value is wx1dc762cdfeb4ed66
2016/08/18 13:45:00 [utils.go:48][I] key is appsecret||value is a72c8ccb896f3f7ddaf45f5318035bde
2016/08/18 13:45:00 [utils.go:48][I] key is grant_type||value is client_credential
2016/08/18 13:45:00 [access_token_server.go:47][I] accessToken 配置文件信息：&{url:https://api.weixin.qq.com/cgi-bin/token aPPID:wx1dc762cdfeb4ed66 appsecret:a72c8ccb896f3f7ddaf45f5318035bde grantType:client_credential accessTokenURL:https://api.weixin.qq.com/cgi-bin/token?grant_type=client_credential&&appid=wx1dc762cdfeb4ed66&secret=a72c8ccb896f3f7ddaf45f5318035bde}
2016/08/18 13:45:00 [access_token_server.go:48][I] 获取accessToken的配置==============end===================
2016/08/18 13:45:00 [access_token_server.go:42][I] 获取accessToken的配置 &{url:https://api.weixin.qq.com/cgi-bin/token aPPID:wx1dc762cdfeb4ed66 appsecret:a72c8ccb896f3f7ddaf45f5318035bde grantType:client_credential accessTokenURL:https://api.weixin.qq.com/cgi-bin/token?grant_type=client_credential&&appid=wx1dc762cdfeb4ed66&secret=a72c8ccb896f3f7ddaf45f5318035bde}
2016/08/18 13:45:00 [WxController.go:51][I] 接受微信服务器参数：/test
2016/08/18 13:45:00 [WxController.go:52][I] test 数据
2016/08/18 13:45:00 [access_token_server.go:87][I] accessToken 获取，数据结构初始化：&{CurrentAccessToken:0xc04227ecc0 accessTokenResult:0xc04227ed20 LiveTime:0 Times:2s json:<nil>}
2016/08/18 13:45:00 [access_token_server.go:88][I] accessToken 启动定时器，进行请求accessToken
2016/08/18 13:45:00 [access_token_server.go:96][I] GetAndAccessTokenServer创建定时器，进行请求accessToken
2016/08/18 13:45:00 [access_token_server.go:100][I] GetAndAccessTokenServer,for 循环
2016/08/18 13:45:02 [access_token_server.go:116][I] 获取微信accessToken 启动定时器时间nicker.C 0xc04227ee40
2016/08/18 13:45:02 [access_token_server.go:144][I] 链接微信服务器获取accessToken
2016/08/18 13:45:02 [access_token_server.go:152][I] 与微信服务器建立链接
2016/08/18 13:45:02 [access_token_server.go:154][I] 获取微信服务器数据：{"access_token":"PpQAahAJcEU2t-33DgpRgzuDf1XdKzNkhMCim1_QZp6e9WuRS5uzgKczt6wh6LN0_xZRPI_OUlB4xarxE8Eh4sXLKis5sYGp-mWYhGEWajXVSYe77teAcO4zfbqgToHNNSQaABAWBZ","expires_in":7200}
2016/08/18 13:45:02 [access_token_server.go:162][I] 获取微信服务器数据,r   &{s:{"access_token":"PpQAahAJcEU2t-33DgpRgzuDf1XdKzNkhMCim1_QZp6e9WuRS5uzgKczt6wh6LN0_xZRPI_OUlB4xarxE8Eh4sXLKis5sYGp-mWYhGEWajXVSYe77teAcO4zfbqgToHNNSQaABAWBZ","expires_in":7200} i:0 prevRune:-1}
2016/08/18 13:45:02 [access_token_server.go:164][I] 获取微信服务器数据,dec   &{r:0xc04239c0a0 buf:[] d:{data:[] off:0 scan:{step:<nil> endTop:false parseState:[] err:<nil> redo:false redoCode:0 redoState:<nil> bytes:0} nextscan:{step:<nil> endTop:false parseState:[] err:<nil> redo:false redoCode:0 redoState:<nil> bytes:0} savedError:<nil> useNumber:false} scanp:0 scan:{step:<nil> endTop:false parseState:[] err:<nil> redo:false redoCode:0 redoState:<nil> bytes:0} err:<nil> tokenState:0 tokenStack:[]}
2016/08/18 13:45:02 [access_token_server.go:168][I] 获取微信服务器数据,解析数据：{Token:PpQAahAJcEU2t-33DgpRgzuDf1XdKzNkhMCim1_QZp6e9WuRS5uzgKczt6wh6LN0_xZRPI_OUlB4xarxE8Eh4sXLKis5sYGp-mWYhGEWajXVSYe77teAcO4zfbqgToHNNSQaABAWBZ ExpiresIn:7200}
2016/08/18 13:45:02 [access_token_server.go:118][I] 获取微信accessToken 定时器获取数据 错误nicker.C <nil>
2016/08/18 13:45:02 [access_token_server.go:119][I] 获取微信accessToken 定时器获取数据nicker.C &{Token:PpQAahAJcEU2t-33DgpRgzuDf1XdKzNkhMCim1_QZp6e9WuRS5uzgKczt6wh6LN0_xZRPI_OUlB4xarxE8Eh4sXLKis5sYGp-mWYhGEWajXVSYe77teAcO4zfbqgToHNNSQaABAWBZ ExpiresIn:7200}
2016/08/18 13:45:02 [access_token_server.go:126][I] 获取数据时间 ExpiresIn  7200
2016/08/18 13:45:02 [access_token_server.go:134][I] 获取微信accessToken 定时器获取数据AccessTokenServer &{CurrentAccessToken:0xc04227ecc0 accessTokenResult:0xc04227ed20 LiveTime:0 Times:2s json:0xc04239c080}
2016/08/18 13:45:02 [access_token_server.go:136][I] 获取微信accessToken 定时器获取数据AccessTokenServer &{CurrentAccessToken:0xc04227ecc0 accessTokenResult:0xc04227ed20 LiveTime:0 Times:2s json:0xc04239c080}
2016/08/18 13:45:02 [access_token_server.go:100][I] GetAndAccessTokenServer,for 循环
2016/08/18 13:45:04 [access_token_server.go:116][I] 获取微信accessToken 启动定时器时间nicker.C 0xc04227ee40
2016/08/18 13:45:04 [access_token_server.go:144][I] 链接微信服务器获取accessToken
2016/08/18 13:45:04 [access_token_server.go:152][I] 与微信服务器建立链接
2016/08/18 13:45:04 [access_token_server.go:154][I] 获取微信服务器数据：{"access_token":"PpQAahAJcEU2t-33DgpRgzuDf1XdKzNkhMCim1_QZp6YnCRnRxbMWKHcXQ-3y0Zde0CnQl9MDbQItJ4oK_XkXrLY71MfA4G61MbxOtTZBdZbevoBLLb30RnWqCjn1NH1ICCaABARLL","expires_in":7198}
2016/08/18 13:45:04 [access_token_server.go:162][I] 获取微信服务器数据,r   &{s:{"access_token":"PpQAahAJcEU2t-33DgpRgzuDf1XdKzNkhMCim1_QZp6YnCRnRxbMWKHcXQ-3y0Zde0CnQl9MDbQItJ4oK_XkXrLY71MfA4G61MbxOtTZBdZbevoBLLb30RnWqCjn1NH1ICCaABARLL","expires_in":7198} i:0 prevRune:-1}
2016/08/18 13:45:04 [access_token_server.go:164][I] 获取微信服务器数据,dec   &{r:0xc042276ea0 buf:[] d:{data:[] off:0 scan:{step:<nil> endTop:false parseState:[] err:<nil> redo:false redoCode:0 redoState:<nil> bytes:0} nextscan:{step:<nil> endTop:false parseState:[] err:<nil> redo:false redoCode:0 redoState:<nil> bytes:0} savedError:<nil> useNumber:false} scanp:0 scan:{step:<nil> endTop:false parseState:[] err:<nil> redo:false redoCode:0 redoState:<nil> bytes:0} err:<nil> tokenState:0 tokenStack:[]}
2016/08/18 13:45:04 [access_token_server.go:168][I] 获取微信服务器数据,解析数据：{Token:PpQAahAJcEU2t-33DgpRgzuDf1XdKzNkhMCim1_QZp6YnCRnRxbMWKHcXQ-3y0Zde0CnQl9MDbQItJ4oK_XkXrLY71MfA4G61MbxOtTZBdZbevoBLLb30RnWqCjn1NH1ICCaABARLL ExpiresIn:7198}
2016/08/18 13:45:04 [access_token_server.go:118][I] 获取微信accessToken 定时器获取数据 错误nicker.C <nil>
2016/08/18 13:45:04 [access_token_server.go:119][I] 获取微信accessToken 定时器获取数据nicker.C &{Token:PpQAahAJcEU2t-33DgpRgzuDf1XdKzNkhMCim1_QZp6YnCRnRxbMWKHcXQ-3y0Zde0CnQl9MDbQItJ4oK_XkXrLY71MfA4G61MbxOtTZBdZbevoBLLb30RnWqCjn1NH1ICCaABARLL ExpiresIn:7198}
2016/08/18 13:45:04 [access_token_server.go:126][I] 获取数据时间 ExpiresIn  7198
2016/08/18 13:45:04 [access_token_server.go:134][I] 获取微信accessToken 定时器获取数据AccessTokenServer &{CurrentAccessToken:0xc04227ecc0 accessTokenResult:0xc04227ed20 LiveTime:0 Times:2s json:0xc042276e80}
2016/08/18 13:45:04 [access_token_server.go:136][I] 获取微信accessToken 定时器获取数据AccessTokenServer &{CurrentAccessToken:0xc04227ecc0 accessTokenResult:0xc04227ed20 LiveTime:0 Times:2s json:0xc042276e80}
2016/08/18 13:45:04 [access_token_server.go:100][I] GetAndAccessTokenServer,for 循环
2016/08/18 13:45:06 [access_token_server.go:116][I] 获取微信accessToken 启动定时器时间nicker.C 0xc04227ee40
2016/08/18 13:45:06 [access_token_server.go:144][I] 链接微信服务器获取accessToken
2016/08/18 13:45:06 [access_token_server.go:152][I] 与微信服务器建立链接
2016/08/18 13:45:06 [access_token_server.go:154][I] 获取微信服务器数据：{"access_token":"PpQAahAJcEU2t-33DgpRgzuDf1XdKzNkhMCim1_QZp7u7RQFxIDyLqjCLGhYjvaAKSdiDrTIpVmePYwMxDnLJ8bi8_y_BBlpP89R6kXiwQJQkBVu0hKOKm6MouQ_5x4ZAWXaABAVRS","expires_in":7196}
2016/08/18 13:45:06 [access_token_server.go:162][I] 获取微信服务器数据,r   &{s:{"access_token":"PpQAahAJcEU2t-33DgpRgzuDf1XdKzNkhMCim1_QZp7u7RQFxIDyLqjCLGhYjvaAKSdiDrTIpVmePYwMxDnLJ8bi8_y_BBlpP89R6kXiwQJQkBVu0hKOKm6MouQ_5x4ZAWXaABAVRS","expires_in":7196} i:0 prevRune:-1}
2016/08/18 13:45:06 [access_token_server.go:164][I] 获取微信服务器数据,dec   &{r:0xc04224e260 buf:[] d:{data:[] off:0 scan:{step:<nil> endTop:false parseState:[] err:<nil> redo:false redoCode:0 redoState:<nil> bytes:0} nextscan:{step:<nil> endTop:false parseState:[] err:<nil> redo:false redoCode:0 redoState:<nil> bytes:0} savedError:<nil> useNumber:false} scanp:0 scan:{step:<nil> endTop:false parseState:[] err:<nil> redo:false redoCode:0 redoState:<nil> bytes:0} err:<nil> tokenState:0 tokenStack:[]}
2016/08/18 13:45:06 [access_token_server.go:168][I] 获取微信服务器数据,解析数据：{Token:PpQAahAJcEU2t-33DgpRgzuDf1XdKzNkhMCim1_QZp7u7RQFxIDyLqjCLGhYjvaAKSdiDrTIpVmePYwMxDnLJ8bi8_y_BBlpP89R6kXiwQJQkBVu0hKOKm6MouQ_5x4ZAWXaABAVRS ExpiresIn:7196}
2016/08/18 13:45:06 [access_token_server.go:118][I] 获取微信accessToken 定时器获取数据 错误nicker.C <nil>
2016/08/18 13:45:06 [access_token_server.go:119][I] 获取微信accessToken 定时器获取数据nicker.C &{Token:PpQAahAJcEU2t-33DgpRgzuDf1XdKzNkhMCim1_QZp7u7RQFxIDyLqjCLGhYjvaAKSdiDrTIpVmePYwMxDnLJ8bi8_y_BBlpP89R6kXiwQJQkBVu0hKOKm6MouQ_5x4ZAWXaABAVRS ExpiresIn:7196}
2016/08/18 13:45:06 [access_token_server.go:126][I] 获取数据时间 ExpiresIn  7196
2016/08/18 13:45:06 [access_token_server.go:134][I] 获取微信accessToken 定时器获取数据AccessTokenServer &{CurrentAccessToken:0xc04227ecc0 accessTokenResult:0xc04227ed20 LiveTime:0 Times:2s json:0xc04224e240}
2016/08/18 13:45:06 [access_token_server.go:136][I] 获取微信accessToken 定时器获取数据AccessTokenServer &{CurrentAccessToken:0xc04227ecc0 accessTokenResult:0xc04227ed20 LiveTime:0 Times:2s json:0xc04224e240}
2016/08/18 13:45:06 [access_token_server.go:100][I] GetAndAccessTokenServer,for 循环
2016/08/18 13:45:08 [access_token_server.go:116][I] 获取微信accessToken 启动定时器时间nicker.C 0xc04227ee40
2016/08/18 13:45:08 [access_token_server.go:144][I] 链接微信服务器获取accessToken
2016/08/18 13:45:08 [access_token_server.go:152][I] 与微信服务器建立链接
2016/08/18 13:45:08 [access_token_server.go:154][I] 获取微信服务器数据：{"access_token":"PpQAahAJcEU2t-33DgpRgzuDf1XdKzNkhMCim1_QZp7PaOUC1lYDISyTypnrZ4GYQyenZxyXAnx68k77VF1cqvoA2NG-6DEQ0mt_MVq92ZdEQbsqRp-vdnhLQcJln11kTGIaABAYLN","expires_in":7200}
2016/08/18 13:45:08 [access_token_server.go:162][I] 获取微信服务器数据,r   &{s:{"access_token":"PpQAahAJcEU2t-33DgpRgzuDf1XdKzNkhMCim1_QZp7PaOUC1lYDISyTypnrZ4GYQyenZxyXAnx68k77VF1cqvoA2NG-6DEQ0mt_MVq92ZdEQbsqRp-vdnhLQcJln11kTGIaABAYLN","expires_in":7200} i:0 prevRune:-1}
2016/08/18 13:45:08 [access_token_server.go:164][I] 获取微信服务器数据,dec   &{r:0xc042277280 buf:[] d:{data:[] off:0 scan:{step:<nil> endTop:false parseState:[] err:<nil> redo:false redoCode:0 redoState:<nil> bytes:0} nextscan:{step:<nil> endTop:false parseState:[] err:<nil> redo:false redoCode:0 redoState:<nil> bytes:0} savedError:<nil> useNumber:false} scanp:0 scan:{step:<nil> endTop:false parseState:[] err:<nil> redo:false redoCode:0 redoState:<nil> bytes:0} err:<nil> tokenState:0 tokenStack:[]}
2016/08/18 13:45:08 [access_token_server.go:168][I] 获取微信服务器数据,解析数据：{Token:PpQAahAJcEU2t-33DgpRgzuDf1XdKzNkhMCim1_QZp7PaOUC1lYDISyTypnrZ4GYQyenZxyXAnx68k77VF1cqvoA2NG-6DEQ0mt_MVq92ZdEQbsqRp-vdnhLQcJln11kTGIaABAYLN ExpiresIn:7200}
2016/08/18 13:45:08 [access_token_server.go:118][I] 获取微信accessToken 定时器获取数据 错误nicker.C <nil>
2016/08/18 13:45:08 [access_token_server.go:119][I] 获取微信accessToken 定时器获取数据nicker.C &{Token:PpQAahAJcEU2t-33DgpRgzuDf1XdKzNkhMCim1_QZp7PaOUC1lYDISyTypnrZ4GYQyenZxyXAnx68k77VF1cqvoA2NG-6DEQ0mt_MVq92ZdEQbsqRp-vdnhLQcJln11kTGIaABAYLN ExpiresIn:7200}
2016/08/18 13:45:08 [access_token_server.go:126][I] 获取数据时间 ExpiresIn  7200
2016/08/18 13:45:08 [access_token_server.go:134][I] 获取微信accessToken 定时器获取数据AccessTokenServer &{CurrentAccessToken:0xc04227ecc0 accessTokenResult:0xc04227ed20 LiveTime:0 Times:2s json:0xc042277260}
2016/08/18 13:45:08 [access_token_server.go:136][I] 获取微信accessToken 定时器获取数据AccessTokenServer &{CurrentAccessToken:0xc04227ecc0 accessTokenResult:0xc04227ed20 LiveTime:0 Times:2s json:0xc042277260}
2016/08/18 13:45:08 [access_token_server.go:100][I] GetAndAccessTokenServer,for 循环
2016/08/18 13:45:10 [access_token_server.go:116][I] 获取微信accessToken 启动定时器时间nicker.C 0xc04227ee40
2016/08/18 13:45:10 [access_token_server.go:144][I] 链接微信服务器获取accessToken
2016/08/18 13:45:10 [access_token_server.go:152][I] 与微信服务器建立链接
2016/08/18 13:45:10 [access_token_server.go:154][I] 获取微信服务器数据：{"access_token":"PpQAahAJcEU2t-33DgpRgzuDf1XdKzNkhMCim1_QZp5r5MMi7TQGf5urVBYVfiohrjCc7UqNUCXEPb21sb_7apGsRdkwbo8N4SICrW9-m5x0JhDIb2s6jZYQzlMyLKa_DCVaABAGFY","expires_in":7200}
2016/08/18 13:45:10 [access_token_server.go:162][I] 获取微信服务器数据,r   &{s:{"access_token":"PpQAahAJcEU2t-33DgpRgzuDf1XdKzNkhMCim1_QZp5r5MMi7TQGf5urVBYVfiohrjCc7UqNUCXEPb21sb_7apGsRdkwbo8N4SICrW9-m5x0JhDIb2s6jZYQzlMyLKa_DCVaABAGFY","expires_in":7200} i:0 prevRune:-1}
2016/08/18 13:45:10 [access_token_server.go:164][I] 获取微信服务器数据,dec   &{r:0xc042270260 buf:[] d:{data:[] off:0 scan:{step:<nil> endTop:false parseState:[] err:<nil> redo:false redoCode:0 redoState:<nil> bytes:0} nextscan:{step:<nil> endTop:false parseState:[] err:<nil> redo:false redoCode:0 redoState:<nil> bytes:0} savedError:<nil> useNumber:false} scanp:0 scan:{step:<nil> endTop:false parseState:[] err:<nil> redo:false redoCode:0 redoState:<nil> bytes:0} err:<nil> tokenState:0 tokenStack:[]}
2016/08/18 13:45:10 [access_token_server.go:168][I] 获取微信服务器数据,解析数据：{Token:PpQAahAJcEU2t-33DgpRgzuDf1XdKzNkhMCim1_QZp5r5MMi7TQGf5urVBYVfiohrjCc7UqNUCXEPb21sb_7apGsRdkwbo8N4SICrW9-m5x0JhDIb2s6jZYQzlMyLKa_DCVaABAGFY ExpiresIn:7200}
2016/08/18 13:45:10 [access_token_server.go:118][I] 获取微信accessToken 定时器获取数据 错误nicker.C <nil>
2016/08/18 13:45:10 [access_token_server.go:119][I] 获取微信accessToken 定时器获取数据nicker.C &{Token:PpQAahAJcEU2t-33DgpRgzuDf1XdKzNkhMCim1_QZp5r5MMi7TQGf5urVBYVfiohrjCc7UqNUCXEPb21sb_7apGsRdkwbo8N4SICrW9-m5x0JhDIb2s6jZYQzlMyLKa_DCVaABAGFY ExpiresIn:7200}
2016/08/18 13:45:10 [access_token_server.go:126][I] 获取数据时间 ExpiresIn  7200
2016/08/18 13:45:10 [access_token_server.go:134][I] 获取微信accessToken 定时器获取数据AccessTokenServer &{CurrentAccessToken:0xc04227ecc0 accessTokenResult:0xc04227ed20 LiveTime:0 Times:2s json:0xc042270240}
2016/08/18 13:45:10 [access_token_server.go:136][I] 获取微信accessToken 定时器获取数据AccessTokenServer &{CurrentAccessToken:0xc04227ecc0 accessTokenResult:0xc04227ed20 LiveTime:0 Times:2s json:0xc042270240}
2016/08/18 13:45:10 [access_token_server.go:100][I] GetAndAccessTokenServer,for 循环
2016/08/18 13:45:12 [access_token_server.go:116][I] 获取微信accessToken 启动定时器时间nicker.C 0xc04227ee40
2016/08/18 13:45:12 [access_token_server.go:144][I] 链接微信服务器获取accessToken
2016/08/18 13:45:12 [access_token_server.go:152][I] 与微信服务器建立链接
2016/08/18 13:45:12 [access_token_server.go:154][I] 获取微信服务器数据：{"access_token":"PpQAahAJcEU2t-33DgpRgzuDf1XdKzNkhMCim1_QZp4r4qNMURSM9I2gATqNB5TqFJVO5zJdwsAC-uSUUmBWPeg_aAXuwbdywyWtYITqsgpdWeUEoRHMSZCctL9JjR6tWCRaABAFLA","expires_in":7200}
2016/08/18 13:45:12 [access_token_server.go:162][I] 获取微信服务器数据,r   &{s:{"access_token":"PpQAahAJcEU2t-33DgpRgzuDf1XdKzNkhMCim1_QZp4r4qNMURSM9I2gATqNB5TqFJVO5zJdwsAC-uSUUmBWPeg_aAXuwbdywyWtYITqsgpdWeUEoRHMSZCctL9JjR6tWCRaABAFLA","expires_in":7200} i:0 prevRune:-1}
2016/08/18 13:45:12 [access_token_server.go:164][I] 获取微信服务器数据,dec   &{r:0xc042147640 buf:[] d:{data:[] off:0 scan:{step:<nil> endTop:false parseState:[] err:<nil> redo:false redoCode:0 redoState:<nil> bytes:0} nextscan:{step:<nil> endTop:false parseState:[] err:<nil> redo:false redoCode:0 redoState:<nil> bytes:0} savedError:<nil> useNumber:false} scanp:0 scan:{step:<nil> endTop:false parseState:[] err:<nil> redo:false redoCode:0 redoState:<nil> bytes:0} err:<nil> tokenState:0 tokenStack:[]}
2016/08/18 13:45:12 [access_token_server.go:168][I] 获取微信服务器数据,解析数据：{Token:PpQAahAJcEU2t-33DgpRgzuDf1XdKzNkhMCim1_QZp4r4qNMURSM9I2gATqNB5TqFJVO5zJdwsAC-uSUUmBWPeg_aAXuwbdywyWtYITqsgpdWeUEoRHMSZCctL9JjR6tWCRaABAFLA ExpiresIn:7200}
2016/08/18 13:45:12 [access_token_server.go:118][I] 获取微信accessToken 定时器获取数据 错误nicker.C <nil>
2016/08/18 13:45:12 [access_token_server.go:119][I] 获取微信accessToken 定时器获取数据nicker.C &{Token:PpQAahAJcEU2t-33DgpRgzuDf1XdKzNkhMCim1_QZp4r4qNMURSM9I2gATqNB5TqFJVO5zJdwsAC-uSUUmBWPeg_aAXuwbdywyWtYITqsgpdWeUEoRHMSZCctL9JjR6tWCRaABAFLA ExpiresIn:7200}
2016/08/18 13:45:12 [access_token_server.go:126][I] 获取数据时间 ExpiresIn  7200
2016/08/18 13:45:12 [access_token_server.go:134][I] 获取微信accessToken 定时器获取数据AccessTokenServer &{CurrentAccessToken:0xc04227ecc0 accessTokenResult:0xc04227ed20 LiveTime:0 Times:2s json:0xc042147620}
2016/08/18 13:45:12 [access_token_server.go:136][I] 获取微信accessToken 定时器获取数据AccessTokenServer &{CurrentAccessToken:0xc04227ecc0 accessTokenResult:0xc04227ed20 LiveTime:0 Times:2s json:0xc042147620}
2016/08/18 13:45:12 [access_token_server.go:100][I] GetAndAccessTokenServer,for 循环
2016/08/18 13:45:14 [access_token_server.go:116][I] 获取微信accessToken 启动定时器时间nicker.C 0xc04227ee40
2016/08/18 13:45:14 [access_token_server.go:144][I] 链接微信服务器获取accessToken
2016/08/18 13:45:14 [access_token_server.go:152][I] 与微信服务器建立链接
2016/08/18 13:45:14 [access_token_server.go:154][I] 获取微信服务器数据：{"access_token":"PpQAahAJcEU2t-33DgpRgzuDf1XdKzNkhMCim1_QZp4cglUgOfZK0zlnf09ASFpEIr-rsqMRQkzuH6JmdlJr-BW0nRMK1GObvWJT5eihEpD0-mvVOhMKLXBvO5XYJfJvFLWaABAZFQ","expires_in":7200}
2016/08/18 13:45:14 [access_token_server.go:162][I] 获取微信服务器数据,r   &{s:{"access_token":"PpQAahAJcEU2t-33DgpRgzuDf1XdKzNkhMCim1_QZp4cglUgOfZK0zlnf09ASFpEIr-rsqMRQkzuH6JmdlJr-BW0nRMK1GObvWJT5eihEpD0-mvVOhMKLXBvO5XYJfJvFLWaABAZFQ","expires_in":7200} i:0 prevRune:-1}
2016/08/18 13:45:14 [access_token_server.go:164][I] 获取微信服务器数据,dec   &{r:0xc0420fe860 buf:[] d:{data:[] off:0 scan:{step:<nil> endTop:false parseState:[] err:<nil> redo:false redoCode:0 redoState:<nil> bytes:0} nextscan:{step:<nil> endTop:false parseState:[] err:<nil> redo:false redoCode:0 redoState:<nil> bytes:0} savedError:<nil> useNumber:false} scanp:0 scan:{step:<nil> endTop:false parseState:[] err:<nil> redo:false redoCode:0 redoState:<nil> bytes:0} err:<nil> tokenState:0 tokenStack:[]}
2016/08/18 13:45:14 [access_token_server.go:168][I] 获取微信服务器数据,解析数据：{Token:PpQAahAJcEU2t-33DgpRgzuDf1XdKzNkhMCim1_QZp4cglUgOfZK0zlnf09ASFpEIr-rsqMRQkzuH6JmdlJr-BW0nRMK1GObvWJT5eihEpD0-mvVOhMKLXBvO5XYJfJvFLWaABAZFQ ExpiresIn:7200}
2016/08/18 13:45:14 [access_token_server.go:118][I] 获取微信accessToken 定时器获取数据 错误nicker.C <nil>
2016/08/18 13:45:14 [access_token_server.go:119][I] 获取微信accessToken 定时器获取数据nicker.C &{Token:PpQAahAJcEU2t-33DgpRgzuDf1XdKzNkhMCim1_QZp4cglUgOfZK0zlnf09ASFpEIr-rsqMRQkzuH6JmdlJr-BW0nRMK1GObvWJT5eihEpD0-mvVOhMKLXBvO5XYJfJvFLWaABAZFQ ExpiresIn:7200}
2016/08/18 13:45:14 [access_token_server.go:126][I] 获取数据时间 ExpiresIn  7200
2016/08/18 13:45:14 [access_token_server.go:134][I] 获取微信accessToken 定时器获取数据AccessTokenServer &{CurrentAccessToken:0xc04227ecc0 accessTokenResult:0xc04227ed20 LiveTime:0 Times:2s json:0xc0420fe840}
2016/08/18 13:45:14 [access_token_server.go:136][I] 获取微信accessToken 定时器获取数据AccessTokenServer &{CurrentAccessToken:0xc04227ecc0 accessTokenResult:0xc04227ed20 LiveTime:0 Times:2s json:0xc0420fe840}
2016/08/18 13:45:14 [access_token_server.go:100][I] GetAndAccessTokenServer,for 循环
2016/08/18 13:45:16 [access_token_server.go:116][I] 获取微信accessToken 启动定时器时间nicker.C 0xc04227ee40
2016/08/18 13:45:16 [access_token_server.go:144][I] 链接微信服务器获取accessToken
2016/08/18 13:45:16 [access_token_server.go:152][I] 与微信服务器建立链接
2016/08/18 13:45:16 [access_token_server.go:154][I] 获取微信服务器数据：{"access_token":"PpQAahAJcEU2t-33DgpRgzuDf1XdKzNkhMCim1_QZp7OHRpUUmaq-w1qrF1aRwSZFl0G3fo4rNuZxBcw__rQNrLQt6fO89-73uOJvAAm7zwpenpLbnbRabZRFowKHA14RIRaABACTC","expires_in":7200}
2016/08/18 13:45:16 [access_token_server.go:162][I] 获取微信服务器数据,r   &{s:{"access_token":"PpQAahAJcEU2t-33DgpRgzuDf1XdKzNkhMCim1_QZp7OHRpUUmaq-w1qrF1aRwSZFl0G3fo4rNuZxBcw__rQNrLQt6fO89-73uOJvAAm7zwpenpLbnbRabZRFowKHA14RIRaABACTC","expires_in":7200} i:0 prevRune:-1}
2016/08/18 13:45:16 [access_token_server.go:164][I] 获取微信服务器数据,dec   &{r:0xc0421f5a80 buf:[] d:{data:[] off:0 scan:{step:<nil> endTop:false parseState:[] err:<nil> redo:false redoCode:0 redoState:<nil> bytes:0} nextscan:{step:<nil> endTop:false parseState:[] err:<nil> redo:false redoCode:0 redoState:<nil> bytes:0} savedError:<nil> useNumber:false} scanp:0 scan:{step:<nil> endTop:false parseState:[] err:<nil> redo:false redoCode:0 redoState:<nil> bytes:0} err:<nil> tokenState:0 tokenStack:[]}
2016/08/18 13:45:16 [access_token_server.go:168][I] 获取微信服务器数据,解析数据：{Token:PpQAahAJcEU2t-33DgpRgzuDf1XdKzNkhMCim1_QZp7OHRpUUmaq-w1qrF1aRwSZFl0G3fo4rNuZxBcw__rQNrLQt6fO89-73uOJvAAm7zwpenpLbnbRabZRFowKHA14RIRaABACTC ExpiresIn:7200}
2016/08/18 13:45:16 [access_token_server.go:118][I] 获取微信accessToken 定时器获取数据 错误nicker.C <nil>
2016/08/18 13:45:16 [access_token_server.go:119][I] 获取微信accessToken 定时器获取数据nicker.C &{Token:PpQAahAJcEU2t-33DgpRgzuDf1XdKzNkhMCim1_QZp7OHRpUUmaq-w1qrF1aRwSZFl0G3fo4rNuZxBcw__rQNrLQt6fO89-73uOJvAAm7zwpenpLbnbRabZRFowKHA14RIRaABACTC ExpiresIn:7200}
2016/08/18 13:45:16 [access_token_server.go:126][I] 获取数据时间 ExpiresIn  7200
2016/08/18 13:45:16 [access_token_server.go:134][I] 获取微信accessToken 定时器获取数据AccessTokenServer &{CurrentAccessToken:0xc04227ecc0 accessTokenResult:0xc04227ed20 LiveTime:0 Times:2s json:0xc0421f5a60}
2016/08/18 13:45:16 [access_token_server.go:136][I] 获取微信accessToken 定时器获取数据AccessTokenServer &{CurrentAccessToken:0xc04227ecc0 accessTokenResult:0xc04227ed20 LiveTime:0 Times:2s json:0xc0421f5a60}
2016/08/18 13:45:16 [access_token_server.go:100][I] GetAndAccessTokenServer,for 循环
2016/08/18 13:45:18 [access_token_server.go:116][I] 获取微信accessToken 启动定时器时间nicker.C 0xc04227ee40
2016/08/18 13:45:18 [access_token_server.go:144][I] 链接微信服务器获取accessToken
2016/08/18 13:45:18 [access_token_server.go:152][I] 与微信服务器建立链接
2016/08/18 13:45:18 [access_token_server.go:154][I] 获取微信服务器数据：{"access_token":"PpQAahAJcEU2t-33DgpRgzuDf1XdKzNkhMCim1_QZp4Pod7eWYzCRFddHnPZJSaj-ReLF8jxwUQTcTCvwgjcQFMkKxwz5t_BHIoMsup3slY66maxyAaR-SNbLkTkGS47VYMaABANQE","expires_in":7200}
2016/08/18 13:45:18 [access_token_server.go:162][I] 获取微信服务器数据,r   &{s:{"access_token":"PpQAahAJcEU2t-33DgpRgzuDf1XdKzNkhMCim1_QZp4Pod7eWYzCRFddHnPZJSaj-ReLF8jxwUQTcTCvwgjcQFMkKxwz5t_BHIoMsup3slY66maxyAaR-SNbLkTkGS47VYMaABANQE","expires_in":7200} i:0 prevRune:-1}
2016/08/18 13:45:18 [access_token_server.go:164][I] 获取微信服务器数据,dec   &{r:0xc042228960 buf:[] d:{data:[] off:0 scan:{step:<nil> endTop:false parseState:[] err:<nil> redo:false redoCode:0 redoState:<nil> bytes:0} nextscan:{step:<nil> endTop:false parseState:[] err:<nil> redo:false redoCode:0 redoState:<nil> bytes:0} savedError:<nil> useNumber:false} scanp:0 scan:{step:<nil> endTop:false parseState:[] err:<nil> redo:false redoCode:0 redoState:<nil> bytes:0} err:<nil> tokenState:0 tokenStack:[]}
2016/08/18 13:45:18 [access_token_server.go:168][I] 获取微信服务器数据,解析数据：{Token:PpQAahAJcEU2t-33DgpRgzuDf1XdKzNkhMCim1_QZp4Pod7eWYzCRFddHnPZJSaj-ReLF8jxwUQTcTCvwgjcQFMkKxwz5t_BHIoMsup3slY66maxyAaR-SNbLkTkGS47VYMaABANQE ExpiresIn:7200}
2016/08/18 13:45:18 [access_token_server.go:118][I] 获取微信accessToken 定时器获取数据 错误nicker.C <nil>
2016/08/18 13:45:18 [access_token_server.go:119][I] 获取微信accessToken 定时器获取数据nicker.C &{Token:PpQAahAJcEU2t-33DgpRgzuDf1XdKzNkhMCim1_QZp4Pod7eWYzCRFddHnPZJSaj-ReLF8jxwUQTcTCvwgjcQFMkKxwz5t_BHIoMsup3slY66maxyAaR-SNbLkTkGS47VYMaABANQE ExpiresIn:7200}
2016/08/18 13:45:18 [access_token_server.go:126][I] 获取数据时间 ExpiresIn  7200
2016/08/18 13:45:18 [access_token_server.go:134][I] 获取微信accessToken 定时器获取数据AccessTokenServer &{CurrentAccessToken:0xc04227ecc0 accessTokenResult:0xc04227ed20 LiveTime:0 Times:2s json:0xc042228940}
2016/08/18 13:45:18 [access_token_server.go:136][I] 获取微信accessToken 定时器获取数据AccessTokenServer &{CurrentAccessToken:0xc04227ecc0 accessTokenResult:0xc04227ed20 LiveTime:0 Times:2s json:0xc042228940}
2016/08/18 13:45:18 [access_token_server.go:100][I] GetAndAccessTokenServer,for 循环
2016/08/18 13:45:19 [access_token_server.go:40][I] 获取accessToken的配置
2016/08/18 13:45:19 [access_token_server.go:45][I] 获取accessToken的配置==============start===================
2016/08/18 13:45:19 [utils.go:48][I] key is access_token_url||value is https://api.weixin.qq.com/cgi-bin/token
2016/08/18 13:45:19 [utils.go:48][I] key is appID||value is wx1dc762cdfeb4ed66
2016/08/18 13:45:19 [utils.go:48][I] key is appsecret||value is a72c8ccb896f3f7ddaf45f5318035bde
2016/08/18 13:45:19 [utils.go:48][I] key is grant_type||value is client_credential
2016/08/18 13:45:19 [access_token_server.go:47][I] accessToken 配置文件信息：&{url:https://api.weixin.qq.com/cgi-bin/token aPPID:wx1dc762cdfeb4ed66 appsecret:a72c8ccb896f3f7ddaf45f5318035bde grantType:client_credential accessTokenURL:https://api.weixin.qq.com/cgi-bin/token?grant_type=client_credential&&appid=wx1dc762cdfeb4ed66&secret=a72c8ccb896f3f7ddaf45f5318035bde}
2016/08/18 13:45:19 [access_token_server.go:48][I] 获取accessToken的配置==============end===================
2016/08/18 13:45:19 [access_token_server.go:42][I] 获取accessToken的配置 &{url:https://api.weixin.qq.com/cgi-bin/token aPPID:wx1dc762cdfeb4ed66 appsecret:a72c8ccb896f3f7ddaf45f5318035bde grantType:client_credential accessTokenURL:https://api.weixin.qq.com/cgi-bin/token?grant_type=client_credential&&appid=wx1dc762cdfeb4ed66&secret=a72c8ccb896f3f7ddaf45f5318035bde}
2016/08/18 13:45:26 [WxController.go:51][I] 接受微信服务器参数：/test
2016/08/18 13:45:26 [WxController.go:52][I] test 数据
2016/08/18 13:45:26 [access_token_server.go:87][I] accessToken 获取，数据结构初始化：&{CurrentAccessToken:0xc04226acc0 accessTokenResult:0xc04226ad20 LiveTime:0 Times:2s json:<nil>}
2016/08/18 13:45:26 [access_token_server.go:88][I] accessToken 启动定时器，进行请求accessToken
2016/08/18 13:45:26 [access_token_server.go:96][I] GetAndAccessTokenServer创建定时器，进行请求accessToken
2016/08/18 13:45:26 [access_token_server.go:100][I] GetAndAccessTokenServer,for 循环
2016/08/18 13:45:28 [access_token_server.go:116][I] 获取微信accessToken 启动定时器时间nicker.C 0xc04226ae40
2016/08/18 13:45:28 [access_token_server.go:144][I] 链接微信服务器获取accessToken
2016/08/18 13:45:28 [access_token_server.go:152][I] 与微信服务器建立链接
2016/08/18 13:45:28 [access_token_server.go:154][I] 获取微信服务器数据：{"access_token":"LIDnhtC1KfF755RH2u87rQGAj1W2S1fpRYVI7D6oqu611BNK_-HoCG9-B_ntYGVS3-uM2Mkp9rdEMEqyhMtZfyouYeJgq704AuuGS8cJLhN0HVWa7HUt2FXR9BNv_hoDKEXbAAAOIB","expires_in":7200}
2016/08/18 13:45:28 [access_token_server.go:162][I] 获取微信服务器数据,r   &{s:{"access_token":"LIDnhtC1KfF755RH2u87rQGAj1W2S1fpRYVI7D6oqu611BNK_-HoCG9-B_ntYGVS3-uM2Mkp9rdEMEqyhMtZfyouYeJgq704AuuGS8cJLhN0HVWa7HUt2FXR9BNv_hoDKEXbAAAOIB","expires_in":7200} i:0 prevRune:-1}
2016/08/18 13:45:28 [access_token_server.go:164][I] 获取微信服务器数据,dec   &{r:0xc04239f8a0 buf:[] d:{data:[] off:0 scan:{step:<nil> endTop:false parseState:[] err:<nil> redo:false redoCode:0 redoState:<nil> bytes:0} nextscan:{step:<nil> endTop:false parseState:[] err:<nil> redo:false redoCode:0 redoState:<nil> bytes:0} savedError:<nil> useNumber:false} scanp:0 scan:{step:<nil> endTop:false parseState:[] err:<nil> redo:false redoCode:0 redoState:<nil> bytes:0} err:<nil> tokenState:0 tokenStack:[]}
2016/08/18 13:45:28 [access_token_server.go:168][I] 获取微信服务器数据,解析数据：{Token:LIDnhtC1KfF755RH2u87rQGAj1W2S1fpRYVI7D6oqu611BNK_-HoCG9-B_ntYGVS3-uM2Mkp9rdEMEqyhMtZfyouYeJgq704AuuGS8cJLhN0HVWa7HUt2FXR9BNv_hoDKEXbAAAOIB ExpiresIn:7200}
2016/08/18 13:45:28 [access_token_server.go:118][I] 获取微信accessToken 定时器获取数据 错误nicker.C <nil>
2016/08/18 13:45:28 [access_token_server.go:119][I] 获取微信accessToken 定时器获取数据nicker.C &{Token:LIDnhtC1KfF755RH2u87rQGAj1W2S1fpRYVI7D6oqu611BNK_-HoCG9-B_ntYGVS3-uM2Mkp9rdEMEqyhMtZfyouYeJgq704AuuGS8cJLhN0HVWa7HUt2FXR9BNv_hoDKEXbAAAOIB ExpiresIn:7200}
2016/08/18 13:45:28 [access_token_server.go:126][I] 获取数据时间 ExpiresIn  7200
2016/08/18 13:45:28 [access_token_server.go:134][I] 获取微信accessToken 定时器获取数据AccessTokenServer &{CurrentAccessToken:0xc04226acc0 accessTokenResult:0xc04226ad20 LiveTime:0 Times:2s json:0xc04239f880}
2016/08/18 13:45:28 [access_token_server.go:136][I] 获取微信accessToken 定时器获取数据AccessTokenServer &{CurrentAccessToken:0xc04226acc0 accessTokenResult:0xc04226ad20 LiveTime:0 Times:2s json:0xc04239f880}
2016/08/18 13:45:28 [access_token_server.go:100][I] GetAndAccessTokenServer,for 循环
2016/08/18 13:45:30 [access_token_server.go:116][I] 获取微信accessToken 启动定时器时间nicker.C 0xc04226ae40
2016/08/18 13:45:30 [access_token_server.go:144][I] 链接微信服务器获取accessToken
2016/08/18 13:45:30 [access_token_server.go:152][I] 与微信服务器建立链接
2016/08/18 13:45:30 [access_token_server.go:154][I] 获取微信服务器数据：{"access_token":"LIDnhtC1KfF755RH2u87rQGAj1W2S1fpRYVI7D6oqu6-eMeA7tiIBYyNOGZHpniHUc3-FGSel_t0Arp5klAgXI5sL3X-PsK3k9i2P-PfdV9mcN3UlfC4BRgVqA0V4VCHCWUbAAAMGE","expires_in":7198}
2016/08/18 13:45:30 [access_token_server.go:162][I] 获取微信服务器数据,r   &{s:{"access_token":"LIDnhtC1KfF755RH2u87rQGAj1W2S1fpRYVI7D6oqu6-eMeA7tiIBYyNOGZHpniHUc3-FGSel_t0Arp5klAgXI5sL3X-PsK3k9i2P-PfdV9mcN3UlfC4BRgVqA0V4VCHCWUbAAAMGE","expires_in":7198} i:0 prevRune:-1}
2016/08/18 13:45:30 [access_token_server.go:164][I] 获取微信服务器数据,dec   &{r:0xc0423243a0 buf:[] d:{data:[] off:0 scan:{step:<nil> endTop:false parseState:[] err:<nil> redo:false redoCode:0 redoState:<nil> bytes:0} nextscan:{step:<nil> endTop:false parseState:[] err:<nil> redo:false redoCode:0 redoState:<nil> bytes:0} savedError:<nil> useNumber:false} scanp:0 scan:{step:<nil> endTop:false parseState:[] err:<nil> redo:false redoCode:0 redoState:<nil> bytes:0} err:<nil> tokenState:0 tokenStack:[]}
2016/08/18 13:45:30 [access_token_server.go:168][I] 获取微信服务器数据,解析数据：{Token:LIDnhtC1KfF755RH2u87rQGAj1W2S1fpRYVI7D6oqu6-eMeA7tiIBYyNOGZHpniHUc3-FGSel_t0Arp5klAgXI5sL3X-PsK3k9i2P-PfdV9mcN3UlfC4BRgVqA0V4VCHCWUbAAAMGE ExpiresIn:7198}
2016/08/18 13:45:30 [access_token_server.go:118][I] 获取微信accessToken 定时器获取数据 错误nicker.C <nil>
2016/08/18 13:45:30 [access_token_server.go:119][I] 获取微信accessToken 定时器获取数据nicker.C &{Token:LIDnhtC1KfF755RH2u87rQGAj1W2S1fpRYVI7D6oqu6-eMeA7tiIBYyNOGZHpniHUc3-FGSel_t0Arp5klAgXI5sL3X-PsK3k9i2P-PfdV9mcN3UlfC4BRgVqA0V4VCHCWUbAAAMGE ExpiresIn:7198}
2016/08/18 13:45:30 [access_token_server.go:126][I] 获取数据时间 ExpiresIn  7198
2016/08/18 13:45:30 [access_token_server.go:134][I] 获取微信accessToken 定时器获取数据AccessTokenServer &{CurrentAccessToken:0xc04226acc0 accessTokenResult:0xc04226ad20 LiveTime:0 Times:2s json:0xc042324380}
2016/08/18 13:45:30 [access_token_server.go:136][I] 获取微信accessToken 定时器获取数据AccessTokenServer &{CurrentAccessToken:0xc04226acc0 accessTokenResult:0xc04226ad20 LiveTime:0 Times:2s json:0xc042324380}
2016/08/18 13:45:30 [access_token_server.go:100][I] GetAndAccessTokenServer,for 循环
2016/08/18 13:45:32 [access_token_server.go:116][I] 获取微信accessToken 启动定时器时间nicker.C 0xc04226ae40
2016/08/18 13:45:32 [access_token_server.go:144][I] 链接微信服务器获取accessToken
2016/08/18 13:45:32 [access_token_server.go:152][I] 与微信服务器建立链接
2016/08/18 13:45:32 [access_token_server.go:154][I] 获取微信服务器数据：{"access_token":"LIDnhtC1KfF755RH2u87rQGAj1W2S1fpRYVI7D6oqu7_f4kY50ePpE2xpRx8tExDVc0qY0Yezs3dMshGn66yafXQqtcdZhj0DpZO99vF1ZECLZQDlarZ3HXN3JCfbjQyNXDbAAACMS","expires_in":7196}
2016/08/18 13:45:32 [access_token_server.go:162][I] 获取微信服务器数据,r   &{s:{"access_token":"LIDnhtC1KfF755RH2u87rQGAj1W2S1fpRYVI7D6oqu7_f4kY50ePpE2xpRx8tExDVc0qY0Yezs3dMshGn66yafXQqtcdZhj0DpZO99vF1ZECLZQDlarZ3HXN3JCfbjQyNXDbAAACMS","expires_in":7196} i:0 prevRune:-1}
2016/08/18 13:45:32 [access_token_server.go:164][I] 获取微信服务器数据,dec   &{r:0xc042255d20 buf:[] d:{data:[] off:0 scan:{step:<nil> endTop:false parseState:[] err:<nil> redo:false redoCode:0 redoState:<nil> bytes:0} nextscan:{step:<nil> endTop:false parseState:[] err:<nil> redo:false redoCode:0 redoState:<nil> bytes:0} savedError:<nil> useNumber:false} scanp:0 scan:{step:<nil> endTop:false parseState:[] err:<nil> redo:false redoCode:0 redoState:<nil> bytes:0} err:<nil> tokenState:0 tokenStack:[]}
2016/08/18 13:45:32 [access_token_server.go:168][I] 获取微信服务器数据,解析数据：{Token:LIDnhtC1KfF755RH2u87rQGAj1W2S1fpRYVI7D6oqu7_f4kY50ePpE2xpRx8tExDVc0qY0Yezs3dMshGn66yafXQqtcdZhj0DpZO99vF1ZECLZQDlarZ3HXN3JCfbjQyNXDbAAACMS ExpiresIn:7196}
2016/08/18 13:45:32 [access_token_server.go:118][I] 获取微信accessToken 定时器获取数据 错误nicker.C <nil>
2016/08/18 13:45:32 [access_token_server.go:119][I] 获取微信accessToken 定时器获取数据nicker.C &{Token:LIDnhtC1KfF755RH2u87rQGAj1W2S1fpRYVI7D6oqu7_f4kY50ePpE2xpRx8tExDVc0qY0Yezs3dMshGn66yafXQqtcdZhj0DpZO99vF1ZECLZQDlarZ3HXN3JCfbjQyNXDbAAACMS ExpiresIn:7196}
2016/08/18 13:45:32 [access_token_server.go:126][I] 获取数据时间 ExpiresIn  7196
2016/08/18 13:45:32 [access_token_server.go:134][I] 获取微信accessToken 定时器获取数据AccessTokenServer &{CurrentAccessToken:0xc04226acc0 accessTokenResult:0xc04226ad20 LiveTime:0 Times:2s json:0xc042255d00}
2016/08/18 13:45:32 [access_token_server.go:136][I] 获取微信accessToken 定时器获取数据AccessTokenServer &{CurrentAccessToken:0xc04226acc0 accessTokenResult:0xc04226ad20 LiveTime:0 Times:2s json:0xc042255d00}
2016/08/18 13:45:32 [access_token_server.go:100][I] GetAndAccessTokenServer,for 循环
2016/08/18 13:45:34 [access_token_server.go:116][I] 获取微信accessToken 启动定时器时间nicker.C 0xc04226ae40
2016/08/18 13:45:34 [access_token_server.go:144][I] 链接微信服务器获取accessToken
2016/08/18 13:45:34 [access_token_server.go:152][I] 与微信服务器建立链接
2016/08/18 13:45:34 [access_token_server.go:154][I] 获取微信服务器数据：{"access_token":"LIDnhtC1KfF755RH2u87rQGAj1W2S1fpRYVI7D6oqu7UQF0OcT3r24pM1Cqtda-X9zlIQTHckWW96T9jx2SoDYrsdES2gkl_HvmhKACgfG3VV9b6EbbDW91zkYKCAuNvQACbAAAFPR","expires_in":7200}
2016/08/18 13:45:34 [access_token_server.go:162][I] 获取微信服务器数据,r   &{s:{"access_token":"LIDnhtC1KfF755RH2u87rQGAj1W2S1fpRYVI7D6oqu7UQF0OcT3r24pM1Cqtda-X9zlIQTHckWW96T9jx2SoDYrsdES2gkl_HvmhKACgfG3VV9b6EbbDW91zkYKCAuNvQACbAAAFPR","expires_in":7200} i:0 prevRune:-1}
2016/08/18 13:45:34 [access_token_server.go:164][I] 获取微信服务器数据,dec   &{r:0xc04226f6e0 buf:[] d:{data:[] off:0 scan:{step:<nil> endTop:false parseState:[] err:<nil> redo:false redoCode:0 redoState:<nil> bytes:0} nextscan:{step:<nil> endTop:false parseState:[] err:<nil> redo:false redoCode:0 redoState:<nil> bytes:0} savedError:<nil> useNumber:false} scanp:0 scan:{step:<nil> endTop:false parseState:[] err:<nil> redo:false redoCode:0 redoState:<nil> bytes:0} err:<nil> tokenState:0 tokenStack:[]}
2016/08/18 13:45:34 [access_token_server.go:168][I] 获取微信服务器数据,解析数据：{Token:LIDnhtC1KfF755RH2u87rQGAj1W2S1fpRYVI7D6oqu7UQF0OcT3r24pM1Cqtda-X9zlIQTHckWW96T9jx2SoDYrsdES2gkl_HvmhKACgfG3VV9b6EbbDW91zkYKCAuNvQACbAAAFPR ExpiresIn:7200}
2016/08/18 13:45:34 [access_token_server.go:118][I] 获取微信accessToken 定时器获取数据 错误nicker.C <nil>
2016/08/18 13:45:34 [access_token_server.go:119][I] 获取微信accessToken 定时器获取数据nicker.C &{Token:LIDnhtC1KfF755RH2u87rQGAj1W2S1fpRYVI7D6oqu7UQF0OcT3r24pM1Cqtda-X9zlIQTHckWW96T9jx2SoDYrsdES2gkl_HvmhKACgfG3VV9b6EbbDW91zkYKCAuNvQACbAAAFPR ExpiresIn:7200}
2016/08/18 13:45:34 [access_token_server.go:126][I] 获取数据时间 ExpiresIn  7200
2016/08/18 13:45:34 [access_token_server.go:134][I] 获取微信accessToken 定时器获取数据AccessTokenServer &{CurrentAccessToken:0xc04226acc0 accessTokenResult:0xc04226ad20 LiveTime:0 Times:2s json:0xc04226f6c0}
2016/08/18 13:45:34 [access_token_server.go:136][I] 获取微信accessToken 定时器获取数据AccessTokenServer &{CurrentAccessToken:0xc04226acc0 accessTokenResult:0xc04226ad20 LiveTime:0 Times:2s json:0xc04226f6c0}
2016/08/18 13:45:34 [access_token_server.go:100][I] GetAndAccessTokenServer,for 循环
2016/08/18 13:45:36 [access_token_server.go:116][I] 获取微信accessToken 启动定时器时间nicker.C 0xc04226ae40
2016/08/18 13:45:36 [access_token_server.go:144][I] 链接微信服务器获取accessToken
2016/08/18 13:45:36 [access_token_server.go:152][I] 与微信服务器建立链接
2016/08/18 13:45:36 [access_token_server.go:154][I] 获取微信服务器数据：{"access_token":"LIDnhtC1KfF755RH2u87rQGAj1W2S1fpRYVI7D6oqu4BSCGPilLt-maeJEP7EnX-B30VEYkDzALYaYi66IgwlYOaMY3oBtG9eu0JMx3oQMhKVPDl4YOc9Tlh0CkyxQ6lVPHbAAAAUM","expires_in":7200}
2016/08/18 13:45:36 [access_token_server.go:162][I] 获取微信服务器数据,r   &{s:{"access_token":"LIDnhtC1KfF755RH2u87rQGAj1W2S1fpRYVI7D6oqu4BSCGPilLt-maeJEP7EnX-B30VEYkDzALYaYi66IgwlYOaMY3oBtG9eu0JMx3oQMhKVPDl4YOc9Tlh0CkyxQ6lVPHbAAAAUM","expires_in":7200} i:0 prevRune:-1}
2016/08/18 13:45:36 [access_token_server.go:164][I] 获取微信服务器数据,dec   &{r:0xc04218f6c0 buf:[] d:{data:[] off:0 scan:{step:<nil> endTop:false parseState:[] err:<nil> redo:false redoCode:0 redoState:<nil> bytes:0} nextscan:{step:<nil> endTop:false parseState:[] err:<nil> redo:false redoCode:0 redoState:<nil> bytes:0} savedError:<nil> useNumber:false} scanp:0 scan:{step:<nil> endTop:false parseState:[] err:<nil> redo:false redoCode:0 redoState:<nil> bytes:0} err:<nil> tokenState:0 tokenStack:[]}
2016/08/18 13:45:36 [access_token_server.go:168][I] 获取微信服务器数据,解析数据：{Token:LIDnhtC1KfF755RH2u87rQGAj1W2S1fpRYVI7D6oqu4BSCGPilLt-maeJEP7EnX-B30VEYkDzALYaYi66IgwlYOaMY3oBtG9eu0JMx3oQMhKVPDl4YOc9Tlh0CkyxQ6lVPHbAAAAUM ExpiresIn:7200}
2016/08/18 13:45:36 [access_token_server.go:118][I] 获取微信accessToken 定时器获取数据 错误nicker.C <nil>
2016/08/18 13:45:36 [access_token_server.go:119][I] 获取微信accessToken 定时器获取数据nicker.C &{Token:LIDnhtC1KfF755RH2u87rQGAj1W2S1fpRYVI7D6oqu4BSCGPilLt-maeJEP7EnX-B30VEYkDzALYaYi66IgwlYOaMY3oBtG9eu0JMx3oQMhKVPDl4YOc9Tlh0CkyxQ6lVPHbAAAAUM ExpiresIn:7200}
2016/08/18 13:45:36 [access_token_server.go:126][I] 获取数据时间 ExpiresIn  7200
2016/08/18 13:45:36 [access_token_server.go:134][I] 获取微信accessToken 定时器获取数据AccessTokenServer &{CurrentAccessToken:0xc04226acc0 accessTokenResult:0xc04226ad20 LiveTime:0 Times:2s json:0xc04218f6a0}
2016/08/18 13:45:36 [access_token_server.go:136][I] 获取微信accessToken 定时器获取数据AccessTokenServer &{CurrentAccessToken:0xc04226acc0 accessTokenResult:0xc04226ad20 LiveTime:0 Times:2s json:0xc04218f6a0}
2016/08/18 13:45:36 [access_token_server.go:100][I] GetAndAccessTokenServer,for 循环
2016/08/18 13:45:38 [access_token_server.go:116][I] 获取微信accessToken 启动定时器时间nicker.C 0xc04226ae40
2016/08/18 13:45:38 [access_token_server.go:144][I] 链接微信服务器获取accessToken
2016/08/18 13:45:38 [access_token_server.go:152][I] 与微信服务器建立链接
2016/08/18 13:45:38 [access_token_server.go:154][I] 获取微信服务器数据：{"access_token":"LIDnhtC1KfF755RH2u87rQGAj1W2S1fpRYVI7D6oqu68fVO71e8AMXCydvlY-8YpUf597fP12V7Cv9TLwCUf7SsG3_maAtpyRBWODy9URx06eHwwqL_s-Zxwr4jicwgYCTAbAAAYPW","expires_in":7200}
2016/08/18 13:45:38 [access_token_server.go:162][I] 获取微信服务器数据,r   &{s:{"access_token":"LIDnhtC1KfF755RH2u87rQGAj1W2S1fpRYVI7D6oqu68fVO71e8AMXCydvlY-8YpUf597fP12V7Cv9TLwCUf7SsG3_maAtpyRBWODy9URx06eHwwqL_s-Zxwr4jicwgYCTAbAAAYPW","expires_in":7200} i:0 prevRune:-1}
2016/08/18 13:45:38 [access_token_server.go:164][I] 获取微信服务器数据,dec   &{r:0xc04239eb20 buf:[] d:{data:[] off:0 scan:{step:<nil> endTop:false parseState:[] err:<nil> redo:false redoCode:0 redoState:<nil> bytes:0} nextscan:{step:<nil> endTop:false parseState:[] err:<nil> redo:false redoCode:0 redoState:<nil> bytes:0} savedError:<nil> useNumber:false} scanp:0 scan:{step:<nil> endTop:false parseState:[] err:<nil> redo:false redoCode:0 redoState:<nil> bytes:0} err:<nil> tokenState:0 tokenStack:[]}
2016/08/18 13:45:38 [access_token_server.go:168][I] 获取微信服务器数据,解析数据：{Token:LIDnhtC1KfF755RH2u87rQGAj1W2S1fpRYVI7D6oqu68fVO71e8AMXCydvlY-8YpUf597fP12V7Cv9TLwCUf7SsG3_maAtpyRBWODy9URx06eHwwqL_s-Zxwr4jicwgYCTAbAAAYPW ExpiresIn:7200}
2016/08/18 13:45:38 [access_token_server.go:118][I] 获取微信accessToken 定时器获取数据 错误nicker.C <nil>
2016/08/18 13:45:38 [access_token_server.go:119][I] 获取微信accessToken 定时器获取数据nicker.C &{Token:LIDnhtC1KfF755RH2u87rQGAj1W2S1fpRYVI7D6oqu68fVO71e8AMXCydvlY-8YpUf597fP12V7Cv9TLwCUf7SsG3_maAtpyRBWODy9URx06eHwwqL_s-Zxwr4jicwgYCTAbAAAYPW ExpiresIn:7200}
2016/08/18 13:45:38 [access_token_server.go:126][I] 获取数据时间 ExpiresIn  7200
2016/08/18 13:45:38 [access_token_server.go:134][I] 获取微信accessToken 定时器获取数据AccessTokenServer &{CurrentAccessToken:0xc04226acc0 accessTokenResult:0xc04226ad20 LiveTime:0 Times:2s json:0xc04239eae0}
2016/08/18 13:45:38 [access_token_server.go:136][I] 获取微信accessToken 定时器获取数据AccessTokenServer &{CurrentAccessToken:0xc04226acc0 accessTokenResult:0xc04226ad20 LiveTime:0 Times:2s json:0xc04239eae0}
2016/08/18 13:45:38 [access_token_server.go:100][I] GetAndAccessTokenServer,for 循环
2016/08/18 13:45:40 [access_token_server.go:116][I] 获取微信accessToken 启动定时器时间nicker.C 0xc04226ae40
2016/08/18 13:45:40 [access_token_server.go:144][I] 链接微信服务器获取accessToken
2016/08/18 13:45:40 [access_token_server.go:152][I] 与微信服务器建立链接
2016/08/18 13:45:40 [access_token_server.go:154][I] 获取微信服务器数据：{"access_token":"LIDnhtC1KfF755RH2u87rQGAj1W2S1fpRYVI7D6oqu5CIoDEYU1bYDbHNTMy9xsQOhfg3T-lymiOJL_QLmgkbMViIMiGTnnbo7zVXD3JtnE_qfLNbdDiJmI3nVDtNAiGTEFbAAAOZA","expires_in":7200}
2016/08/18 13:45:40 [access_token_server.go:162][I] 获取微信服务器数据,r   &{s:{"access_token":"LIDnhtC1KfF755RH2u87rQGAj1W2S1fpRYVI7D6oqu5CIoDEYU1bYDbHNTMy9xsQOhfg3T-lymiOJL_QLmgkbMViIMiGTnnbo7zVXD3JtnE_qfLNbdDiJmI3nVDtNAiGTEFbAAAOZA","expires_in":7200} i:0 prevRune:-1}
2016/08/18 13:45:40 [access_token_server.go:164][I] 获取微信服务器数据,dec   &{r:0xc042162240 buf:[] d:{data:[] off:0 scan:{step:<nil> endTop:false parseState:[] err:<nil> redo:false redoCode:0 redoState:<nil> bytes:0} nextscan:{step:<nil> endTop:false parseState:[] err:<nil> redo:false redoCode:0 redoState:<nil> bytes:0} savedError:<nil> useNumber:false} scanp:0 scan:{step:<nil> endTop:false parseState:[] err:<nil> redo:false redoCode:0 redoState:<nil> bytes:0} err:<nil> tokenState:0 tokenStack:[]}
2016/08/18 13:45:40 [access_token_server.go:168][I] 获取微信服务器数据,解析数据：{Token:LIDnhtC1KfF755RH2u87rQGAj1W2S1fpRYVI7D6oqu5CIoDEYU1bYDbHNTMy9xsQOhfg3T-lymiOJL_QLmgkbMViIMiGTnnbo7zVXD3JtnE_qfLNbdDiJmI3nVDtNAiGTEFbAAAOZA ExpiresIn:7200}
2016/08/18 13:45:40 [access_token_server.go:118][I] 获取微信accessToken 定时器获取数据 错误nicker.C <nil>
2016/08/18 13:45:40 [access_token_server.go:119][I] 获取微信accessToken 定时器获取数据nicker.C &{Token:LIDnhtC1KfF755RH2u87rQGAj1W2S1fpRYVI7D6oqu5CIoDEYU1bYDbHNTMy9xsQOhfg3T-lymiOJL_QLmgkbMViIMiGTnnbo7zVXD3JtnE_qfLNbdDiJmI3nVDtNAiGTEFbAAAOZA ExpiresIn:7200}
2016/08/18 13:45:40 [access_token_server.go:126][I] 获取数据时间 ExpiresIn  7200
2016/08/18 13:45:40 [access_token_server.go:134][I] 获取微信accessToken 定时器获取数据AccessTokenServer &{CurrentAccessToken:0xc04226acc0 accessTokenResult:0xc04226ad20 LiveTime:0 Times:2s json:0xc042162220}
2016/08/18 13:45:40 [access_token_server.go:136][I] 获取微信accessToken 定时器获取数据AccessTokenServer &{CurrentAccessToken:0xc04226acc0 accessTokenResult:0xc04226ad20 LiveTime:0 Times:2s json:0xc042162220}
2016/08/18 13:45:40 [access_token_server.go:100][I] GetAndAccessTokenServer,for 循环
2016/08/18 13:45:42 [access_token_server.go:116][I] 获取微信accessToken 启动定时器时间nicker.C 0xc04226ae40
2016/08/18 13:45:42 [access_token_server.go:144][I] 链接微信服务器获取accessToken
2016/08/18 13:45:42 [access_token_server.go:152][I] 与微信服务器建立链接
2016/08/18 13:45:42 [access_token_server.go:154][I] 获取微信服务器数据：{"access_token":"LIDnhtC1KfF755RH2u87rQGAj1W2S1fpRYVI7D6oqu7LDBVp0bersvhpM9ICygjPWU9bdrSPcByX4UY8Y15EP58n3_VxysSGixcd2Z8Tjcv8l7mmTH56nA2R03ZlBcQuSIAbAAAAQI","expires_in":7200}
2016/08/18 13:45:42 [access_token_server.go:162][I] 获取微信服务器数据,r   &{s:{"access_token":"LIDnhtC1KfF755RH2u87rQGAj1W2S1fpRYVI7D6oqu7LDBVp0bersvhpM9ICygjPWU9bdrSPcByX4UY8Y15EP58n3_VxysSGixcd2Z8Tjcv8l7mmTH56nA2R03ZlBcQuSIAbAAAAQI","expires_in":7200} i:0 prevRune:-1}
2016/08/18 13:45:42 [access_token_server.go:164][I] 获取微信服务器数据,dec   &{r:0xc0420ec180 buf:[] d:{data:[] off:0 scan:{step:<nil> endTop:false parseState:[] err:<nil> redo:false redoCode:0 redoState:<nil> bytes:0} nextscan:{step:<nil> endTop:false parseState:[] err:<nil> redo:false redoCode:0 redoState:<nil> bytes:0} savedError:<nil> useNumber:false} scanp:0 scan:{step:<nil> endTop:false parseState:[] err:<nil> redo:false redoCode:0 redoState:<nil> bytes:0} err:<nil> tokenState:0 tokenStack:[]}
2016/08/18 13:45:42 [access_token_server.go:168][I] 获取微信服务器数据,解析数据：{Token:LIDnhtC1KfF755RH2u87rQGAj1W2S1fpRYVI7D6oqu7LDBVp0bersvhpM9ICygjPWU9bdrSPcByX4UY8Y15EP58n3_VxysSGixcd2Z8Tjcv8l7mmTH56nA2R03ZlBcQuSIAbAAAAQI ExpiresIn:7200}
2016/08/18 13:45:42 [access_token_server.go:118][I] 获取微信accessToken 定时器获取数据 错误nicker.C <nil>
2016/08/18 13:45:42 [access_token_server.go:119][I] 获取微信accessToken 定时器获取数据nicker.C &{Token:LIDnhtC1KfF755RH2u87rQGAj1W2S1fpRYVI7D6oqu7LDBVp0bersvhpM9ICygjPWU9bdrSPcByX4UY8Y15EP58n3_VxysSGixcd2Z8Tjcv8l7mmTH56nA2R03ZlBcQuSIAbAAAAQI ExpiresIn:7200}
2016/08/18 13:45:42 [access_token_server.go:126][I] 获取数据时间 ExpiresIn  7200
2016/08/18 13:45:42 [access_token_server.go:134][I] 获取微信accessToken 定时器获取数据AccessTokenServer &{CurrentAccessToken:0xc04226acc0 accessTokenResult:0xc04226ad20 LiveTime:0 Times:2s json:0xc0420ec160}
2016/08/18 13:45:42 [access_token_server.go:136][I] 获取微信accessToken 定时器获取数据AccessTokenServer &{CurrentAccessToken:0xc04226acc0 accessTokenResult:0xc04226ad20 LiveTime:0 Times:2s json:0xc0420ec160}
2016/08/18 13:45:42 [access_token_server.go:100][I] GetAndAccessTokenServer,for 循环
2016/08/18 13:45:44 [access_token_server.go:116][I] 获取微信accessToken 启动定时器时间nicker.C 0xc04226ae40
2016/08/18 13:45:44 [access_token_server.go:144][I] 链接微信服务器获取accessToken
2016/08/18 13:45:44 [access_token_server.go:152][I] 与微信服务器建立链接
2016/08/18 13:45:44 [access_token_server.go:154][I] 获取微信服务器数据：{"access_token":"LIDnhtC1KfF755RH2u87rQGAj1W2S1fpRYVI7D6oqu5aX8VfOU605K8KU1BHa1_-4CEzaRPLQMjo6FFxZG8zLIXH-1ZnOq7ftqWKsbTQotUD4WWKEpaDiqnCQJxcFh0FOQEbAAASUI","expires_in":7200}
2016/08/18 13:45:44 [access_token_server.go:162][I] 获取微信服务器数据,r   &{s:{"access_token":"LIDnhtC1KfF755RH2u87rQGAj1W2S1fpRYVI7D6oqu5aX8VfOU605K8KU1BHa1_-4CEzaRPLQMjo6FFxZG8zLIXH-1ZnOq7ftqWKsbTQotUD4WWKEpaDiqnCQJxcFh0FOQEbAAASUI","expires_in":7200} i:0 prevRune:-1}
2016/08/18 13:45:44 [access_token_server.go:164][I] 获取微信服务器数据,dec   &{r:0xc04240b3a0 buf:[] d:{data:[] off:0 scan:{step:<nil> endTop:false parseState:[] err:<nil> redo:false redoCode:0 redoState:<nil> bytes:0} nextscan:{step:<nil> endTop:false parseState:[] err:<nil> redo:false redoCode:0 redoState:<nil> bytes:0} savedError:<nil> useNumber:false} scanp:0 scan:{step:<nil> endTop:false parseState:[] err:<nil> redo:false redoCode:0 redoState:<nil> bytes:0} err:<nil> tokenState:0 tokenStack:[]}
2016/08/18 13:45:44 [access_token_server.go:168][I] 获取微信服务器数据,解析数据：{Token:LIDnhtC1KfF755RH2u87rQGAj1W2S1fpRYVI7D6oqu5aX8VfOU605K8KU1BHa1_-4CEzaRPLQMjo6FFxZG8zLIXH-1ZnOq7ftqWKsbTQotUD4WWKEpaDiqnCQJxcFh0FOQEbAAASUI ExpiresIn:7200}
2016/08/18 13:45:44 [access_token_server.go:118][I] 获取微信accessToken 定时器获取数据 错误nicker.C <nil>
2016/08/18 13:45:44 [access_token_server.go:119][I] 获取微信accessToken 定时器获取数据nicker.C &{Token:LIDnhtC1KfF755RH2u87rQGAj1W2S1fpRYVI7D6oqu5aX8VfOU605K8KU1BHa1_-4CEzaRPLQMjo6FFxZG8zLIXH-1ZnOq7ftqWKsbTQotUD4WWKEpaDiqnCQJxcFh0FOQEbAAASUI ExpiresIn:7200}
2016/08/18 13:45:44 [access_token_server.go:126][I] 获取数据时间 ExpiresIn  7200
2016/08/18 13:45:44 [access_token_server.go:134][I] 获取微信accessToken 定时器获取数据AccessTokenServer &{CurrentAccessToken:0xc04226acc0 accessTokenResult:0xc04226ad20 LiveTime:0 Times:2s json:0xc04240b380}
2016/08/18 13:45:44 [access_token_server.go:136][I] 获取微信accessToken 定时器获取数据AccessTokenServer &{CurrentAccessToken:0xc04226acc0 accessTokenResult:0xc04226ad20 LiveTime:0 Times:2s json:0xc04240b380}
2016/08/18 13:45:44 [access_token_server.go:100][I] GetAndAccessTokenServer,for 循环
2016/08/18 13:45:46 [access_token_server.go:116][I] 获取微信accessToken 启动定时器时间nicker.C 0xc04226ae40
2016/08/18 13:45:46 [access_token_server.go:144][I] 链接微信服务器获取accessToken
2016/08/18 13:45:46 [access_token_server.go:152][I] 与微信服务器建立链接
2016/08/18 13:45:46 [access_token_server.go:154][I] 获取微信服务器数据：{"access_token":"LIDnhtC1KfF755RH2u87rQGAj1W2S1fpRYVI7D6oqu4Ray7jNo1-H0D26JKT55bJ0NpcNv3bMc_knCWvNHt4OJDScAHUMJ5tCmr9FdV8v3-QkFA83PuDPN2V-hh0c5Y0HQMbAAAAJF","expires_in":7200}
2016/08/18 13:45:46 [access_token_server.go:162][I] 获取微信服务器数据,r   &{s:{"access_token":"LIDnhtC1KfF755RH2u87rQGAj1W2S1fpRYVI7D6oqu4Ray7jNo1-H0D26JKT55bJ0NpcNv3bMc_knCWvNHt4OJDScAHUMJ5tCmr9FdV8v3-QkFA83PuDPN2V-hh0c5Y0HQMbAAAAJF","expires_in":7200} i:0 prevRune:-1}
2016/08/18 13:45:46 [access_token_server.go:164][I] 获取微信服务器数据,dec   &{r:0xc04242e3e0 buf:[] d:{data:[] off:0 scan:{step:<nil> endTop:false parseState:[] err:<nil> redo:false redoCode:0 redoState:<nil> bytes:0} nextscan:{step:<nil> endTop:false parseState:[] err:<nil> redo:false redoCode:0 redoState:<nil> bytes:0} savedError:<nil> useNumber:false} scanp:0 scan:{step:<nil> endTop:false parseState:[] err:<nil> redo:false redoCode:0 redoState:<nil> bytes:0} err:<nil> tokenState:0 tokenStack:[]}
2016/08/18 13:45:46 [access_token_server.go:168][I] 获取微信服务器数据,解析数据：{Token:LIDnhtC1KfF755RH2u87rQGAj1W2S1fpRYVI7D6oqu4Ray7jNo1-H0D26JKT55bJ0NpcNv3bMc_knCWvNHt4OJDScAHUMJ5tCmr9FdV8v3-QkFA83PuDPN2V-hh0c5Y0HQMbAAAAJF ExpiresIn:7200}
2016/08/18 13:45:46 [access_token_server.go:118][I] 获取微信accessToken 定时器获取数据 错误nicker.C <nil>
2016/08/18 13:45:46 [access_token_server.go:119][I] 获取微信accessToken 定时器获取数据nicker.C &{Token:LIDnhtC1KfF755RH2u87rQGAj1W2S1fpRYVI7D6oqu4Ray7jNo1-H0D26JKT55bJ0NpcNv3bMc_knCWvNHt4OJDScAHUMJ5tCmr9FdV8v3-QkFA83PuDPN2V-hh0c5Y0HQMbAAAAJF ExpiresIn:7200}
2016/08/18 13:45:46 [access_token_server.go:126][I] 获取数据时间 ExpiresIn  7200
2016/08/18 13:45:46 [access_token_server.go:134][I] 获取微信accessToken 定时器获取数据AccessTokenServer &{CurrentAccessToken:0xc04226acc0 accessTokenResult:0xc04226ad20 LiveTime:0 Times:2s json:0xc04242e3c0}
2016/08/18 13:45:46 [access_token_server.go:136][I] 获取微信accessToken 定时器获取数据AccessTokenServer &{CurrentAccessToken:0xc04226acc0 accessTokenResult:0xc04226ad20 LiveTime:0 Times:2s json:0xc04242e3c0}
2016/08/18 13:45:46 [access_token_server.go:100][I] GetAndAccessTokenServer,for 循环
2016/08/18 13:45:48 [access_token_server.go:116][I] 获取微信accessToken 启动定时器时间nicker.C 0xc04226ae40
2016/08/18 13:45:48 [access_token_server.go:144][I] 链接微信服务器获取accessToken
2016/08/18 13:45:48 [access_token_server.go:152][I] 与微信服务器建立链接
2016/08/18 13:45:48 [access_token_server.go:154][I] 获取微信服务器数据：{"access_token":"nDo-nAvUir1MxS0STl-rhZaOvfo4JOwuALdsnU51egXFiKVQyYMLlO6Od45UnhLJ9FQFdboKq493nUGu1MNKXRsDEqu34GQjRQMdhABeXt8Grv1fm7KyHxs5Q-Xblvq9KYOjACAXLB","expires_in":7200}
2016/08/18 13:45:48 [access_token_server.go:162][I] 获取微信服务器数据,r   &{s:{"access_token":"nDo-nAvUir1MxS0STl-rhZaOvfo4JOwuALdsnU51egXFiKVQyYMLlO6Od45UnhLJ9FQFdboKq493nUGu1MNKXRsDEqu34GQjRQMdhABeXt8Grv1fm7KyHxs5Q-Xblvq9KYOjACAXLB","expires_in":7200} i:0 prevRune:-1}
2016/08/18 13:45:48 [access_token_server.go:164][I] 获取微信服务器数据,dec   &{r:0xc0421c5200 buf:[] d:{data:[] off:0 scan:{step:<nil> endTop:false parseState:[] err:<nil> redo:false redoCode:0 redoState:<nil> bytes:0} nextscan:{step:<nil> endTop:false parseState:[] err:<nil> redo:false redoCode:0 redoState:<nil> bytes:0} savedError:<nil> useNumber:false} scanp:0 scan:{step:<nil> endTop:false parseState:[] err:<nil> redo:false redoCode:0 redoState:<nil> bytes:0} err:<nil> tokenState:0 tokenStack:[]}
2016/08/18 13:45:48 [access_token_server.go:168][I] 获取微信服务器数据,解析数据：{Token:nDo-nAvUir1MxS0STl-rhZaOvfo4JOwuALdsnU51egXFiKVQyYMLlO6Od45UnhLJ9FQFdboKq493nUGu1MNKXRsDEqu34GQjRQMdhABeXt8Grv1fm7KyHxs5Q-Xblvq9KYOjACAXLB ExpiresIn:7200}
2016/08/18 13:45:48 [access_token_server.go:118][I] 获取微信accessToken 定时器获取数据 错误nicker.C <nil>
2016/08/18 13:45:48 [access_token_server.go:119][I] 获取微信accessToken 定时器获取数据nicker.C &{Token:nDo-nAvUir1MxS0STl-rhZaOvfo4JOwuALdsnU51egXFiKVQyYMLlO6Od45UnhLJ9FQFdboKq493nUGu1MNKXRsDEqu34GQjRQMdhABeXt8Grv1fm7KyHxs5Q-Xblvq9KYOjACAXLB ExpiresIn:7200}
2016/08/18 13:45:48 [access_token_server.go:126][I] 获取数据时间 ExpiresIn  7200
2016/08/18 13:45:48 [access_token_server.go:134][I] 获取微信accessToken 定时器获取数据AccessTokenServer &{CurrentAccessToken:0xc04226acc0 accessTokenResult:0xc04226ad20 LiveTime:0 Times:2s json:0xc0421c51e0}
2016/08/18 13:45:48 [access_token_server.go:136][I] 获取微信accessToken 定时器获取数据AccessTokenServer &{CurrentAccessToken:0xc04226acc0 accessTokenResult:0xc04226ad20 LiveTime:0 Times:2s json:0xc0421c51e0}
2016/08/18 13:45:48 [access_token_server.go:100][I] GetAndAccessTokenServer,for 循环
2016/08/18 13:45:50 [access_token_server.go:116][I] 获取微信accessToken 启动定时器时间nicker.C 0xc04226ae40
2016/08/18 13:45:50 [access_token_server.go:144][I] 链接微信服务器获取accessToken
2016/08/18 13:45:50 [access_token_server.go:152][I] 与微信服务器建立链接
2016/08/18 13:45:50 [access_token_server.go:154][I] 获取微信服务器数据：{"access_token":"nDo-nAvUir1MxS0STl-rhZaOvfo4JOwuALdsnU51egUQwYqKo0Y_E86hsduv7VExT49P7KcUx3rTPoy2QFJPwHKAA9jtDv7gUo66ubfs45JDfr8VXdsi7xKQf7lBXSA9OCIjACAJXD","expires_in":7198}
2016/08/18 13:45:50 [access_token_server.go:162][I] 获取微信服务器数据,r   &{s:{"access_token":"nDo-nAvUir1MxS0STl-rhZaOvfo4JOwuALdsnU51egUQwYqKo0Y_E86hsduv7VExT49P7KcUx3rTPoy2QFJPwHKAA9jtDv7gUo66ubfs45JDfr8VXdsi7xKQf7lBXSA9OCIjACAJXD","expires_in":7198} i:0 prevRune:-1}
2016/08/18 13:45:50 [access_token_server.go:164][I] 获取微信服务器数据,dec   &{r:0xc0421c5520 buf:[] d:{data:[] off:0 scan:{step:<nil> endTop:false parseState:[] err:<nil> redo:false redoCode:0 redoState:<nil> bytes:0} nextscan:{step:<nil> endTop:false parseState:[] err:<nil> redo:false redoCode:0 redoState:<nil> bytes:0} savedError:<nil> useNumber:false} scanp:0 scan:{step:<nil> endTop:false parseState:[] err:<nil> redo:false redoCode:0 redoState:<nil> bytes:0} err:<nil> tokenState:0 tokenStack:[]}
2016/08/18 13:45:50 [access_token_server.go:168][I] 获取微信服务器数据,解析数据：{Token:nDo-nAvUir1MxS0STl-rhZaOvfo4JOwuALdsnU51egUQwYqKo0Y_E86hsduv7VExT49P7KcUx3rTPoy2QFJPwHKAA9jtDv7gUo66ubfs45JDfr8VXdsi7xKQf7lBXSA9OCIjACAJXD ExpiresIn:7198}
2016/08/18 13:45:50 [access_token_server.go:118][I] 获取微信accessToken 定时器获取数据 错误nicker.C <nil>
2016/08/18 13:45:50 [access_token_server.go:119][I] 获取微信accessToken 定时器获取数据nicker.C &{Token:nDo-nAvUir1MxS0STl-rhZaOvfo4JOwuALdsnU51egUQwYqKo0Y_E86hsduv7VExT49P7KcUx3rTPoy2QFJPwHKAA9jtDv7gUo66ubfs45JDfr8VXdsi7xKQf7lBXSA9OCIjACAJXD ExpiresIn:7198}
2016/08/18 13:45:50 [access_token_server.go:126][I] 获取数据时间 ExpiresIn  7198
2016/08/18 13:45:50 [access_token_server.go:134][I] 获取微信accessToken 定时器获取数据AccessTokenServer &{CurrentAccessToken:0xc04226acc0 accessTokenResult:0xc04226ad20 LiveTime:0 Times:2s json:0xc0421c5500}
2016/08/18 13:45:50 [access_token_server.go:136][I] 获取微信accessToken 定时器获取数据AccessTokenServer &{CurrentAccessToken:0xc04226acc0 accessTokenResult:0xc04226ad20 LiveTime:0 Times:2s json:0xc0421c5500}
2016/08/18 13:45:50 [access_token_server.go:100][I] GetAndAccessTokenServer,for 循环
2016/08/18 13:45:52 [access_token_server.go:116][I] 获取微信accessToken 启动定时器时间nicker.C 0xc04226ae40
2016/08/18 13:45:52 [access_token_server.go:144][I] 链接微信服务器获取accessToken
2016/08/18 13:45:52 [access_token_server.go:152][I] 与微信服务器建立链接
2016/08/18 13:45:52 [access_token_server.go:154][I] 获取微信服务器数据：{"access_token":"nDo-nAvUir1MxS0STl-rhZaOvfo4JOwuALdsnU51egXartdppc0-XMWvN1n-tG_g1IK0mU3P9mS0q5h3T2m6Lvc4ewmuoXVA0jXNR9qgcclCv2iDqxM6au6Fetdld-CJIUHjACALXK","expires_in":7196}
2016/08/18 13:45:52 [access_token_server.go:162][I] 获取微信服务器数据,r   &{s:{"access_token":"nDo-nAvUir1MxS0STl-rhZaOvfo4JOwuALdsnU51egXartdppc0-XMWvN1n-tG_g1IK0mU3P9mS0q5h3T2m6Lvc4ewmuoXVA0jXNR9qgcclCv2iDqxM6au6Fetdld-CJIUHjACALXK","expires_in":7196} i:0 prevRune:-1}
2016/08/18 13:45:52 [access_token_server.go:164][I] 获取微信服务器数据,dec   &{r:0xc042471560 buf:[] d:{data:[] off:0 scan:{step:<nil> endTop:false parseState:[] err:<nil> redo:false redoCode:0 redoState:<nil> bytes:0} nextscan:{step:<nil> endTop:false parseState:[] err:<nil> redo:false redoCode:0 redoState:<nil> bytes:0} savedError:<nil> useNumber:false} scanp:0 scan:{step:<nil> endTop:false parseState:[] err:<nil> redo:false redoCode:0 redoState:<nil> bytes:0} err:<nil> tokenState:0 tokenStack:[]}
2016/08/18 13:45:52 [access_token_server.go:168][I] 获取微信服务器数据,解析数据：{Token:nDo-nAvUir1MxS0STl-rhZaOvfo4JOwuALdsnU51egXartdppc0-XMWvN1n-tG_g1IK0mU3P9mS0q5h3T2m6Lvc4ewmuoXVA0jXNR9qgcclCv2iDqxM6au6Fetdld-CJIUHjACALXK ExpiresIn:7196}
2016/08/18 13:45:52 [access_token_server.go:118][I] 获取微信accessToken 定时器获取数据 错误nicker.C <nil>
2016/08/18 13:45:52 [access_token_server.go:119][I] 获取微信accessToken 定时器获取数据nicker.C &{Token:nDo-nAvUir1MxS0STl-rhZaOvfo4JOwuALdsnU51egXartdppc0-XMWvN1n-tG_g1IK0mU3P9mS0q5h3T2m6Lvc4ewmuoXVA0jXNR9qgcclCv2iDqxM6au6Fetdld-CJIUHjACALXK ExpiresIn:7196}
2016/08/18 13:45:52 [access_token_server.go:126][I] 获取数据时间 ExpiresIn  7196
2016/08/18 13:45:52 [access_token_server.go:134][I] 获取微信accessToken 定时器获取数据AccessTokenServer &{CurrentAccessToken:0xc04226acc0 accessTokenResult:0xc04226ad20 LiveTime:0 Times:2s json:0xc042471540}
2016/08/18 13:45:52 [access_token_server.go:136][I] 获取微信accessToken 定时器获取数据AccessTokenServer &{CurrentAccessToken:0xc04226acc0 accessTokenResult:0xc04226ad20 LiveTime:0 Times:2s json:0xc042471540}
2016/08/18 13:45:52 [access_token_server.go:100][I] GetAndAccessTokenServer,for 循环
2016/08/18 13:45:54 [access_token_server.go:116][I] 获取微信accessToken 启动定时器时间nicker.C 0xc04226ae40
2016/08/18 13:45:54 [access_token_server.go:144][I] 链接微信服务器获取accessToken
2016/08/18 13:45:54 [access_token_server.go:152][I] 与微信服务器建立链接
2016/08/18 13:45:54 [access_token_server.go:154][I] 获取微信服务器数据：{"access_token":"nDo-nAvUir1MxS0STl-rhZaOvfo4JOwuALdsnU51egWTUwtQ2rT-9LR9IO9Ty5fT0mPuk6e2YFzlb8PYDQgFUeP5DV79ZCK7FVR_RmMTbW7S2NIiFs6ZzwgviZqci4lLLKJjACAQPO","expires_in":7200}
2016/08/18 13:45:54 [access_token_server.go:162][I] 获取微信服务器数据,r   &{s:{"access_token":"nDo-nAvUir1MxS0STl-rhZaOvfo4JOwuALdsnU51egWTUwtQ2rT-9LR9IO9Ty5fT0mPuk6e2YFzlb8PYDQgFUeP5DV79ZCK7FVR_RmMTbW7S2NIiFs6ZzwgviZqci4lLLKJjACAQPO","expires_in":7200} i:0 prevRune:-1}
2016/08/18 13:45:54 [access_token_server.go:164][I] 获取微信服务器数据,dec   &{r:0xc0421c58e0 buf:[] d:{data:[] off:0 scan:{step:<nil> endTop:false parseState:[] err:<nil> redo:false redoCode:0 redoState:<nil> bytes:0} nextscan:{step:<nil> endTop:false parseState:[] err:<nil> redo:false redoCode:0 redoState:<nil> bytes:0} savedError:<nil> useNumber:false} scanp:0 scan:{step:<nil> endTop:false parseState:[] err:<nil> redo:false redoCode:0 redoState:<nil> bytes:0} err:<nil> tokenState:0 tokenStack:[]}
2016/08/18 13:45:54 [access_token_server.go:168][I] 获取微信服务器数据,解析数据：{Token:nDo-nAvUir1MxS0STl-rhZaOvfo4JOwuALdsnU51egWTUwtQ2rT-9LR9IO9Ty5fT0mPuk6e2YFzlb8PYDQgFUeP5DV79ZCK7FVR_RmMTbW7S2NIiFs6ZzwgviZqci4lLLKJjACAQPO ExpiresIn:7200}
2016/08/18 13:45:54 [access_token_server.go:118][I] 获取微信accessToken 定时器获取数据 错误nicker.C <nil>
2016/08/18 13:45:54 [access_token_server.go:119][I] 获取微信accessToken 定时器获取数据nicker.C &{Token:nDo-nAvUir1MxS0STl-rhZaOvfo4JOwuALdsnU51egWTUwtQ2rT-9LR9IO9Ty5fT0mPuk6e2YFzlb8PYDQgFUeP5DV79ZCK7FVR_RmMTbW7S2NIiFs6ZzwgviZqci4lLLKJjACAQPO ExpiresIn:7200}
2016/08/18 13:45:54 [access_token_server.go:126][I] 获取数据时间 ExpiresIn  7200
2016/08/18 13:45:54 [access_token_server.go:134][I] 获取微信accessToken 定时器获取数据AccessTokenServer &{CurrentAccessToken:0xc04226acc0 accessTokenResult:0xc04226ad20 LiveTime:0 Times:2s json:0xc0421c58c0}
2016/08/18 13:45:54 [access_token_server.go:136][I] 获取微信accessToken 定时器获取数据AccessTokenServer &{CurrentAccessToken:0xc04226acc0 accessTokenResult:0xc04226ad20 LiveTime:0 Times:2s json:0xc0421c58c0}
2016/08/18 13:45:54 [access_token_server.go:100][I] GetAndAccessTokenServer,for 循环
2016/08/18 13:45:56 [access_token_server.go:116][I] 获取微信accessToken 启动定时器时间nicker.C 0xc04226ae40
2016/08/18 13:45:56 [access_token_server.go:144][I] 链接微信服务器获取accessToken
2016/08/18 13:45:56 [access_token_server.go:152][I] 与微信服务器建立链接
2016/08/18 13:45:56 [access_token_server.go:154][I] 获取微信服务器数据：{"access_token":"nDo-nAvUir1MxS0STl-rhZaOvfo4JOwuALdsnU51egU0-AZ210eMlEmKNd6RhWPlcLadtbmIUgot3Nrvsyv6aeP0gs84GwLt--1AswdfCroEMg1brkllMxhhd-C_smlnHKUjACAPSC","expires_in":7200}
2016/08/18 13:45:56 [access_token_server.go:162][I] 获取微信服务器数据,r   &{s:{"access_token":"nDo-nAvUir1MxS0STl-rhZaOvfo4JOwuALdsnU51egU0-AZ210eMlEmKNd6RhWPlcLadtbmIUgot3Nrvsyv6aeP0gs84GwLt--1AswdfCroEMg1brkllMxhhd-C_smlnHKUjACAPSC","expires_in":7200} i:0 prevRune:-1}
2016/08/18 13:45:56 [access_token_server.go:164][I] 获取微信服务器数据,dec   &{r:0xc04246a0c0 buf:[] d:{data:[] off:0 scan:{step:<nil> endTop:false parseState:[] err:<nil> redo:false redoCode:0 redoState:<nil> bytes:0} nextscan:{step:<nil> endTop:false parseState:[] err:<nil> redo:false redoCode:0 redoState:<nil> bytes:0} savedError:<nil> useNumber:false} scanp:0 scan:{step:<nil> endTop:false parseState:[] err:<nil> redo:false redoCode:0 redoState:<nil> bytes:0} err:<nil> tokenState:0 tokenStack:[]}
2016/08/18 13:45:56 [access_token_server.go:168][I] 获取微信服务器数据,解析数据：{Token:nDo-nAvUir1MxS0STl-rhZaOvfo4JOwuALdsnU51egU0-AZ210eMlEmKNd6RhWPlcLadtbmIUgot3Nrvsyv6aeP0gs84GwLt--1AswdfCroEMg1brkllMxhhd-C_smlnHKUjACAPSC ExpiresIn:7200}
2016/08/18 13:45:56 [access_token_server.go:118][I] 获取微信accessToken 定时器获取数据 错误nicker.C <nil>
2016/08/18 13:45:56 [access_token_server.go:119][I] 获取微信accessToken 定时器获取数据nicker.C &{Token:nDo-nAvUir1MxS0STl-rhZaOvfo4JOwuALdsnU51egU0-AZ210eMlEmKNd6RhWPlcLadtbmIUgot3Nrvsyv6aeP0gs84GwLt--1AswdfCroEMg1brkllMxhhd-C_smlnHKUjACAPSC ExpiresIn:7200}
2016/08/18 13:45:56 [access_token_server.go:126][I] 获取数据时间 ExpiresIn  7200
2016/08/18 13:45:56 [access_token_server.go:134][I] 获取微信accessToken 定时器获取数据AccessTokenServer &{CurrentAccessToken:0xc04226acc0 accessTokenResult:0xc04226ad20 LiveTime:0 Times:2s json:0xc04246a0a0}
2016/08/18 13:45:56 [access_token_server.go:136][I] 获取微信accessToken 定时器获取数据AccessTokenServer &{CurrentAccessToken:0xc04226acc0 accessTokenResult:0xc04226ad20 LiveTime:0 Times:2s json:0xc04246a0a0}
2016/08/18 13:45:56 [access_token_server.go:100][I] GetAndAccessTokenServer,for 循环
2016/08/18 13:45:58 [access_token_server.go:116][I] 获取微信accessToken 启动定时器时间nicker.C 0xc04226ae40
2016/08/18 13:45:58 [access_token_server.go:144][I] 链接微信服务器获取accessToken
2016/08/18 13:45:58 [access_token_server.go:152][I] 与微信服务器建立链接
2016/08/18 13:45:58 [access_token_server.go:154][I] 获取微信服务器数据：{"access_token":"nDo-nAvUir1MxS0STl-rhZaOvfo4JOwuALdsnU51egVp851ef2qZORk_91CGGRFXwjvSZXNRH26_n1AoQBfZDJy0Mk8p_IRlg_scnHFVJiZoqNEca5GiSLD7kxLr0j8XNPYjACAUWF","expires_in":7200}
2016/08/18 13:45:58 [access_token_server.go:162][I] 获取微信服务器数据,r   &{s:{"access_token":"nDo-nAvUir1MxS0STl-rhZaOvfo4JOwuALdsnU51egVp851ef2qZORk_91CGGRFXwjvSZXNRH26_n1AoQBfZDJy0Mk8p_IRlg_scnHFVJiZoqNEca5GiSLD7kxLr0j8XNPYjACAUWF","expires_in":7200} i:0 prevRune:-1}
2016/08/18 13:45:58 [access_token_server.go:164][I] 获取微信服务器数据,dec   &{r:0xc04220c1a0 buf:[] d:{data:[] off:0 scan:{step:<nil> endTop:false parseState:[] err:<nil> redo:false redoCode:0 redoState:<nil> bytes:0} nextscan:{step:<nil> endTop:false parseState:[] err:<nil> redo:false redoCode:0 redoState:<nil> bytes:0} savedError:<nil> useNumber:false} scanp:0 scan:{step:<nil> endTop:false parseState:[] err:<nil> redo:false redoCode:0 redoState:<nil> bytes:0} err:<nil> tokenState:0 tokenStack:[]}
2016/08/18 13:45:58 [access_token_server.go:168][I] 获取微信服务器数据,解析数据：{Token:nDo-nAvUir1MxS0STl-rhZaOvfo4JOwuALdsnU51egVp851ef2qZORk_91CGGRFXwjvSZXNRH26_n1AoQBfZDJy0Mk8p_IRlg_scnHFVJiZoqNEca5GiSLD7kxLr0j8XNPYjACAUWF ExpiresIn:7200}
2016/08/18 13:45:58 [access_token_server.go:118][I] 获取微信accessToken 定时器获取数据 错误nicker.C <nil>
2016/08/18 13:45:58 [access_token_server.go:119][I] 获取微信accessToken 定时器获取数据nicker.C &{Token:nDo-nAvUir1MxS0STl-rhZaOvfo4JOwuALdsnU51egVp851ef2qZORk_91CGGRFXwjvSZXNRH26_n1AoQBfZDJy0Mk8p_IRlg_scnHFVJiZoqNEca5GiSLD7kxLr0j8XNPYjACAUWF ExpiresIn:7200}
2016/08/18 13:45:58 [access_token_server.go:126][I] 获取数据时间 ExpiresIn  7200
2016/08/18 13:45:58 [access_token_server.go:134][I] 获取微信accessToken 定时器获取数据AccessTokenServer &{CurrentAccessToken:0xc04226acc0 accessTokenResult:0xc04226ad20 LiveTime:0 Times:2s json:0xc04220c180}
2016/08/18 13:45:58 [access_token_server.go:136][I] 获取微信accessToken 定时器获取数据AccessTokenServer &{CurrentAccessToken:0xc04226acc0 accessTokenResult:0xc04226ad20 LiveTime:0 Times:2s json:0xc04220c180}
2016/08/18 13:45:58 [access_token_server.go:100][I] GetAndAccessTokenServer,for 循环
2016/08/18 13:46:00 [access_token_server.go:116][I] 获取微信accessToken 启动定时器时间nicker.C 0xc04226ae40
2016/08/18 13:46:00 [access_token_server.go:144][I] 链接微信服务器获取accessToken
2016/08/18 13:46:00 [access_token_server.go:152][I] 与微信服务器建立链接
2016/08/18 13:46:00 [access_token_server.go:154][I] 获取微信服务器数据：{"access_token":"nDo-nAvUir1MxS0STl-rhZaOvfo4JOwuALdsnU51egVhOaL8MCljmWE57tf50NFDmch6fw17ikFGbGQjKifm4jrxcrwux_pI7yUDEjUq9nrm_I1yTWr8IQvOpFGL1gTqSGQjACAMAK","expires_in":7200}
2016/08/18 13:46:00 [access_token_server.go:162][I] 获取微信服务器数据,r   &{s:{"access_token":"nDo-nAvUir1MxS0STl-rhZaOvfo4JOwuALdsnU51egVhOaL8MCljmWE57tf50NFDmch6fw17ikFGbGQjKifm4jrxcrwux_pI7yUDEjUq9nrm_I1yTWr8IQvOpFGL1gTqSGQjACAMAK","expires_in":7200} i:0 prevRune:-1}
2016/08/18 13:46:00 [access_token_server.go:164][I] 获取微信服务器数据,dec   &{r:0xc042470200 buf:[] d:{data:[] off:0 scan:{step:<nil> endTop:false parseState:[] err:<nil> redo:false redoCode:0 redoState:<nil> bytes:0} nextscan:{step:<nil> endTop:false parseState:[] err:<nil> redo:false redoCode:0 redoState:<nil> bytes:0} savedError:<nil> useNumber:false} scanp:0 scan:{step:<nil> endTop:false parseState:[] err:<nil> redo:false redoCode:0 redoState:<nil> bytes:0} err:<nil> tokenState:0 tokenStack:[]}
2016/08/18 13:46:00 [access_token_server.go:168][I] 获取微信服务器数据,解析数据：{Token:nDo-nAvUir1MxS0STl-rhZaOvfo4JOwuALdsnU51egVhOaL8MCljmWE57tf50NFDmch6fw17ikFGbGQjKifm4jrxcrwux_pI7yUDEjUq9nrm_I1yTWr8IQvOpFGL1gTqSGQjACAMAK ExpiresIn:7200}
2016/08/18 13:46:00 [access_token_server.go:118][I] 获取微信accessToken 定时器获取数据 错误nicker.C <nil>
2016/08/18 13:46:00 [access_token_server.go:119][I] 获取微信accessToken 定时器获取数据nicker.C &{Token:nDo-nAvUir1MxS0STl-rhZaOvfo4JOwuALdsnU51egVhOaL8MCljmWE57tf50NFDmch6fw17ikFGbGQjKifm4jrxcrwux_pI7yUDEjUq9nrm_I1yTWr8IQvOpFGL1gTqSGQjACAMAK ExpiresIn:7200}
2016/08/18 13:46:00 [access_token_server.go:126][I] 获取数据时间 ExpiresIn  7200
2016/08/18 13:46:00 [access_token_server.go:134][I] 获取微信accessToken 定时器获取数据AccessTokenServer &{CurrentAccessToken:0xc04226acc0 accessTokenResult:0xc04226ad20 LiveTime:0 Times:2s json:0xc0424701e0}
2016/08/18 13:46:00 [access_token_server.go:136][I] 获取微信accessToken 定时器获取数据AccessTokenServer &{CurrentAccessToken:0xc04226acc0 accessTokenResult:0xc04226ad20 LiveTime:0 Times:2s json:0xc0424701e0}
2016/08/18 13:46:00 [access_token_server.go:100][I] GetAndAccessTokenServer,for 循环
2016/08/18 13:46:02 [access_token_server.go:116][I] 获取微信accessToken 启动定时器时间nicker.C 0xc04226ae40
2016/08/18 13:46:02 [access_token_server.go:144][I] 链接微信服务器获取accessToken
2016/08/18 13:46:02 [access_token_server.go:152][I] 与微信服务器建立链接
2016/08/18 13:46:02 [access_token_server.go:154][I] 获取微信服务器数据：{"access_token":"nDo-nAvUir1MxS0STl-rhZaOvfo4JOwuALdsnU51egW0upD416ODMGLjv1G0iDkAOFZqMJRAQ0QOEDs9rUvH701IjGR1muyZkVvICLr6K72-I1dA7ZQ4sE0bwegYFoR_BENjACAKNW","expires_in":7200}
2016/08/18 13:46:02 [access_token_server.go:162][I] 获取微信服务器数据,r   &{s:{"access_token":"nDo-nAvUir1MxS0STl-rhZaOvfo4JOwuALdsnU51egW0upD416ODMGLjv1G0iDkAOFZqMJRAQ0QOEDs9rUvH701IjGR1muyZkVvICLr6K72-I1dA7ZQ4sE0bwegYFoR_BENjACAKNW","expires_in":7200} i:0 prevRune:-1}
2016/08/18 13:46:02 [access_token_server.go:164][I] 获取微信服务器数据,dec   &{r:0xc0424705a0 buf:[] d:{data:[] off:0 scan:{step:<nil> endTop:false parseState:[] err:<nil> redo:false redoCode:0 redoState:<nil> bytes:0} nextscan:{step:<nil> endTop:false parseState:[] err:<nil> redo:false redoCode:0 redoState:<nil> bytes:0} savedError:<nil> useNumber:false} scanp:0 scan:{step:<nil> endTop:false parseState:[] err:<nil> redo:false redoCode:0 redoState:<nil> bytes:0} err:<nil> tokenState:0 tokenStack:[]}
2016/08/18 13:46:02 [access_token_server.go:168][I] 获取微信服务器数据,解析数据：{Token:nDo-nAvUir1MxS0STl-rhZaOvfo4JOwuALdsnU51egW0upD416ODMGLjv1G0iDkAOFZqMJRAQ0QOEDs9rUvH701IjGR1muyZkVvICLr6K72-I1dA7ZQ4sE0bwegYFoR_BENjACAKNW ExpiresIn:7200}
2016/08/18 13:46:02 [access_token_server.go:118][I] 获取微信accessToken 定时器获取数据 错误nicker.C <nil>
2016/08/18 13:46:02 [access_token_server.go:119][I] 获取微信accessToken 定时器获取数据nicker.C &{Token:nDo-nAvUir1MxS0STl-rhZaOvfo4JOwuALdsnU51egW0upD416ODMGLjv1G0iDkAOFZqMJRAQ0QOEDs9rUvH701IjGR1muyZkVvICLr6K72-I1dA7ZQ4sE0bwegYFoR_BENjACAKNW ExpiresIn:7200}
2016/08/18 13:46:02 [access_token_server.go:126][I] 获取数据时间 ExpiresIn  7200
2016/08/18 13:46:02 [access_token_server.go:134][I] 获取微信accessToken 定时器获取数据AccessTokenServer &{CurrentAccessToken:0xc04226acc0 accessTokenResult:0xc04226ad20 LiveTime:0 Times:2s json:0xc042470580}
2016/08/18 13:46:02 [access_token_server.go:136][I] 获取微信accessToken 定时器获取数据AccessTokenServer &{CurrentAccessToken:0xc04226acc0 accessTokenResult:0xc04226ad20 LiveTime:0 Times:2s json:0xc042470580}
2016/08/18 13:46:02 [access_token_server.go:100][I] GetAndAccessTokenServer,for 循环
2016/08/18 13:46:04 [access_token_server.go:116][I] 获取微信accessToken 启动定时器时间nicker.C 0xc04226ae40
2016/08/18 13:46:04 [access_token_server.go:144][I] 链接微信服务器获取accessToken
2016/08/18 13:46:04 [access_token_server.go:152][I] 与微信服务器建立链接
2016/08/18 13:46:04 [access_token_server.go:154][I] 获取微信服务器数据：{"access_token":"nDo-nAvUir1MxS0STl-rhZaOvfo4JOwuALdsnU51egXMqIvMKUd73RifUNkhnnOvev0-C9njAa8aNsQPjhWmOc-X6x8qHjHIQJ8EhS_6cS0nhFB_u2eT4u1ekY8WYOG8CERjACAQSF","expires_in":7200}
2016/08/18 13:46:04 [access_token_server.go:162][I] 获取微信服务器数据,r   &{s:{"access_token":"nDo-nAvUir1MxS0STl-rhZaOvfo4JOwuALdsnU51egXMqIvMKUd73RifUNkhnnOvev0-C9njAa8aNsQPjhWmOc-X6x8qHjHIQJ8EhS_6cS0nhFB_u2eT4u1ekY8WYOG8CERjACAQSF","expires_in":7200} i:0 prevRune:-1}
2016/08/18 13:46:04 [access_token_server.go:164][I] 获取微信服务器数据,dec   &{r:0xc042254ba0 buf:[] d:{data:[] off:0 scan:{step:<nil> endTop:false parseState:[] err:<nil> redo:false redoCode:0 redoState:<nil> bytes:0} nextscan:{step:<nil> endTop:false parseState:[] err:<nil> redo:false redoCode:0 redoState:<nil> bytes:0} savedError:<nil> useNumber:false} scanp:0 scan:{step:<nil> endTop:false parseState:[] err:<nil> redo:false redoCode:0 redoState:<nil> bytes:0} err:<nil> tokenState:0 tokenStack:[]}
2016/08/18 13:46:04 [access_token_server.go:168][I] 获取微信服务器数据,解析数据：{Token:nDo-nAvUir1MxS0STl-rhZaOvfo4JOwuALdsnU51egXMqIvMKUd73RifUNkhnnOvev0-C9njAa8aNsQPjhWmOc-X6x8qHjHIQJ8EhS_6cS0nhFB_u2eT4u1ekY8WYOG8CERjACAQSF ExpiresIn:7200}
2016/08/18 13:46:04 [access_token_server.go:118][I] 获取微信accessToken 定时器获取数据 错误nicker.C <nil>
2016/08/18 13:46:04 [access_token_server.go:119][I] 获取微信accessToken 定时器获取数据nicker.C &{Token:nDo-nAvUir1MxS0STl-rhZaOvfo4JOwuALdsnU51egXMqIvMKUd73RifUNkhnnOvev0-C9njAa8aNsQPjhWmOc-X6x8qHjHIQJ8EhS_6cS0nhFB_u2eT4u1ekY8WYOG8CERjACAQSF ExpiresIn:7200}
2016/08/18 13:46:04 [access_token_server.go:126][I] 获取数据时间 ExpiresIn  7200
2016/08/18 13:46:04 [access_token_server.go:134][I] 获取微信accessToken 定时器获取数据AccessTokenServer &{CurrentAccessToken:0xc04226acc0 accessTokenResult:0xc04226ad20 LiveTime:0 Times:2s json:0xc042254b80}
2016/08/18 13:46:04 [access_token_server.go:136][I] 获取微信accessToken 定时器获取数据AccessTokenServer &{CurrentAccessToken:0xc04226acc0 accessTokenResult:0xc04226ad20 LiveTime:0 Times:2s json:0xc042254b80}
2016/08/18 13:46:04 [access_token_server.go:100][I] GetAndAccessTokenServer,for 循环
2016/08/18 13:46:06 [access_token_server.go:116][I] 获取微信accessToken 启动定时器时间nicker.C 0xc04226ae40
2016/08/18 13:46:06 [access_token_server.go:144][I] 链接微信服务器获取accessToken
2016/08/18 13:46:06 [access_token_server.go:152][I] 与微信服务器建立链接
2016/08/18 13:46:06 [access_token_server.go:154][I] 获取微信服务器数据：{"access_token":"nDo-nAvUir1MxS0STl-rhZaOvfo4JOwuALdsnU51egXgyFjbtncFHuxQ3UOGImnqTLnqgGfXD1ne81fu4xxutAr8pnOn6NidpPENuxojQ4oGtGU-w7zKK1noDjSrOCQCRFVjACAUIY","expires_in":7200}
2016/08/18 13:46:06 [access_token_server.go:162][I] 获取微信服务器数据,r   &{s:{"access_token":"nDo-nAvUir1MxS0STl-rhZaOvfo4JOwuALdsnU51egXgyFjbtncFHuxQ3UOGImnqTLnqgGfXD1ne81fu4xxutAr8pnOn6NidpPENuxojQ4oGtGU-w7zKK1noDjSrOCQCRFVjACAUIY","expires_in":7200} i:0 prevRune:-1}
2016/08/18 13:46:06 [access_token_server.go:164][I] 获取微信服务器数据,dec   &{r:0xc0423dfb60 buf:[] d:{data:[] off:0 scan:{step:<nil> endTop:false parseState:[] err:<nil> redo:false redoCode:0 redoState:<nil> bytes:0} nextscan:{step:<nil> endTop:false parseState:[] err:<nil> redo:false redoCode:0 redoState:<nil> bytes:0} savedError:<nil> useNumber:false} scanp:0 scan:{step:<nil> endTop:false parseState:[] err:<nil> redo:false redoCode:0 redoState:<nil> bytes:0} err:<nil> tokenState:0 tokenStack:[]}
2016/08/18 13:46:06 [access_token_server.go:168][I] 获取微信服务器数据,解析数据：{Token:nDo-nAvUir1MxS0STl-rhZaOvfo4JOwuALdsnU51egXgyFjbtncFHuxQ3UOGImnqTLnqgGfXD1ne81fu4xxutAr8pnOn6NidpPENuxojQ4oGtGU-w7zKK1noDjSrOCQCRFVjACAUIY ExpiresIn:7200}
2016/08/18 13:46:06 [access_token_server.go:118][I] 获取微信accessToken 定时器获取数据 错误nicker.C <nil>
2016/08/18 13:46:06 [access_token_server.go:119][I] 获取微信accessToken 定时器获取数据nicker.C &{Token:nDo-nAvUir1MxS0STl-rhZaOvfo4JOwuALdsnU51egXgyFjbtncFHuxQ3UOGImnqTLnqgGfXD1ne81fu4xxutAr8pnOn6NidpPENuxojQ4oGtGU-w7zKK1noDjSrOCQCRFVjACAUIY ExpiresIn:7200}
2016/08/18 13:46:06 [access_token_server.go:126][I] 获取数据时间 ExpiresIn  7200
2016/08/18 13:46:06 [access_token_server.go:134][I] 获取微信accessToken 定时器获取数据AccessTokenServer &{CurrentAccessToken:0xc04226acc0 accessTokenResult:0xc04226ad20 LiveTime:0 Times:2s json:0xc0423dfb40}
2016/08/18 13:46:06 [access_token_server.go:136][I] 获取微信accessToken 定时器获取数据AccessTokenServer &{CurrentAccessToken:0xc04226acc0 accessTokenResult:0xc04226ad20 LiveTime:0 Times:2s json:0xc0423dfb40}
2016/08/18 13:46:06 [access_token_server.go:100][I] GetAndAccessTokenServer,for 循环
2016/08/18 13:46:08 [access_token_server.go:116][I] 获取微信accessToken 启动定时器时间nicker.C 0xc04226ae40
2016/08/18 13:46:08 [access_token_server.go:144][I] 链接微信服务器获取accessToken
2016/08/18 13:46:08 [access_token_server.go:152][I] 与微信服务器建立链接
2016/08/18 13:46:08 [access_token_server.go:154][I] 获取微信服务器数据：{"access_token":"0xb-EbWyok8tQgfLH0pg_1uAwWeXNQ13rBSAwh_7LoUiLPd_hPgurL8ClPgyCcnb7EeK84RyJzCiO1UBEptTrXooFvn3dlVQkFzNiLx1c4HSvZ7RWzh68rpCxqPu5VlTHXPdABARHZ","expires_in":7200}
2016/08/18 13:46:08 [access_token_server.go:162][I] 获取微信服务器数据,r   &{s:{"access_token":"0xb-EbWyok8tQgfLH0pg_1uAwWeXNQ13rBSAwh_7LoUiLPd_hPgurL8ClPgyCcnb7EeK84RyJzCiO1UBEptTrXooFvn3dlVQkFzNiLx1c4HSvZ7RWzh68rpCxqPu5VlTHXPdABARHZ","expires_in":7200} i:0 prevRune:-1}
2016/08/18 13:46:08 [access_token_server.go:164][I] 获取微信服务器数据,dec   &{r:0xc042402fa0 buf:[] d:{data:[] off:0 scan:{step:<nil> endTop:false parseState:[] err:<nil> redo:false redoCode:0 redoState:<nil> bytes:0} nextscan:{step:<nil> endTop:false parseState:[] err:<nil> redo:false redoCode:0 redoState:<nil> bytes:0} savedError:<nil> useNumber:false} scanp:0 scan:{step:<nil> endTop:false parseState:[] err:<nil> redo:false redoCode:0 redoState:<nil> bytes:0} err:<nil> tokenState:0 tokenStack:[]}
2016/08/18 13:46:08 [access_token_server.go:168][I] 获取微信服务器数据,解析数据：{Token:0xb-EbWyok8tQgfLH0pg_1uAwWeXNQ13rBSAwh_7LoUiLPd_hPgurL8ClPgyCcnb7EeK84RyJzCiO1UBEptTrXooFvn3dlVQkFzNiLx1c4HSvZ7RWzh68rpCxqPu5VlTHXPdABARHZ ExpiresIn:7200}
2016/08/18 13:46:08 [access_token_server.go:118][I] 获取微信accessToken 定时器获取数据 错误nicker.C <nil>
2016/08/18 13:46:08 [access_token_server.go:119][I] 获取微信accessToken 定时器获取数据nicker.C &{Token:0xb-EbWyok8tQgfLH0pg_1uAwWeXNQ13rBSAwh_7LoUiLPd_hPgurL8ClPgyCcnb7EeK84RyJzCiO1UBEptTrXooFvn3dlVQkFzNiLx1c4HSvZ7RWzh68rpCxqPu5VlTHXPdABARHZ ExpiresIn:7200}
2016/08/18 13:46:08 [access_token_server.go:126][I] 获取数据时间 ExpiresIn  7200
2016/08/18 13:46:08 [access_token_server.go:134][I] 获取微信accessToken 定时器获取数据AccessTokenServer &{CurrentAccessToken:0xc04226acc0 accessTokenResult:0xc04226ad20 LiveTime:0 Times:2s json:0xc042402f60}
2016/08/18 13:46:08 [access_token_server.go:136][I] 获取微信accessToken 定时器获取数据AccessTokenServer &{CurrentAccessToken:0xc04226acc0 accessTokenResult:0xc04226ad20 LiveTime:0 Times:2s json:0xc042402f60}
2016/08/18 13:46:08 [access_token_server.go:100][I] GetAndAccessTokenServer,for 循环
2016/08/18 13:46:10 [access_token_server.go:116][I] 获取微信accessToken 启动定时器时间nicker.C 0xc04226ae40
2016/08/18 13:46:10 [access_token_server.go:144][I] 链接微信服务器获取accessToken
2016/08/18 13:46:10 [access_token_server.go:152][I] 与微信服务器建立链接
2016/08/18 13:46:10 [access_token_server.go:154][I] 获取微信服务器数据：{"access_token":"0xb-EbWyok8tQgfLH0pg_1uAwWeXNQ13rBSAwh_7LoX4q8o0RPeACFCTwB4MaGAW3hK38S7FCMQIx8rZeBnGcB-A09wCsksN-fDWF5mFs6mpgr8FZXOiR4kWNDFQMuSQEJEdABAYDY","expires_in":7198}
2016/08/18 13:46:10 [access_token_server.go:162][I] 获取微信服务器数据,r   &{s:{"access_token":"0xb-EbWyok8tQgfLH0pg_1uAwWeXNQ13rBSAwh_7LoX4q8o0RPeACFCTwB4MaGAW3hK38S7FCMQIx8rZeBnGcB-A09wCsksN-fDWF5mFs6mpgr8FZXOiR4kWNDFQMuSQEJEdABAYDY","expires_in":7198} i:0 prevRune:-1}
2016/08/18 13:46:10 [access_token_server.go:164][I] 获取微信服务器数据,dec   &{r:0xc04242e5e0 buf:[] d:{data:[] off:0 scan:{step:<nil> endTop:false parseState:[] err:<nil> redo:false redoCode:0 redoState:<nil> bytes:0} nextscan:{step:<nil> endTop:false parseState:[] err:<nil> redo:false redoCode:0 redoState:<nil> bytes:0} savedError:<nil> useNumber:false} scanp:0 scan:{step:<nil> endTop:false parseState:[] err:<nil> redo:false redoCode:0 redoState:<nil> bytes:0} err:<nil> tokenState:0 tokenStack:[]}
2016/08/18 13:46:10 [access_token_server.go:168][I] 获取微信服务器数据,解析数据：{Token:0xb-EbWyok8tQgfLH0pg_1uAwWeXNQ13rBSAwh_7LoX4q8o0RPeACFCTwB4MaGAW3hK38S7FCMQIx8rZeBnGcB-A09wCsksN-fDWF5mFs6mpgr8FZXOiR4kWNDFQMuSQEJEdABAYDY ExpiresIn:7198}
2016/08/18 13:46:10 [access_token_server.go:118][I] 获取微信accessToken 定时器获取数据 错误nicker.C <nil>
2016/08/18 13:46:10 [access_token_server.go:119][I] 获取微信accessToken 定时器获取数据nicker.C &{Token:0xb-EbWyok8tQgfLH0pg_1uAwWeXNQ13rBSAwh_7LoX4q8o0RPeACFCTwB4MaGAW3hK38S7FCMQIx8rZeBnGcB-A09wCsksN-fDWF5mFs6mpgr8FZXOiR4kWNDFQMuSQEJEdABAYDY ExpiresIn:7198}
2016/08/18 13:46:10 [access_token_server.go:126][I] 获取数据时间 ExpiresIn  7198
2016/08/18 13:46:10 [access_token_server.go:134][I] 获取微信accessToken 定时器获取数据AccessTokenServer &{CurrentAccessToken:0xc04226acc0 accessTokenResult:0xc04226ad20 LiveTime:0 Times:2s json:0xc04242e5c0}
2016/08/18 13:46:10 [access_token_server.go:136][I] 获取微信accessToken 定时器获取数据AccessTokenServer &{CurrentAccessToken:0xc04226acc0 accessTokenResult:0xc04226ad20 LiveTime:0 Times:2s json:0xc04242e5c0}
2016/08/18 13:46:10 [access_token_server.go:100][I] GetAndAccessTokenServer,for 循环
2016/08/18 13:46:12 [access_token_server.go:116][I] 获取微信accessToken 启动定时器时间nicker.C 0xc04226ae40
2016/08/18 13:46:12 [access_token_server.go:144][I] 链接微信服务器获取accessToken
2016/08/18 13:46:12 [access_token_server.go:152][I] 与微信服务器建立链接
2016/08/18 13:46:12 [access_token_server.go:154][I] 获取微信服务器数据：{"access_token":"0xb-EbWyok8tQgfLH0pg_1uAwWeXNQ13rBSAwh_7LoXAxMUU2CxqJxKwze6oXd7XrxSflODtCiDV-StRXP4oZObHaDPTTQMwn_oUuMuT62eAVpOmab7_Tib0jmV22wLHHDRdABACYM","expires_in":7196}
2016/08/18 13:46:12 [access_token_server.go:162][I] 获取微信服务器数据,r   &{s:{"access_token":"0xb-EbWyok8tQgfLH0pg_1uAwWeXNQ13rBSAwh_7LoXAxMUU2CxqJxKwze6oXd7XrxSflODtCiDV-StRXP4oZObHaDPTTQMwn_oUuMuT62eAVpOmab7_Tib0jmV22wLHHDRdABACYM","expires_in":7196} i:0 prevRune:-1}
2016/08/18 13:46:12 [access_token_server.go:164][I] 获取微信服务器数据,dec   &{r:0xc04242e960 buf:[] d:{data:[] off:0 scan:{step:<nil> endTop:false parseState:[] err:<nil> redo:false redoCode:0 redoState:<nil> bytes:0} nextscan:{step:<nil> endTop:false parseState:[] err:<nil> redo:false redoCode:0 redoState:<nil> bytes:0} savedError:<nil> useNumber:false} scanp:0 scan:{step:<nil> endTop:false parseState:[] err:<nil> redo:false redoCode:0 redoState:<nil> bytes:0} err:<nil> tokenState:0 tokenStack:[]}
2016/08/18 13:46:12 [access_token_server.go:168][I] 获取微信服务器数据,解析数据：{Token:0xb-EbWyok8tQgfLH0pg_1uAwWeXNQ13rBSAwh_7LoXAxMUU2CxqJxKwze6oXd7XrxSflODtCiDV-StRXP4oZObHaDPTTQMwn_oUuMuT62eAVpOmab7_Tib0jmV22wLHHDRdABACYM ExpiresIn:7196}
2016/08/18 13:46:12 [access_token_server.go:118][I] 获取微信accessToken 定时器获取数据 错误nicker.C <nil>
2016/08/18 13:46:12 [access_token_server.go:119][I] 获取微信accessToken 定时器获取数据nicker.C &{Token:0xb-EbWyok8tQgfLH0pg_1uAwWeXNQ13rBSAwh_7LoXAxMUU2CxqJxKwze6oXd7XrxSflODtCiDV-StRXP4oZObHaDPTTQMwn_oUuMuT62eAVpOmab7_Tib0jmV22wLHHDRdABACYM ExpiresIn:7196}
2016/08/18 13:46:12 [access_token_server.go:126][I] 获取数据时间 ExpiresIn  7196
2016/08/18 13:46:12 [access_token_server.go:134][I] 获取微信accessToken 定时器获取数据AccessTokenServer &{CurrentAccessToken:0xc04226acc0 accessTokenResult:0xc04226ad20 LiveTime:0 Times:2s json:0xc04242e900}
2016/08/18 13:46:12 [access_token_server.go:136][I] 获取微信accessToken 定时器获取数据AccessTokenServer &{CurrentAccessToken:0xc04226acc0 accessTokenResult:0xc04226ad20 LiveTime:0 Times:2s json:0xc04242e900}
2016/08/18 13:46:12 [access_token_server.go:100][I] GetAndAccessTokenServer,for 循环
2016/08/18 13:46:14 [access_token_server.go:116][I] 获取微信accessToken 启动定时器时间nicker.C 0xc04226ae40
2016/08/18 13:46:14 [access_token_server.go:144][I] 链接微信服务器获取accessToken
2016/08/18 13:46:14 [access_token_server.go:152][I] 与微信服务器建立链接
2016/08/18 13:46:14 [access_token_server.go:154][I] 获取微信服务器数据：{"access_token":"0xb-EbWyok8tQgfLH0pg_1uAwWeXNQ13rBSAwh_7LoW1uD8O_whHXLI3J--WTZxGcQrdoNNz1l_RTAR55Dy_aiLUKIjGJTbhwWsr8pJBUZgNeZSvg2FmciIMLCswp_hBXTYdABATPU","expires_in":7200}
2016/08/18 13:46:14 [access_token_server.go:162][I] 获取微信服务器数据,r   &{s:{"access_token":"0xb-EbWyok8tQgfLH0pg_1uAwWeXNQ13rBSAwh_7LoW1uD8O_whHXLI3J--WTZxGcQrdoNNz1l_RTAR55Dy_aiLUKIjGJTbhwWsr8pJBUZgNeZSvg2FmciIMLCswp_hBXTYdABATPU","expires_in":7200} i:0 prevRune:-1}
2016/08/18 13:46:14 [access_token_server.go:164][I] 获取微信服务器数据,dec   &{r:0xc042403500 buf:[] d:{data:[] off:0 scan:{step:<nil> endTop:false parseState:[] err:<nil> redo:false redoCode:0 redoState:<nil> bytes:0} nextscan:{step:<nil> endTop:false parseState:[] err:<nil> redo:false redoCode:0 redoState:<nil> bytes:0} savedError:<nil> useNumber:false} scanp:0 scan:{step:<nil> endTop:false parseState:[] err:<nil> redo:false redoCode:0 redoState:<nil> bytes:0} err:<nil> tokenState:0 tokenStack:[]}
2016/08/18 13:46:14 [access_token_server.go:168][I] 获取微信服务器数据,解析数据：{Token:0xb-EbWyok8tQgfLH0pg_1uAwWeXNQ13rBSAwh_7LoW1uD8O_whHXLI3J--WTZxGcQrdoNNz1l_RTAR55Dy_aiLUKIjGJTbhwWsr8pJBUZgNeZSvg2FmciIMLCswp_hBXTYdABATPU ExpiresIn:7200}
2016/08/18 13:46:14 [access_token_server.go:118][I] 获取微信accessToken 定时器获取数据 错误nicker.C <nil>
2016/08/18 13:46:14 [access_token_server.go:119][I] 获取微信accessToken 定时器获取数据nicker.C &{Token:0xb-EbWyok8tQgfLH0pg_1uAwWeXNQ13rBSAwh_7LoW1uD8O_whHXLI3J--WTZxGcQrdoNNz1l_RTAR55Dy_aiLUKIjGJTbhwWsr8pJBUZgNeZSvg2FmciIMLCswp_hBXTYdABATPU ExpiresIn:7200}
2016/08/18 13:46:14 [access_token_server.go:126][I] 获取数据时间 ExpiresIn  7200
2016/08/18 13:46:14 [access_token_server.go:134][I] 获取微信accessToken 定时器获取数据AccessTokenServer &{CurrentAccessToken:0xc04226acc0 accessTokenResult:0xc04226ad20 LiveTime:0 Times:2s json:0xc0424034e0}
2016/08/18 13:46:14 [access_token_server.go:136][I] 获取微信accessToken 定时器获取数据AccessTokenServer &{CurrentAccessToken:0xc04226acc0 accessTokenResult:0xc04226ad20 LiveTime:0 Times:2s json:0xc0424034e0}
2016/08/18 13:46:14 [access_token_server.go:100][I] GetAndAccessTokenServer,for 循环
2016/08/18 13:46:16 [access_token_server.go:116][I] 获取微信accessToken 启动定时器时间nicker.C 0xc04226ae40
2016/08/18 13:46:16 [access_token_server.go:144][I] 链接微信服务器获取accessToken
2016/08/18 13:46:16 [access_token_server.go:152][I] 与微信服务器建立链接
2016/08/18 13:46:16 [access_token_server.go:154][I] 获取微信服务器数据：{"access_token":"0xb-EbWyok8tQgfLH0pg_1uAwWeXNQ13rBSAwh_7LoUdBJZdeI3CT2Jz9zjDUZavnsLiiecenBg5NZDP_y8nvNbZZ4mu7uUm2kB76QK2x37Fa1AtxnnuVzahQmCQbY_-OWIdABAJRD","expires_in":7200}
2016/08/18 13:46:16 [access_token_server.go:162][I] 获取微信服务器数据,r   &{s:{"access_token":"0xb-EbWyok8tQgfLH0pg_1uAwWeXNQ13rBSAwh_7LoUdBJZdeI3CT2Jz9zjDUZavnsLiiecenBg5NZDP_y8nvNbZZ4mu7uUm2kB76QK2x37Fa1AtxnnuVzahQmCQbY_-OWIdABAJRD","expires_in":7200} i:0 prevRune:-1}
2016/08/18 13:46:16 [access_token_server.go:164][I] 获取微信服务器数据,dec   &{r:0xc0424038a0 buf:[] d:{data:[] off:0 scan:{step:<nil> endTop:false parseState:[] err:<nil> redo:false redoCode:0 redoState:<nil> bytes:0} nextscan:{step:<nil> endTop:false parseState:[] err:<nil> redo:false redoCode:0 redoState:<nil> bytes:0} savedError:<nil> useNumber:false} scanp:0 scan:{step:<nil> endTop:false parseState:[] err:<nil> redo:false redoCode:0 redoState:<nil> bytes:0} err:<nil> tokenState:0 tokenStack:[]}
2016/08/18 13:46:16 [access_token_server.go:168][I] 获取微信服务器数据,解析数据：{Token:0xb-EbWyok8tQgfLH0pg_1uAwWeXNQ13rBSAwh_7LoUdBJZdeI3CT2Jz9zjDUZavnsLiiecenBg5NZDP_y8nvNbZZ4mu7uUm2kB76QK2x37Fa1AtxnnuVzahQmCQbY_-OWIdABAJRD ExpiresIn:7200}
2016/08/18 13:46:16 [access_token_server.go:118][I] 获取微信accessToken 定时器获取数据 错误nicker.C <nil>
2016/08/18 13:46:16 [access_token_server.go:119][I] 获取微信accessToken 定时器获取数据nicker.C &{Token:0xb-EbWyok8tQgfLH0pg_1uAwWeXNQ13rBSAwh_7LoUdBJZdeI3CT2Jz9zjDUZavnsLiiecenBg5NZDP_y8nvNbZZ4mu7uUm2kB76QK2x37Fa1AtxnnuVzahQmCQbY_-OWIdABAJRD ExpiresIn:7200}
2016/08/18 13:46:16 [access_token_server.go:126][I] 获取数据时间 ExpiresIn  7200
2016/08/18 13:46:16 [access_token_server.go:134][I] 获取微信accessToken 定时器获取数据AccessTokenServer &{CurrentAccessToken:0xc04226acc0 accessTokenResult:0xc04226ad20 LiveTime:0 Times:2s json:0xc042403880}
2016/08/18 13:46:16 [access_token_server.go:136][I] 获取微信accessToken 定时器获取数据AccessTokenServer &{CurrentAccessToken:0xc04226acc0 accessTokenResult:0xc04226ad20 LiveTime:0 Times:2s json:0xc042403880}
2016/08/18 13:46:16 [access_token_server.go:100][I] GetAndAccessTokenServer,for 循环
2016/08/18 13:46:18 [access_token_server.go:116][I] 获取微信accessToken 启动定时器时间nicker.C 0xc04226ae40
2016/08/18 13:46:18 [access_token_server.go:144][I] 链接微信服务器获取accessToken
2016/08/18 13:46:18 [access_token_server.go:152][I] 与微信服务器建立链接
2016/08/18 13:46:18 [access_token_server.go:154][I] 获取微信服务器数据：{"access_token":"0xb-EbWyok8tQgfLH0pg_1uAwWeXNQ13rBSAwh_7LoVKF-k3daCqZwPSZamOs5VvSkY-SMNGwTwsPhHjGUAgX-trsn38unpK6_bXfVx6kA5V1TWLPF44qaOsjP0pVV4PCABdABAPNO","expires_in":7200}
2016/08/18 13:46:18 [access_token_server.go:162][I] 获取微信服务器数据,r   &{s:{"access_token":"0xb-EbWyok8tQgfLH0pg_1uAwWeXNQ13rBSAwh_7LoVKF-k3daCqZwPSZamOs5VvSkY-SMNGwTwsPhHjGUAgX-trsn38unpK6_bXfVx6kA5V1TWLPF44qaOsjP0pVV4PCABdABAPNO","expires_in":7200} i:0 prevRune:-1}
2016/08/18 13:46:18 [access_token_server.go:164][I] 获取微信服务器数据,dec   &{r:0xc04200ada0 buf:[] d:{data:[] off:0 scan:{step:<nil> endTop:false parseState:[] err:<nil> redo:false redoCode:0 redoState:<nil> bytes:0} nextscan:{step:<nil> endTop:false parseState:[] err:<nil> redo:false redoCode:0 redoState:<nil> bytes:0} savedError:<nil> useNumber:false} scanp:0 scan:{step:<nil> endTop:false parseState:[] err:<nil> redo:false redoCode:0 redoState:<nil> bytes:0} err:<nil> tokenState:0 tokenStack:[]}
2016/08/18 13:46:18 [access_token_server.go:168][I] 获取微信服务器数据,解析数据：{Token:0xb-EbWyok8tQgfLH0pg_1uAwWeXNQ13rBSAwh_7LoVKF-k3daCqZwPSZamOs5VvSkY-SMNGwTwsPhHjGUAgX-trsn38unpK6_bXfVx6kA5V1TWLPF44qaOsjP0pVV4PCABdABAPNO ExpiresIn:7200}
2016/08/18 13:46:18 [access_token_server.go:118][I] 获取微信accessToken 定时器获取数据 错误nicker.C <nil>
2016/08/18 13:46:18 [access_token_server.go:119][I] 获取微信accessToken 定时器获取数据nicker.C &{Token:0xb-EbWyok8tQgfLH0pg_1uAwWeXNQ13rBSAwh_7LoVKF-k3daCqZwPSZamOs5VvSkY-SMNGwTwsPhHjGUAgX-trsn38unpK6_bXfVx6kA5V1TWLPF44qaOsjP0pVV4PCABdABAPNO ExpiresIn:7200}
2016/08/18 13:46:18 [access_token_server.go:126][I] 获取数据时间 ExpiresIn  7200
2016/08/18 13:46:18 [access_token_server.go:134][I] 获取微信accessToken 定时器获取数据AccessTokenServer &{CurrentAccessToken:0xc04226acc0 accessTokenResult:0xc04226ad20 LiveTime:0 Times:2s json:0xc04200ad20}
2016/08/18 13:46:18 [access_token_server.go:136][I] 获取微信accessToken 定时器获取数据AccessTokenServer &{CurrentAccessToken:0xc04226acc0 accessTokenResult:0xc04226ad20 LiveTime:0 Times:2s json:0xc04200ad20}
2016/08/18 13:46:18 [access_token_server.go:100][I] GetAndAccessTokenServer,for 循环
2016/08/18 13:46:20 [access_token_server.go:116][I] 获取微信accessToken 启动定时器时间nicker.C 0xc04226ae40
2016/08/18 13:46:20 [access_token_server.go:144][I] 链接微信服务器获取accessToken
2016/08/18 13:46:20 [access_token_server.go:152][I] 与微信服务器建立链接
2016/08/18 13:46:20 [access_token_server.go:154][I] 获取微信服务器数据：{"access_token":"0xb-EbWyok8tQgfLH0pg_1uAwWeXNQ13rBSAwh_7LoXgXYCwJaMX5Xc-q1H7N4dmnTkEZEPI6eo06jafOnAhroeW1ZDdCEoMEEP26hShcfGvzbWXFU6XGj3xtqXCdw-SBVHdABAJDP","expires_in":7200}
2016/08/18 13:46:20 [access_token_server.go:162][I] 获取微信服务器数据,r   &{s:{"access_token":"0xb-EbWyok8tQgfLH0pg_1uAwWeXNQ13rBSAwh_7LoXgXYCwJaMX5Xc-q1H7N4dmnTkEZEPI6eo06jafOnAhroeW1ZDdCEoMEEP26hShcfGvzbWXFU6XGj3xtqXCdw-SBVHdABAJDP","expires_in":7200} i:0 prevRune:-1}
2016/08/18 13:46:20 [access_token_server.go:164][I] 获取微信服务器数据,dec   &{r:0xc0424b61c0 buf:[] d:{data:[] off:0 scan:{step:<nil> endTop:false parseState:[] err:<nil> redo:false redoCode:0 redoState:<nil> bytes:0} nextscan:{step:<nil> endTop:false parseState:[] err:<nil> redo:false redoCode:0 redoState:<nil> bytes:0} savedError:<nil> useNumber:false} scanp:0 scan:{step:<nil> endTop:false parseState:[] err:<nil> redo:false redoCode:0 redoState:<nil> bytes:0} err:<nil> tokenState:0 tokenStack:[]}
2016/08/18 13:46:20 [access_token_server.go:168][I] 获取微信服务器数据,解析数据：{Token:0xb-EbWyok8tQgfLH0pg_1uAwWeXNQ13rBSAwh_7LoXgXYCwJaMX5Xc-q1H7N4dmnTkEZEPI6eo06jafOnAhroeW1ZDdCEoMEEP26hShcfGvzbWXFU6XGj3xtqXCdw-SBVHdABAJDP ExpiresIn:7200}
2016/08/18 13:46:20 [access_token_server.go:118][I] 获取微信accessToken 定时器获取数据 错误nicker.C <nil>
2016/08/18 13:46:20 [access_token_server.go:119][I] 获取微信accessToken 定时器获取数据nicker.C &{Token:0xb-EbWyok8tQgfLH0pg_1uAwWeXNQ13rBSAwh_7LoXgXYCwJaMX5Xc-q1H7N4dmnTkEZEPI6eo06jafOnAhroeW1ZDdCEoMEEP26hShcfGvzbWXFU6XGj3xtqXCdw-SBVHdABAJDP ExpiresIn:7200}
2016/08/18 13:46:20 [access_token_server.go:126][I] 获取数据时间 ExpiresIn  7200
2016/08/18 13:46:20 [access_token_server.go:134][I] 获取微信accessToken 定时器获取数据AccessTokenServer &{CurrentAccessToken:0xc04226acc0 accessTokenResult:0xc04226ad20 LiveTime:0 Times:2s json:0xc0424b61a0}
2016/08/18 13:46:20 [access_token_server.go:136][I] 获取微信accessToken 定时器获取数据AccessTokenServer &{CurrentAccessToken:0xc04226acc0 accessTokenResult:0xc04226ad20 LiveTime:0 Times:2s json:0xc0424b61a0}
2016/08/18 13:46:20 [access_token_server.go:100][I] GetAndAccessTokenServer,for 循环
2016/08/18 13:46:20 [access_token_server.go:40][I] 获取accessToken的配置
2016/08/18 13:46:20 [access_token_server.go:45][I] 获取accessToken的配置==============start===================
2016/08/18 13:46:20 [utils.go:48][I] key is access_token_url||value is https://api.weixin.qq.com/cgi-bin/token
2016/08/18 13:46:20 [utils.go:48][I] key is appID||value is wx1dc762cdfeb4ed66
2016/08/18 13:46:20 [utils.go:48][I] key is appsecret||value is a72c8ccb896f3f7ddaf45f5318035bde
2016/08/18 13:46:20 [utils.go:48][I] key is grant_type||value is client_credential
2016/08/18 13:46:20 [access_token_server.go:47][I] accessToken 配置文件信息：&{url:https://api.weixin.qq.com/cgi-bin/token aPPID:wx1dc762cdfeb4ed66 appsecret:a72c8ccb896f3f7ddaf45f5318035bde grantType:client_credential accessTokenURL:https://api.weixin.qq.com/cgi-bin/token?grant_type=client_credential&&appid=wx1dc762cdfeb4ed66&secret=a72c8ccb896f3f7ddaf45f5318035bde}
2016/08/18 13:46:20 [access_token_server.go:48][I] 获取accessToken的配置==============end===================
2016/08/18 13:46:20 [access_token_server.go:42][I] 获取accessToken的配置 &{url:https://api.weixin.qq.com/cgi-bin/token aPPID:wx1dc762cdfeb4ed66 appsecret:a72c8ccb896f3f7ddaf45f5318035bde grantType:client_credential accessTokenURL:https://api.weixin.qq.com/cgi-bin/token?grant_type=client_credential&&appid=wx1dc762cdfeb4ed66&secret=a72c8ccb896f3f7ddaf45f5318035bde}
2016/08/18 13:46:21 [WxController.go:51][I] 接受微信服务器参数：/test
2016/08/18 13:46:21 [WxController.go:52][I] test 数据
2016/08/18 13:46:21 [access_token_server.go:87][I] accessToken 获取，数据结构初始化：&{CurrentAccessToken:0xc04234e180 accessTokenResult:0xc04234e1e0 LiveTime:0 Times:2s json:<nil>}
2016/08/18 13:46:21 [access_token_server.go:88][I] accessToken 启动定时器，进行请求accessToken
2016/08/18 13:46:21 [access_token_server.go:96][I] GetAndAccessTokenServer创建定时器，进行请求accessToken
2016/08/18 13:46:21 [access_token_server.go:100][I] GetAndAccessTokenServer,for 循环
2016/08/18 13:46:23 [access_token_server.go:116][I] 获取微信accessToken 启动定时器时间nicker.C 0xc04234e360
2016/08/18 13:46:23 [access_token_server.go:145][I] 链接微信服务器获取accessToken
2016/08/18 13:46:23 [access_token_server.go:153][I] 与微信服务器建立链接
2016/08/18 13:46:23 [access_token_server.go:155][I] 获取微信服务器数据：{"access_token":"0xb-EbWyok8tQgfLH0pg_1uAwWeXNQ13rBSAwh_7LoUl2j3ETzcAfTAuJdXvuRkwj1UH-o8zEoL40Nrt_DSfOAtXfcuD1rTgPiEvwR5F2bDS77T5-NEpGMfSRE5HhXV0KBOdABABSF","expires_in":7200}
2016/08/18 13:46:23 [access_token_server.go:163][I] 获取微信服务器数据,r   &{s:{"access_token":"0xb-EbWyok8tQgfLH0pg_1uAwWeXNQ13rBSAwh_7LoUl2j3ETzcAfTAuJdXvuRkwj1UH-o8zEoL40Nrt_DSfOAtXfcuD1rTgPiEvwR5F2bDS77T5-NEpGMfSRE5HhXV0KBOdABABSF","expires_in":7200} i:0 prevRune:-1}
2016/08/18 13:46:23 [access_token_server.go:165][I] 获取微信服务器数据,dec   &{r:0xc0423e25e0 buf:[] d:{data:[] off:0 scan:{step:<nil> endTop:false parseState:[] err:<nil> redo:false redoCode:0 redoState:<nil> bytes:0} nextscan:{step:<nil> endTop:false parseState:[] err:<nil> redo:false redoCode:0 redoState:<nil> bytes:0} savedError:<nil> useNumber:false} scanp:0 scan:{step:<nil> endTop:false parseState:[] err:<nil> redo:false redoCode:0 redoState:<nil> bytes:0} err:<nil> tokenState:0 tokenStack:[]}
2016/08/18 13:46:23 [access_token_server.go:169][I] 获取微信服务器数据,解析数据：{Token:0xb-EbWyok8tQgfLH0pg_1uAwWeXNQ13rBSAwh_7LoUl2j3ETzcAfTAuJdXvuRkwj1UH-o8zEoL40Nrt_DSfOAtXfcuD1rTgPiEvwR5F2bDS77T5-NEpGMfSRE5HhXV0KBOdABABSF ExpiresIn:7200}
2016/08/18 13:46:23 [access_token_server.go:118][I] 获取微信accessToken 定时器获取数据 错误nicker.C <nil>
2016/08/18 13:46:23 [access_token_server.go:119][I] 获取微信accessToken 定时器获取数据nicker.C &{Token:0xb-EbWyok8tQgfLH0pg_1uAwWeXNQ13rBSAwh_7LoUl2j3ETzcAfTAuJdXvuRkwj1UH-o8zEoL40Nrt_DSfOAtXfcuD1rTgPiEvwR5F2bDS77T5-NEpGMfSRE5HhXV0KBOdABABSF ExpiresIn:7200}
2016/08/18 13:46:23 [access_token_server.go:126][I] 获取数据时间 ExpiresIn  7200
2016/08/18 13:46:23 [access_token_server.go:127][I] 获取数据时间 ExpiresIn  -7198000000000
2016/08/18 13:46:23 [access_token_server.go:135][I] 获取微信accessToken 定时器获取数据AccessTokenServer &{CurrentAccessToken:0xc04234e180 accessTokenResult:0xc04234e1e0 LiveTime:0 Times:2s json:0xc0423e25c0}
2016/08/18 13:46:23 [access_token_server.go:137][I] 获取微信accessToken 定时器获取数据AccessTokenServer &{CurrentAccessToken:0xc04234e180 accessTokenResult:0xc04234e1e0 LiveTime:0 Times:2s json:0xc0423e25c0}
2016/08/18 13:46:23 [access_token_server.go:100][I] GetAndAccessTokenServer,for 循环
2016/08/18 13:46:25 [access_token_server.go:116][I] 获取微信accessToken 启动定时器时间nicker.C 0xc04234e360
2016/08/18 13:46:25 [access_token_server.go:145][I] 链接微信服务器获取accessToken
2016/08/18 13:46:25 [access_token_server.go:153][I] 与微信服务器建立链接
2016/08/18 13:46:25 [access_token_server.go:155][I] 获取微信服务器数据：{"access_token":"0xb-EbWyok8tQgfLH0pg_1uAwWeXNQ13rBSAwh_7LoXRvVIRiM2YtzP9qeen1_0tG_xe_qMLsA5X2feD-5-7fx3B4ZwDv48_7pfZAyNBkUyaCjAGulgr_wObkwsP3n2BQESdABACQE","expires_in":7200}
2016/08/18 13:46:25 [access_token_server.go:163][I] 获取微信服务器数据,r   &{s:{"access_token":"0xb-EbWyok8tQgfLH0pg_1uAwWeXNQ13rBSAwh_7LoXRvVIRiM2YtzP9qeen1_0tG_xe_qMLsA5X2feD-5-7fx3B4ZwDv48_7pfZAyNBkUyaCjAGulgr_wObkwsP3n2BQESdABACQE","expires_in":7200} i:0 prevRune:-1}
2016/08/18 13:46:25 [access_token_server.go:165][I] 获取微信服务器数据,dec   &{r:0xc04226c080 buf:[] d:{data:[] off:0 scan:{step:<nil> endTop:false parseState:[] err:<nil> redo:false redoCode:0 redoState:<nil> bytes:0} nextscan:{step:<nil> endTop:false parseState:[] err:<nil> redo:false redoCode:0 redoState:<nil> bytes:0} savedError:<nil> useNumber:false} scanp:0 scan:{step:<nil> endTop:false parseState:[] err:<nil> redo:false redoCode:0 redoState:<nil> bytes:0} err:<nil> tokenState:0 tokenStack:[]}
2016/08/18 13:46:25 [access_token_server.go:169][I] 获取微信服务器数据,解析数据：{Token:0xb-EbWyok8tQgfLH0pg_1uAwWeXNQ13rBSAwh_7LoXRvVIRiM2YtzP9qeen1_0tG_xe_qMLsA5X2feD-5-7fx3B4ZwDv48_7pfZAyNBkUyaCjAGulgr_wObkwsP3n2BQESdABACQE ExpiresIn:7200}
2016/08/18 13:46:25 [access_token_server.go:118][I] 获取微信accessToken 定时器获取数据 错误nicker.C <nil>
2016/08/18 13:46:25 [access_token_server.go:119][I] 获取微信accessToken 定时器获取数据nicker.C &{Token:0xb-EbWyok8tQgfLH0pg_1uAwWeXNQ13rBSAwh_7LoXRvVIRiM2YtzP9qeen1_0tG_xe_qMLsA5X2feD-5-7fx3B4ZwDv48_7pfZAyNBkUyaCjAGulgr_wObkwsP3n2BQESdABACQE ExpiresIn:7200}
2016/08/18 13:46:25 [access_token_server.go:126][I] 获取数据时间 ExpiresIn  7200
2016/08/18 13:46:25 [access_token_server.go:127][I] 获取数据时间 ExpiresIn  -7198000000000
2016/08/18 13:46:25 [access_token_server.go:135][I] 获取微信accessToken 定时器获取数据AccessTokenServer &{CurrentAccessToken:0xc04234e180 accessTokenResult:0xc04234e1e0 LiveTime:0 Times:2s json:0xc04226c060}
2016/08/18 13:46:25 [access_token_server.go:137][I] 获取微信accessToken 定时器获取数据AccessTokenServer &{CurrentAccessToken:0xc04234e180 accessTokenResult:0xc04234e1e0 LiveTime:0 Times:2s json:0xc04226c060}
2016/08/18 13:46:25 [access_token_server.go:100][I] GetAndAccessTokenServer,for 循环
2016/08/18 13:46:27 [access_token_server.go:116][I] 获取微信accessToken 启动定时器时间nicker.C 0xc04234e360
2016/08/18 13:46:27 [access_token_server.go:145][I] 链接微信服务器获取accessToken
2016/08/18 13:46:27 [access_token_server.go:153][I] 与微信服务器建立链接
2016/08/18 13:46:27 [access_token_server.go:155][I] 获取微信服务器数据：{"access_token":"XEwFA2QQfByOirt0AJXdOn25KVyOnY130w7qlpi3vw9pN24CYCtab7yDvuIp_NWXDJp6YYJbCFrrdjMDkoizHDW1pYgFXxuC6vewbGM3Rt4RSFFbHZZ3OgxK7Mh34MivSTAeAIAKLS","expires_in":7200}
2016/08/18 13:46:27 [access_token_server.go:163][I] 获取微信服务器数据,r   &{s:{"access_token":"XEwFA2QQfByOirt0AJXdOn25KVyOnY130w7qlpi3vw9pN24CYCtab7yDvuIp_NWXDJp6YYJbCFrrdjMDkoizHDW1pYgFXxuC6vewbGM3Rt4RSFFbHZZ3OgxK7Mh34MivSTAeAIAKLS","expires_in":7200} i:0 prevRune:-1}
2016/08/18 13:46:27 [access_token_server.go:165][I] 获取微信服务器数据,dec   &{r:0xc042251c40 buf:[] d:{data:[] off:0 scan:{step:<nil> endTop:false parseState:[] err:<nil> redo:false redoCode:0 redoState:<nil> bytes:0} nextscan:{step:<nil> endTop:false parseState:[] err:<nil> redo:false redoCode:0 redoState:<nil> bytes:0} savedError:<nil> useNumber:false} scanp:0 scan:{step:<nil> endTop:false parseState:[] err:<nil> redo:false redoCode:0 redoState:<nil> bytes:0} err:<nil> tokenState:0 tokenStack:[]}
2016/08/18 13:46:27 [access_token_server.go:169][I] 获取微信服务器数据,解析数据：{Token:XEwFA2QQfByOirt0AJXdOn25KVyOnY130w7qlpi3vw9pN24CYCtab7yDvuIp_NWXDJp6YYJbCFrrdjMDkoizHDW1pYgFXxuC6vewbGM3Rt4RSFFbHZZ3OgxK7Mh34MivSTAeAIAKLS ExpiresIn:7200}
2016/08/18 13:46:27 [access_token_server.go:118][I] 获取微信accessToken 定时器获取数据 错误nicker.C <nil>
2016/08/18 13:46:27 [access_token_server.go:119][I] 获取微信accessToken 定时器获取数据nicker.C &{Token:XEwFA2QQfByOirt0AJXdOn25KVyOnY130w7qlpi3vw9pN24CYCtab7yDvuIp_NWXDJp6YYJbCFrrdjMDkoizHDW1pYgFXxuC6vewbGM3Rt4RSFFbHZZ3OgxK7Mh34MivSTAeAIAKLS ExpiresIn:7200}
2016/08/18 13:46:27 [access_token_server.go:126][I] 获取数据时间 ExpiresIn  7200
2016/08/18 13:46:27 [access_token_server.go:127][I] 获取数据时间 ExpiresIn  -7198000000000
2016/08/18 13:46:27 [access_token_server.go:135][I] 获取微信accessToken 定时器获取数据AccessTokenServer &{CurrentAccessToken:0xc04234e180 accessTokenResult:0xc04234e1e0 LiveTime:0 Times:2s json:0xc042251c20}
2016/08/18 13:46:27 [access_token_server.go:137][I] 获取微信accessToken 定时器获取数据AccessTokenServer &{CurrentAccessToken:0xc04234e180 accessTokenResult:0xc04234e1e0 LiveTime:0 Times:2s json:0xc042251c20}
2016/08/18 13:46:27 [access_token_server.go:100][I] GetAndAccessTokenServer,for 循环
2016/08/18 13:46:29 [access_token_server.go:116][I] 获取微信accessToken 启动定时器时间nicker.C 0xc04234e360
2016/08/18 13:46:29 [access_token_server.go:145][I] 链接微信服务器获取accessToken
2016/08/18 13:46:29 [access_token_server.go:153][I] 与微信服务器建立链接
2016/08/18 13:46:29 [access_token_server.go:155][I] 获取微信服务器数据：{"access_token":"XEwFA2QQfByOirt0AJXdOn25KVyOnY130w7qlpi3vw99x7XUO1TwgBN45hDM-ihircfse-pRkxe1AFd-Rs4V2D5mszRL8INmqD5CnILcLkxQkgCAAnPh0-rv9Jg7hwOzJZCeAIADTW","expires_in":7198}
2016/08/18 13:46:29 [access_token_server.go:163][I] 获取微信服务器数据,r   &{s:{"access_token":"XEwFA2QQfByOirt0AJXdOn25KVyOnY130w7qlpi3vw99x7XUO1TwgBN45hDM-ihircfse-pRkxe1AFd-Rs4V2D5mszRL8INmqD5CnILcLkxQkgCAAnPh0-rv9Jg7hwOzJZCeAIADTW","expires_in":7198} i:0 prevRune:-1}
2016/08/18 13:46:29 [access_token_server.go:165][I] 获取微信服务器数据,dec   &{r:0xc0423e8b80 buf:[] d:{data:[] off:0 scan:{step:<nil> endTop:false parseState:[] err:<nil> redo:false redoCode:0 redoState:<nil> bytes:0} nextscan:{step:<nil> endTop:false parseState:[] err:<nil> redo:false redoCode:0 redoState:<nil> bytes:0} savedError:<nil> useNumber:false} scanp:0 scan:{step:<nil> endTop:false parseState:[] err:<nil> redo:false redoCode:0 redoState:<nil> bytes:0} err:<nil> tokenState:0 tokenStack:[]}
2016/08/18 13:46:29 [access_token_server.go:169][I] 获取微信服务器数据,解析数据：{Token:XEwFA2QQfByOirt0AJXdOn25KVyOnY130w7qlpi3vw99x7XUO1TwgBN45hDM-ihircfse-pRkxe1AFd-Rs4V2D5mszRL8INmqD5CnILcLkxQkgCAAnPh0-rv9Jg7hwOzJZCeAIADTW ExpiresIn:7198}
2016/08/18 13:46:29 [access_token_server.go:118][I] 获取微信accessToken 定时器获取数据 错误nicker.C <nil>
2016/08/18 13:46:29 [access_token_server.go:119][I] 获取微信accessToken 定时器获取数据nicker.C &{Token:XEwFA2QQfByOirt0AJXdOn25KVyOnY130w7qlpi3vw99x7XUO1TwgBN45hDM-ihircfse-pRkxe1AFd-Rs4V2D5mszRL8INmqD5CnILcLkxQkgCAAnPh0-rv9Jg7hwOzJZCeAIADTW ExpiresIn:7198}
2016/08/18 13:46:29 [access_token_server.go:126][I] 获取数据时间 ExpiresIn  7198
2016/08/18 13:46:29 [access_token_server.go:127][I] 获取数据时间 ExpiresIn  -7196000000000
2016/08/18 13:46:29 [access_token_server.go:135][I] 获取微信accessToken 定时器获取数据AccessTokenServer &{CurrentAccessToken:0xc04234e180 accessTokenResult:0xc04234e1e0 LiveTime:0 Times:2s json:0xc0423e8b40}
2016/08/18 13:46:29 [access_token_server.go:137][I] 获取微信accessToken 定时器获取数据AccessTokenServer &{CurrentAccessToken:0xc04234e180 accessTokenResult:0xc04234e1e0 LiveTime:0 Times:2s json:0xc0423e8b40}
2016/08/18 13:46:29 [access_token_server.go:100][I] GetAndAccessTokenServer,for 循环
2016/08/18 13:46:31 [access_token_server.go:116][I] 获取微信accessToken 启动定时器时间nicker.C 0xc04234e360
2016/08/18 13:46:31 [access_token_server.go:145][I] 链接微信服务器获取accessToken
2016/08/18 13:46:31 [access_token_server.go:153][I] 与微信服务器建立链接
2016/08/18 13:46:31 [access_token_server.go:155][I] 获取微信服务器数据：{"access_token":"XEwFA2QQfByOirt0AJXdOn25KVyOnY130w7qlpi3vw8qsE7Vke7YAA5JOalQNqhWQvdDevPRXWNSlbZFDlIJCKty-Q_X2BzUUbEci1NPFMHxRDkyRL0CCsgKoqCWoWP0ELSeAIAZGN","expires_in":7196}
2016/08/18 13:46:31 [access_token_server.go:163][I] 获取微信服务器数据,r   &{s:{"access_token":"XEwFA2QQfByOirt0AJXdOn25KVyOnY130w7qlpi3vw8qsE7Vke7YAA5JOalQNqhWQvdDevPRXWNSlbZFDlIJCKty-Q_X2BzUUbEci1NPFMHxRDkyRL0CCsgKoqCWoWP0ELSeAIAZGN","expires_in":7196} i:0 prevRune:-1}
2016/08/18 13:46:31 [access_token_server.go:165][I] 获取微信服务器数据,dec   &{r:0xc04228f260 buf:[] d:{data:[] off:0 scan:{step:<nil> endTop:false parseState:[] err:<nil> redo:false redoCode:0 redoState:<nil> bytes:0} nextscan:{step:<nil> endTop:false parseState:[] err:<nil> redo:false redoCode:0 redoState:<nil> bytes:0} savedError:<nil> useNumber:false} scanp:0 scan:{step:<nil> endTop:false parseState:[] err:<nil> redo:false redoCode:0 redoState:<nil> bytes:0} err:<nil> tokenState:0 tokenStack:[]}
2016/08/18 13:46:31 [access_token_server.go:169][I] 获取微信服务器数据,解析数据：{Token:XEwFA2QQfByOirt0AJXdOn25KVyOnY130w7qlpi3vw8qsE7Vke7YAA5JOalQNqhWQvdDevPRXWNSlbZFDlIJCKty-Q_X2BzUUbEci1NPFMHxRDkyRL0CCsgKoqCWoWP0ELSeAIAZGN ExpiresIn:7196}
2016/08/18 13:46:31 [access_token_server.go:118][I] 获取微信accessToken 定时器获取数据 错误nicker.C <nil>
2016/08/18 13:46:31 [access_token_server.go:119][I] 获取微信accessToken 定时器获取数据nicker.C &{Token:XEwFA2QQfByOirt0AJXdOn25KVyOnY130w7qlpi3vw8qsE7Vke7YAA5JOalQNqhWQvdDevPRXWNSlbZFDlIJCKty-Q_X2BzUUbEci1NPFMHxRDkyRL0CCsgKoqCWoWP0ELSeAIAZGN ExpiresIn:7196}
2016/08/18 13:46:31 [access_token_server.go:126][I] 获取数据时间 ExpiresIn  7196
2016/08/18 13:46:31 [access_token_server.go:127][I] 获取数据时间 ExpiresIn  -7194000000000
2016/08/18 13:46:31 [access_token_server.go:135][I] 获取微信accessToken 定时器获取数据AccessTokenServer &{CurrentAccessToken:0xc04234e180 accessTokenResult:0xc04234e1e0 LiveTime:0 Times:2s json:0xc04228f240}
2016/08/18 13:46:31 [access_token_server.go:137][I] 获取微信accessToken 定时器获取数据AccessTokenServer &{CurrentAccessToken:0xc04234e180 accessTokenResult:0xc04234e1e0 LiveTime:0 Times:2s json:0xc04228f240}
2016/08/18 13:46:31 [access_token_server.go:100][I] GetAndAccessTokenServer,for 循环
2016/08/18 13:46:33 [access_token_server.go:40][I] 获取accessToken的配置
2016/08/18 13:46:33 [access_token_server.go:45][I] 获取accessToken的配置==============start===================
2016/08/18 13:46:33 [utils.go:48][I] key is access_token_url||value is https://api.weixin.qq.com/cgi-bin/token
2016/08/18 13:46:33 [utils.go:48][I] key is appID||value is wx1dc762cdfeb4ed66
2016/08/18 13:46:33 [utils.go:48][I] key is appsecret||value is a72c8ccb896f3f7ddaf45f5318035bde
2016/08/18 13:46:33 [utils.go:48][I] key is grant_type||value is client_credential
2016/08/18 13:46:33 [access_token_server.go:47][I] accessToken 配置文件信息：&{url:https://api.weixin.qq.com/cgi-bin/token aPPID:wx1dc762cdfeb4ed66 appsecret:a72c8ccb896f3f7ddaf45f5318035bde grantType:client_credential accessTokenURL:https://api.weixin.qq.com/cgi-bin/token?grant_type=client_credential&&appid=wx1dc762cdfeb4ed66&secret=a72c8ccb896f3f7ddaf45f5318035bde}
2016/08/18 13:46:33 [access_token_server.go:48][I] 获取accessToken的配置==============end===================
2016/08/18 13:46:33 [access_token_server.go:42][I] 获取accessToken的配置 &{url:https://api.weixin.qq.com/cgi-bin/token aPPID:wx1dc762cdfeb4ed66 appsecret:a72c8ccb896f3f7ddaf45f5318035bde grantType:client_credential accessTokenURL:https://api.weixin.qq.com/cgi-bin/token?grant_type=client_credential&&appid=wx1dc762cdfeb4ed66&secret=a72c8ccb896f3f7ddaf45f5318035bde}
2016/08/18 13:46:37 [WxController.go:51][I] 接受微信服务器参数：/test
2016/08/18 13:46:37 [WxController.go:52][I] test 数据
2016/08/18 13:46:37 [access_token_server.go:87][I] accessToken 获取，数据结构初始化：&{CurrentAccessToken:0xc042354180 accessTokenResult:0xc0423541e0 LiveTime:0 Times:2s json:<nil>}
2016/08/18 13:46:37 [access_token_server.go:88][I] accessToken 启动定时器，进行请求accessToken
2016/08/18 13:46:37 [access_token_server.go:96][I] GetAndAccessTokenServer创建定时器，进行请求accessToken
2016/08/18 13:46:37 [access_token_server.go:100][I] GetAndAccessTokenServer,for 循环
2016/08/18 13:46:39 [access_token_server.go:116][I] 获取微信accessToken 启动定时器时间nicker.C 0xc042354360
2016/08/18 13:46:39 [access_token_server.go:145][I] 链接微信服务器获取accessToken
2016/08/18 13:46:39 [access_token_server.go:153][I] 与微信服务器建立链接
2016/08/18 13:46:39 [access_token_server.go:155][I] 获取微信服务器数据：{"access_token":"XEwFA2QQfByOirt0AJXdOn25KVyOnY130w7qlpi3vw9VMNdpBCMHi-BCneKzj1wP2w0yZMLMlijFtH0Dv9_2qn4VPwfX194_AZaMJhiaLJoK1-ONfrakI6exyS86RFXxAZGeAIASRY","expires_in":7200}
2016/08/18 13:46:39 [access_token_server.go:163][I] 获取微信服务器数据,r   &{s:{"access_token":"XEwFA2QQfByOirt0AJXdOn25KVyOnY130w7qlpi3vw9VMNdpBCMHi-BCneKzj1wP2w0yZMLMlijFtH0Dv9_2qn4VPwfX194_AZaMJhiaLJoK1-ONfrakI6exyS86RFXxAZGeAIASRY","expires_in":7200} i:0 prevRune:-1}
2016/08/18 13:46:39 [access_token_server.go:165][I] 获取微信服务器数据,dec   &{r:0xc0423b8780 buf:[] d:{data:[] off:0 scan:{step:<nil> endTop:false parseState:[] err:<nil> redo:false redoCode:0 redoState:<nil> bytes:0} nextscan:{step:<nil> endTop:false parseState:[] err:<nil> redo:false redoCode:0 redoState:<nil> bytes:0} savedError:<nil> useNumber:false} scanp:0 scan:{step:<nil> endTop:false parseState:[] err:<nil> redo:false redoCode:0 redoState:<nil> bytes:0} err:<nil> tokenState:0 tokenStack:[]}
2016/08/18 13:46:39 [access_token_server.go:169][I] 获取微信服务器数据,解析数据：{Token:XEwFA2QQfByOirt0AJXdOn25KVyOnY130w7qlpi3vw9VMNdpBCMHi-BCneKzj1wP2w0yZMLMlijFtH0Dv9_2qn4VPwfX194_AZaMJhiaLJoK1-ONfrakI6exyS86RFXxAZGeAIASRY ExpiresIn:7200}
2016/08/18 13:46:39 [access_token_server.go:118][I] 获取微信accessToken 定时器获取数据 错误nicker.C <nil>
2016/08/18 13:46:39 [access_token_server.go:119][I] 获取微信accessToken 定时器获取数据nicker.C &{Token:XEwFA2QQfByOirt0AJXdOn25KVyOnY130w7qlpi3vw9VMNdpBCMHi-BCneKzj1wP2w0yZMLMlijFtH0Dv9_2qn4VPwfX194_AZaMJhiaLJoK1-ONfrakI6exyS86RFXxAZGeAIASRY ExpiresIn:7200}
2016/08/18 13:46:39 [access_token_server.go:126][I] 获取数据时间 ExpiresIn  7200
2016/08/18 13:46:39 [access_token_server.go:127][I] 获取数据时，标准时间差  -7198000000000
2016/08/18 13:46:39 [access_token_server.go:135][I] 获取微信accessToken 定时器获取数据AccessTokenServer &{CurrentAccessToken:0xc042354180 accessTokenResult:0xc0423541e0 LiveTime:0 Times:2s json:0xc0423b8760}
2016/08/18 13:46:39 [access_token_server.go:137][I] 获取微信accessToken 定时器获取数据AccessTokenServer &{CurrentAccessToken:0xc042354180 accessTokenResult:0xc0423541e0 LiveTime:0 Times:2s json:0xc0423b8760}
2016/08/18 13:46:39 [access_token_server.go:100][I] GetAndAccessTokenServer,for 循环
2016/08/18 13:46:41 [access_token_server.go:116][I] 获取微信accessToken 启动定时器时间nicker.C 0xc042354360
2016/08/18 13:46:41 [access_token_server.go:145][I] 链接微信服务器获取accessToken
2016/08/18 13:46:41 [access_token_server.go:153][I] 与微信服务器建立链接
2016/08/18 13:46:41 [access_token_server.go:155][I] 获取微信服务器数据：{"access_token":"XEwFA2QQfByOirt0AJXdOn25KVyOnY130w7qlpi3vw_N-iNOO0sNQgQ5IeFuL_gOYJSLSeRn8gzyLGKCphI2pROV-Y7GIK29Aj1qVcIxM0-JLyXTjpcKlcTCvUbkMDE7TUFeAIABCN","expires_in":7200}
2016/08/18 13:46:41 [access_token_server.go:163][I] 获取微信服务器数据,r   &{s:{"access_token":"XEwFA2QQfByOirt0AJXdOn25KVyOnY130w7qlpi3vw_N-iNOO0sNQgQ5IeFuL_gOYJSLSeRn8gzyLGKCphI2pROV-Y7GIK29Aj1qVcIxM0-JLyXTjpcKlcTCvUbkMDE7TUFeAIABCN","expires_in":7200} i:0 prevRune:-1}
2016/08/18 13:46:41 [access_token_server.go:165][I] 获取微信服务器数据,dec   &{r:0xc042261d20 buf:[] d:{data:[] off:0 scan:{step:<nil> endTop:false parseState:[] err:<nil> redo:false redoCode:0 redoState:<nil> bytes:0} nextscan:{step:<nil> endTop:false parseState:[] err:<nil> redo:false redoCode:0 redoState:<nil> bytes:0} savedError:<nil> useNumber:false} scanp:0 scan:{step:<nil> endTop:false parseState:[] err:<nil> redo:false redoCode:0 redoState:<nil> bytes:0} err:<nil> tokenState:0 tokenStack:[]}
2016/08/18 13:46:41 [access_token_server.go:169][I] 获取微信服务器数据,解析数据：{Token:XEwFA2QQfByOirt0AJXdOn25KVyOnY130w7qlpi3vw_N-iNOO0sNQgQ5IeFuL_gOYJSLSeRn8gzyLGKCphI2pROV-Y7GIK29Aj1qVcIxM0-JLyXTjpcKlcTCvUbkMDE7TUFeAIABCN ExpiresIn:7200}
2016/08/18 13:46:41 [access_token_server.go:118][I] 获取微信accessToken 定时器获取数据 错误nicker.C <nil>
2016/08/18 13:46:41 [access_token_server.go:119][I] 获取微信accessToken 定时器获取数据nicker.C &{Token:XEwFA2QQfByOirt0AJXdOn25KVyOnY130w7qlpi3vw_N-iNOO0sNQgQ5IeFuL_gOYJSLSeRn8gzyLGKCphI2pROV-Y7GIK29Aj1qVcIxM0-JLyXTjpcKlcTCvUbkMDE7TUFeAIABCN ExpiresIn:7200}
2016/08/18 13:46:41 [access_token_server.go:126][I] 获取数据时间 ExpiresIn  7200
2016/08/18 13:46:41 [access_token_server.go:127][I] 获取数据时，标准时间差  -7198000000000
2016/08/18 13:46:41 [access_token_server.go:135][I] 获取微信accessToken 定时器获取数据AccessTokenServer &{CurrentAccessToken:0xc042354180 accessTokenResult:0xc0423541e0 LiveTime:0 Times:2s json:0xc042261d00}
2016/08/18 13:46:41 [access_token_server.go:137][I] 获取微信accessToken 定时器获取数据AccessTokenServer &{CurrentAccessToken:0xc042354180 accessTokenResult:0xc0423541e0 LiveTime:0 Times:2s json:0xc042261d00}
2016/08/18 13:46:41 [access_token_server.go:100][I] GetAndAccessTokenServer,for 循环
2016/08/18 13:46:43 [access_token_server.go:116][I] 获取微信accessToken 启动定时器时间nicker.C 0xc042354360
2016/08/18 13:46:43 [access_token_server.go:145][I] 链接微信服务器获取accessToken
2016/08/18 13:46:43 [access_token_server.go:153][I] 与微信服务器建立链接
2016/08/18 13:46:43 [access_token_server.go:155][I] 获取微信服务器数据：{"access_token":"XEwFA2QQfByOirt0AJXdOn25KVyOnY130w7qlpi3vw8xHJ4mIMvhuxqU-xEDCqHVWQvScqxceFTTHXCrBCYJGQasz7NtZ5N00uCJIhSUihT78QT77UVJxl_0O2R1hF77HTReAIAMYW","expires_in":7200}
2016/08/18 13:46:43 [access_token_server.go:163][I] 获取微信服务器数据,r   &{s:{"access_token":"XEwFA2QQfByOirt0AJXdOn25KVyOnY130w7qlpi3vw8xHJ4mIMvhuxqU-xEDCqHVWQvScqxceFTTHXCrBCYJGQasz7NtZ5N00uCJIhSUihT78QT77UVJxl_0O2R1hF77HTReAIAMYW","expires_in":7200} i:0 prevRune:-1}
2016/08/18 13:46:43 [access_token_server.go:165][I] 获取微信服务器数据,dec   &{r:0xc042239880 buf:[] d:{data:[] off:0 scan:{step:<nil> endTop:false parseState:[] err:<nil> redo:false redoCode:0 redoState:<nil> bytes:0} nextscan:{step:<nil> endTop:false parseState:[] err:<nil> redo:false redoCode:0 redoState:<nil> bytes:0} savedError:<nil> useNumber:false} scanp:0 scan:{step:<nil> endTop:false parseState:[] err:<nil> redo:false redoCode:0 redoState:<nil> bytes:0} err:<nil> tokenState:0 tokenStack:[]}
2016/08/18 13:46:43 [access_token_server.go:169][I] 获取微信服务器数据,解析数据：{Token:XEwFA2QQfByOirt0AJXdOn25KVyOnY130w7qlpi3vw8xHJ4mIMvhuxqU-xEDCqHVWQvScqxceFTTHXCrBCYJGQasz7NtZ5N00uCJIhSUihT78QT77UVJxl_0O2R1hF77HTReAIAMYW ExpiresIn:7200}
2016/08/18 13:46:43 [access_token_server.go:118][I] 获取微信accessToken 定时器获取数据 错误nicker.C <nil>
2016/08/18 13:46:43 [access_token_server.go:119][I] 获取微信accessToken 定时器获取数据nicker.C &{Token:XEwFA2QQfByOirt0AJXdOn25KVyOnY130w7qlpi3vw8xHJ4mIMvhuxqU-xEDCqHVWQvScqxceFTTHXCrBCYJGQasz7NtZ5N00uCJIhSUihT78QT77UVJxl_0O2R1hF77HTReAIAMYW ExpiresIn:7200}
2016/08/18 13:46:43 [access_token_server.go:126][I] 获取数据时间 ExpiresIn  7200
2016/08/18 13:46:43 [access_token_server.go:127][I] 获取数据时，标准时间差  -7198000000000
2016/08/18 13:46:43 [access_token_server.go:135][I] 获取微信accessToken 定时器获取数据AccessTokenServer &{CurrentAccessToken:0xc042354180 accessTokenResult:0xc0423541e0 LiveTime:0 Times:2s json:0xc042239860}
2016/08/18 13:46:43 [access_token_server.go:137][I] 获取微信accessToken 定时器获取数据AccessTokenServer &{CurrentAccessToken:0xc042354180 accessTokenResult:0xc0423541e0 LiveTime:0 Times:2s json:0xc042239860}
2016/08/18 13:46:43 [access_token_server.go:100][I] GetAndAccessTokenServer,for 循环
2016/08/18 13:46:45 [access_token_server.go:116][I] 获取微信accessToken 启动定时器时间nicker.C 0xc042354360
2016/08/18 13:46:45 [access_token_server.go:145][I] 链接微信服务器获取accessToken
2016/08/18 13:46:45 [access_token_server.go:153][I] 与微信服务器建立链接
2016/08/18 13:46:45 [access_token_server.go:155][I] 获取微信服务器数据：{"access_token":"XEwFA2QQfByOirt0AJXdOn25KVyOnY130w7qlpi3vw8pCQZCEljg-NTgtRZ-vXywCCrUibucWsYUgZmDy6FWTDDI3orkNZPo2DWbDSBDSfWa2kcDd1RESntWJvXGT3GxXXHeAIABBL","expires_in":7200}
2016/08/18 13:46:45 [access_token_server.go:163][I] 获取微信服务器数据,r   &{s:{"access_token":"XEwFA2QQfByOirt0AJXdOn25KVyOnY130w7qlpi3vw8pCQZCEljg-NTgtRZ-vXywCCrUibucWsYUgZmDy6FWTDDI3orkNZPo2DWbDSBDSfWa2kcDd1RESntWJvXGT3GxXXHeAIABBL","expires_in":7200} i:0 prevRune:-1}
2016/08/18 13:46:45 [access_token_server.go:165][I] 获取微信服务器数据,dec   &{r:0xc04225c160 buf:[] d:{data:[] off:0 scan:{step:<nil> endTop:false parseState:[] err:<nil> redo:false redoCode:0 redoState:<nil> bytes:0} nextscan:{step:<nil> endTop:false parseState:[] err:<nil> redo:false redoCode:0 redoState:<nil> bytes:0} savedError:<nil> useNumber:false} scanp:0 scan:{step:<nil> endTop:false parseState:[] err:<nil> redo:false redoCode:0 redoState:<nil> bytes:0} err:<nil> tokenState:0 tokenStack:[]}
2016/08/18 13:46:45 [access_token_server.go:169][I] 获取微信服务器数据,解析数据：{Token:XEwFA2QQfByOirt0AJXdOn25KVyOnY130w7qlpi3vw8pCQZCEljg-NTgtRZ-vXywCCrUibucWsYUgZmDy6FWTDDI3orkNZPo2DWbDSBDSfWa2kcDd1RESntWJvXGT3GxXXHeAIABBL ExpiresIn:7200}
2016/08/18 13:46:45 [access_token_server.go:118][I] 获取微信accessToken 定时器获取数据 错误nicker.C <nil>
2016/08/18 13:46:45 [access_token_server.go:119][I] 获取微信accessToken 定时器获取数据nicker.C &{Token:XEwFA2QQfByOirt0AJXdOn25KVyOnY130w7qlpi3vw8pCQZCEljg-NTgtRZ-vXywCCrUibucWsYUgZmDy6FWTDDI3orkNZPo2DWbDSBDSfWa2kcDd1RESntWJvXGT3GxXXHeAIABBL ExpiresIn:7200}
2016/08/18 13:46:45 [access_token_server.go:126][I] 获取数据时间 ExpiresIn  7200
2016/08/18 13:46:45 [access_token_server.go:127][I] 获取数据时，标准时间差  -7198000000000
2016/08/18 13:46:45 [access_token_server.go:135][I] 获取微信accessToken 定时器获取数据AccessTokenServer &{CurrentAccessToken:0xc042354180 accessTokenResult:0xc0423541e0 LiveTime:0 Times:2s json:0xc04225c140}
2016/08/18 13:46:45 [access_token_server.go:137][I] 获取微信accessToken 定时器获取数据AccessTokenServer &{CurrentAccessToken:0xc042354180 accessTokenResult:0xc0423541e0 LiveTime:0 Times:2s json:0xc04225c140}
2016/08/18 13:46:45 [access_token_server.go:100][I] GetAndAccessTokenServer,for 循环
2016/08/18 13:46:47 [access_token_server.go:116][I] 获取微信accessToken 启动定时器时间nicker.C 0xc042354360
2016/08/18 13:46:47 [access_token_server.go:145][I] 链接微信服务器获取accessToken
2016/08/18 13:46:47 [access_token_server.go:153][I] 与微信服务器建立链接
2016/08/18 13:46:47 [access_token_server.go:155][I] 获取微信服务器数据：{"access_token":"9VnCidzVzvyJj_69ORGVKxdry5qeOo2KaII2CwrZmLer2BDx7jJqDed9qRAVPtgYFDjWwId9Tsk2PJpDmrEBxSWdmQlBonMYOsTndaLWCcIEYGaAJAWQY","expires_in":7200}
2016/08/18 13:46:47 [access_token_server.go:163][I] 获取微信服务器数据,r   &{s:{"access_token":"9VnCidzVzvyJj_69ORGVKxdry5qeOo2KaII2CwrZmLer2BDx7jJqDed9qRAVPtgYFDjWwId9Tsk2PJpDmrEBxSWdmQlBonMYOsTndaLWCcIEYGaAJAWQY","expires_in":7200} i:0 prevRune:-1}
2016/08/18 13:46:47 [access_token_server.go:165][I] 获取微信服务器数据,dec   &{r:0xc0423bc380 buf:[] d:{data:[] off:0 scan:{step:<nil> endTop:false parseState:[] err:<nil> redo:false redoCode:0 redoState:<nil> bytes:0} nextscan:{step:<nil> endTop:false parseState:[] err:<nil> redo:false redoCode:0 redoState:<nil> bytes:0} savedError:<nil> useNumber:false} scanp:0 scan:{step:<nil> endTop:false parseState:[] err:<nil> redo:false redoCode:0 redoState:<nil> bytes:0} err:<nil> tokenState:0 tokenStack:[]}
2016/08/18 13:46:47 [access_token_server.go:169][I] 获取微信服务器数据,解析数据：{Token:9VnCidzVzvyJj_69ORGVKxdry5qeOo2KaII2CwrZmLer2BDx7jJqDed9qRAVPtgYFDjWwId9Tsk2PJpDmrEBxSWdmQlBonMYOsTndaLWCcIEYGaAJAWQY ExpiresIn:7200}
2016/08/18 13:46:47 [access_token_server.go:118][I] 获取微信accessToken 定时器获取数据 错误nicker.C <nil>
2016/08/18 13:46:47 [access_token_server.go:119][I] 获取微信accessToken 定时器获取数据nicker.C &{Token:9VnCidzVzvyJj_69ORGVKxdry5qeOo2KaII2CwrZmLer2BDx7jJqDed9qRAVPtgYFDjWwId9Tsk2PJpDmrEBxSWdmQlBonMYOsTndaLWCcIEYGaAJAWQY ExpiresIn:7200}
2016/08/18 13:46:47 [access_token_server.go:126][I] 获取数据时间 ExpiresIn  7200
2016/08/18 13:46:47 [access_token_server.go:127][I] 获取数据时，标准时间差  -7198000000000
2016/08/18 13:46:47 [access_token_server.go:135][I] 获取微信accessToken 定时器获取数据AccessTokenServer &{CurrentAccessToken:0xc042354180 accessTokenResult:0xc0423541e0 LiveTime:0 Times:2s json:0xc0423bc340}
2016/08/18 13:46:47 [access_token_server.go:137][I] 获取微信accessToken 定时器获取数据AccessTokenServer &{CurrentAccessToken:0xc042354180 accessTokenResult:0xc0423541e0 LiveTime:0 Times:2s json:0xc0423bc340}
2016/08/18 13:46:47 [access_token_server.go:100][I] GetAndAccessTokenServer,for 循环
2016/08/18 13:46:49 [access_token_server.go:116][I] 获取微信accessToken 启动定时器时间nicker.C 0xc042354360
2016/08/18 13:46:49 [access_token_server.go:145][I] 链接微信服务器获取accessToken
2016/08/18 13:46:49 [access_token_server.go:153][I] 与微信服务器建立链接
2016/08/18 13:46:49 [access_token_server.go:155][I] 获取微信服务器数据：{"access_token":"9VnCidzVzvyJj_69ORGVKxdry5qeOo2KaII2CwrZmLd0uqE3GZ4uR1vbJuEFcIJEEPkuTD062lQPINZCmYCA4ml2w3P1FKJoxVFqJWUWRb8RSEaAJAEFR","expires_in":7198}
2016/08/18 13:46:49 [access_token_server.go:163][I] 获取微信服务器数据,r   &{s:{"access_token":"9VnCidzVzvyJj_69ORGVKxdry5qeOo2KaII2CwrZmLd0uqE3GZ4uR1vbJuEFcIJEEPkuTD062lQPINZCmYCA4ml2w3P1FKJoxVFqJWUWRb8RSEaAJAEFR","expires_in":7198} i:0 prevRune:-1}
2016/08/18 13:46:49 [access_token_server.go:165][I] 获取微信服务器数据,dec   &{r:0xc0420a9ac0 buf:[] d:{data:[] off:0 scan:{step:<nil> endTop:false parseState:[] err:<nil> redo:false redoCode:0 redoState:<nil> bytes:0} nextscan:{step:<nil> endTop:false parseState:[] err:<nil> redo:false redoCode:0 redoState:<nil> bytes:0} savedError:<nil> useNumber:false} scanp:0 scan:{step:<nil> endTop:false parseState:[] err:<nil> redo:false redoCode:0 redoState:<nil> bytes:0} err:<nil> tokenState:0 tokenStack:[]}
2016/08/18 13:46:49 [access_token_server.go:169][I] 获取微信服务器数据,解析数据：{Token:9VnCidzVzvyJj_69ORGVKxdry5qeOo2KaII2CwrZmLd0uqE3GZ4uR1vbJuEFcIJEEPkuTD062lQPINZCmYCA4ml2w3P1FKJoxVFqJWUWRb8RSEaAJAEFR ExpiresIn:7198}
2016/08/18 13:46:49 [access_token_server.go:118][I] 获取微信accessToken 定时器获取数据 错误nicker.C <nil>
2016/08/18 13:46:49 [access_token_server.go:119][I] 获取微信accessToken 定时器获取数据nicker.C &{Token:9VnCidzVzvyJj_69ORGVKxdry5qeOo2KaII2CwrZmLd0uqE3GZ4uR1vbJuEFcIJEEPkuTD062lQPINZCmYCA4ml2w3P1FKJoxVFqJWUWRb8RSEaAJAEFR ExpiresIn:7198}
2016/08/18 13:46:49 [access_token_server.go:126][I] 获取数据时间 ExpiresIn  7198
2016/08/18 13:46:49 [access_token_server.go:127][I] 获取数据时，标准时间差  -7196000000000
2016/08/18 13:46:49 [access_token_server.go:135][I] 获取微信accessToken 定时器获取数据AccessTokenServer &{CurrentAccessToken:0xc042354180 accessTokenResult:0xc0423541e0 LiveTime:0 Times:2s json:0xc0420a9aa0}
2016/08/18 13:46:49 [access_token_server.go:137][I] 获取微信accessToken 定时器获取数据AccessTokenServer &{CurrentAccessToken:0xc042354180 accessTokenResult:0xc0423541e0 LiveTime:0 Times:2s json:0xc0420a9aa0}
2016/08/18 13:46:49 [access_token_server.go:100][I] GetAndAccessTokenServer,for 循环
2016/08/18 13:46:51 [access_token_server.go:116][I] 获取微信accessToken 启动定时器时间nicker.C 0xc042354360
2016/08/18 13:46:51 [access_token_server.go:145][I] 链接微信服务器获取accessToken
2016/08/18 13:46:51 [access_token_server.go:153][I] 与微信服务器建立链接
2016/08/18 13:46:51 [access_token_server.go:155][I] 获取微信服务器数据：{"access_token":"9VnCidzVzvyJj_69ORGVKxdry5qeOo2KaII2CwrZmLfafBCrOgcMwvBN6xj-K7JEZRHWV2uPZ70_avJC2iW-B3HXHdD9LJYoVGY5Zg-nAysITPaAJARCY","expires_in":7196}
2016/08/18 13:46:51 [access_token_server.go:163][I] 获取微信服务器数据,r   &{s:{"access_token":"9VnCidzVzvyJj_69ORGVKxdry5qeOo2KaII2CwrZmLfafBCrOgcMwvBN6xj-K7JEZRHWV2uPZ70_avJC2iW-B3HXHdD9LJYoVGY5Zg-nAysITPaAJARCY","expires_in":7196} i:0 prevRune:-1}
2016/08/18 13:46:51 [access_token_server.go:165][I] 获取微信服务器数据,dec   &{r:0xc04209b080 buf:[] d:{data:[] off:0 scan:{step:<nil> endTop:false parseState:[] err:<nil> redo:false redoCode:0 redoState:<nil> bytes:0} nextscan:{step:<nil> endTop:false parseState:[] err:<nil> redo:false redoCode:0 redoState:<nil> bytes:0} savedError:<nil> useNumber:false} scanp:0 scan:{step:<nil> endTop:false parseState:[] err:<nil> redo:false redoCode:0 redoState:<nil> bytes:0} err:<nil> tokenState:0 tokenStack:[]}
2016/08/18 13:46:51 [access_token_server.go:169][I] 获取微信服务器数据,解析数据：{Token:9VnCidzVzvyJj_69ORGVKxdry5qeOo2KaII2CwrZmLfafBCrOgcMwvBN6xj-K7JEZRHWV2uPZ70_avJC2iW-B3HXHdD9LJYoVGY5Zg-nAysITPaAJARCY ExpiresIn:7196}
2016/08/18 13:46:51 [access_token_server.go:118][I] 获取微信accessToken 定时器获取数据 错误nicker.C <nil>
2016/08/18 13:46:51 [access_token_server.go:119][I] 获取微信accessToken 定时器获取数据nicker.C &{Token:9VnCidzVzvyJj_69ORGVKxdry5qeOo2KaII2CwrZmLfafBCrOgcMwvBN6xj-K7JEZRHWV2uPZ70_avJC2iW-B3HXHdD9LJYoVGY5Zg-nAysITPaAJARCY ExpiresIn:7196}
2016/08/18 13:46:51 [access_token_server.go:126][I] 获取数据时间 ExpiresIn  7196
2016/08/18 13:46:51 [access_token_server.go:127][I] 获取数据时，标准时间差  -7194000000000
2016/08/18 13:46:51 [access_token_server.go:135][I] 获取微信accessToken 定时器获取数据AccessTokenServer &{CurrentAccessToken:0xc042354180 accessTokenResult:0xc0423541e0 LiveTime:0 Times:2s json:0xc04209b060}
2016/08/18 13:46:51 [access_token_server.go:137][I] 获取微信accessToken 定时器获取数据AccessTokenServer &{CurrentAccessToken:0xc042354180 accessTokenResult:0xc0423541e0 LiveTime:0 Times:2s json:0xc04209b060}
2016/08/18 13:46:51 [access_token_server.go:100][I] GetAndAccessTokenServer,for 循环
2016/08/18 13:46:53 [access_token_server.go:116][I] 获取微信accessToken 启动定时器时间nicker.C 0xc042354360
2016/08/18 13:46:53 [access_token_server.go:145][I] 链接微信服务器获取accessToken
2016/08/18 13:46:53 [access_token_server.go:153][I] 与微信服务器建立链接
2016/08/18 13:46:53 [access_token_server.go:155][I] 获取微信服务器数据：{"access_token":"9VnCidzVzvyJj_69ORGVKxdry5qeOo2KaII2CwrZmLeZKNT1KuZi1-T3DFUWMOtdY5sPD5wAGyODFDaXMx-plPn16jjLP2NQXSiIBhYlUFwJCIaAJAFYE","expires_in":7200}
2016/08/18 13:46:53 [access_token_server.go:163][I] 获取微信服务器数据,r   &{s:{"access_token":"9VnCidzVzvyJj_69ORGVKxdry5qeOo2KaII2CwrZmLeZKNT1KuZi1-T3DFUWMOtdY5sPD5wAGyODFDaXMx-plPn16jjLP2NQXSiIBhYlUFwJCIaAJAFYE","expires_in":7200} i:0 prevRune:-1}
2016/08/18 13:46:53 [access_token_server.go:165][I] 获取微信服务器数据,dec   &{r:0xc0420f2f20 buf:[] d:{data:[] off:0 scan:{step:<nil> endTop:false parseState:[] err:<nil> redo:false redoCode:0 redoState:<nil> bytes:0} nextscan:{step:<nil> endTop:false parseState:[] err:<nil> redo:false redoCode:0 redoState:<nil> bytes:0} savedError:<nil> useNumber:false} scanp:0 scan:{step:<nil> endTop:false parseState:[] err:<nil> redo:false redoCode:0 redoState:<nil> bytes:0} err:<nil> tokenState:0 tokenStack:[]}
2016/08/18 13:46:53 [access_token_server.go:169][I] 获取微信服务器数据,解析数据：{Token:9VnCidzVzvyJj_69ORGVKxdry5qeOo2KaII2CwrZmLeZKNT1KuZi1-T3DFUWMOtdY5sPD5wAGyODFDaXMx-plPn16jjLP2NQXSiIBhYlUFwJCIaAJAFYE ExpiresIn:7200}
2016/08/18 13:46:53 [access_token_server.go:118][I] 获取微信accessToken 定时器获取数据 错误nicker.C <nil>
2016/08/18 13:46:53 [access_token_server.go:119][I] 获取微信accessToken 定时器获取数据nicker.C &{Token:9VnCidzVzvyJj_69ORGVKxdry5qeOo2KaII2CwrZmLeZKNT1KuZi1-T3DFUWMOtdY5sPD5wAGyODFDaXMx-plPn16jjLP2NQXSiIBhYlUFwJCIaAJAFYE ExpiresIn:7200}
2016/08/18 13:46:53 [access_token_server.go:126][I] 获取数据时间 ExpiresIn  7200
2016/08/18 13:46:53 [access_token_server.go:127][I] 获取数据时，标准时间差  -7198000000000
2016/08/18 13:46:53 [access_token_server.go:135][I] 获取微信accessToken 定时器获取数据AccessTokenServer &{CurrentAccessToken:0xc042354180 accessTokenResult:0xc0423541e0 LiveTime:0 Times:2s json:0xc0420f2f00}
2016/08/18 13:46:53 [access_token_server.go:137][I] 获取微信accessToken 定时器获取数据AccessTokenServer &{CurrentAccessToken:0xc042354180 accessTokenResult:0xc0423541e0 LiveTime:0 Times:2s json:0xc0420f2f00}
2016/08/18 13:46:53 [access_token_server.go:100][I] GetAndAccessTokenServer,for 循环
2016/08/18 13:46:55 [access_token_server.go:116][I] 获取微信accessToken 启动定时器时间nicker.C 0xc042354360
2016/08/18 13:46:55 [access_token_server.go:145][I] 链接微信服务器获取accessToken
2016/08/18 13:46:55 [access_token_server.go:153][I] 与微信服务器建立链接
2016/08/18 13:46:55 [access_token_server.go:155][I] 获取微信服务器数据：{"access_token":"9VnCidzVzvyJj_69ORGVKxdry5qeOo2KaII2CwrZmLfhiRj_FzHfMu5ZeYcLxTFH4HJKQ7m3nEp0fnAnMNu3mRQMbtXdYacEP7N1pNPYb5gOTHaAJAFKY","expires_in":7200}
2016/08/18 13:46:55 [access_token_server.go:163][I] 获取微信服务器数据,r   &{s:{"access_token":"9VnCidzVzvyJj_69ORGVKxdry5qeOo2KaII2CwrZmLfhiRj_FzHfMu5ZeYcLxTFH4HJKQ7m3nEp0fnAnMNu3mRQMbtXdYacEP7N1pNPYb5gOTHaAJAFKY","expires_in":7200} i:0 prevRune:-1}
2016/08/18 13:46:55 [access_token_server.go:165][I] 获取微信服务器数据,dec   &{r:0xc042415820 buf:[] d:{data:[] off:0 scan:{step:<nil> endTop:false parseState:[] err:<nil> redo:false redoCode:0 redoState:<nil> bytes:0} nextscan:{step:<nil> endTop:false parseState:[] err:<nil> redo:false redoCode:0 redoState:<nil> bytes:0} savedError:<nil> useNumber:false} scanp:0 scan:{step:<nil> endTop:false parseState:[] err:<nil> redo:false redoCode:0 redoState:<nil> bytes:0} err:<nil> tokenState:0 tokenStack:[]}
2016/08/18 13:46:55 [access_token_server.go:169][I] 获取微信服务器数据,解析数据：{Token:9VnCidzVzvyJj_69ORGVKxdry5qeOo2KaII2CwrZmLfhiRj_FzHfMu5ZeYcLxTFH4HJKQ7m3nEp0fnAnMNu3mRQMbtXdYacEP7N1pNPYb5gOTHaAJAFKY ExpiresIn:7200}
2016/08/18 13:46:55 [access_token_server.go:118][I] 获取微信accessToken 定时器获取数据 错误nicker.C <nil>
2016/08/18 13:46:55 [access_token_server.go:119][I] 获取微信accessToken 定时器获取数据nicker.C &{Token:9VnCidzVzvyJj_69ORGVKxdry5qeOo2KaII2CwrZmLfhiRj_FzHfMu5ZeYcLxTFH4HJKQ7m3nEp0fnAnMNu3mRQMbtXdYacEP7N1pNPYb5gOTHaAJAFKY ExpiresIn:7200}
2016/08/18 13:46:55 [access_token_server.go:126][I] 获取数据时间 ExpiresIn  7200
2016/08/18 13:46:55 [access_token_server.go:127][I] 获取数据时，标准时间差  -7198000000000
2016/08/18 13:46:55 [access_token_server.go:135][I] 获取微信accessToken 定时器获取数据AccessTokenServer &{CurrentAccessToken:0xc042354180 accessTokenResult:0xc0423541e0 LiveTime:0 Times:2s json:0xc042415800}
2016/08/18 13:46:55 [access_token_server.go:137][I] 获取微信accessToken 定时器获取数据AccessTokenServer &{CurrentAccessToken:0xc042354180 accessTokenResult:0xc0423541e0 LiveTime:0 Times:2s json:0xc042415800}
2016/08/18 13:46:55 [access_token_server.go:100][I] GetAndAccessTokenServer,for 循环
2016/08/18 13:46:57 [access_token_server.go:116][I] 获取微信accessToken 启动定时器时间nicker.C 0xc042354360
2016/08/18 13:46:57 [access_token_server.go:145][I] 链接微信服务器获取accessToken
2016/08/18 13:46:57 [access_token_server.go:153][I] 与微信服务器建立链接
2016/08/18 13:46:57 [access_token_server.go:155][I] 获取微信服务器数据：{"access_token":"9VnCidzVzvyJj_69ORGVKxdry5qeOo2KaII2CwrZmLconmciQpQVjjwJluqb_9DzUxOHJDRHHaZMRcd9_Mwh5kn2rDLi6C_tKcT82QWp4DIFNAaAJAIQD","expires_in":7200}
2016/08/18 13:46:57 [access_token_server.go:163][I] 获取微信服务器数据,r   &{s:{"access_token":"9VnCidzVzvyJj_69ORGVKxdry5qeOo2KaII2CwrZmLconmciQpQVjjwJluqb_9DzUxOHJDRHHaZMRcd9_Mwh5kn2rDLi6C_tKcT82QWp4DIFNAaAJAIQD","expires_in":7200} i:0 prevRune:-1}
2016/08/18 13:46:57 [access_token_server.go:165][I] 获取微信服务器数据,dec   &{r:0xc04242dcc0 buf:[] d:{data:[] off:0 scan:{step:<nil> endTop:false parseState:[] err:<nil> redo:false redoCode:0 redoState:<nil> bytes:0} nextscan:{step:<nil> endTop:false parseState:[] err:<nil> redo:false redoCode:0 redoState:<nil> bytes:0} savedError:<nil> useNumber:false} scanp:0 scan:{step:<nil> endTop:false parseState:[] err:<nil> redo:false redoCode:0 redoState:<nil> bytes:0} err:<nil> tokenState:0 tokenStack:[]}
2016/08/18 13:46:57 [access_token_server.go:169][I] 获取微信服务器数据,解析数据：{Token:9VnCidzVzvyJj_69ORGVKxdry5qeOo2KaII2CwrZmLconmciQpQVjjwJluqb_9DzUxOHJDRHHaZMRcd9_Mwh5kn2rDLi6C_tKcT82QWp4DIFNAaAJAIQD ExpiresIn:7200}
2016/08/18 13:46:57 [access_token_server.go:118][I] 获取微信accessToken 定时器获取数据 错误nicker.C <nil>
2016/08/18 13:46:57 [access_token_server.go:119][I] 获取微信accessToken 定时器获取数据nicker.C &{Token:9VnCidzVzvyJj_69ORGVKxdry5qeOo2KaII2CwrZmLconmciQpQVjjwJluqb_9DzUxOHJDRHHaZMRcd9_Mwh5kn2rDLi6C_tKcT82QWp4DIFNAaAJAIQD ExpiresIn:7200}
2016/08/18 13:46:57 [access_token_server.go:126][I] 获取数据时间 ExpiresIn  7200
2016/08/18 13:46:57 [access_token_server.go:127][I] 获取数据时，标准时间差  -7198000000000
2016/08/18 13:46:57 [access_token_server.go:135][I] 获取微信accessToken 定时器获取数据AccessTokenServer &{CurrentAccessToken:0xc042354180 accessTokenResult:0xc0423541e0 LiveTime:0 Times:2s json:0xc04242dca0}
2016/08/18 13:46:57 [access_token_server.go:137][I] 获取微信accessToken 定时器获取数据AccessTokenServer &{CurrentAccessToken:0xc042354180 accessTokenResult:0xc0423541e0 LiveTime:0 Times:2s json:0xc04242dca0}
2016/08/18 13:46:57 [access_token_server.go:100][I] GetAndAccessTokenServer,for 循环
2016/08/18 13:46:59 [access_token_server.go:116][I] 获取微信accessToken 启动定时器时间nicker.C 0xc042354360
2016/08/18 13:46:59 [access_token_server.go:145][I] 链接微信服务器获取accessToken
2016/08/18 13:46:59 [access_token_server.go:153][I] 与微信服务器建立链接
2016/08/18 13:46:59 [access_token_server.go:155][I] 获取微信服务器数据：{"access_token":"9VnCidzVzvyJj_69ORGVKxdry5qeOo2KaII2CwrZmLdZ5tS-P0hFoN-Qzif_X-Hbez3OFJVKJRGHAMCnXZ0TaA35gEcjkaEram4ki86AFWYJGZaAJANKD","expires_in":7200}
2016/08/18 13:46:59 [access_token_server.go:163][I] 获取微信服务器数据,r   &{s:{"access_token":"9VnCidzVzvyJj_69ORGVKxdry5qeOo2KaII2CwrZmLdZ5tS-P0hFoN-Qzif_X-Hbez3OFJVKJRGHAMCnXZ0TaA35gEcjkaEram4ki86AFWYJGZaAJANKD","expires_in":7200} i:0 prevRune:-1}
2016/08/18 13:46:59 [access_token_server.go:165][I] 获取微信服务器数据,dec   &{r:0xc042415c20 buf:[] d:{data:[] off:0 scan:{step:<nil> endTop:false parseState:[] err:<nil> redo:false redoCode:0 redoState:<nil> bytes:0} nextscan:{step:<nil> endTop:false parseState:[] err:<nil> redo:false redoCode:0 redoState:<nil> bytes:0} savedError:<nil> useNumber:false} scanp:0 scan:{step:<nil> endTop:false parseState:[] err:<nil> redo:false redoCode:0 redoState:<nil> bytes:0} err:<nil> tokenState:0 tokenStack:[]}
2016/08/18 13:46:59 [access_token_server.go:169][I] 获取微信服务器数据,解析数据：{Token:9VnCidzVzvyJj_69ORGVKxdry5qeOo2KaII2CwrZmLdZ5tS-P0hFoN-Qzif_X-Hbez3OFJVKJRGHAMCnXZ0TaA35gEcjkaEram4ki86AFWYJGZaAJANKD ExpiresIn:7200}
2016/08/18 13:46:59 [access_token_server.go:118][I] 获取微信accessToken 定时器获取数据 错误nicker.C <nil>
2016/08/18 13:46:59 [access_token_server.go:119][I] 获取微信accessToken 定时器获取数据nicker.C &{Token:9VnCidzVzvyJj_69ORGVKxdry5qeOo2KaII2CwrZmLdZ5tS-P0hFoN-Qzif_X-Hbez3OFJVKJRGHAMCnXZ0TaA35gEcjkaEram4ki86AFWYJGZaAJANKD ExpiresIn:7200}
2016/08/18 13:46:59 [access_token_server.go:126][I] 获取数据时间 ExpiresIn  7200
2016/08/18 13:46:59 [access_token_server.go:127][I] 获取数据时，标准时间差  -7198000000000
2016/08/18 13:46:59 [access_token_server.go:135][I] 获取微信accessToken 定时器获取数据AccessTokenServer &{CurrentAccessToken:0xc042354180 accessTokenResult:0xc0423541e0 LiveTime:0 Times:2s json:0xc042415c00}
2016/08/18 13:46:59 [access_token_server.go:137][I] 获取微信accessToken 定时器获取数据AccessTokenServer &{CurrentAccessToken:0xc042354180 accessTokenResult:0xc0423541e0 LiveTime:0 Times:2s json:0xc042415c00}
2016/08/18 13:46:59 [access_token_server.go:100][I] GetAndAccessTokenServer,for 循环
2016/08/18 13:47:01 [access_token_server.go:116][I] 获取微信accessToken 启动定时器时间nicker.C 0xc042354360
2016/08/18 13:47:01 [access_token_server.go:145][I] 链接微信服务器获取accessToken
2016/08/18 13:47:01 [access_token_server.go:153][I] 与微信服务器建立链接
2016/08/18 13:47:01 [access_token_server.go:155][I] 获取微信服务器数据：{"access_token":"9VnCidzVzvyJj_69ORGVKxdry5qeOo2KaII2CwrZmLeo2VL9pJLXZvNzz2lb4FXDSnerNotCMmGd9dZC7BhBSoGkgd82k7Gsp0y0RuWeWGwKLZaAJANOC","expires_in":7200}
2016/08/18 13:47:01 [access_token_server.go:163][I] 获取微信服务器数据,r   &{s:{"access_token":"9VnCidzVzvyJj_69ORGVKxdry5qeOo2KaII2CwrZmLeo2VL9pJLXZvNzz2lb4FXDSnerNotCMmGd9dZC7BhBSoGkgd82k7Gsp0y0RuWeWGwKLZaAJANOC","expires_in":7200} i:0 prevRune:-1}
2016/08/18 13:47:01 [access_token_server.go:165][I] 获取微信服务器数据,dec   &{r:0xc042208f80 buf:[] d:{data:[] off:0 scan:{step:<nil> endTop:false parseState:[] err:<nil> redo:false redoCode:0 redoState:<nil> bytes:0} nextscan:{step:<nil> endTop:false parseState:[] err:<nil> redo:false redoCode:0 redoState:<nil> bytes:0} savedError:<nil> useNumber:false} scanp:0 scan:{step:<nil> endTop:false parseState:[] err:<nil> redo:false redoCode:0 redoState:<nil> bytes:0} err:<nil> tokenState:0 tokenStack:[]}
2016/08/18 13:47:01 [access_token_server.go:169][I] 获取微信服务器数据,解析数据：{Token:9VnCidzVzvyJj_69ORGVKxdry5qeOo2KaII2CwrZmLeo2VL9pJLXZvNzz2lb4FXDSnerNotCMmGd9dZC7BhBSoGkgd82k7Gsp0y0RuWeWGwKLZaAJANOC ExpiresIn:7200}
2016/08/18 13:47:01 [access_token_server.go:118][I] 获取微信accessToken 定时器获取数据 错误nicker.C <nil>
2016/08/18 13:47:01 [access_token_server.go:119][I] 获取微信accessToken 定时器获取数据nicker.C &{Token:9VnCidzVzvyJj_69ORGVKxdry5qeOo2KaII2CwrZmLeo2VL9pJLXZvNzz2lb4FXDSnerNotCMmGd9dZC7BhBSoGkgd82k7Gsp0y0RuWeWGwKLZaAJANOC ExpiresIn:7200}
2016/08/18 13:47:01 [access_token_server.go:126][I] 获取数据时间 ExpiresIn  7200
2016/08/18 13:47:01 [access_token_server.go:127][I] 获取数据时，标准时间差  -7198000000000
2016/08/18 13:47:01 [access_token_server.go:135][I] 获取微信accessToken 定时器获取数据AccessTokenServer &{CurrentAccessToken:0xc042354180 accessTokenResult:0xc0423541e0 LiveTime:0 Times:2s json:0xc042208f60}
2016/08/18 13:47:01 [access_token_server.go:137][I] 获取微信accessToken 定时器获取数据AccessTokenServer &{CurrentAccessToken:0xc042354180 accessTokenResult:0xc0423541e0 LiveTime:0 Times:2s json:0xc042208f60}
2016/08/18 13:47:01 [access_token_server.go:100][I] GetAndAccessTokenServer,for 循环
2016/08/18 13:47:03 [access_token_server.go:116][I] 获取微信accessToken 启动定时器时间nicker.C 0xc042354360
2016/08/18 13:47:03 [access_token_server.go:145][I] 链接微信服务器获取accessToken
2016/08/18 13:47:03 [access_token_server.go:153][I] 与微信服务器建立链接
2016/08/18 13:47:03 [access_token_server.go:155][I] 获取微信服务器数据：{"access_token":"9VnCidzVzvyJj_69ORGVKxdry5qeOo2KaII2CwrZmLfU8clxXxL6LYb8nmkT9gMo0EmP3quhr64BPKFc1o3exp6GUT_141B1w79usGe2fv4GRWaAJAKVA","expires_in":7200}
2016/08/18 13:47:03 [access_token_server.go:163][I] 获取微信服务器数据,r   &{s:{"access_token":"9VnCidzVzvyJj_69ORGVKxdry5qeOo2KaII2CwrZmLfU8clxXxL6LYb8nmkT9gMo0EmP3quhr64BPKFc1o3exp6GUT_141B1w79usGe2fv4GRWaAJAKVA","expires_in":7200} i:0 prevRune:-1}
2016/08/18 13:47:03 [access_token_server.go:165][I] 获取微信服务器数据,dec   &{r:0xc0424882c0 buf:[] d:{data:[] off:0 scan:{step:<nil> endTop:false parseState:[] err:<nil> redo:false redoCode:0 redoState:<nil> bytes:0} nextscan:{step:<nil> endTop:false parseState:[] err:<nil> redo:false redoCode:0 redoState:<nil> bytes:0} savedError:<nil> useNumber:false} scanp:0 scan:{step:<nil> endTop:false parseState:[] err:<nil> redo:false redoCode:0 redoState:<nil> bytes:0} err:<nil> tokenState:0 tokenStack:[]}
2016/08/18 13:47:03 [access_token_server.go:169][I] 获取微信服务器数据,解析数据：{Token:9VnCidzVzvyJj_69ORGVKxdry5qeOo2KaII2CwrZmLfU8clxXxL6LYb8nmkT9gMo0EmP3quhr64BPKFc1o3exp6GUT_141B1w79usGe2fv4GRWaAJAKVA ExpiresIn:7200}
2016/08/18 13:47:03 [access_token_server.go:118][I] 获取微信accessToken 定时器获取数据 错误nicker.C <nil>
2016/08/18 13:47:03 [access_token_server.go:119][I] 获取微信accessToken 定时器获取数据nicker.C &{Token:9VnCidzVzvyJj_69ORGVKxdry5qeOo2KaII2CwrZmLfU8clxXxL6LYb8nmkT9gMo0EmP3quhr64BPKFc1o3exp6GUT_141B1w79usGe2fv4GRWaAJAKVA ExpiresIn:7200}
2016/08/18 13:47:03 [access_token_server.go:126][I] 获取数据时间 ExpiresIn  7200
2016/08/18 13:47:03 [access_token_server.go:127][I] 获取数据时，标准时间差  -7198000000000
2016/08/18 13:47:03 [access_token_server.go:135][I] 获取微信accessToken 定时器获取数据AccessTokenServer &{CurrentAccessToken:0xc042354180 accessTokenResult:0xc0423541e0 LiveTime:0 Times:2s json:0xc0424882a0}
2016/08/18 13:47:03 [access_token_server.go:137][I] 获取微信accessToken 定时器获取数据AccessTokenServer &{CurrentAccessToken:0xc042354180 accessTokenResult:0xc0423541e0 LiveTime:0 Times:2s json:0xc0424882a0}
2016/08/18 13:47:03 [access_token_server.go:100][I] GetAndAccessTokenServer,for 循环
2016/08/18 13:47:05 [access_token_server.go:116][I] 获取微信accessToken 启动定时器时间nicker.C 0xc042354360
2016/08/18 13:47:05 [access_token_server.go:145][I] 链接微信服务器获取accessToken
2016/08/18 13:47:05 [access_token_server.go:153][I] 与微信服务器建立链接
2016/08/18 13:47:05 [access_token_server.go:155][I] 获取微信服务器数据：{"access_token":"9VnCidzVzvyJj_69ORGVKxdry5qeOo2KaII2CwrZmLemlMZqLDAxeFbGtHMz5A6c2Q9WlzGBs5NJ1rXPPA1Gc3t0-pD5qLlZbTTRBJFT4gwWIRaAJALXG","expires_in":7200}
2016/08/18 13:47:05 [access_token_server.go:163][I] 获取微信服务器数据,r   &{s:{"access_token":"9VnCidzVzvyJj_69ORGVKxdry5qeOo2KaII2CwrZmLemlMZqLDAxeFbGtHMz5A6c2Q9WlzGBs5NJ1rXPPA1Gc3t0-pD5qLlZbTTRBJFT4gwWIRaAJALXG","expires_in":7200} i:0 prevRune:-1}
2016/08/18 13:47:05 [access_token_server.go:165][I] 获取微信服务器数据,dec   &{r:0xc0424a00a0 buf:[] d:{data:[] off:0 scan:{step:<nil> endTop:false parseState:[] err:<nil> redo:false redoCode:0 redoState:<nil> bytes:0} nextscan:{step:<nil> endTop:false parseState:[] err:<nil> redo:false redoCode:0 redoState:<nil> bytes:0} savedError:<nil> useNumber:false} scanp:0 scan:{step:<nil> endTop:false parseState:[] err:<nil> redo:false redoCode:0 redoState:<nil> bytes:0} err:<nil> tokenState:0 tokenStack:[]}
2016/08/18 13:47:05 [access_token_server.go:169][I] 获取微信服务器数据,解析数据：{Token:9VnCidzVzvyJj_69ORGVKxdry5qeOo2KaII2CwrZmLemlMZqLDAxeFbGtHMz5A6c2Q9WlzGBs5NJ1rXPPA1Gc3t0-pD5qLlZbTTRBJFT4gwWIRaAJALXG ExpiresIn:7200}
2016/08/18 13:47:05 [access_token_server.go:118][I] 获取微信accessToken 定时器获取数据 错误nicker.C <nil>
2016/08/18 13:47:05 [access_token_server.go:119][I] 获取微信accessToken 定时器获取数据nicker.C &{Token:9VnCidzVzvyJj_69ORGVKxdry5qeOo2KaII2CwrZmLemlMZqLDAxeFbGtHMz5A6c2Q9WlzGBs5NJ1rXPPA1Gc3t0-pD5qLlZbTTRBJFT4gwWIRaAJALXG ExpiresIn:7200}
2016/08/18 13:47:05 [access_token_server.go:126][I] 获取数据时间 ExpiresIn  7200
2016/08/18 13:47:05 [access_token_server.go:127][I] 获取数据时，标准时间差  -7198000000000
2016/08/18 13:47:05 [access_token_server.go:135][I] 获取微信accessToken 定时器获取数据AccessTokenServer &{CurrentAccessToken:0xc042354180 accessTokenResult:0xc0423541e0 LiveTime:0 Times:2s json:0xc0424a0080}
2016/08/18 13:47:05 [access_token_server.go:137][I] 获取微信accessToken 定时器获取数据AccessTokenServer &{CurrentAccessToken:0xc042354180 accessTokenResult:0xc0423541e0 LiveTime:0 Times:2s json:0xc0424a0080}
2016/08/18 13:47:05 [access_token_server.go:100][I] GetAndAccessTokenServer,for 循环
2016/08/18 13:47:07 [access_token_server.go:116][I] 获取微信accessToken 启动定时器时间nicker.C 0xc042354360
2016/08/18 13:47:07 [access_token_server.go:145][I] 链接微信服务器获取accessToken
2016/08/18 13:47:07 [access_token_server.go:153][I] 与微信服务器建立链接
2016/08/18 13:47:07 [access_token_server.go:155][I] 获取微信服务器数据：{"access_token":"HX5QpSKYD6ch7trhd52gCRBHemV0775xILv7QG3q2MRfeKwrPmgDJGZ-eUOeGQGRLdiboTW9a_OGCQug646SQTdZieq5lKMGCGdiXp3Nggyzj7oU0VwhOI8o3MUnC6zUFFYdAEARRK","expires_in":7200}
2016/08/18 13:47:07 [access_token_server.go:163][I] 获取微信服务器数据,r   &{s:{"access_token":"HX5QpSKYD6ch7trhd52gCRBHemV0775xILv7QG3q2MRfeKwrPmgDJGZ-eUOeGQGRLdiboTW9a_OGCQug646SQTdZieq5lKMGCGdiXp3Nggyzj7oU0VwhOI8o3MUnC6zUFFYdAEARRK","expires_in":7200} i:0 prevRune:-1}
2016/08/18 13:47:07 [access_token_server.go:165][I] 获取微信服务器数据,dec   &{r:0xc0421f0c00 buf:[] d:{data:[] off:0 scan:{step:<nil> endTop:false parseState:[] err:<nil> redo:false redoCode:0 redoState:<nil> bytes:0} nextscan:{step:<nil> endTop:false parseState:[] err:<nil> redo:false redoCode:0 redoState:<nil> bytes:0} savedError:<nil> useNumber:false} scanp:0 scan:{step:<nil> endTop:false parseState:[] err:<nil> redo:false redoCode:0 redoState:<nil> bytes:0} err:<nil> tokenState:0 tokenStack:[]}
2016/08/18 13:47:07 [access_token_server.go:169][I] 获取微信服务器数据,解析数据：{Token:HX5QpSKYD6ch7trhd52gCRBHemV0775xILv7QG3q2MRfeKwrPmgDJGZ-eUOeGQGRLdiboTW9a_OGCQug646SQTdZieq5lKMGCGdiXp3Nggyzj7oU0VwhOI8o3MUnC6zUFFYdAEARRK ExpiresIn:7200}
2016/08/18 13:47:07 [access_token_server.go:118][I] 获取微信accessToken 定时器获取数据 错误nicker.C <nil>
2016/08/18 13:47:07 [access_token_server.go:119][I] 获取微信accessToken 定时器获取数据nicker.C &{Token:HX5QpSKYD6ch7trhd52gCRBHemV0775xILv7QG3q2MRfeKwrPmgDJGZ-eUOeGQGRLdiboTW9a_OGCQug646SQTdZieq5lKMGCGdiXp3Nggyzj7oU0VwhOI8o3MUnC6zUFFYdAEARRK ExpiresIn:7200}
2016/08/18 13:47:07 [access_token_server.go:126][I] 获取数据时间 ExpiresIn  7200
2016/08/18 13:47:07 [access_token_server.go:127][I] 获取数据时，标准时间差  -7198000000000
2016/08/18 13:47:07 [access_token_server.go:135][I] 获取微信accessToken 定时器获取数据AccessTokenServer &{CurrentAccessToken:0xc042354180 accessTokenResult:0xc0423541e0 LiveTime:0 Times:2s json:0xc0421f0be0}
2016/08/18 13:47:07 [access_token_server.go:137][I] 获取微信accessToken 定时器获取数据AccessTokenServer &{CurrentAccessToken:0xc042354180 accessTokenResult:0xc0423541e0 LiveTime:0 Times:2s json:0xc0421f0be0}
2016/08/18 13:47:07 [access_token_server.go:100][I] GetAndAccessTokenServer,for 循环
2016/08/18 13:47:09 [access_token_server.go:116][I] 获取微信accessToken 启动定时器时间nicker.C 0xc042354360
2016/08/18 13:47:09 [access_token_server.go:145][I] 链接微信服务器获取accessToken
2016/08/18 13:47:09 [access_token_server.go:153][I] 与微信服务器建立链接
2016/08/18 13:47:09 [access_token_server.go:155][I] 获取微信服务器数据：{"access_token":"HX5QpSKYD6ch7trhd52gCRBHemV0775xILv7QG3q2MTynbxJ6FTx8dcX6WsbD7LlGP2sEwpWRKRG_i09SH91AgJTpn4a47KiwqVDEkpifv1bTREgiHQkIRB9u83lm0ptIFSdAEAOLY","expires_in":7198}
2016/08/18 13:47:09 [access_token_server.go:163][I] 获取微信服务器数据,r   &{s:{"access_token":"HX5QpSKYD6ch7trhd52gCRBHemV0775xILv7QG3q2MTynbxJ6FTx8dcX6WsbD7LlGP2sEwpWRKRG_i09SH91AgJTpn4a47KiwqVDEkpifv1bTREgiHQkIRB9u83lm0ptIFSdAEAOLY","expires_in":7198} i:0 prevRune:-1}
2016/08/18 13:47:09 [access_token_server.go:165][I] 获取微信服务器数据,dec   &{r:0xc0420a9320 buf:[] d:{data:[] off:0 scan:{step:<nil> endTop:false parseState:[] err:<nil> redo:false redoCode:0 redoState:<nil> bytes:0} nextscan:{step:<nil> endTop:false parseState:[] err:<nil> redo:false redoCode:0 redoState:<nil> bytes:0} savedError:<nil> useNumber:false} scanp:0 scan:{step:<nil> endTop:false parseState:[] err:<nil> redo:false redoCode:0 redoState:<nil> bytes:0} err:<nil> tokenState:0 tokenStack:[]}
2016/08/18 13:47:09 [access_token_server.go:169][I] 获取微信服务器数据,解析数据：{Token:HX5QpSKYD6ch7trhd52gCRBHemV0775xILv7QG3q2MTynbxJ6FTx8dcX6WsbD7LlGP2sEwpWRKRG_i09SH91AgJTpn4a47KiwqVDEkpifv1bTREgiHQkIRB9u83lm0ptIFSdAEAOLY ExpiresIn:7198}
2016/08/18 13:47:09 [access_token_server.go:118][I] 获取微信accessToken 定时器获取数据 错误nicker.C <nil>
2016/08/18 13:47:09 [access_token_server.go:119][I] 获取微信accessToken 定时器获取数据nicker.C &{Token:HX5QpSKYD6ch7trhd52gCRBHemV0775xILv7QG3q2MTynbxJ6FTx8dcX6WsbD7LlGP2sEwpWRKRG_i09SH91AgJTpn4a47KiwqVDEkpifv1bTREgiHQkIRB9u83lm0ptIFSdAEAOLY ExpiresIn:7198}
2016/08/18 13:47:09 [access_token_server.go:126][I] 获取数据时间 ExpiresIn  7198
2016/08/18 13:47:09 [access_token_server.go:127][I] 获取数据时，标准时间差  -7196000000000
2016/08/18 13:47:09 [access_token_server.go:135][I] 获取微信accessToken 定时器获取数据AccessTokenServer &{CurrentAccessToken:0xc042354180 accessTokenResult:0xc0423541e0 LiveTime:0 Times:2s json:0xc0420a9300}
2016/08/18 13:47:09 [access_token_server.go:137][I] 获取微信accessToken 定时器获取数据AccessTokenServer &{CurrentAccessToken:0xc042354180 accessTokenResult:0xc0423541e0 LiveTime:0 Times:2s json:0xc0420a9300}
2016/08/18 13:47:09 [access_token_server.go:100][I] GetAndAccessTokenServer,for 循环
2016/08/18 13:47:11 [access_token_server.go:116][I] 获取微信accessToken 启动定时器时间nicker.C 0xc042354360
2016/08/18 13:47:11 [access_token_server.go:145][I] 链接微信服务器获取accessToken
2016/08/18 13:47:11 [access_token_server.go:153][I] 与微信服务器建立链接
2016/08/18 13:47:11 [access_token_server.go:155][I] 获取微信服务器数据：{"access_token":"HX5QpSKYD6ch7trhd52gCRBHemV0775xILv7QG3q2MT6i841A4gwOVsyUnbr6D8yN-Lj0uuGBfIjiXofyhmPAs7Ra4xO0tbQZeSQ_E3EhlvTRiZmRDdw7_bIEpjdleQORGRdAEAGVG","expires_in":7196}
2016/08/18 13:47:11 [access_token_server.go:163][I] 获取微信服务器数据,r   &{s:{"access_token":"HX5QpSKYD6ch7trhd52gCRBHemV0775xILv7QG3q2MT6i841A4gwOVsyUnbr6D8yN-Lj0uuGBfIjiXofyhmPAs7Ra4xO0tbQZeSQ_E3EhlvTRiZmRDdw7_bIEpjdleQORGRdAEAGVG","expires_in":7196} i:0 prevRune:-1}
2016/08/18 13:47:11 [access_token_server.go:165][I] 获取微信服务器数据,dec   &{r:0xc0424a0720 buf:[] d:{data:[] off:0 scan:{step:<nil> endTop:false parseState:[] err:<nil> redo:false redoCode:0 redoState:<nil> bytes:0} nextscan:{step:<nil> endTop:false parseState:[] err:<nil> redo:false redoCode:0 redoState:<nil> bytes:0} savedError:<nil> useNumber:false} scanp:0 scan:{step:<nil> endTop:false parseState:[] err:<nil> redo:false redoCode:0 redoState:<nil> bytes:0} err:<nil> tokenState:0 tokenStack:[]}
2016/08/18 13:47:11 [access_token_server.go:169][I] 获取微信服务器数据,解析数据：{Token:HX5QpSKYD6ch7trhd52gCRBHemV0775xILv7QG3q2MT6i841A4gwOVsyUnbr6D8yN-Lj0uuGBfIjiXofyhmPAs7Ra4xO0tbQZeSQ_E3EhlvTRiZmRDdw7_bIEpjdleQORGRdAEAGVG ExpiresIn:7196}
2016/08/18 13:47:11 [access_token_server.go:118][I] 获取微信accessToken 定时器获取数据 错误nicker.C <nil>
2016/08/18 13:47:11 [access_token_server.go:119][I] 获取微信accessToken 定时器获取数据nicker.C &{Token:HX5QpSKYD6ch7trhd52gCRBHemV0775xILv7QG3q2MT6i841A4gwOVsyUnbr6D8yN-Lj0uuGBfIjiXofyhmPAs7Ra4xO0tbQZeSQ_E3EhlvTRiZmRDdw7_bIEpjdleQORGRdAEAGVG ExpiresIn:7196}
2016/08/18 13:47:11 [access_token_server.go:126][I] 获取数据时间 ExpiresIn  7196
2016/08/18 13:47:11 [access_token_server.go:127][I] 获取数据时，标准时间差  -7194000000000
2016/08/18 13:47:11 [access_token_server.go:135][I] 获取微信accessToken 定时器获取数据AccessTokenServer &{CurrentAccessToken:0xc042354180 accessTokenResult:0xc0423541e0 LiveTime:0 Times:2s json:0xc0424a0700}
2016/08/18 13:47:11 [access_token_server.go:137][I] 获取微信accessToken 定时器获取数据AccessTokenServer &{CurrentAccessToken:0xc042354180 accessTokenResult:0xc0423541e0 LiveTime:0 Times:2s json:0xc0424a0700}
2016/08/18 13:47:11 [access_token_server.go:100][I] GetAndAccessTokenServer,for 循环
2016/08/18 13:47:13 [access_token_server.go:40][I] 获取accessToken的配置
2016/08/18 13:47:13 [access_token_server.go:45][I] 获取accessToken的配置==============start===================
2016/08/18 13:47:13 [utils.go:48][I] key is access_token_url||value is https://api.weixin.qq.com/cgi-bin/token
2016/08/18 13:47:13 [utils.go:48][I] key is appID||value is wx1dc762cdfeb4ed66
2016/08/18 13:47:13 [utils.go:48][I] key is appsecret||value is a72c8ccb896f3f7ddaf45f5318035bde
2016/08/18 13:47:13 [utils.go:48][I] key is grant_type||value is client_credential
2016/08/18 13:47:13 [access_token_server.go:47][I] accessToken 配置文件信息：&{url:https://api.weixin.qq.com/cgi-bin/token aPPID:wx1dc762cdfeb4ed66 appsecret:a72c8ccb896f3f7ddaf45f5318035bde grantType:client_credential accessTokenURL:https://api.weixin.qq.com/cgi-bin/token?grant_type=client_credential&&appid=wx1dc762cdfeb4ed66&secret=a72c8ccb896f3f7ddaf45f5318035bde}
2016/08/18 13:47:13 [access_token_server.go:48][I] 获取accessToken的配置==============end===================
2016/08/18 13:47:13 [access_token_server.go:42][I] 获取accessToken的配置 &{url:https://api.weixin.qq.com/cgi-bin/token aPPID:wx1dc762cdfeb4ed66 appsecret:a72c8ccb896f3f7ddaf45f5318035bde grantType:client_credential accessTokenURL:https://api.weixin.qq.com/cgi-bin/token?grant_type=client_credential&&appid=wx1dc762cdfeb4ed66&secret=a72c8ccb896f3f7ddaf45f5318035bde}
2016/08/18 13:47:14 [WxController.go:51][I] 接受微信服务器参数：/test
2016/08/18 13:47:14 [WxController.go:52][I] test 数据
2016/08/18 13:47:14 [access_token_server.go:87][I] accessToken 获取，数据结构初始化：&{CurrentAccessToken:0xc042332300 accessTokenResult:0xc042332360 LiveTime:0 Times:2h0m0s json:<nil>}
2016/08/18 13:47:14 [access_token_server.go:88][I] accessToken 启动定时器，进行请求accessToken
2016/08/18 13:47:14 [access_token_server.go:96][I] GetAndAccessTokenServer创建定时器，进行请求accessToken
2016/08/18 13:47:14 [access_token_server.go:100][I] GetAndAccessTokenServer,for 循环
2016/08/18 13:47:47 [access_token_server.go:40][I] 获取accessToken的配置
2016/08/18 13:47:47 [access_token_server.go:45][I] 获取accessToken的配置==============start===================
2016/08/18 13:47:47 [utils.go:48][I] key is access_token_url||value is https://api.weixin.qq.com/cgi-bin/token
2016/08/18 13:47:47 [utils.go:48][I] key is appID||value is wx1dc762cdfeb4ed66
2016/08/18 13:47:47 [utils.go:48][I] key is appsecret||value is a72c8ccb896f3f7ddaf45f5318035bde
2016/08/18 13:47:47 [utils.go:48][I] key is grant_type||value is client_credential
2016/08/18 13:47:47 [access_token_server.go:47][I] accessToken 配置文件信息：&{url:https://api.weixin.qq.com/cgi-bin/token aPPID:wx1dc762cdfeb4ed66 appsecret:a72c8ccb896f3f7ddaf45f5318035bde grantType:client_credential accessTokenURL:https://api.weixin.qq.com/cgi-bin/token?grant_type=client_credential&&appid=wx1dc762cdfeb4ed66&secret=a72c8ccb896f3f7ddaf45f5318035bde}
2016/08/18 13:47:47 [access_token_server.go:48][I] 获取accessToken的配置==============end===================
2016/08/18 13:47:47 [access_token_server.go:42][I] 获取accessToken的配置 &{url:https://api.weixin.qq.com/cgi-bin/token aPPID:wx1dc762cdfeb4ed66 appsecret:a72c8ccb896f3f7ddaf45f5318035bde grantType:client_credential accessTokenURL:https://api.weixin.qq.com/cgi-bin/token?grant_type=client_credential&&appid=wx1dc762cdfeb4ed66&secret=a72c8ccb896f3f7ddaf45f5318035bde}
2016/08/18 13:47:52 [WxController.go:51][I] 接受微信服务器参数：/test
2016/08/18 13:47:52 [WxController.go:52][I] test 数据
2016/08/18 13:47:52 [access_token_server.go:87][I] accessToken 获取，数据结构初始化：&{CurrentAccessToken:0xc042346180 accessTokenResult:0xc0423461e0 LiveTime:0 Times:2h0m0s json:<nil>}
2016/08/18 13:47:52 [access_token_server.go:88][I] accessToken 启动定时器，进行请求accessToken
2016/08/18 13:47:52 [access_token_server.go:96][I] GetAndAccessTokenServer创建定时器，进行请求accessToken
2016/08/18 13:47:52 [access_token_server.go:100][I] GetAndAccessTokenServer,for 循环
2016/08/18 13:49:30 [access_token_server.go:40][I] 获取accessToken的配置
2016/08/18 13:49:30 [access_token_server.go:45][I] 获取accessToken的配置==============start===================
2016/08/18 13:49:30 [utils.go:48][I] key is access_token_url||value is https://api.weixin.qq.com/cgi-bin/token
2016/08/18 13:49:30 [utils.go:48][I] key is appID||value is wx1dc762cdfeb4ed66
2016/08/18 13:49:30 [utils.go:48][I] key is appsecret||value is a72c8ccb896f3f7ddaf45f5318035bde
2016/08/18 13:49:30 [utils.go:48][I] key is grant_type||value is client_credential
2016/08/18 13:49:30 [access_token_server.go:47][I] accessToken 配置文件信息：&{url:https://api.weixin.qq.com/cgi-bin/token aPPID:wx1dc762cdfeb4ed66 appsecret:a72c8ccb896f3f7ddaf45f5318035bde grantType:client_credential accessTokenURL:https://api.weixin.qq.com/cgi-bin/token?grant_type=client_credential&&appid=wx1dc762cdfeb4ed66&secret=a72c8ccb896f3f7ddaf45f5318035bde}
2016/08/18 13:49:30 [access_token_server.go:48][I] 获取accessToken的配置==============end===================
2016/08/18 13:49:30 [access_token_server.go:42][I] 获取accessToken的配置 &{url:https://api.weixin.qq.com/cgi-bin/token aPPID:wx1dc762cdfeb4ed66 appsecret:a72c8ccb896f3f7ddaf45f5318035bde grantType:client_credential accessTokenURL:https://api.weixin.qq.com/cgi-bin/token?grant_type=client_credential&&appid=wx1dc762cdfeb4ed66&secret=a72c8ccb896f3f7ddaf45f5318035bde}
2016/08/18 13:49:31 [WxController.go:51][I] 接受微信服务器参数：/test
2016/08/18 13:49:31 [WxController.go:52][I] test 数据
2016/08/18 13:49:31 [access_token_server.go:87][I] accessToken 获取，数据结构初始化：&{CurrentAccessToken:0xc042326300 accessTokenResult:0xc042326360 LiveTime:0 Times:2h0m0s json:<nil>}
2016/08/18 13:49:31 [access_token_server.go:88][I] accessToken 启动定时器，进行请求accessToken
2016/08/18 13:49:31 [access_token_server.go:96][I] GetAndAccessTokenServer创建定时器，进行请求accessToken
2016/08/18 13:49:31 [access_token_server.go:100][I] GetAndAccessTokenServer,for 循环
2016/08/18 13:49:55 [access_token_server.go:40][I] 获取accessToken的配置
2016/08/18 13:49:55 [access_token_server.go:45][I] 获取accessToken的配置==============start===================
2016/08/18 13:49:55 [utils.go:48][I] key is access_token_url||value is https://api.weixin.qq.com/cgi-bin/token
2016/08/18 13:49:55 [utils.go:48][I] key is appID||value is wx1dc762cdfeb4ed66
2016/08/18 13:49:55 [utils.go:48][I] key is appsecret||value is a72c8ccb896f3f7ddaf45f5318035bde
2016/08/18 13:49:55 [utils.go:48][I] key is grant_type||value is client_credential
2016/08/18 13:49:55 [access_token_server.go:47][I] accessToken 配置文件信息：&{url:https://api.weixin.qq.com/cgi-bin/token aPPID:wx1dc762cdfeb4ed66 appsecret:a72c8ccb896f3f7ddaf45f5318035bde grantType:client_credential accessTokenURL:https://api.weixin.qq.com/cgi-bin/token?grant_type=client_credential&&appid=wx1dc762cdfeb4ed66&secret=a72c8ccb896f3f7ddaf45f5318035bde}
2016/08/18 13:49:55 [access_token_server.go:48][I] 获取accessToken的配置==============end===================
2016/08/18 13:49:55 [access_token_server.go:42][I] 获取accessToken的配置 &{url:https://api.weixin.qq.com/cgi-bin/token aPPID:wx1dc762cdfeb4ed66 appsecret:a72c8ccb896f3f7ddaf45f5318035bde grantType:client_credential accessTokenURL:https://api.weixin.qq.com/cgi-bin/token?grant_type=client_credential&&appid=wx1dc762cdfeb4ed66&secret=a72c8ccb896f3f7ddaf45f5318035bde}
2016/08/18 13:50:02 [WxController.go:51][I] 接受微信服务器参数：/test
2016/08/18 13:50:02 [WxController.go:52][I] test 数据
2016/08/18 13:50:02 [access_token_server.go:87][I] accessToken 获取，数据结构初始化：&{CurrentAccessToken:0xc042344180 accessTokenResult:0xc0423441e0 LiveTime:0 Times:2h0m0s json:<nil>}
2016/08/18 13:50:02 [access_token_server.go:88][I] accessToken 启动定时器，进行请求accessToken
2016/08/18 13:50:02 [access_token_server.go:96][I] GetAndAccessTokenServer创建定时器，进行请求accessToken
2016/08/18 13:50:02 [access_token_server.go:100][I] GetAndAccessTokenServer,for 循环
2016/08/18 13:50:58 [access_token_server.go:40][I] 获取accessToken的配置
2016/08/18 13:50:58 [access_token_server.go:45][I] 获取accessToken的配置==============start===================
2016/08/18 13:50:58 [utils.go:48][I] key is access_token_url||value is https://api.weixin.qq.com/cgi-bin/token
2016/08/18 13:50:58 [utils.go:48][I] key is appID||value is wx1dc762cdfeb4ed66
2016/08/18 13:50:58 [utils.go:48][I] key is appsecret||value is a72c8ccb896f3f7ddaf45f5318035bde
2016/08/18 13:50:58 [utils.go:48][I] key is grant_type||value is client_credential
2016/08/18 13:50:58 [access_token_server.go:47][I] accessToken 配置文件信息：&{url:https://api.weixin.qq.com/cgi-bin/token aPPID:wx1dc762cdfeb4ed66 appsecret:a72c8ccb896f3f7ddaf45f5318035bde grantType:client_credential accessTokenURL:https://api.weixin.qq.com/cgi-bin/token?grant_type=client_credential&&appid=wx1dc762cdfeb4ed66&secret=a72c8ccb896f3f7ddaf45f5318035bde}
2016/08/18 13:50:58 [access_token_server.go:48][I] 获取accessToken的配置==============end===================
2016/08/18 13:50:58 [access_token_server.go:42][I] 获取accessToken的配置 &{url:https://api.weixin.qq.com/cgi-bin/token aPPID:wx1dc762cdfeb4ed66 appsecret:a72c8ccb896f3f7ddaf45f5318035bde grantType:client_credential accessTokenURL:https://api.weixin.qq.com/cgi-bin/token?grant_type=client_credential&&appid=wx1dc762cdfeb4ed66&secret=a72c8ccb896f3f7ddaf45f5318035bde}
2016/08/18 13:50:59 [WxController.go:51][I] 接受微信服务器参数：/test
2016/08/18 13:50:59 [WxController.go:52][I] test 数据
2016/08/18 13:50:59 [access_token_server.go:87][I] accessToken 获取，数据结构初始化：&{CurrentAccessToken:0xc042342180 accessTokenResult:0xc0423421e0 LiveTime:0 Times:2h0m0s json:<nil>}
2016/08/18 13:50:59 [access_token_server.go:88][I] accessToken 启动定时器，进行请求accessToken
2016/08/18 13:50:59 [access_token_server.go:96][I] GetAndAccessTokenServer创建定时器，进行请求accessToken
2016/08/18 13:50:59 [access_token_server.go:100][I] GetAndAccessTokenServer,for 循环
2016/08/18 13:52:08 [access_token_server.go:40][I] 获取accessToken的配置
2016/08/18 13:52:08 [access_token_server.go:45][I] 获取accessToken的配置==============start===================
2016/08/18 13:52:08 [utils.go:48][I] key is access_token_url||value is https://api.weixin.qq.com/cgi-bin/token
2016/08/18 13:52:08 [utils.go:48][I] key is appID||value is wx1dc762cdfeb4ed66
2016/08/18 13:52:08 [utils.go:48][I] key is appsecret||value is a72c8ccb896f3f7ddaf45f5318035bde
2016/08/18 13:52:08 [utils.go:48][I] key is grant_type||value is client_credential
2016/08/18 13:52:08 [access_token_server.go:47][I] accessToken 配置文件信息：&{url:https://api.weixin.qq.com/cgi-bin/token aPPID:wx1dc762cdfeb4ed66 appsecret:a72c8ccb896f3f7ddaf45f5318035bde grantType:client_credential accessTokenURL:https://api.weixin.qq.com/cgi-bin/token?grant_type=client_credential&&appid=wx1dc762cdfeb4ed66&secret=a72c8ccb896f3f7ddaf45f5318035bde}
2016/08/18 13:52:08 [access_token_server.go:48][I] 获取accessToken的配置==============end===================
2016/08/18 13:52:08 [access_token_server.go:42][I] 获取accessToken的配置 &{url:https://api.weixin.qq.com/cgi-bin/token aPPID:wx1dc762cdfeb4ed66 appsecret:a72c8ccb896f3f7ddaf45f5318035bde grantType:client_credential accessTokenURL:https://api.weixin.qq.com/cgi-bin/token?grant_type=client_credential&&appid=wx1dc762cdfeb4ed66&secret=a72c8ccb896f3f7ddaf45f5318035bde}
2016/08/18 13:52:26 [WxController.go:51][I] 接受微信服务器参数：/test
2016/08/18 13:52:26 [WxController.go:52][I] test 数据
2016/08/18 13:52:26 [access_token_server.go:87][I] accessToken 获取，数据结构初始化：&{CurrentAccessToken:0xc042346180 accessTokenResult:0xc0423461e0 LiveTime:0 Times:2h0m0s json:<nil>}
2016/08/18 13:52:26 [access_token_server.go:88][I] accessToken 启动定时器，进行请求accessToken
2016/08/18 13:52:26 [access_token_server.go:96][I] GetAndAccessTokenServer创建定时器，进行请求accessToken
2016/08/18 13:52:26 [access_token_server.go:100][I] GetAndAccessTokenServer,for 循环
2016/08/18 13:53:33 [access_token_server.go:40][I] 获取accessToken的配置
2016/08/18 13:53:33 [access_token_server.go:45][I] 获取accessToken的配置==============start===================
2016/08/18 13:53:33 [utils.go:48][I] key is access_token_url||value is https://api.weixin.qq.com/cgi-bin/token
2016/08/18 13:53:33 [utils.go:48][I] key is appID||value is wx1dc762cdfeb4ed66
2016/08/18 13:53:33 [utils.go:48][I] key is appsecret||value is a72c8ccb896f3f7ddaf45f5318035bde
2016/08/18 13:53:33 [utils.go:48][I] key is grant_type||value is client_credential
2016/08/18 13:53:33 [access_token_server.go:47][I] accessToken 配置文件信息：&{url:https://api.weixin.qq.com/cgi-bin/token aPPID:wx1dc762cdfeb4ed66 appsecret:a72c8ccb896f3f7ddaf45f5318035bde grantType:client_credential accessTokenURL:https://api.weixin.qq.com/cgi-bin/token?grant_type=client_credential&&appid=wx1dc762cdfeb4ed66&secret=a72c8ccb896f3f7ddaf45f5318035bde}
2016/08/18 13:53:33 [access_token_server.go:48][I] 获取accessToken的配置==============end===================
2016/08/18 13:53:33 [access_token_server.go:42][I] 获取accessToken的配置 &{url:https://api.weixin.qq.com/cgi-bin/token aPPID:wx1dc762cdfeb4ed66 appsecret:a72c8ccb896f3f7ddaf45f5318035bde grantType:client_credential accessTokenURL:https://api.weixin.qq.com/cgi-bin/token?grant_type=client_credential&&appid=wx1dc762cdfeb4ed66&secret=a72c8ccb896f3f7ddaf45f5318035bde}
2016/08/18 13:53:34 [WxController.go:51][I] 接受微信服务器参数：/test
2016/08/18 13:53:34 [WxController.go:52][I] test 数据
2016/08/18 13:53:34 [access_token_server.go:87][I] accessToken 获取，数据结构初始化：&{CurrentAccessToken:0xc042326300 accessTokenResult:0xc042326360 LiveTime:0 Times:2h0m0s json:<nil>}
2016/08/18 13:53:34 [access_token_server.go:88][I] accessToken 启动定时器，进行请求accessToken
2016/08/18 13:53:34 [access_token_server.go:96][I] GetAndAccessTokenServer创建定时器，进行请求accessToken
2016/08/18 13:53:34 [access_token_server.go:100][I] GetAndAccessTokenServer,for 循环
2016/08/18 13:54:08 [access_token_server.go:40][I] 获取accessToken的配置
2016/08/18 13:54:08 [access_token_server.go:45][I] 获取accessToken的配置==============start===================
2016/08/18 13:54:08 [utils.go:48][I] key is access_token_url||value is https://api.weixin.qq.com/cgi-bin/token
2016/08/18 13:54:08 [utils.go:48][I] key is appID||value is wx1dc762cdfeb4ed66
2016/08/18 13:54:08 [utils.go:48][I] key is appsecret||value is a72c8ccb896f3f7ddaf45f5318035bde
2016/08/18 13:54:08 [utils.go:48][I] key is grant_type||value is client_credential
2016/08/18 13:54:08 [access_token_server.go:47][I] accessToken 配置文件信息：&{url:https://api.weixin.qq.com/cgi-bin/token aPPID:wx1dc762cdfeb4ed66 appsecret:a72c8ccb896f3f7ddaf45f5318035bde grantType:client_credential accessTokenURL:https://api.weixin.qq.com/cgi-bin/token?grant_type=client_credential&&appid=wx1dc762cdfeb4ed66&secret=a72c8ccb896f3f7ddaf45f5318035bde}
2016/08/18 13:54:08 [access_token_server.go:48][I] 获取accessToken的配置==============end===================
2016/08/18 13:54:08 [access_token_server.go:42][I] 获取accessToken的配置 &{url:https://api.weixin.qq.com/cgi-bin/token aPPID:wx1dc762cdfeb4ed66 appsecret:a72c8ccb896f3f7ddaf45f5318035bde grantType:client_credential accessTokenURL:https://api.weixin.qq.com/cgi-bin/token?grant_type=client_credential&&appid=wx1dc762cdfeb4ed66&secret=a72c8ccb896f3f7ddaf45f5318035bde}
2016/08/18 13:54:14 [WxController.go:51][I] 接受微信服务器参数：/test
2016/08/18 13:54:14 [WxController.go:52][I] test 数据
2016/08/18 13:54:14 [access_token_server.go:87][I] accessToken 获取，数据结构初始化：&{CurrentAccessToken:0xc04234e180 accessTokenResult:0xc04234e1e0 LiveTime:0 Times:2h0m0s json:<nil>}
2016/08/18 13:54:14 [access_token_server.go:88][I] accessToken 启动定时器，进行请求accessToken
2016/08/18 13:54:14 [access_token_server.go:96][I] GetAndAccessTokenServer创建定时器，进行请求accessToken
2016/08/18 13:54:14 [access_token_server.go:100][I] GetAndAccessTokenServer,for 循环
2016/08/18 14:54:14 [WxController.go:51][I] 接受微信服务器参数：/test
2016/08/18 14:54:14 [WxController.go:52][I] test 数据
2016/08/18 14:54:14 [access_token_server.go:87][I] accessToken 获取，数据结构初始化：&{CurrentAccessToken:0xc04226af60 accessTokenResult:0xc04226afc0 LiveTime:0 Times:2h0m0s json:<nil>}
2016/08/18 14:54:14 [access_token_server.go:88][I] accessToken 启动定时器，进行请求accessToken
2016/08/18 14:54:14 [access_token_server.go:96][I] GetAndAccessTokenServer创建定时器，进行请求accessToken
2016/08/18 14:54:14 [access_token_server.go:100][I] GetAndAccessTokenServer,for 循环
2016/08/18 15:54:14 [access_token_server.go:116][I] 获取微信accessToken 启动定时器时间nicker.C 0xc04234e360
2016/08/18 15:54:14 [access_token_server.go:145][I] 链接微信服务器获取accessToken
2016/08/18 15:54:14 [access_token_server.go:153][I] 与微信服务器建立链接
2016/08/18 15:54:20 [access_token_server.go:155][I] 获取微信服务器数据：{"access_token":"PpQAahAJcEU2t-33DgpRg2Rwrw00JGhD-bS4frMkhVjkL0d3JvIi_dRxsCXm48y71OmU6M-kNWmeBpv9QV4AylTgmJxAqyJ6nKxob1CpiYyiUn7HcVv_YA4dUhUAsC2dENSiAJARAF","expires_in":7200}
2016/08/18 15:54:20 [access_token_server.go:163][I] 获取微信服务器数据,r   &{s:{"access_token":"PpQAahAJcEU2t-33DgpRg2Rwrw00JGhD-bS4frMkhVjkL0d3JvIi_dRxsCXm48y71OmU6M-kNWmeBpv9QV4AylTgmJxAqyJ6nKxob1CpiYyiUn7HcVv_YA4dUhUAsC2dENSiAJARAF","expires_in":7200} i:0 prevRune:-1}
2016/08/18 15:54:20 [access_token_server.go:165][I] 获取微信服务器数据,dec   &{r:0xc0423c20a0 buf:[] d:{data:[] off:0 scan:{step:<nil> endTop:false parseState:[] err:<nil> redo:false redoCode:0 redoState:<nil> bytes:0} nextscan:{step:<nil> endTop:false parseState:[] err:<nil> redo:false redoCode:0 redoState:<nil> bytes:0} savedError:<nil> useNumber:false} scanp:0 scan:{step:<nil> endTop:false parseState:[] err:<nil> redo:false redoCode:0 redoState:<nil> bytes:0} err:<nil> tokenState:0 tokenStack:[]}
2016/08/18 15:54:20 [access_token_server.go:169][I] 获取微信服务器数据,解析数据：{Token:PpQAahAJcEU2t-33DgpRg2Rwrw00JGhD-bS4frMkhVjkL0d3JvIi_dRxsCXm48y71OmU6M-kNWmeBpv9QV4AylTgmJxAqyJ6nKxob1CpiYyiUn7HcVv_YA4dUhUAsC2dENSiAJARAF ExpiresIn:7200}
2016/08/18 15:54:20 [access_token_server.go:118][I] 获取微信accessToken 定时器获取数据 错误nicker.C <nil>
2016/08/18 15:54:20 [access_token_server.go:119][I] 获取微信accessToken 定时器获取数据nicker.C &{Token:PpQAahAJcEU2t-33DgpRg2Rwrw00JGhD-bS4frMkhVjkL0d3JvIi_dRxsCXm48y71OmU6M-kNWmeBpv9QV4AylTgmJxAqyJ6nKxob1CpiYyiUn7HcVv_YA4dUhUAsC2dENSiAJARAF ExpiresIn:7200}
2016/08/18 15:54:20 [access_token_server.go:126][I] 获取数据时间 ExpiresIn  7200
2016/08/18 15:54:20 [access_token_server.go:127][I] 获取数据时，标准时间差  0
2016/08/18 15:54:20 [access_token_server.go:135][I] 获取微信accessToken 定时器获取数据AccessTokenServer &{CurrentAccessToken:0xc04234e180 accessTokenResult:0xc04234e1e0 LiveTime:0 Times:2h0m0s json:0xc0423c2080}
2016/08/18 15:54:20 [access_token_server.go:137][I] 获取微信accessToken 定时器获取数据AccessTokenServer &{CurrentAccessToken:0xc04234e180 accessTokenResult:0xc04234e1e0 LiveTime:0 Times:2h0m0s json:0xc0423c2080}
2016/08/18 15:54:20 [access_token_server.go:100][I] GetAndAccessTokenServer,for 循环
2016/08/18 16:54:14 [access_token_server.go:116][I] 获取微信accessToken 启动定时器时间nicker.C 0xc04226b0e0
2016/08/18 16:54:14 [access_token_server.go:145][I] 链接微信服务器获取accessToken
2016/08/18 16:54:14 [access_token_server.go:153][I] 与微信服务器建立链接
2016/08/18 16:54:14 [access_token_server.go:155][I] 获取微信服务器数据：{"access_token":"-BT-eJAUv_9XK5QAxEPxnxrkQJAdKhZOrG77VLliP2Ua2Kx0PviQuLk0KnHvISRSkB-00GAS8sOXTp_WPmRFA_afo1X6ZrHeeCNLIwCKv7h85imnZ1FhF6DQ8j7ZzfUePOLfABACBY","expires_in":7200}
2016/08/18 16:54:14 [access_token_server.go:163][I] 获取微信服务器数据,r   &{s:{"access_token":"-BT-eJAUv_9XK5QAxEPxnxrkQJAdKhZOrG77VLliP2Ua2Kx0PviQuLk0KnHvISRSkB-00GAS8sOXTp_WPmRFA_afo1X6ZrHeeCNLIwCKv7h85imnZ1FhF6DQ8j7ZzfUePOLfABACBY","expires_in":7200} i:0 prevRune:-1}
2016/08/18 16:54:14 [access_token_server.go:165][I] 获取微信服务器数据,dec   &{r:0xc04225c0e0 buf:[] d:{data:[] off:0 scan:{step:<nil> endTop:false parseState:[] err:<nil> redo:false redoCode:0 redoState:<nil> bytes:0} nextscan:{step:<nil> endTop:false parseState:[] err:<nil> redo:false redoCode:0 redoState:<nil> bytes:0} savedError:<nil> useNumber:false} scanp:0 scan:{step:<nil> endTop:false parseState:[] err:<nil> redo:false redoCode:0 redoState:<nil> bytes:0} err:<nil> tokenState:0 tokenStack:[]}
2016/08/18 16:54:14 [access_token_server.go:169][I] 获取微信服务器数据,解析数据：{Token:-BT-eJAUv_9XK5QAxEPxnxrkQJAdKhZOrG77VLliP2Ua2Kx0PviQuLk0KnHvISRSkB-00GAS8sOXTp_WPmRFA_afo1X6ZrHeeCNLIwCKv7h85imnZ1FhF6DQ8j7ZzfUePOLfABACBY ExpiresIn:7200}
2016/08/18 16:54:14 [access_token_server.go:118][I] 获取微信accessToken 定时器获取数据 错误nicker.C <nil>
2016/08/18 16:54:14 [access_token_server.go:119][I] 获取微信accessToken 定时器获取数据nicker.C &{Token:-BT-eJAUv_9XK5QAxEPxnxrkQJAdKhZOrG77VLliP2Ua2Kx0PviQuLk0KnHvISRSkB-00GAS8sOXTp_WPmRFA_afo1X6ZrHeeCNLIwCKv7h85imnZ1FhF6DQ8j7ZzfUePOLfABACBY ExpiresIn:7200}
2016/08/18 16:54:14 [access_token_server.go:126][I] 获取数据时间 ExpiresIn  7200
2016/08/18 16:54:14 [access_token_server.go:127][I] 获取数据时，标准时间差  0
2016/08/18 16:54:14 [access_token_server.go:135][I] 获取微信accessToken 定时器获取数据AccessTokenServer &{CurrentAccessToken:0xc04226af60 accessTokenResult:0xc04226afc0 LiveTime:0 Times:2h0m0s json:0xc04225c0c0}
2016/08/18 16:54:14 [access_token_server.go:137][I] 获取微信accessToken 定时器获取数据AccessTokenServer &{CurrentAccessToken:0xc04226af60 accessTokenResult:0xc04226afc0 LiveTime:0 Times:2h0m0s json:0xc04225c0c0}
2016/08/18 16:54:14 [access_token_server.go:100][I] GetAndAccessTokenServer,for 循环
2016/08/18 17:45:52 [access_token_server.go:40][I] 获取accessToken的配置
2016/08/18 17:45:52 [access_token_server.go:45][I] 获取accessToken的配置==============start===================
2016/08/18 17:45:52 [utils.go:48][I] key is access_token_url||value is https://api.weixin.qq.com/cgi-bin/token
2016/08/18 17:45:52 [utils.go:48][I] key is appID||value is wx1dc762cdfeb4ed66
2016/08/18 17:45:52 [utils.go:48][I] key is appsecret||value is a72c8ccb896f3f7ddaf45f5318035bde
2016/08/18 17:45:52 [utils.go:48][I] key is grant_type||value is client_credential
2016/08/18 17:45:52 [access_token_server.go:47][I] accessToken 配置文件信息：&{url:https://api.weixin.qq.com/cgi-bin/token aPPID:wx1dc762cdfeb4ed66 appsecret:a72c8ccb896f3f7ddaf45f5318035bde grantType:client_credential accessTokenURL:https://api.weixin.qq.com/cgi-bin/token?grant_type=client_credential&&appid=wx1dc762cdfeb4ed66&secret=a72c8ccb896f3f7ddaf45f5318035bde}
2016/08/18 17:45:52 [access_token_server.go:48][I] 获取accessToken的配置==============end===================
2016/08/18 17:45:52 [access_token_server.go:42][I] 获取accessToken的配置 &{url:https://api.weixin.qq.com/cgi-bin/token aPPID:wx1dc762cdfeb4ed66 appsecret:a72c8ccb896f3f7ddaf45f5318035bde grantType:client_credential accessTokenURL:https://api.weixin.qq.com/cgi-bin/token?grant_type=client_credential&&appid=wx1dc762cdfeb4ed66&secret=a72c8ccb896f3f7ddaf45f5318035bde}
2016/08/18 17:46:10 [access_token_server.go:40][I] 获取accessToken的配置
2016/08/18 17:46:10 [access_token_server.go:45][I] 获取accessToken的配置==============start===================
2016/08/18 17:46:10 [utils.go:48][I] key is access_token_url||value is https://api.weixin.qq.com/cgi-bin/token
2016/08/18 17:46:10 [utils.go:48][I] key is appID||value is wx1dc762cdfeb4ed66
2016/08/18 17:46:10 [utils.go:48][I] key is appsecret||value is a72c8ccb896f3f7ddaf45f5318035bde
2016/08/18 17:46:10 [utils.go:48][I] key is grant_type||value is client_credential
2016/08/18 17:46:10 [access_token_server.go:47][I] accessToken 配置文件信息：&{url:https://api.weixin.qq.com/cgi-bin/token aPPID:wx1dc762cdfeb4ed66 appsecret:a72c8ccb896f3f7ddaf45f5318035bde grantType:client_credential accessTokenURL:https://api.weixin.qq.com/cgi-bin/token?grant_type=client_credential&&appid=wx1dc762cdfeb4ed66&secret=a72c8ccb896f3f7ddaf45f5318035bde}
2016/08/18 17:46:10 [access_token_server.go:48][I] 获取accessToken的配置==============end===================
2016/08/18 17:46:10 [access_token_server.go:42][I] 获取accessToken的配置 &{url:https://api.weixin.qq.com/cgi-bin/token aPPID:wx1dc762cdfeb4ed66 appsecret:a72c8ccb896f3f7ddaf45f5318035bde grantType:client_credential accessTokenURL:https://api.weixin.qq.com/cgi-bin/token?grant_type=client_credential&&appid=wx1dc762cdfeb4ed66&secret=a72c8ccb896f3f7ddaf45f5318035bde}
2016/08/18 17:51:19 [access_token_server.go:40][I] 获取accessToken的配置
2016/08/18 17:51:19 [access_token_server.go:45][I] 获取accessToken的配置==============start===================
2016/08/18 17:51:19 [utils.go:48][I] key is access_token_url||value is https://api.weixin.qq.com/cgi-bin/token
2016/08/18 17:51:19 [utils.go:48][I] key is appID||value is wx1dc762cdfeb4ed66
2016/08/18 17:51:19 [utils.go:48][I] key is appsecret||value is a72c8ccb896f3f7ddaf45f5318035bde
2016/08/18 17:51:19 [utils.go:48][I] key is grant_type||value is client_credential
2016/08/18 17:51:19 [access_token_server.go:47][I] accessToken 配置文件信息：&{url:https://api.weixin.qq.com/cgi-bin/token aPPID:wx1dc762cdfeb4ed66 appsecret:a72c8ccb896f3f7ddaf45f5318035bde grantType:client_credential accessTokenURL:https://api.weixin.qq.com/cgi-bin/token?grant_type=client_credential&&appid=wx1dc762cdfeb4ed66&secret=a72c8ccb896f3f7ddaf45f5318035bde}
2016/08/18 17:51:19 [access_token_server.go:48][I] 获取accessToken的配置==============end===================
2016/08/18 17:51:19 [access_token_server.go:42][I] 获取accessToken的配置 &{url:https://api.weixin.qq.com/cgi-bin/token aPPID:wx1dc762cdfeb4ed66 appsecret:a72c8ccb896f3f7ddaf45f5318035bde grantType:client_credential accessTokenURL:https://api.weixin.qq.com/cgi-bin/token?grant_type=client_credential&&appid=wx1dc762cdfeb4ed66&secret=a72c8ccb896f3f7ddaf45f5318035bde}
2016/08/18 17:51:28 [WxController.go:51][I] 接受微信服务器参数：/test
2016/08/18 17:51:28 [WxController.go:52][I] test 数据
2016/08/18 17:51:28 [access_token_server.go:87][I] accessToken 获取，数据结构初始化：&{CurrentAccessToken:0xc04227ccc0 accessTokenResult:0xc04227cd20 LiveTime:0 Times:2h0m0s json:<nil>}
2016/08/18 17:51:28 [access_token_server.go:88][I] accessToken 启动定时器，进行请求accessToken
2016/08/18 17:51:28 [access_token_server.go:96][I] GetAndAccessTokenServer创建定时器，进行请求accessToken
2016/08/18 17:51:28 [access_token_server.go:100][I] GetAndAccessTokenServer,for 循环
2016/08/18 18:13:33 [access_token_server.go:40][I] 获取accessToken的配置
2016/08/18 18:13:33 [access_token_server.go:45][I] 获取accessToken的配置==============start===================
2016/08/18 18:13:33 [utils.go:48][I] key is access_token_url||value is https://api.weixin.qq.com/cgi-bin/token
2016/08/18 18:13:33 [utils.go:48][I] key is appID||value is wx1dc762cdfeb4ed66
2016/08/18 18:13:33 [utils.go:48][I] key is appsecret||value is a72c8ccb896f3f7ddaf45f5318035bde
2016/08/18 18:13:33 [utils.go:48][I] key is grant_type||value is client_credential
2016/08/18 18:13:33 [access_token_server.go:47][I] accessToken 配置文件信息：&{url:https://api.weixin.qq.com/cgi-bin/token aPPID:wx1dc762cdfeb4ed66 appsecret:a72c8ccb896f3f7ddaf45f5318035bde grantType:client_credential accessTokenURL:https://api.weixin.qq.com/cgi-bin/token?grant_type=client_credential&&appid=wx1dc762cdfeb4ed66&secret=a72c8ccb896f3f7ddaf45f5318035bde}
2016/08/18 18:13:33 [access_token_server.go:48][I] 获取accessToken的配置==============end===================
2016/08/18 18:13:33 [access_token_server.go:42][I] 获取accessToken的配置 &{url:https://api.weixin.qq.com/cgi-bin/token aPPID:wx1dc762cdfeb4ed66 appsecret:a72c8ccb896f3f7ddaf45f5318035bde grantType:client_credential accessTokenURL:https://api.weixin.qq.com/cgi-bin/token?grant_type=client_credential&&appid=wx1dc762cdfeb4ed66&secret=a72c8ccb896f3f7ddaf45f5318035bde}
2016/08/18 18:13:33 [WxController.go:51][I] 接受微信服务器参数：/test
2016/08/18 18:13:33 [WxController.go:52][I] test 数据
2016/08/18 18:13:33 [access_token_server.go:87][I] accessToken 获取，数据结构初始化：&{CurrentAccessToken:0xc04232c180 accessTokenResult:0xc04232c1e0 LiveTime:0 Times:2h0m0s json:<nil>}
2016/08/18 18:13:33 [access_token_server.go:88][I] accessToken 启动定时器，进行请求accessToken
2016/08/18 18:13:33 [access_token_server.go:96][I] GetAndAccessTokenServer创建定时器，进行请求accessToken
2016/08/18 18:13:33 [access_token_server.go:100][I] GetAndAccessTokenServer,for 循环
2016/08/18 18:14:59 [access_token_server.go:40][I] 获取accessToken的配置
2016/08/18 18:14:59 [access_token_server.go:45][I] 获取accessToken的配置==============start===================
2016/08/18 18:14:59 [utils.go:48][I] key is access_token_url||value is https://api.weixin.qq.com/cgi-bin/token
2016/08/18 18:14:59 [utils.go:48][I] key is appID||value is wx1dc762cdfeb4ed66
2016/08/18 18:14:59 [utils.go:48][I] key is appsecret||value is a72c8ccb896f3f7ddaf45f5318035bde
2016/08/18 18:14:59 [utils.go:48][I] key is grant_type||value is client_credential
2016/08/18 18:14:59 [access_token_server.go:47][I] accessToken 配置文件信息：&{url:https://api.weixin.qq.com/cgi-bin/token aPPID:wx1dc762cdfeb4ed66 appsecret:a72c8ccb896f3f7ddaf45f5318035bde grantType:client_credential accessTokenURL:https://api.weixin.qq.com/cgi-bin/token?grant_type=client_credential&&appid=wx1dc762cdfeb4ed66&secret=a72c8ccb896f3f7ddaf45f5318035bde}
2016/08/18 18:14:59 [access_token_server.go:48][I] 获取accessToken的配置==============end===================
2016/08/18 18:14:59 [access_token_server.go:42][I] 获取accessToken的配置 &{url:https://api.weixin.qq.com/cgi-bin/token aPPID:wx1dc762cdfeb4ed66 appsecret:a72c8ccb896f3f7ddaf45f5318035bde grantType:client_credential accessTokenURL:https://api.weixin.qq.com/cgi-bin/token?grant_type=client_credential&&appid=wx1dc762cdfeb4ed66&secret=a72c8ccb896f3f7ddaf45f5318035bde}
2016/08/18 18:15:22 [WxController.go:51][I] 接受微信服务器参数：/test
2016/08/18 18:15:22 [WxController.go:52][I] test 数据
2016/08/18 18:15:22 [access_token_server.go:87][I] accessToken 获取，数据结构初始化：&{CurrentAccessToken:0xc042356300 accessTokenResult:0xc042356360 LiveTime:0 Times:2h0m0s json:<nil>}
2016/08/18 18:15:22 [access_token_server.go:88][I] accessToken 启动定时器，进行请求accessToken
2016/08/18 18:15:22 [WxController.go:55][I] test 数据 &{CurrentAccessToken:0xc042356300 accessTokenResult:0xc042356360 LiveTime:0 Times:2h0m0s json:<nil>}
2016/08/18 18:15:22 [access_token_server.go:96][I] GetAndAccessTokenServer创建定时器，进行请求accessToken
2016/08/18 18:15:22 [access_token_server.go:184][I] 获取accessToken Token()
2016/08/18 18:15:22 [access_token_server.go:196][I] 获取accessToken RefreshToken()  
2016/08/18 18:15:22 [access_token_server.go:100][I] GetAndAccessTokenServer,for 循环
2016/08/18 18:15:22 [access_token_server.go:104][I] 当前CurrentAccessToken:
2016/08/18 18:15:22 [access_token_server.go:145][I] 链接微信服务器获取accessToken
2016/08/18 18:15:22 [access_token_server.go:153][I] 与微信服务器建立链接
2016/08/18 18:15:22 [access_token_server.go:155][I] 获取微信服务器数据：{"access_token":"QKGuYXG_qoqsrxLcT4Xj4Ikz3uibcRs83oYhs8ZrzOqyETMtSw3Vhm5_m1cYh4BeRNewJAdWq97oXn-4leUSV8Kmd-j1QcP2nLDhpf6X59NXo9UtTMz0kLGrQLShXaaVKTCjAJAPYH","expires_in":7200}
2016/08/18 18:15:22 [access_token_server.go:163][I] 获取微信服务器数据,r   &{s:{"access_token":"QKGuYXG_qoqsrxLcT4Xj4Ikz3uibcRs83oYhs8ZrzOqyETMtSw3Vhm5_m1cYh4BeRNewJAdWq97oXn-4leUSV8Kmd-j1QcP2nLDhpf6X59NXo9UtTMz0kLGrQLShXaaVKTCjAJAPYH","expires_in":7200} i:0 prevRune:-1}
2016/08/18 18:15:22 [access_token_server.go:165][I] 获取微信服务器数据,dec   &{r:0xc042290080 buf:[] d:{data:[] off:0 scan:{step:<nil> endTop:false parseState:[] err:<nil> redo:false redoCode:0 redoState:<nil> bytes:0} nextscan:{step:<nil> endTop:false parseState:[] err:<nil> redo:false redoCode:0 redoState:<nil> bytes:0} savedError:<nil> useNumber:false} scanp:0 scan:{step:<nil> endTop:false parseState:[] err:<nil> redo:false redoCode:0 redoState:<nil> bytes:0} err:<nil> tokenState:0 tokenStack:[]}
2016/08/18 18:15:22 [access_token_server.go:169][I] 获取微信服务器数据,解析数据：{Token:QKGuYXG_qoqsrxLcT4Xj4Ikz3uibcRs83oYhs8ZrzOqyETMtSw3Vhm5_m1cYh4BeRNewJAdWq97oXn-4leUSV8Kmd-j1QcP2nLDhpf6X59NXo9UtTMz0kLGrQLShXaaVKTCjAJAPYH ExpiresIn:7200}
2016/08/18 18:15:22 [access_token_server.go:106][I] 已经请求微信服务器获取accessToken:&{Token:QKGuYXG_qoqsrxLcT4Xj4Ikz3uibcRs83oYhs8ZrzOqyETMtSw3Vhm5_m1cYh4BeRNewJAdWq97oXn-4leUSV8Kmd-j1QcP2nLDhpf6X59NXo9UtTMz0kLGrQLShXaaVKTCjAJAPYH ExpiresIn:7200}
2016/08/18 18:15:22 [access_token_server.go:114][I] 获取微信accessToken &{CurrentAccessToken:0xc042356300 accessTokenResult:0xc042356360 LiveTime:0 Times:2h0m0s json:0xc042290060}
2016/08/18 18:15:22 [access_token_server.go:199][I] 获取accessToken RefreshToken()  {accessTokenStrNew:QKGuYXG_qoqsrxLcT4Xj4Ikz3uibcRs83oYhs8ZrzOqyETMtSw3Vhm5_m1cYh4BeRNewJAdWq97oXn-4leUSV8Kmd-j1QcP2nLDhpf6X59NXo9UtTMz0kLGrQLShXaaVKTCjAJAPYH err:<nil>}
2016/08/18 18:15:22 [access_token_server.go:100][I] GetAndAccessTokenServer,for 循环
2016/08/18 18:15:22 [access_token_server.go:190][I] 获取accessToken Token()  QKGuYXG_qoqsrxLcT4Xj4Ikz3uibcRs83oYhs8ZrzOqyETMtSw3Vhm5_m1cYh4BeRNewJAdWq97oXn-4leUSV8Kmd-j1QcP2nLDhpf6X59NXo9UtTMz0kLGrQLShXaaVKTCjAJAPYH
2016/08/18 18:16:12 [access_token_server.go:40][I] 获取accessToken的配置
2016/08/18 18:16:12 [access_token_server.go:45][I] 获取accessToken的配置==============start===================
2016/08/18 18:16:12 [utils.go:48][I] key is access_token_url||value is https://api.weixin.qq.com/cgi-bin/token
2016/08/18 18:16:12 [utils.go:48][I] key is appID||value is wx1dc762cdfeb4ed66
2016/08/18 18:16:12 [utils.go:48][I] key is appsecret||value is a72c8ccb896f3f7ddaf45f5318035bde
2016/08/18 18:16:12 [utils.go:48][I] key is grant_type||value is client_credential
2016/08/18 18:16:12 [access_token_server.go:47][I] accessToken 配置文件信息：&{url:https://api.weixin.qq.com/cgi-bin/token aPPID:wx1dc762cdfeb4ed66 appsecret:a72c8ccb896f3f7ddaf45f5318035bde grantType:client_credential accessTokenURL:https://api.weixin.qq.com/cgi-bin/token?grant_type=client_credential&&appid=wx1dc762cdfeb4ed66&secret=a72c8ccb896f3f7ddaf45f5318035bde}
2016/08/18 18:16:12 [access_token_server.go:48][I] 获取accessToken的配置==============end===================
2016/08/18 18:16:12 [access_token_server.go:42][I] 获取accessToken的配置 &{url:https://api.weixin.qq.com/cgi-bin/token aPPID:wx1dc762cdfeb4ed66 appsecret:a72c8ccb896f3f7ddaf45f5318035bde grantType:client_credential accessTokenURL:https://api.weixin.qq.com/cgi-bin/token?grant_type=client_credential&&appid=wx1dc762cdfeb4ed66&secret=a72c8ccb896f3f7ddaf45f5318035bde}
2016/08/18 18:16:21 [WxController.go:51][I] 接受微信服务器参数：/test
2016/08/18 18:16:21 [WxController.go:52][I] test 数据
2016/08/18 18:16:21 [access_token_server.go:87][I] accessToken 获取，数据结构初始化：&{CurrentAccessToken:0xc04226ad80 accessTokenResult:0xc04226ade0 LiveTime:0 Times:2h0m0s json:<nil>}
2016/08/18 18:16:21 [access_token_server.go:88][I] accessToken 启动定时器，进行请求accessToken
2016/08/18 18:16:21 [WxController.go:55][I] test 数据 &{CurrentAccessToken:0xc04226ad80 accessTokenResult:0xc04226ade0 LiveTime:0 Times:2h0m0s json:<nil>}
2016/08/18 18:16:21 [access_token_server.go:184][I] 获取accessToken Token()
2016/08/18 18:16:21 [access_token_server.go:196][I] 获取accessToken RefreshToken()  
2016/08/18 18:16:21 [access_token_server.go:96][I] GetAndAccessTokenServer创建定时器，进行请求accessToken
2016/08/18 18:16:21 [access_token_server.go:100][I] GetAndAccessTokenServer,for 循环
2016/08/18 18:16:21 [access_token_server.go:104][I] 当前CurrentAccessToken:
2016/08/18 18:16:21 [access_token_server.go:145][I] 链接微信服务器获取accessToken
2016/08/18 18:16:21 [access_token_server.go:153][I] 与微信服务器建立链接
2016/08/18 18:16:21 [access_token_server.go:155][I] 获取微信服务器数据：{"access_token":"qk2y0JwMuU47TjJtEp8ZbwSG864PRGgo3zqCeM6v1EhVefcs82HdEo_6ADoJFlP704F9A46GgnszWdDu3sKz2j2FypctxvSQfRZDWNtdFVcw9sO-zilPXlpiCcX4knOkQWEcAFAYEM","expires_in":7200}
2016/08/18 18:16:21 [access_token_server.go:163][I] 获取微信服务器数据,r   &{s:{"access_token":"qk2y0JwMuU47TjJtEp8ZbwSG864PRGgo3zqCeM6v1EhVefcs82HdEo_6ADoJFlP704F9A46GgnszWdDu3sKz2j2FypctxvSQfRZDWNtdFVcw9sO-zilPXlpiCcX4knOkQWEcAFAYEM","expires_in":7200} i:0 prevRune:-1}
2016/08/18 18:16:21 [access_token_server.go:165][I] 获取微信服务器数据,dec   &{r:0xc042344160 buf:[] d:{data:[] off:0 scan:{step:<nil> endTop:false parseState:[] err:<nil> redo:false redoCode:0 redoState:<nil> bytes:0} nextscan:{step:<nil> endTop:false parseState:[] err:<nil> redo:false redoCode:0 redoState:<nil> bytes:0} savedError:<nil> useNumber:false} scanp:0 scan:{step:<nil> endTop:false parseState:[] err:<nil> redo:false redoCode:0 redoState:<nil> bytes:0} err:<nil> tokenState:0 tokenStack:[]}
2016/08/18 18:16:21 [access_token_server.go:169][I] 获取微信服务器数据,解析数据：{Token:qk2y0JwMuU47TjJtEp8ZbwSG864PRGgo3zqCeM6v1EhVefcs82HdEo_6ADoJFlP704F9A46GgnszWdDu3sKz2j2FypctxvSQfRZDWNtdFVcw9sO-zilPXlpiCcX4knOkQWEcAFAYEM ExpiresIn:7200}
2016/08/18 18:16:21 [access_token_server.go:106][I] 已经请求微信服务器获取accessToken:&{Token:qk2y0JwMuU47TjJtEp8ZbwSG864PRGgo3zqCeM6v1EhVefcs82HdEo_6ADoJFlP704F9A46GgnszWdDu3sKz2j2FypctxvSQfRZDWNtdFVcw9sO-zilPXlpiCcX4knOkQWEcAFAYEM ExpiresIn:7200}
2016/08/18 18:16:21 [access_token_server.go:114][I] 获取微信accessToken &{CurrentAccessToken:0xc04226ad80 accessTokenResult:0xc04226ade0 LiveTime:0 Times:2h0m0s json:0xc042344140}
2016/08/18 18:16:21 [access_token_server.go:100][I] GetAndAccessTokenServer,for 循环
2016/08/18 18:16:21 [access_token_server.go:199][I] 获取accessToken RefreshToken()  {accessTokenStrNew:qk2y0JwMuU47TjJtEp8ZbwSG864PRGgo3zqCeM6v1EhVefcs82HdEo_6ADoJFlP704F9A46GgnszWdDu3sKz2j2FypctxvSQfRZDWNtdFVcw9sO-zilPXlpiCcX4knOkQWEcAFAYEM err:<nil>}
2016/08/18 18:16:21 [access_token_server.go:190][I] 获取accessToken Token()  qk2y0JwMuU47TjJtEp8ZbwSG864PRGgo3zqCeM6v1EhVefcs82HdEo_6ADoJFlP704F9A46GgnszWdDu3sKz2j2FypctxvSQfRZDWNtdFVcw9sO-zilPXlpiCcX4knOkQWEcAFAYEM
2016/08/18 18:21:12 [access_token_server.go:40][I] 获取accessToken的配置
2016/08/18 18:21:12 [access_token_server.go:45][I] 获取accessToken的配置==============start===================
2016/08/18 18:21:12 [utils.go:48][I] key is access_token_url||value is https://api.weixin.qq.com/cgi-bin/token
2016/08/18 18:21:12 [utils.go:48][I] key is appID||value is wx1dc762cdfeb4ed66
2016/08/18 18:21:12 [utils.go:48][I] key is appsecret||value is a72c8ccb896f3f7ddaf45f5318035bde
2016/08/18 18:21:12 [utils.go:48][I] key is grant_type||value is client_credential
2016/08/18 18:21:12 [access_token_server.go:47][I] accessToken 配置文件信息：&{url:https://api.weixin.qq.com/cgi-bin/token aPPID:wx1dc762cdfeb4ed66 appsecret:a72c8ccb896f3f7ddaf45f5318035bde grantType:client_credential accessTokenURL:https://api.weixin.qq.com/cgi-bin/token?grant_type=client_credential&&appid=wx1dc762cdfeb4ed66&secret=a72c8ccb896f3f7ddaf45f5318035bde}
2016/08/18 18:21:12 [access_token_server.go:48][I] 获取accessToken的配置==============end===================
2016/08/18 18:21:12 [access_token_server.go:42][I] 获取accessToken的配置 &{url:https://api.weixin.qq.com/cgi-bin/token aPPID:wx1dc762cdfeb4ed66 appsecret:a72c8ccb896f3f7ddaf45f5318035bde grantType:client_credential accessTokenURL:https://api.weixin.qq.com/cgi-bin/token?grant_type=client_credential&&appid=wx1dc762cdfeb4ed66&secret=a72c8ccb896f3f7ddaf45f5318035bde}
2016/08/18 18:21:18 [WxController.go:51][I] 接受微信服务器参数：/test
2016/08/18 18:21:18 [WxController.go:52][I] test 数据
2016/08/18 18:21:18 [access_token_server.go:87][I] accessToken 获取，数据结构初始化：&{CurrentAccessToken:0xc04226ad80 accessTokenResult:0xc04226ade0 LiveTime:0 Times:2s json:<nil>}
2016/08/18 18:21:18 [access_token_server.go:88][I] accessToken 启动定时器，进行请求accessToken
2016/08/18 18:21:18 [WxController.go:55][I] test 数据 &{CurrentAccessToken:0xc04226ad80 accessTokenResult:0xc04226ade0 LiveTime:0 Times:2s json:<nil>}
2016/08/18 18:21:18 [access_token_server.go:184][I] 获取accessToken Token()
2016/08/18 18:21:18 [access_token_server.go:96][I] GetAndAccessTokenServer创建定时器，进行请求accessToken
2016/08/18 18:21:18 [access_token_server.go:196][I] 获取accessToken RefreshToken()  
2016/08/18 18:21:18 [access_token_server.go:100][I] GetAndAccessTokenServer,for 循环
2016/08/18 18:21:18 [access_token_server.go:104][I] 当前CurrentAccessToken:
2016/08/18 18:21:18 [access_token_server.go:145][I] 链接微信服务器获取accessToken
2016/08/18 18:21:18 [access_token_server.go:153][I] 与微信服务器建立链接
2016/08/18 18:21:19 [access_token_server.go:155][I] 获取微信服务器数据：{"access_token":"mYUja3NU_l381elhs2tzDM-xvpPiVd-FndokdOPU_CN9Z57_tgA5z09V8dKzEQYArv2u4IXtyN2xMKDD_cg8KQyHdH60t2r9zVelplA4bo7209fOsoUrzIcgNT0Fq9ACGDJeAHAPMS","expires_in":7200}
2016/08/18 18:21:19 [access_token_server.go:163][I] 获取微信服务器数据,r   &{s:{"access_token":"mYUja3NU_l381elhs2tzDM-xvpPiVd-FndokdOPU_CN9Z57_tgA5z09V8dKzEQYArv2u4IXtyN2xMKDD_cg8KQyHdH60t2r9zVelplA4bo7209fOsoUrzIcgNT0Fq9ACGDJeAHAPMS","expires_in":7200} i:0 prevRune:-1}
2016/08/18 18:21:19 [access_token_server.go:165][I] 获取微信服务器数据,dec   &{r:0xc04200a380 buf:[] d:{data:[] off:0 scan:{step:<nil> endTop:false parseState:[] err:<nil> redo:false redoCode:0 redoState:<nil> bytes:0} nextscan:{step:<nil> endTop:false parseState:[] err:<nil> redo:false redoCode:0 redoState:<nil> bytes:0} savedError:<nil> useNumber:false} scanp:0 scan:{step:<nil> endTop:false parseState:[] err:<nil> redo:false redoCode:0 redoState:<nil> bytes:0} err:<nil> tokenState:0 tokenStack:[]}
2016/08/18 18:21:19 [access_token_server.go:169][I] 获取微信服务器数据,解析数据：{Token:mYUja3NU_l381elhs2tzDM-xvpPiVd-FndokdOPU_CN9Z57_tgA5z09V8dKzEQYArv2u4IXtyN2xMKDD_cg8KQyHdH60t2r9zVelplA4bo7209fOsoUrzIcgNT0Fq9ACGDJeAHAPMS ExpiresIn:7200}
2016/08/18 18:21:19 [access_token_server.go:106][I] 已经请求微信服务器获取accessToken:&{Token:mYUja3NU_l381elhs2tzDM-xvpPiVd-FndokdOPU_CN9Z57_tgA5z09V8dKzEQYArv2u4IXtyN2xMKDD_cg8KQyHdH60t2r9zVelplA4bo7209fOsoUrzIcgNT0Fq9ACGDJeAHAPMS ExpiresIn:7200}
2016/08/18 18:21:19 [access_token_server.go:114][I] 获取微信accessToken &{CurrentAccessToken:0xc04226ad80 accessTokenResult:0xc04226ade0 LiveTime:0 Times:2s json:0xc04200a360}
2016/08/18 18:21:19 [access_token_server.go:100][I] GetAndAccessTokenServer,for 循环
2016/08/18 18:21:19 [access_token_server.go:199][I] 获取accessToken RefreshToken()  {accessTokenStrNew:mYUja3NU_l381elhs2tzDM-xvpPiVd-FndokdOPU_CN9Z57_tgA5z09V8dKzEQYArv2u4IXtyN2xMKDD_cg8KQyHdH60t2r9zVelplA4bo7209fOsoUrzIcgNT0Fq9ACGDJeAHAPMS err:<nil>}
2016/08/18 18:21:19 [access_token_server.go:190][I] 获取accessToken Token()  mYUja3NU_l381elhs2tzDM-xvpPiVd-FndokdOPU_CN9Z57_tgA5z09V8dKzEQYArv2u4IXtyN2xMKDD_cg8KQyHdH60t2r9zVelplA4bo7209fOsoUrzIcgNT0Fq9ACGDJeAHAPMS
2016/08/18 18:21:20 [access_token_server.go:116][I] 获取微信accessToken 启动定时器时间nicker.C 0xc042344120
2016/08/18 18:21:20 [access_token_server.go:145][I] 链接微信服务器获取accessToken
2016/08/18 18:21:20 [access_token_server.go:153][I] 与微信服务器建立链接
2016/08/18 18:21:21 [access_token_server.go:155][I] 获取微信服务器数据：{"access_token":"mYUja3NU_l381elhs2tzDM-xvpPiVd-FndokdOPU_CPY6V8LfNRPVLBWfzOOvDpiUGzrBrJ9TdikFFc2Ll4lHNAe1uMqrFTts-aD22EqvYOAt__qY-n5iYwvNy7TZIiYKIDeAHAAYT","expires_in":7198}
2016/08/18 18:21:21 [access_token_server.go:163][I] 获取微信服务器数据,r   &{s:{"access_token":"mYUja3NU_l381elhs2tzDM-xvpPiVd-FndokdOPU_CPY6V8LfNRPVLBWfzOOvDpiUGzrBrJ9TdikFFc2Ll4lHNAe1uMqrFTts-aD22EqvYOAt__qY-n5iYwvNy7TZIiYKIDeAHAAYT","expires_in":7198} i:0 prevRune:-1}
2016/08/18 18:21:21 [access_token_server.go:165][I] 获取微信服务器数据,dec   &{r:0xc04200adc0 buf:[] d:{data:[] off:0 scan:{step:<nil> endTop:false parseState:[] err:<nil> redo:false redoCode:0 redoState:<nil> bytes:0} nextscan:{step:<nil> endTop:false parseState:[] err:<nil> redo:false redoCode:0 redoState:<nil> bytes:0} savedError:<nil> useNumber:false} scanp:0 scan:{step:<nil> endTop:false parseState:[] err:<nil> redo:false redoCode:0 redoState:<nil> bytes:0} err:<nil> tokenState:0 tokenStack:[]}
2016/08/18 18:21:21 [access_token_server.go:169][I] 获取微信服务器数据,解析数据：{Token:mYUja3NU_l381elhs2tzDM-xvpPiVd-FndokdOPU_CPY6V8LfNRPVLBWfzOOvDpiUGzrBrJ9TdikFFc2Ll4lHNAe1uMqrFTts-aD22EqvYOAt__qY-n5iYwvNy7TZIiYKIDeAHAAYT ExpiresIn:7198}
2016/08/18 18:21:21 [access_token_server.go:118][I] 获取微信accessToken 定时器获取数据 错误nicker.C <nil>
2016/08/18 18:21:21 [access_token_server.go:119][I] 获取微信accessToken 定时器获取数据nicker.C &{Token:mYUja3NU_l381elhs2tzDM-xvpPiVd-FndokdOPU_CPY6V8LfNRPVLBWfzOOvDpiUGzrBrJ9TdikFFc2Ll4lHNAe1uMqrFTts-aD22EqvYOAt__qY-n5iYwvNy7TZIiYKIDeAHAAYT ExpiresIn:7198}
2016/08/18 18:21:21 [access_token_server.go:126][I] 获取数据时间 ExpiresIn  7198
2016/08/18 18:21:21 [access_token_server.go:127][I] 获取数据时，标准时间差  -7196000000000
2016/08/18 18:21:21 [access_token_server.go:135][I] 获取微信accessToken 定时器获取数据AccessTokenServer &{CurrentAccessToken:0xc04226ad80 accessTokenResult:0xc04226ade0 LiveTime:0 Times:2s json:0xc04200ada0}
2016/08/18 18:21:21 [access_token_server.go:137][I] 获取微信accessToken 定时器获取数据AccessTokenServer &{CurrentAccessToken:0xc04226ad80 accessTokenResult:0xc04226ade0 LiveTime:0 Times:2s json:0xc04200ada0}
2016/08/18 18:21:21 [access_token_server.go:100][I] GetAndAccessTokenServer,for 循环
2016/08/18 18:21:22 [access_token_server.go:116][I] 获取微信accessToken 启动定时器时间nicker.C 0xc042344120
2016/08/18 18:21:22 [access_token_server.go:145][I] 链接微信服务器获取accessToken
2016/08/18 18:21:22 [access_token_server.go:153][I] 与微信服务器建立链接
2016/08/18 18:21:23 [access_token_server.go:155][I] 获取微信服务器数据：{"access_token":"mYUja3NU_l381elhs2tzDM-xvpPiVd-FndokdOPU_CPAButpLYlDv4zT7c6pRw86Lfqazn8fnFzrFTCSc6u4lTuN5af5P2dnWaMQRLI5dvcNDmmQvUvebkOE7GuDNtiFPRTeAHAKMO","expires_in":7196}
2016/08/18 18:21:23 [access_token_server.go:163][I] 获取微信服务器数据,r   &{s:{"access_token":"mYUja3NU_l381elhs2tzDM-xvpPiVd-FndokdOPU_CPAButpLYlDv4zT7c6pRw86Lfqazn8fnFzrFTCSc6u4lTuN5af5P2dnWaMQRLI5dvcNDmmQvUvebkOE7GuDNtiFPRTeAHAKMO","expires_in":7196} i:0 prevRune:-1}
2016/08/18 18:21:23 [access_token_server.go:165][I] 获取微信服务器数据,dec   &{r:0xc042271e00 buf:[] d:{data:[] off:0 scan:{step:<nil> endTop:false parseState:[] err:<nil> redo:false redoCode:0 redoState:<nil> bytes:0} nextscan:{step:<nil> endTop:false parseState:[] err:<nil> redo:false redoCode:0 redoState:<nil> bytes:0} savedError:<nil> useNumber:false} scanp:0 scan:{step:<nil> endTop:false parseState:[] err:<nil> redo:false redoCode:0 redoState:<nil> bytes:0} err:<nil> tokenState:0 tokenStack:[]}
2016/08/18 18:21:23 [access_token_server.go:169][I] 获取微信服务器数据,解析数据：{Token:mYUja3NU_l381elhs2tzDM-xvpPiVd-FndokdOPU_CPAButpLYlDv4zT7c6pRw86Lfqazn8fnFzrFTCSc6u4lTuN5af5P2dnWaMQRLI5dvcNDmmQvUvebkOE7GuDNtiFPRTeAHAKMO ExpiresIn:7196}
2016/08/18 18:21:23 [access_token_server.go:118][I] 获取微信accessToken 定时器获取数据 错误nicker.C <nil>
2016/08/18 18:21:23 [access_token_server.go:119][I] 获取微信accessToken 定时器获取数据nicker.C &{Token:mYUja3NU_l381elhs2tzDM-xvpPiVd-FndokdOPU_CPAButpLYlDv4zT7c6pRw86Lfqazn8fnFzrFTCSc6u4lTuN5af5P2dnWaMQRLI5dvcNDmmQvUvebkOE7GuDNtiFPRTeAHAKMO ExpiresIn:7196}
2016/08/18 18:21:23 [access_token_server.go:126][I] 获取数据时间 ExpiresIn  7196
2016/08/18 18:21:23 [access_token_server.go:127][I] 获取数据时，标准时间差  -7194000000000
2016/08/18 18:21:23 [access_token_server.go:135][I] 获取微信accessToken 定时器获取数据AccessTokenServer &{CurrentAccessToken:0xc04226ad80 accessTokenResult:0xc04226ade0 LiveTime:0 Times:2s json:0xc042271dc0}
2016/08/18 18:21:23 [access_token_server.go:137][I] 获取微信accessToken 定时器获取数据AccessTokenServer &{CurrentAccessToken:0xc04226ad80 accessTokenResult:0xc04226ade0 LiveTime:0 Times:2s json:0xc042271dc0}
2016/08/18 18:21:23 [access_token_server.go:100][I] GetAndAccessTokenServer,for 循环
2016/08/18 18:21:24 [access_token_server.go:116][I] 获取微信accessToken 启动定时器时间nicker.C 0xc042344120
2016/08/18 18:21:24 [access_token_server.go:145][I] 链接微信服务器获取accessToken
2016/08/18 18:21:24 [access_token_server.go:153][I] 与微信服务器建立链接
2016/08/18 18:21:25 [access_token_server.go:155][I] 获取微信服务器数据：{"access_token":"mYUja3NU_l381elhs2tzDM-xvpPiVd-FndokdOPU_CPMhQvEbA0mye2EzyhorNnVCndL9JgJSx18RJXUCkAyHr6-DxX-FKeFYh4qDKY982M9JaBiFxgFe2jW9DXBWII4IQYeAHABJR","expires_in":7200}
2016/08/18 18:21:25 [access_token_server.go:163][I] 获取微信服务器数据,r   &{s:{"access_token":"mYUja3NU_l381elhs2tzDM-xvpPiVd-FndokdOPU_CPMhQvEbA0mye2EzyhorNnVCndL9JgJSx18RJXUCkAyHr6-DxX-FKeFYh4qDKY982M9JaBiFxgFe2jW9DXBWII4IQYeAHABJR","expires_in":7200} i:0 prevRune:-1}
2016/08/18 18:21:25 [access_token_server.go:165][I] 获取微信服务器数据,dec   &{r:0xc0420e17e0 buf:[] d:{data:[] off:0 scan:{step:<nil> endTop:false parseState:[] err:<nil> redo:false redoCode:0 redoState:<nil> bytes:0} nextscan:{step:<nil> endTop:false parseState:[] err:<nil> redo:false redoCode:0 redoState:<nil> bytes:0} savedError:<nil> useNumber:false} scanp:0 scan:{step:<nil> endTop:false parseState:[] err:<nil> redo:false redoCode:0 redoState:<nil> bytes:0} err:<nil> tokenState:0 tokenStack:[]}
2016/08/18 18:21:25 [access_token_server.go:169][I] 获取微信服务器数据,解析数据：{Token:mYUja3NU_l381elhs2tzDM-xvpPiVd-FndokdOPU_CPMhQvEbA0mye2EzyhorNnVCndL9JgJSx18RJXUCkAyHr6-DxX-FKeFYh4qDKY982M9JaBiFxgFe2jW9DXBWII4IQYeAHABJR ExpiresIn:7200}
2016/08/18 18:21:25 [access_token_server.go:118][I] 获取微信accessToken 定时器获取数据 错误nicker.C <nil>
2016/08/18 18:21:25 [access_token_server.go:119][I] 获取微信accessToken 定时器获取数据nicker.C &{Token:mYUja3NU_l381elhs2tzDM-xvpPiVd-FndokdOPU_CPMhQvEbA0mye2EzyhorNnVCndL9JgJSx18RJXUCkAyHr6-DxX-FKeFYh4qDKY982M9JaBiFxgFe2jW9DXBWII4IQYeAHABJR ExpiresIn:7200}
2016/08/18 18:21:25 [access_token_server.go:126][I] 获取数据时间 ExpiresIn  7200
2016/08/18 18:21:25 [access_token_server.go:127][I] 获取数据时，标准时间差  -7198000000000
2016/08/18 18:21:25 [access_token_server.go:135][I] 获取微信accessToken 定时器获取数据AccessTokenServer &{CurrentAccessToken:0xc04226ad80 accessTokenResult:0xc04226ade0 LiveTime:0 Times:2s json:0xc0420e17c0}
2016/08/18 18:21:25 [access_token_server.go:137][I] 获取微信accessToken 定时器获取数据AccessTokenServer &{CurrentAccessToken:0xc04226ad80 accessTokenResult:0xc04226ade0 LiveTime:0 Times:2s json:0xc0420e17c0}
2016/08/18 18:21:25 [access_token_server.go:100][I] GetAndAccessTokenServer,for 循环
2016/08/18 18:21:26 [access_token_server.go:116][I] 获取微信accessToken 启动定时器时间nicker.C 0xc042344120
2016/08/18 18:21:26 [access_token_server.go:145][I] 链接微信服务器获取accessToken
2016/08/18 18:21:26 [access_token_server.go:153][I] 与微信服务器建立链接
2016/08/18 18:21:27 [access_token_server.go:155][I] 获取微信服务器数据：{"access_token":"mYUja3NU_l381elhs2tzDM-xvpPiVd-FndokdOPU_CMV3DJRtY4tG1CsyRSuDVEsnwCNnB3wCJMGRP36qQ-W5jOzEq_L5B2rw1gC-MzWgAZVyEemRxKYYKKF4S8RXT9_HBZeAHAKEC","expires_in":7200}
2016/08/18 18:21:27 [access_token_server.go:163][I] 获取微信服务器数据,r   &{s:{"access_token":"mYUja3NU_l381elhs2tzDM-xvpPiVd-FndokdOPU_CMV3DJRtY4tG1CsyRSuDVEsnwCNnB3wCJMGRP36qQ-W5jOzEq_L5B2rw1gC-MzWgAZVyEemRxKYYKKF4S8RXT9_HBZeAHAKEC","expires_in":7200} i:0 prevRune:-1}
2016/08/18 18:21:27 [access_token_server.go:165][I] 获取微信服务器数据,dec   &{r:0xc042242b80 buf:[] d:{data:[] off:0 scan:{step:<nil> endTop:false parseState:[] err:<nil> redo:false redoCode:0 redoState:<nil> bytes:0} nextscan:{step:<nil> endTop:false parseState:[] err:<nil> redo:false redoCode:0 redoState:<nil> bytes:0} savedError:<nil> useNumber:false} scanp:0 scan:{step:<nil> endTop:false parseState:[] err:<nil> redo:false redoCode:0 redoState:<nil> bytes:0} err:<nil> tokenState:0 tokenStack:[]}
2016/08/18 18:21:27 [access_token_server.go:169][I] 获取微信服务器数据,解析数据：{Token:mYUja3NU_l381elhs2tzDM-xvpPiVd-FndokdOPU_CMV3DJRtY4tG1CsyRSuDVEsnwCNnB3wCJMGRP36qQ-W5jOzEq_L5B2rw1gC-MzWgAZVyEemRxKYYKKF4S8RXT9_HBZeAHAKEC ExpiresIn:7200}
2016/08/18 18:21:27 [access_token_server.go:118][I] 获取微信accessToken 定时器获取数据 错误nicker.C <nil>
2016/08/18 18:21:27 [access_token_server.go:119][I] 获取微信accessToken 定时器获取数据nicker.C &{Token:mYUja3NU_l381elhs2tzDM-xvpPiVd-FndokdOPU_CMV3DJRtY4tG1CsyRSuDVEsnwCNnB3wCJMGRP36qQ-W5jOzEq_L5B2rw1gC-MzWgAZVyEemRxKYYKKF4S8RXT9_HBZeAHAKEC ExpiresIn:7200}
2016/08/18 18:21:27 [access_token_server.go:126][I] 获取数据时间 ExpiresIn  7200
2016/08/18 18:21:27 [access_token_server.go:127][I] 获取数据时，标准时间差  -7198000000000
2016/08/18 18:21:27 [access_token_server.go:135][I] 获取微信accessToken 定时器获取数据AccessTokenServer &{CurrentAccessToken:0xc04226ad80 accessTokenResult:0xc04226ade0 LiveTime:0 Times:2s json:0xc042242b40}
2016/08/18 18:21:27 [access_token_server.go:137][I] 获取微信accessToken 定时器获取数据AccessTokenServer &{CurrentAccessToken:0xc04226ad80 accessTokenResult:0xc04226ade0 LiveTime:0 Times:2s json:0xc042242b40}
2016/08/18 18:21:27 [access_token_server.go:100][I] GetAndAccessTokenServer,for 循环
2016/08/18 18:21:28 [access_token_server.go:116][I] 获取微信accessToken 启动定时器时间nicker.C 0xc042344120
2016/08/18 18:21:28 [access_token_server.go:145][I] 链接微信服务器获取accessToken
2016/08/18 18:21:28 [access_token_server.go:153][I] 与微信服务器建立链接
2016/08/18 18:21:29 [access_token_server.go:155][I] 获取微信服务器数据：{"access_token":"mYUja3NU_l381elhs2tzDM-xvpPiVd-FndokdOPU_COzFMlpLHxSf7U7n-LGKR7Vx44mLcRbtDqhXu6iR4ev95884Y5k5EsOyTwPAqoHFiE25dr_8j-XF0y_ZrT5NBS0MBTeAHAHWO","expires_in":7200}
2016/08/18 18:21:29 [access_token_server.go:163][I] 获取微信服务器数据,r   &{s:{"access_token":"mYUja3NU_l381elhs2tzDM-xvpPiVd-FndokdOPU_COzFMlpLHxSf7U7n-LGKR7Vx44mLcRbtDqhXu6iR4ev95884Y5k5EsOyTwPAqoHFiE25dr_8j-XF0y_ZrT5NBS0MBTeAHAHWO","expires_in":7200} i:0 prevRune:-1}
2016/08/18 18:21:29 [access_token_server.go:165][I] 获取微信服务器数据,dec   &{r:0xc042103f60 buf:[] d:{data:[] off:0 scan:{step:<nil> endTop:false parseState:[] err:<nil> redo:false redoCode:0 redoState:<nil> bytes:0} nextscan:{step:<nil> endTop:false parseState:[] err:<nil> redo:false redoCode:0 redoState:<nil> bytes:0} savedError:<nil> useNumber:false} scanp:0 scan:{step:<nil> endTop:false parseState:[] err:<nil> redo:false redoCode:0 redoState:<nil> bytes:0} err:<nil> tokenState:0 tokenStack:[]}
2016/08/18 18:21:29 [access_token_server.go:169][I] 获取微信服务器数据,解析数据：{Token:mYUja3NU_l381elhs2tzDM-xvpPiVd-FndokdOPU_COzFMlpLHxSf7U7n-LGKR7Vx44mLcRbtDqhXu6iR4ev95884Y5k5EsOyTwPAqoHFiE25dr_8j-XF0y_ZrT5NBS0MBTeAHAHWO ExpiresIn:7200}
2016/08/18 18:21:29 [access_token_server.go:118][I] 获取微信accessToken 定时器获取数据 错误nicker.C <nil>
2016/08/18 18:21:29 [access_token_server.go:119][I] 获取微信accessToken 定时器获取数据nicker.C &{Token:mYUja3NU_l381elhs2tzDM-xvpPiVd-FndokdOPU_COzFMlpLHxSf7U7n-LGKR7Vx44mLcRbtDqhXu6iR4ev95884Y5k5EsOyTwPAqoHFiE25dr_8j-XF0y_ZrT5NBS0MBTeAHAHWO ExpiresIn:7200}
2016/08/18 18:21:29 [access_token_server.go:126][I] 获取数据时间 ExpiresIn  7200
2016/08/18 18:21:29 [access_token_server.go:127][I] 获取数据时，标准时间差  -7198000000000
2016/08/18 18:21:29 [access_token_server.go:135][I] 获取微信accessToken 定时器获取数据AccessTokenServer &{CurrentAccessToken:0xc04226ad80 accessTokenResult:0xc04226ade0 LiveTime:0 Times:2s json:0xc042103f40}
2016/08/18 18:21:29 [access_token_server.go:137][I] 获取微信accessToken 定时器获取数据AccessTokenServer &{CurrentAccessToken:0xc04226ad80 accessTokenResult:0xc04226ade0 LiveTime:0 Times:2s json:0xc042103f40}
2016/08/18 18:21:29 [access_token_server.go:100][I] GetAndAccessTokenServer,for 循环
2016/08/18 18:21:30 [access_token_server.go:116][I] 获取微信accessToken 启动定时器时间nicker.C 0xc042344120
2016/08/18 18:21:30 [access_token_server.go:145][I] 链接微信服务器获取accessToken
2016/08/18 18:21:30 [access_token_server.go:153][I] 与微信服务器建立链接
2016/08/18 18:21:31 [access_token_server.go:155][I] 获取微信服务器数据：{"access_token":"mYUja3NU_l381elhs2tzDM-xvpPiVd-FndokdOPU_CP3xJk731qmgUYUPnWAoWdV_InRZgzCj6VOPp6we-8qS-jFrTXhYb7tBT_607KmfCtWoeUj16d0f-GMhqTG5VJ7GDCeAHAAXW","expires_in":7200}
2016/08/18 18:21:31 [access_token_server.go:163][I] 获取微信服务器数据,r   &{s:{"access_token":"mYUja3NU_l381elhs2tzDM-xvpPiVd-FndokdOPU_CP3xJk731qmgUYUPnWAoWdV_InRZgzCj6VOPp6we-8qS-jFrTXhYb7tBT_607KmfCtWoeUj16d0f-GMhqTG5VJ7GDCeAHAAXW","expires_in":7200} i:0 prevRune:-1}
2016/08/18 18:21:31 [access_token_server.go:165][I] 获取微信服务器数据,dec   &{r:0xc04239dc60 buf:[] d:{data:[] off:0 scan:{step:<nil> endTop:false parseState:[] err:<nil> redo:false redoCode:0 redoState:<nil> bytes:0} nextscan:{step:<nil> endTop:false parseState:[] err:<nil> redo:false redoCode:0 redoState:<nil> bytes:0} savedError:<nil> useNumber:false} scanp:0 scan:{step:<nil> endTop:false parseState:[] err:<nil> redo:false redoCode:0 redoState:<nil> bytes:0} err:<nil> tokenState:0 tokenStack:[]}
2016/08/18 18:21:31 [access_token_server.go:169][I] 获取微信服务器数据,解析数据：{Token:mYUja3NU_l381elhs2tzDM-xvpPiVd-FndokdOPU_CP3xJk731qmgUYUPnWAoWdV_InRZgzCj6VOPp6we-8qS-jFrTXhYb7tBT_607KmfCtWoeUj16d0f-GMhqTG5VJ7GDCeAHAAXW ExpiresIn:7200}
2016/08/18 18:21:31 [access_token_server.go:118][I] 获取微信accessToken 定时器获取数据 错误nicker.C <nil>
2016/08/18 18:21:31 [access_token_server.go:119][I] 获取微信accessToken 定时器获取数据nicker.C &{Token:mYUja3NU_l381elhs2tzDM-xvpPiVd-FndokdOPU_CP3xJk731qmgUYUPnWAoWdV_InRZgzCj6VOPp6we-8qS-jFrTXhYb7tBT_607KmfCtWoeUj16d0f-GMhqTG5VJ7GDCeAHAAXW ExpiresIn:7200}
2016/08/18 18:21:31 [access_token_server.go:126][I] 获取数据时间 ExpiresIn  7200
2016/08/18 18:21:31 [access_token_server.go:127][I] 获取数据时，标准时间差  -7198000000000
2016/08/18 18:21:31 [access_token_server.go:135][I] 获取微信accessToken 定时器获取数据AccessTokenServer &{CurrentAccessToken:0xc04226ad80 accessTokenResult:0xc04226ade0 LiveTime:0 Times:2s json:0xc04239dc40}
2016/08/18 18:21:31 [access_token_server.go:137][I] 获取微信accessToken 定时器获取数据AccessTokenServer &{CurrentAccessToken:0xc04226ad80 accessTokenResult:0xc04226ade0 LiveTime:0 Times:2s json:0xc04239dc40}
2016/08/18 18:21:31 [access_token_server.go:100][I] GetAndAccessTokenServer,for 循环
2016/08/18 18:21:32 [access_token_server.go:116][I] 获取微信accessToken 启动定时器时间nicker.C 0xc042344120
2016/08/18 18:21:32 [access_token_server.go:145][I] 链接微信服务器获取accessToken
2016/08/18 18:21:32 [access_token_server.go:153][I] 与微信服务器建立链接
2016/08/18 18:21:33 [access_token_server.go:155][I] 获取微信服务器数据：{"access_token":"mYUja3NU_l381elhs2tzDM-xvpPiVd-FndokdOPU_COEsKvKl5fO-b6zIgqV57b3Qb9JyV6Ytm4McPMDMSRRpRLeGi1l2GFVSOXkp4a0wO0i3jxxtxYFBrhwSWTigUxEOWAeAHAUCG","expires_in":7200}
2016/08/18 18:21:33 [access_token_server.go:163][I] 获取微信服务器数据,r   &{s:{"access_token":"mYUja3NU_l381elhs2tzDM-xvpPiVd-FndokdOPU_COEsKvKl5fO-b6zIgqV57b3Qb9JyV6Ytm4McPMDMSRRpRLeGi1l2GFVSOXkp4a0wO0i3jxxtxYFBrhwSWTigUxEOWAeAHAUCG","expires_in":7200} i:0 prevRune:-1}
2016/08/18 18:21:33 [access_token_server.go:165][I] 获取微信服务器数据,dec   &{r:0xc04241f1c0 buf:[] d:{data:[] off:0 scan:{step:<nil> endTop:false parseState:[] err:<nil> redo:false redoCode:0 redoState:<nil> bytes:0} nextscan:{step:<nil> endTop:false parseState:[] err:<nil> redo:false redoCode:0 redoState:<nil> bytes:0} savedError:<nil> useNumber:false} scanp:0 scan:{step:<nil> endTop:false parseState:[] err:<nil> redo:false redoCode:0 redoState:<nil> bytes:0} err:<nil> tokenState:0 tokenStack:[]}
2016/08/18 18:21:33 [access_token_server.go:169][I] 获取微信服务器数据,解析数据：{Token:mYUja3NU_l381elhs2tzDM-xvpPiVd-FndokdOPU_COEsKvKl5fO-b6zIgqV57b3Qb9JyV6Ytm4McPMDMSRRpRLeGi1l2GFVSOXkp4a0wO0i3jxxtxYFBrhwSWTigUxEOWAeAHAUCG ExpiresIn:7200}
2016/08/18 18:21:33 [access_token_server.go:118][I] 获取微信accessToken 定时器获取数据 错误nicker.C <nil>
2016/08/18 18:21:33 [access_token_server.go:119][I] 获取微信accessToken 定时器获取数据nicker.C &{Token:mYUja3NU_l381elhs2tzDM-xvpPiVd-FndokdOPU_COEsKvKl5fO-b6zIgqV57b3Qb9JyV6Ytm4McPMDMSRRpRLeGi1l2GFVSOXkp4a0wO0i3jxxtxYFBrhwSWTigUxEOWAeAHAUCG ExpiresIn:7200}
2016/08/18 18:21:33 [access_token_server.go:126][I] 获取数据时间 ExpiresIn  7200
2016/08/18 18:21:33 [access_token_server.go:127][I] 获取数据时，标准时间差  -7198000000000
2016/08/18 18:21:33 [access_token_server.go:135][I] 获取微信accessToken 定时器获取数据AccessTokenServer &{CurrentAccessToken:0xc04226ad80 accessTokenResult:0xc04226ade0 LiveTime:0 Times:2s json:0xc04241f1a0}
2016/08/18 18:21:33 [access_token_server.go:137][I] 获取微信accessToken 定时器获取数据AccessTokenServer &{CurrentAccessToken:0xc04226ad80 accessTokenResult:0xc04226ade0 LiveTime:0 Times:2s json:0xc04241f1a0}
2016/08/18 18:21:33 [access_token_server.go:100][I] GetAndAccessTokenServer,for 循环
2016/08/18 18:21:34 [access_token_server.go:116][I] 获取微信accessToken 启动定时器时间nicker.C 0xc042344120
2016/08/18 18:21:34 [access_token_server.go:145][I] 链接微信服务器获取accessToken
2016/08/18 18:21:34 [access_token_server.go:153][I] 与微信服务器建立链接
2016/08/18 18:21:35 [access_token_server.go:155][I] 获取微信服务器数据：{"access_token":"mYUja3NU_l381elhs2tzDM-xvpPiVd-FndokdOPU_CPSv_FV_zJfPvY8ym6oZ09fr39p8D2B9r48EyXr00kQ08bh37okvC6CGH9j7uQxFWMNiahlZskLUYEF9m7VWKTKINDeAHADIY","expires_in":7200}
2016/08/18 18:21:35 [access_token_server.go:163][I] 获取微信服务器数据,r   &{s:{"access_token":"mYUja3NU_l381elhs2tzDM-xvpPiVd-FndokdOPU_CPSv_FV_zJfPvY8ym6oZ09fr39p8D2B9r48EyXr00kQ08bh37okvC6CGH9j7uQxFWMNiahlZskLUYEF9m7VWKTKINDeAHADIY","expires_in":7200} i:0 prevRune:-1}
2016/08/18 18:21:35 [access_token_server.go:165][I] 获取微信服务器数据,dec   &{r:0xc0421cddc0 buf:[] d:{data:[] off:0 scan:{step:<nil> endTop:false parseState:[] err:<nil> redo:false redoCode:0 redoState:<nil> bytes:0} nextscan:{step:<nil> endTop:false parseState:[] err:<nil> redo:false redoCode:0 redoState:<nil> bytes:0} savedError:<nil> useNumber:false} scanp:0 scan:{step:<nil> endTop:false parseState:[] err:<nil> redo:false redoCode:0 redoState:<nil> bytes:0} err:<nil> tokenState:0 tokenStack:[]}
2016/08/18 18:21:35 [access_token_server.go:169][I] 获取微信服务器数据,解析数据：{Token:mYUja3NU_l381elhs2tzDM-xvpPiVd-FndokdOPU_CPSv_FV_zJfPvY8ym6oZ09fr39p8D2B9r48EyXr00kQ08bh37okvC6CGH9j7uQxFWMNiahlZskLUYEF9m7VWKTKINDeAHADIY ExpiresIn:7200}
2016/08/18 18:21:35 [access_token_server.go:118][I] 获取微信accessToken 定时器获取数据 错误nicker.C <nil>
2016/08/18 18:21:35 [access_token_server.go:119][I] 获取微信accessToken 定时器获取数据nicker.C &{Token:mYUja3NU_l381elhs2tzDM-xvpPiVd-FndokdOPU_CPSv_FV_zJfPvY8ym6oZ09fr39p8D2B9r48EyXr00kQ08bh37okvC6CGH9j7uQxFWMNiahlZskLUYEF9m7VWKTKINDeAHADIY ExpiresIn:7200}
2016/08/18 18:21:35 [access_token_server.go:126][I] 获取数据时间 ExpiresIn  7200
2016/08/18 18:21:35 [access_token_server.go:127][I] 获取数据时，标准时间差  -7198000000000
2016/08/18 18:21:35 [access_token_server.go:135][I] 获取微信accessToken 定时器获取数据AccessTokenServer &{CurrentAccessToken:0xc04226ad80 accessTokenResult:0xc04226ade0 LiveTime:0 Times:2s json:0xc0421cdda0}
2016/08/18 18:21:35 [access_token_server.go:137][I] 获取微信accessToken 定时器获取数据AccessTokenServer &{CurrentAccessToken:0xc04226ad80 accessTokenResult:0xc04226ade0 LiveTime:0 Times:2s json:0xc0421cdda0}
2016/08/18 18:21:35 [access_token_server.go:100][I] GetAndAccessTokenServer,for 循环
2016/08/18 18:21:36 [access_token_server.go:116][I] 获取微信accessToken 启动定时器时间nicker.C 0xc042344120
2016/08/18 18:21:36 [access_token_server.go:145][I] 链接微信服务器获取accessToken
2016/08/18 18:21:36 [access_token_server.go:153][I] 与微信服务器建立链接
2016/08/18 18:21:37 [access_token_server.go:155][I] 获取微信服务器数据：{"access_token":"mYUja3NU_l381elhs2tzDM-xvpPiVd-FndokdOPU_CM4cuYwBViVuYI325IjHzEZYX_elFYWr_TT7pTOrtw_Iw3riRgx8SX5Gi69-zmKmtrb3rdnerNG8lNygG5fa9hoRAMeAHAAJV","expires_in":7200}
2016/08/18 18:21:37 [access_token_server.go:163][I] 获取微信服务器数据,r   &{s:{"access_token":"mYUja3NU_l381elhs2tzDM-xvpPiVd-FndokdOPU_CM4cuYwBViVuYI325IjHzEZYX_elFYWr_TT7pTOrtw_Iw3riRgx8SX5Gi69-zmKmtrb3rdnerNG8lNygG5fa9hoRAMeAHAAJV","expires_in":7200} i:0 prevRune:-1}
2016/08/18 18:21:37 [access_token_server.go:165][I] 获取微信服务器数据,dec   &{r:0xc04220f540 buf:[] d:{data:[] off:0 scan:{step:<nil> endTop:false parseState:[] err:<nil> redo:false redoCode:0 redoState:<nil> bytes:0} nextscan:{step:<nil> endTop:false parseState:[] err:<nil> redo:false redoCode:0 redoState:<nil> bytes:0} savedError:<nil> useNumber:false} scanp:0 scan:{step:<nil> endTop:false parseState:[] err:<nil> redo:false redoCode:0 redoState:<nil> bytes:0} err:<nil> tokenState:0 tokenStack:[]}
2016/08/18 18:21:37 [access_token_server.go:169][I] 获取微信服务器数据,解析数据：{Token:mYUja3NU_l381elhs2tzDM-xvpPiVd-FndokdOPU_CM4cuYwBViVuYI325IjHzEZYX_elFYWr_TT7pTOrtw_Iw3riRgx8SX5Gi69-zmKmtrb3rdnerNG8lNygG5fa9hoRAMeAHAAJV ExpiresIn:7200}
2016/08/18 18:21:37 [access_token_server.go:118][I] 获取微信accessToken 定时器获取数据 错误nicker.C <nil>
2016/08/18 18:21:37 [access_token_server.go:119][I] 获取微信accessToken 定时器获取数据nicker.C &{Token:mYUja3NU_l381elhs2tzDM-xvpPiVd-FndokdOPU_CM4cuYwBViVuYI325IjHzEZYX_elFYWr_TT7pTOrtw_Iw3riRgx8SX5Gi69-zmKmtrb3rdnerNG8lNygG5fa9hoRAMeAHAAJV ExpiresIn:7200}
2016/08/18 18:21:37 [access_token_server.go:126][I] 获取数据时间 ExpiresIn  7200
2016/08/18 18:21:37 [access_token_server.go:127][I] 获取数据时，标准时间差  -7198000000000
2016/08/18 18:21:37 [access_token_server.go:135][I] 获取微信accessToken 定时器获取数据AccessTokenServer &{CurrentAccessToken:0xc04226ad80 accessTokenResult:0xc04226ade0 LiveTime:0 Times:2s json:0xc04220f520}
2016/08/18 18:21:37 [access_token_server.go:137][I] 获取微信accessToken 定时器获取数据AccessTokenServer &{CurrentAccessToken:0xc04226ad80 accessTokenResult:0xc04226ade0 LiveTime:0 Times:2s json:0xc04220f520}
2016/08/18 18:21:37 [access_token_server.go:100][I] GetAndAccessTokenServer,for 循环
2016/08/18 18:21:38 [access_token_server.go:116][I] 获取微信accessToken 启动定时器时间nicker.C 0xc042344120
2016/08/18 18:21:38 [access_token_server.go:145][I] 链接微信服务器获取accessToken
2016/08/18 18:21:38 [access_token_server.go:153][I] 与微信服务器建立链接
2016/08/18 18:21:39 [access_token_server.go:155][I] 获取微信服务器数据：{"access_token":"7JHD6t4euiDU-50yGGK4mPawomGtupHB4kbXSnEEm_TbQFSFMYbKGGu_iAQz30urjUuJoxlR2itJ3amu2jKS542FWb5P88iGVkCjoJCaj8IRB1DB4KkIflNqGRTNeuH4RCMiAGAWHR","expires_in":7200}
2016/08/18 18:21:39 [access_token_server.go:163][I] 获取微信服务器数据,r   &{s:{"access_token":"7JHD6t4euiDU-50yGGK4mPawomGtupHB4kbXSnEEm_TbQFSFMYbKGGu_iAQz30urjUuJoxlR2itJ3amu2jKS542FWb5P88iGVkCjoJCaj8IRB1DB4KkIflNqGRTNeuH4RCMiAGAWHR","expires_in":7200} i:0 prevRune:-1}
2016/08/18 18:21:39 [access_token_server.go:165][I] 获取微信服务器数据,dec   &{r:0xc04220f940 buf:[] d:{data:[] off:0 scan:{step:<nil> endTop:false parseState:[] err:<nil> redo:false redoCode:0 redoState:<nil> bytes:0} nextscan:{step:<nil> endTop:false parseState:[] err:<nil> redo:false redoCode:0 redoState:<nil> bytes:0} savedError:<nil> useNumber:false} scanp:0 scan:{step:<nil> endTop:false parseState:[] err:<nil> redo:false redoCode:0 redoState:<nil> bytes:0} err:<nil> tokenState:0 tokenStack:[]}
2016/08/18 18:21:39 [access_token_server.go:169][I] 获取微信服务器数据,解析数据：{Token:7JHD6t4euiDU-50yGGK4mPawomGtupHB4kbXSnEEm_TbQFSFMYbKGGu_iAQz30urjUuJoxlR2itJ3amu2jKS542FWb5P88iGVkCjoJCaj8IRB1DB4KkIflNqGRTNeuH4RCMiAGAWHR ExpiresIn:7200}
2016/08/18 18:21:39 [access_token_server.go:118][I] 获取微信accessToken 定时器获取数据 错误nicker.C <nil>
2016/08/18 18:21:39 [access_token_server.go:119][I] 获取微信accessToken 定时器获取数据nicker.C &{Token:7JHD6t4euiDU-50yGGK4mPawomGtupHB4kbXSnEEm_TbQFSFMYbKGGu_iAQz30urjUuJoxlR2itJ3amu2jKS542FWb5P88iGVkCjoJCaj8IRB1DB4KkIflNqGRTNeuH4RCMiAGAWHR ExpiresIn:7200}
2016/08/18 18:21:39 [access_token_server.go:126][I] 获取数据时间 ExpiresIn  7200
2016/08/18 18:21:39 [access_token_server.go:127][I] 获取数据时，标准时间差  -7198000000000
2016/08/18 18:21:39 [access_token_server.go:135][I] 获取微信accessToken 定时器获取数据AccessTokenServer &{CurrentAccessToken:0xc04226ad80 accessTokenResult:0xc04226ade0 LiveTime:0 Times:2s json:0xc04220f920}
2016/08/18 18:21:39 [access_token_server.go:137][I] 获取微信accessToken 定时器获取数据AccessTokenServer &{CurrentAccessToken:0xc04226ad80 accessTokenResult:0xc04226ade0 LiveTime:0 Times:2s json:0xc04220f920}
2016/08/18 18:21:39 [access_token_server.go:100][I] GetAndAccessTokenServer,for 循环
2016/08/18 18:21:40 [access_token_server.go:116][I] 获取微信accessToken 启动定时器时间nicker.C 0xc042344120
2016/08/18 18:21:40 [access_token_server.go:145][I] 链接微信服务器获取accessToken
2016/08/18 18:21:40 [access_token_server.go:153][I] 与微信服务器建立链接
2016/08/18 18:21:41 [access_token_server.go:155][I] 获取微信服务器数据：{"access_token":"7JHD6t4euiDU-50yGGK4mPawomGtupHB4kbXSnEEm_T0PF8vKbRuYB7DvlftMJk3jzlloaG4mSFjveBZ3_0efmxzbvyzZh4wOjJa8RfUb2dtVCINNpWLbZzLCRZEKUPmICEiAGAPJL","expires_in":7198}
2016/08/18 18:21:41 [access_token_server.go:163][I] 获取微信服务器数据,r   &{s:{"access_token":"7JHD6t4euiDU-50yGGK4mPawomGtupHB4kbXSnEEm_T0PF8vKbRuYB7DvlftMJk3jzlloaG4mSFjveBZ3_0efmxzbvyzZh4wOjJa8RfUb2dtVCINNpWLbZzLCRZEKUPmICEiAGAPJL","expires_in":7198} i:0 prevRune:-1}
2016/08/18 18:21:41 [access_token_server.go:165][I] 获取微信服务器数据,dec   &{r:0xc0421020c0 buf:[] d:{data:[] off:0 scan:{step:<nil> endTop:false parseState:[] err:<nil> redo:false redoCode:0 redoState:<nil> bytes:0} nextscan:{step:<nil> endTop:false parseState:[] err:<nil> redo:false redoCode:0 redoState:<nil> bytes:0} savedError:<nil> useNumber:false} scanp:0 scan:{step:<nil> endTop:false parseState:[] err:<nil> redo:false redoCode:0 redoState:<nil> bytes:0} err:<nil> tokenState:0 tokenStack:[]}
2016/08/18 18:21:41 [access_token_server.go:169][I] 获取微信服务器数据,解析数据：{Token:7JHD6t4euiDU-50yGGK4mPawomGtupHB4kbXSnEEm_T0PF8vKbRuYB7DvlftMJk3jzlloaG4mSFjveBZ3_0efmxzbvyzZh4wOjJa8RfUb2dtVCINNpWLbZzLCRZEKUPmICEiAGAPJL ExpiresIn:7198}
2016/08/18 18:21:41 [access_token_server.go:118][I] 获取微信accessToken 定时器获取数据 错误nicker.C <nil>
2016/08/18 18:21:41 [access_token_server.go:119][I] 获取微信accessToken 定时器获取数据nicker.C &{Token:7JHD6t4euiDU-50yGGK4mPawomGtupHB4kbXSnEEm_T0PF8vKbRuYB7DvlftMJk3jzlloaG4mSFjveBZ3_0efmxzbvyzZh4wOjJa8RfUb2dtVCINNpWLbZzLCRZEKUPmICEiAGAPJL ExpiresIn:7198}
2016/08/18 18:21:41 [access_token_server.go:126][I] 获取数据时间 ExpiresIn  7198
2016/08/18 18:21:41 [access_token_server.go:127][I] 获取数据时，标准时间差  -7196000000000
2016/08/18 18:21:41 [access_token_server.go:135][I] 获取微信accessToken 定时器获取数据AccessTokenServer &{CurrentAccessToken:0xc04226ad80 accessTokenResult:0xc04226ade0 LiveTime:0 Times:2s json:0xc0421020a0}
2016/08/18 18:21:41 [access_token_server.go:137][I] 获取微信accessToken 定时器获取数据AccessTokenServer &{CurrentAccessToken:0xc04226ad80 accessTokenResult:0xc04226ade0 LiveTime:0 Times:2s json:0xc0421020a0}
2016/08/18 18:21:41 [access_token_server.go:100][I] GetAndAccessTokenServer,for 循环
2016/08/18 18:21:42 [access_token_server.go:116][I] 获取微信accessToken 启动定时器时间nicker.C 0xc042344120
2016/08/18 18:21:42 [access_token_server.go:145][I] 链接微信服务器获取accessToken
2016/08/18 18:21:42 [access_token_server.go:153][I] 与微信服务器建立链接
2016/08/18 18:21:43 [access_token_server.go:155][I] 获取微信服务器数据：{"access_token":"7JHD6t4euiDU-50yGGK4mPawomGtupHB4kbXSnEEm_S44Hv6xxwpCZZ-Ae4u0l8erbE77mma92Nzu6UARCUA3Yn3CKkrxW6JbkvV5FcZdK8mz-lcr60tKxv9ghiQSNe-TQRiAGAIFG","expires_in":7196}
2016/08/18 18:21:43 [access_token_server.go:163][I] 获取微信服务器数据,r   &{s:{"access_token":"7JHD6t4euiDU-50yGGK4mPawomGtupHB4kbXSnEEm_S44Hv6xxwpCZZ-Ae4u0l8erbE77mma92Nzu6UARCUA3Yn3CKkrxW6JbkvV5FcZdK8mz-lcr60tKxv9ghiQSNe-TQRiAGAIFG","expires_in":7196} i:0 prevRune:-1}
2016/08/18 18:21:43 [access_token_server.go:165][I] 获取微信服务器数据,dec   &{r:0xc0421024a0 buf:[] d:{data:[] off:0 scan:{step:<nil> endTop:false parseState:[] err:<nil> redo:false redoCode:0 redoState:<nil> bytes:0} nextscan:{step:<nil> endTop:false parseState:[] err:<nil> redo:false redoCode:0 redoState:<nil> bytes:0} savedError:<nil> useNumber:false} scanp:0 scan:{step:<nil> endTop:false parseState:[] err:<nil> redo:false redoCode:0 redoState:<nil> bytes:0} err:<nil> tokenState:0 tokenStack:[]}
2016/08/18 18:21:43 [access_token_server.go:169][I] 获取微信服务器数据,解析数据：{Token:7JHD6t4euiDU-50yGGK4mPawomGtupHB4kbXSnEEm_S44Hv6xxwpCZZ-Ae4u0l8erbE77mma92Nzu6UARCUA3Yn3CKkrxW6JbkvV5FcZdK8mz-lcr60tKxv9ghiQSNe-TQRiAGAIFG ExpiresIn:7196}
2016/08/18 18:21:43 [access_token_server.go:118][I] 获取微信accessToken 定时器获取数据 错误nicker.C <nil>
2016/08/18 18:21:43 [access_token_server.go:119][I] 获取微信accessToken 定时器获取数据nicker.C &{Token:7JHD6t4euiDU-50yGGK4mPawomGtupHB4kbXSnEEm_S44Hv6xxwpCZZ-Ae4u0l8erbE77mma92Nzu6UARCUA3Yn3CKkrxW6JbkvV5FcZdK8mz-lcr60tKxv9ghiQSNe-TQRiAGAIFG ExpiresIn:7196}
2016/08/18 18:21:43 [access_token_server.go:126][I] 获取数据时间 ExpiresIn  7196
2016/08/18 18:21:43 [access_token_server.go:127][I] 获取数据时，标准时间差  -7194000000000
2016/08/18 18:21:43 [access_token_server.go:135][I] 获取微信accessToken 定时器获取数据AccessTokenServer &{CurrentAccessToken:0xc04226ad80 accessTokenResult:0xc04226ade0 LiveTime:0 Times:2s json:0xc042102480}
2016/08/18 18:21:43 [access_token_server.go:137][I] 获取微信accessToken 定时器获取数据AccessTokenServer &{CurrentAccessToken:0xc04226ad80 accessTokenResult:0xc04226ade0 LiveTime:0 Times:2s json:0xc042102480}
2016/08/18 18:21:43 [access_token_server.go:100][I] GetAndAccessTokenServer,for 循环
2016/08/18 18:21:44 [access_token_server.go:116][I] 获取微信accessToken 启动定时器时间nicker.C 0xc042344120
2016/08/18 18:21:44 [access_token_server.go:145][I] 链接微信服务器获取accessToken
2016/08/18 18:21:44 [access_token_server.go:153][I] 与微信服务器建立链接
2016/08/18 18:21:45 [access_token_server.go:155][I] 获取微信服务器数据：{"access_token":"7JHD6t4euiDU-50yGGK4mPawomGtupHB4kbXSnEEm_T-lFwSBbe_t4V2zR1tTZ753pi2S2q9Ucu0QYzUxr2mWC0Pog5jPe1yVvCmiu7vb_zAzMggvtCwMhy-bURQxzVjWNLiAGAOFD","expires_in":7200}
2016/08/18 18:21:45 [access_token_server.go:163][I] 获取微信服务器数据,r   &{s:{"access_token":"7JHD6t4euiDU-50yGGK4mPawomGtupHB4kbXSnEEm_T-lFwSBbe_t4V2zR1tTZ753pi2S2q9Ucu0QYzUxr2mWC0Pog5jPe1yVvCmiu7vb_zAzMggvtCwMhy-bURQxzVjWNLiAGAOFD","expires_in":7200} i:0 prevRune:-1}
2016/08/18 18:21:45 [access_token_server.go:165][I] 获取微信服务器数据,dec   &{r:0xc042434ca0 buf:[] d:{data:[] off:0 scan:{step:<nil> endTop:false parseState:[] err:<nil> redo:false redoCode:0 redoState:<nil> bytes:0} nextscan:{step:<nil> endTop:false parseState:[] err:<nil> redo:false redoCode:0 redoState:<nil> bytes:0} savedError:<nil> useNumber:false} scanp:0 scan:{step:<nil> endTop:false parseState:[] err:<nil> redo:false redoCode:0 redoState:<nil> bytes:0} err:<nil> tokenState:0 tokenStack:[]}
2016/08/18 18:21:45 [access_token_server.go:169][I] 获取微信服务器数据,解析数据：{Token:7JHD6t4euiDU-50yGGK4mPawomGtupHB4kbXSnEEm_T-lFwSBbe_t4V2zR1tTZ753pi2S2q9Ucu0QYzUxr2mWC0Pog5jPe1yVvCmiu7vb_zAzMggvtCwMhy-bURQxzVjWNLiAGAOFD ExpiresIn:7200}
2016/08/18 18:21:45 [access_token_server.go:118][I] 获取微信accessToken 定时器获取数据 错误nicker.C <nil>
2016/08/18 18:21:45 [access_token_server.go:119][I] 获取微信accessToken 定时器获取数据nicker.C &{Token:7JHD6t4euiDU-50yGGK4mPawomGtupHB4kbXSnEEm_T-lFwSBbe_t4V2zR1tTZ753pi2S2q9Ucu0QYzUxr2mWC0Pog5jPe1yVvCmiu7vb_zAzMggvtCwMhy-bURQxzVjWNLiAGAOFD ExpiresIn:7200}
2016/08/18 18:21:45 [access_token_server.go:126][I] 获取数据时间 ExpiresIn  7200
2016/08/18 18:21:45 [access_token_server.go:127][I] 获取数据时，标准时间差  -7198000000000
2016/08/18 18:21:45 [access_token_server.go:135][I] 获取微信accessToken 定时器获取数据AccessTokenServer &{CurrentAccessToken:0xc04226ad80 accessTokenResult:0xc04226ade0 LiveTime:0 Times:2s json:0xc042434c80}
2016/08/18 18:21:45 [access_token_server.go:137][I] 获取微信accessToken 定时器获取数据AccessTokenServer &{CurrentAccessToken:0xc04226ad80 accessTokenResult:0xc04226ade0 LiveTime:0 Times:2s json:0xc042434c80}
2016/08/18 18:21:45 [access_token_server.go:100][I] GetAndAccessTokenServer,for 循环
2016/08/18 18:21:46 [access_token_server.go:116][I] 获取微信accessToken 启动定时器时间nicker.C 0xc042344120
2016/08/18 18:21:46 [access_token_server.go:145][I] 链接微信服务器获取accessToken
2016/08/18 18:21:46 [access_token_server.go:153][I] 与微信服务器建立链接
2016/08/18 18:21:47 [access_token_server.go:155][I] 获取微信服务器数据：{"access_token":"7JHD6t4euiDU-50yGGK4mPawomGtupHB4kbXSnEEm_TaPyOx1qFiKB6HhOxTcwrlb2cZ6YCa_X7ldzW44NyJSvsJeZ-0I14lEq0pTDGdEMHBCw3dgvbfrN8S8316Oq3gSYViAGAHNK","expires_in":7200}
2016/08/18 18:21:47 [access_token_server.go:163][I] 获取微信服务器数据,r   &{s:{"access_token":"7JHD6t4euiDU-50yGGK4mPawomGtupHB4kbXSnEEm_TaPyOx1qFiKB6HhOxTcwrlb2cZ6YCa_X7ldzW44NyJSvsJeZ-0I14lEq0pTDGdEMHBCw3dgvbfrN8S8316Oq3gSYViAGAHNK","expires_in":7200} i:0 prevRune:-1}
2016/08/18 18:21:47 [access_token_server.go:165][I] 获取微信服务器数据,dec   &{r:0xc0424350c0 buf:[] d:{data:[] off:0 scan:{step:<nil> endTop:false parseState:[] err:<nil> redo:false redoCode:0 redoState:<nil> bytes:0} nextscan:{step:<nil> endTop:false parseState:[] err:<nil> redo:false redoCode:0 redoState:<nil> bytes:0} savedError:<nil> useNumber:false} scanp:0 scan:{step:<nil> endTop:false parseState:[] err:<nil> redo:false redoCode:0 redoState:<nil> bytes:0} err:<nil> tokenState:0 tokenStack:[]}
2016/08/18 18:21:47 [access_token_server.go:169][I] 获取微信服务器数据,解析数据：{Token:7JHD6t4euiDU-50yGGK4mPawomGtupHB4kbXSnEEm_TaPyOx1qFiKB6HhOxTcwrlb2cZ6YCa_X7ldzW44NyJSvsJeZ-0I14lEq0pTDGdEMHBCw3dgvbfrN8S8316Oq3gSYViAGAHNK ExpiresIn:7200}
2016/08/18 18:21:47 [access_token_server.go:118][I] 获取微信accessToken 定时器获取数据 错误nicker.C <nil>
2016/08/18 18:21:47 [access_token_server.go:119][I] 获取微信accessToken 定时器获取数据nicker.C &{Token:7JHD6t4euiDU-50yGGK4mPawomGtupHB4kbXSnEEm_TaPyOx1qFiKB6HhOxTcwrlb2cZ6YCa_X7ldzW44NyJSvsJeZ-0I14lEq0pTDGdEMHBCw3dgvbfrN8S8316Oq3gSYViAGAHNK ExpiresIn:7200}
2016/08/18 18:21:47 [access_token_server.go:126][I] 获取数据时间 ExpiresIn  7200
2016/08/18 18:21:47 [access_token_server.go:127][I] 获取数据时，标准时间差  -7198000000000
2016/08/18 18:21:47 [access_token_server.go:135][I] 获取微信accessToken 定时器获取数据AccessTokenServer &{CurrentAccessToken:0xc04226ad80 accessTokenResult:0xc04226ade0 LiveTime:0 Times:2s json:0xc0424350a0}
2016/08/18 18:21:47 [access_token_server.go:137][I] 获取微信accessToken 定时器获取数据AccessTokenServer &{CurrentAccessToken:0xc04226ad80 accessTokenResult:0xc04226ade0 LiveTime:0 Times:2s json:0xc0424350a0}
2016/08/18 18:21:47 [access_token_server.go:100][I] GetAndAccessTokenServer,for 循环
2016/08/18 18:21:48 [access_token_server.go:116][I] 获取微信accessToken 启动定时器时间nicker.C 0xc042344120
2016/08/18 18:21:48 [access_token_server.go:145][I] 链接微信服务器获取accessToken
2016/08/18 18:21:48 [access_token_server.go:153][I] 与微信服务器建立链接
2016/08/18 18:21:49 [access_token_server.go:155][I] 获取微信服务器数据：{"access_token":"7JHD6t4euiDU-50yGGK4mPawomGtupHB4kbXSnEEm_R5ORV1BvIOdNFcJlDbw5MMpbkNWQXjqOnH-9giKZhSfap_p6fXbTfjPuKernMaH-1uH-z5-hSvGBkFCJvSIgTpUYViAGAKOL","expires_in":7200}
2016/08/18 18:21:49 [access_token_server.go:163][I] 获取微信服务器数据,r   &{s:{"access_token":"7JHD6t4euiDU-50yGGK4mPawomGtupHB4kbXSnEEm_R5ORV1BvIOdNFcJlDbw5MMpbkNWQXjqOnH-9giKZhSfap_p6fXbTfjPuKernMaH-1uH-z5-hSvGBkFCJvSIgTpUYViAGAKOL","expires_in":7200} i:0 prevRune:-1}
2016/08/18 18:21:49 [access_token_server.go:165][I] 获取微信服务器数据,dec   &{r:0xc042257420 buf:[] d:{data:[] off:0 scan:{step:<nil> endTop:false parseState:[] err:<nil> redo:false redoCode:0 redoState:<nil> bytes:0} nextscan:{step:<nil> endTop:false parseState:[] err:<nil> redo:false redoCode:0 redoState:<nil> bytes:0} savedError:<nil> useNumber:false} scanp:0 scan:{step:<nil> endTop:false parseState:[] err:<nil> redo:false redoCode:0 redoState:<nil> bytes:0} err:<nil> tokenState:0 tokenStack:[]}
2016/08/18 18:21:49 [access_token_server.go:169][I] 获取微信服务器数据,解析数据：{Token:7JHD6t4euiDU-50yGGK4mPawomGtupHB4kbXSnEEm_R5ORV1BvIOdNFcJlDbw5MMpbkNWQXjqOnH-9giKZhSfap_p6fXbTfjPuKernMaH-1uH-z5-hSvGBkFCJvSIgTpUYViAGAKOL ExpiresIn:7200}
2016/08/18 18:21:49 [access_token_server.go:118][I] 获取微信accessToken 定时器获取数据 错误nicker.C <nil>
2016/08/18 18:21:49 [access_token_server.go:119][I] 获取微信accessToken 定时器获取数据nicker.C &{Token:7JHD6t4euiDU-50yGGK4mPawomGtupHB4kbXSnEEm_R5ORV1BvIOdNFcJlDbw5MMpbkNWQXjqOnH-9giKZhSfap_p6fXbTfjPuKernMaH-1uH-z5-hSvGBkFCJvSIgTpUYViAGAKOL ExpiresIn:7200}
2016/08/18 18:21:49 [access_token_server.go:126][I] 获取数据时间 ExpiresIn  7200
2016/08/18 18:21:49 [access_token_server.go:127][I] 获取数据时，标准时间差  -7198000000000
2016/08/18 18:21:49 [access_token_server.go:135][I] 获取微信accessToken 定时器获取数据AccessTokenServer &{CurrentAccessToken:0xc04226ad80 accessTokenResult:0xc04226ade0 LiveTime:0 Times:2s json:0xc042257400}
2016/08/18 18:21:49 [access_token_server.go:137][I] 获取微信accessToken 定时器获取数据AccessTokenServer &{CurrentAccessToken:0xc04226ad80 accessTokenResult:0xc04226ade0 LiveTime:0 Times:2s json:0xc042257400}
2016/08/18 18:21:49 [access_token_server.go:100][I] GetAndAccessTokenServer,for 循环
2016/08/18 18:21:50 [access_token_server.go:116][I] 获取微信accessToken 启动定时器时间nicker.C 0xc042344120
2016/08/18 18:21:50 [access_token_server.go:145][I] 链接微信服务器获取accessToken
2016/08/18 18:21:50 [access_token_server.go:153][I] 与微信服务器建立链接
2016/08/18 18:21:51 [access_token_server.go:155][I] 获取微信服务器数据：{"access_token":"7JHD6t4euiDU-50yGGK4mPawomGtupHB4kbXSnEEm_TLzVta0Ra8uTk_x1Z7YAO8RF0EphwHVjqx_cx76UFMdKsYvlaKgVceapJdb5-oN904cHbEutMCFy-CTkfepYLDAIZiAGANVM","expires_in":7200}
2016/08/18 18:21:51 [access_token_server.go:163][I] 获取微信服务器数据,r   &{s:{"access_token":"7JHD6t4euiDU-50yGGK4mPawomGtupHB4kbXSnEEm_TLzVta0Ra8uTk_x1Z7YAO8RF0EphwHVjqx_cx76UFMdKsYvlaKgVceapJdb5-oN904cHbEutMCFy-CTkfepYLDAIZiAGANVM","expires_in":7200} i:0 prevRune:-1}
2016/08/18 18:21:51 [access_token_server.go:165][I] 获取微信服务器数据,dec   &{r:0xc0421362e0 buf:[] d:{data:[] off:0 scan:{step:<nil> endTop:false parseState:[] err:<nil> redo:false redoCode:0 redoState:<nil> bytes:0} nextscan:{step:<nil> endTop:false parseState:[] err:<nil> redo:false redoCode:0 redoState:<nil> bytes:0} savedError:<nil> useNumber:false} scanp:0 scan:{step:<nil> endTop:false parseState:[] err:<nil> redo:false redoCode:0 redoState:<nil> bytes:0} err:<nil> tokenState:0 tokenStack:[]}
2016/08/18 18:21:51 [access_token_server.go:169][I] 获取微信服务器数据,解析数据：{Token:7JHD6t4euiDU-50yGGK4mPawomGtupHB4kbXSnEEm_TLzVta0Ra8uTk_x1Z7YAO8RF0EphwHVjqx_cx76UFMdKsYvlaKgVceapJdb5-oN904cHbEutMCFy-CTkfepYLDAIZiAGANVM ExpiresIn:7200}
2016/08/18 18:21:51 [access_token_server.go:118][I] 获取微信accessToken 定时器获取数据 错误nicker.C <nil>
2016/08/18 18:21:51 [access_token_server.go:119][I] 获取微信accessToken 定时器获取数据nicker.C &{Token:7JHD6t4euiDU-50yGGK4mPawomGtupHB4kbXSnEEm_TLzVta0Ra8uTk_x1Z7YAO8RF0EphwHVjqx_cx76UFMdKsYvlaKgVceapJdb5-oN904cHbEutMCFy-CTkfepYLDAIZiAGANVM ExpiresIn:7200}
2016/08/18 18:21:51 [access_token_server.go:126][I] 获取数据时间 ExpiresIn  7200
2016/08/18 18:21:51 [access_token_server.go:127][I] 获取数据时，标准时间差  -7198000000000
2016/08/18 18:21:51 [access_token_server.go:135][I] 获取微信accessToken 定时器获取数据AccessTokenServer &{CurrentAccessToken:0xc04226ad80 accessTokenResult:0xc04226ade0 LiveTime:0 Times:2s json:0xc0421362c0}
2016/08/18 18:21:51 [access_token_server.go:137][I] 获取微信accessToken 定时器获取数据AccessTokenServer &{CurrentAccessToken:0xc04226ad80 accessTokenResult:0xc04226ade0 LiveTime:0 Times:2s json:0xc0421362c0}
2016/08/18 18:21:51 [access_token_server.go:100][I] GetAndAccessTokenServer,for 循环
2016/08/18 18:21:52 [access_token_server.go:116][I] 获取微信accessToken 启动定时器时间nicker.C 0xc042344120
2016/08/18 18:21:52 [access_token_server.go:145][I] 链接微信服务器获取accessToken
2016/08/18 18:21:52 [access_token_server.go:153][I] 与微信服务器建立链接
2016/08/18 18:21:53 [access_token_server.go:155][I] 获取微信服务器数据：{"access_token":"7JHD6t4euiDU-50yGGK4mPawomGtupHB4kbXSnEEm_QNm2Vwu7VMDMw93kofeW-RfCERXI3FBQcPK7pCDyFkDM54r8BfUuK3mfTmROUQ9UEu5VK6zvKvNFnub8VIUTNtIORiAGASYB","expires_in":7200}
2016/08/18 18:21:53 [access_token_server.go:163][I] 获取微信服务器数据,r   &{s:{"access_token":"7JHD6t4euiDU-50yGGK4mPawomGtupHB4kbXSnEEm_QNm2Vwu7VMDMw93kofeW-RfCERXI3FBQcPK7pCDyFkDM54r8BfUuK3mfTmROUQ9UEu5VK6zvKvNFnub8VIUTNtIORiAGASYB","expires_in":7200} i:0 prevRune:-1}
2016/08/18 18:21:53 [access_token_server.go:165][I] 获取微信服务器数据,dec   &{r:0xc04220d0e0 buf:[] d:{data:[] off:0 scan:{step:<nil> endTop:false parseState:[] err:<nil> redo:false redoCode:0 redoState:<nil> bytes:0} nextscan:{step:<nil> endTop:false parseState:[] err:<nil> redo:false redoCode:0 redoState:<nil> bytes:0} savedError:<nil> useNumber:false} scanp:0 scan:{step:<nil> endTop:false parseState:[] err:<nil> redo:false redoCode:0 redoState:<nil> bytes:0} err:<nil> tokenState:0 tokenStack:[]}
2016/08/18 18:21:53 [access_token_server.go:169][I] 获取微信服务器数据,解析数据：{Token:7JHD6t4euiDU-50yGGK4mPawomGtupHB4kbXSnEEm_QNm2Vwu7VMDMw93kofeW-RfCERXI3FBQcPK7pCDyFkDM54r8BfUuK3mfTmROUQ9UEu5VK6zvKvNFnub8VIUTNtIORiAGASYB ExpiresIn:7200}
2016/08/18 18:21:53 [access_token_server.go:118][I] 获取微信accessToken 定时器获取数据 错误nicker.C <nil>
2016/08/18 18:21:53 [access_token_server.go:119][I] 获取微信accessToken 定时器获取数据nicker.C &{Token:7JHD6t4euiDU-50yGGK4mPawomGtupHB4kbXSnEEm_QNm2Vwu7VMDMw93kofeW-RfCERXI3FBQcPK7pCDyFkDM54r8BfUuK3mfTmROUQ9UEu5VK6zvKvNFnub8VIUTNtIORiAGASYB ExpiresIn:7200}
2016/08/18 18:21:53 [access_token_server.go:126][I] 获取数据时间 ExpiresIn  7200
2016/08/18 18:21:53 [access_token_server.go:127][I] 获取数据时，标准时间差  -7198000000000
2016/08/18 18:21:53 [access_token_server.go:135][I] 获取微信accessToken 定时器获取数据AccessTokenServer &{CurrentAccessToken:0xc04226ad80 accessTokenResult:0xc04226ade0 LiveTime:0 Times:2s json:0xc04220d0c0}
2016/08/18 18:21:53 [access_token_server.go:137][I] 获取微信accessToken 定时器获取数据AccessTokenServer &{CurrentAccessToken:0xc04226ad80 accessTokenResult:0xc04226ade0 LiveTime:0 Times:2s json:0xc04220d0c0}
2016/08/18 18:21:53 [access_token_server.go:100][I] GetAndAccessTokenServer,for 循环
2016/08/18 18:21:54 [access_token_server.go:116][I] 获取微信accessToken 启动定时器时间nicker.C 0xc042344120
2016/08/18 18:21:54 [access_token_server.go:145][I] 链接微信服务器获取accessToken
2016/08/18 18:21:54 [access_token_server.go:153][I] 与微信服务器建立链接
2016/08/18 18:21:55 [access_token_server.go:155][I] 获取微信服务器数据：{"access_token":"7JHD6t4euiDU-50yGGK4mPawomGtupHB4kbXSnEEm_RepcRobeAsD3sToj8_8Gmw63EH0VfJKlfA29-tkvxtqbdHNXzKc5g26qjhk5Lh06556l1i1x4h-nmxOR8R1r3gFYGiAGAIBJ","expires_in":7200}
2016/08/18 18:21:55 [access_token_server.go:163][I] 获取微信服务器数据,r   &{s:{"access_token":"7JHD6t4euiDU-50yGGK4mPawomGtupHB4kbXSnEEm_RepcRobeAsD3sToj8_8Gmw63EH0VfJKlfA29-tkvxtqbdHNXzKc5g26qjhk5Lh06556l1i1x4h-nmxOR8R1r3gFYGiAGAIBJ","expires_in":7200} i:0 prevRune:-1}
2016/08/18 18:21:55 [access_token_server.go:165][I] 获取微信服务器数据,dec   &{r:0xc04218fe20 buf:[] d:{data:[] off:0 scan:{step:<nil> endTop:false parseState:[] err:<nil> redo:false redoCode:0 redoState:<nil> bytes:0} nextscan:{step:<nil> endTop:false parseState:[] err:<nil> redo:false redoCode:0 redoState:<nil> bytes:0} savedError:<nil> useNumber:false} scanp:0 scan:{step:<nil> endTop:false parseState:[] err:<nil> redo:false redoCode:0 redoState:<nil> bytes:0} err:<nil> tokenState:0 tokenStack:[]}
2016/08/18 18:21:55 [access_token_server.go:169][I] 获取微信服务器数据,解析数据：{Token:7JHD6t4euiDU-50yGGK4mPawomGtupHB4kbXSnEEm_RepcRobeAsD3sToj8_8Gmw63EH0VfJKlfA29-tkvxtqbdHNXzKc5g26qjhk5Lh06556l1i1x4h-nmxOR8R1r3gFYGiAGAIBJ ExpiresIn:7200}
2016/08/18 18:21:55 [access_token_server.go:118][I] 获取微信accessToken 定时器获取数据 错误nicker.C <nil>
2016/08/18 18:21:55 [access_token_server.go:119][I] 获取微信accessToken 定时器获取数据nicker.C &{Token:7JHD6t4euiDU-50yGGK4mPawomGtupHB4kbXSnEEm_RepcRobeAsD3sToj8_8Gmw63EH0VfJKlfA29-tkvxtqbdHNXzKc5g26qjhk5Lh06556l1i1x4h-nmxOR8R1r3gFYGiAGAIBJ ExpiresIn:7200}
2016/08/18 18:21:55 [access_token_server.go:126][I] 获取数据时间 ExpiresIn  7200
2016/08/18 18:21:55 [access_token_server.go:127][I] 获取数据时，标准时间差  -7198000000000
2016/08/18 18:21:55 [access_token_server.go:135][I] 获取微信accessToken 定时器获取数据AccessTokenServer &{CurrentAccessToken:0xc04226ad80 accessTokenResult:0xc04226ade0 LiveTime:0 Times:2s json:0xc04218fe00}
2016/08/18 18:21:55 [access_token_server.go:137][I] 获取微信accessToken 定时器获取数据AccessTokenServer &{CurrentAccessToken:0xc04226ad80 accessTokenResult:0xc04226ade0 LiveTime:0 Times:2s json:0xc04218fe00}
2016/08/18 18:21:55 [access_token_server.go:100][I] GetAndAccessTokenServer,for 循环
2016/08/18 18:21:56 [access_token_server.go:116][I] 获取微信accessToken 启动定时器时间nicker.C 0xc042344120
2016/08/18 18:21:56 [access_token_server.go:145][I] 链接微信服务器获取accessToken
2016/08/18 18:21:56 [access_token_server.go:153][I] 与微信服务器建立链接
2016/08/18 18:21:57 [access_token_server.go:155][I] 获取微信服务器数据：{"access_token":"7JHD6t4euiDU-50yGGK4mPawomGtupHB4kbXSnEEm_TbDMid__z08IYZLvM2zn9ob0nTmsAJjJ9NusWl1-TirGb8_lLybDpzldTVWQcKxYS17mBOQyiAHyfM9pgjvqARKFOiAGAOJS","expires_in":7200}
2016/08/18 18:21:57 [access_token_server.go:163][I] 获取微信服务器数据,r   &{s:{"access_token":"7JHD6t4euiDU-50yGGK4mPawomGtupHB4kbXSnEEm_TbDMid__z08IYZLvM2zn9ob0nTmsAJjJ9NusWl1-TirGb8_lLybDpzldTVWQcKxYS17mBOQyiAHyfM9pgjvqARKFOiAGAOJS","expires_in":7200} i:0 prevRune:-1}
2016/08/18 18:21:57 [access_token_server.go:165][I] 获取微信服务器数据,dec   &{r:0xc0420ef1a0 buf:[] d:{data:[] off:0 scan:{step:<nil> endTop:false parseState:[] err:<nil> redo:false redoCode:0 redoState:<nil> bytes:0} nextscan:{step:<nil> endTop:false parseState:[] err:<nil> redo:false redoCode:0 redoState:<nil> bytes:0} savedError:<nil> useNumber:false} scanp:0 scan:{step:<nil> endTop:false parseState:[] err:<nil> redo:false redoCode:0 redoState:<nil> bytes:0} err:<nil> tokenState:0 tokenStack:[]}
2016/08/18 18:21:57 [access_token_server.go:169][I] 获取微信服务器数据,解析数据：{Token:7JHD6t4euiDU-50yGGK4mPawomGtupHB4kbXSnEEm_TbDMid__z08IYZLvM2zn9ob0nTmsAJjJ9NusWl1-TirGb8_lLybDpzldTVWQcKxYS17mBOQyiAHyfM9pgjvqARKFOiAGAOJS ExpiresIn:7200}
2016/08/18 18:21:57 [access_token_server.go:118][I] 获取微信accessToken 定时器获取数据 错误nicker.C <nil>
2016/08/18 18:21:57 [access_token_server.go:119][I] 获取微信accessToken 定时器获取数据nicker.C &{Token:7JHD6t4euiDU-50yGGK4mPawomGtupHB4kbXSnEEm_TbDMid__z08IYZLvM2zn9ob0nTmsAJjJ9NusWl1-TirGb8_lLybDpzldTVWQcKxYS17mBOQyiAHyfM9pgjvqARKFOiAGAOJS ExpiresIn:7200}
2016/08/18 18:21:57 [access_token_server.go:126][I] 获取数据时间 ExpiresIn  7200
2016/08/18 18:21:57 [access_token_server.go:127][I] 获取数据时，标准时间差  -7198000000000
2016/08/18 18:21:57 [access_token_server.go:135][I] 获取微信accessToken 定时器获取数据AccessTokenServer &{CurrentAccessToken:0xc04226ad80 accessTokenResult:0xc04226ade0 LiveTime:0 Times:2s json:0xc0420ef180}
2016/08/18 18:21:57 [access_token_server.go:137][I] 获取微信accessToken 定时器获取数据AccessTokenServer &{CurrentAccessToken:0xc04226ad80 accessTokenResult:0xc04226ade0 LiveTime:0 Times:2s json:0xc0420ef180}
2016/08/18 18:21:57 [access_token_server.go:100][I] GetAndAccessTokenServer,for 循环
2016/08/18 18:21:58 [access_token_server.go:40][I] 获取accessToken的配置
2016/08/18 18:21:58 [access_token_server.go:45][I] 获取accessToken的配置==============start===================
2016/08/18 18:21:58 [utils.go:48][I] key is access_token_url||value is https://api.weixin.qq.com/cgi-bin/token
2016/08/18 18:21:58 [utils.go:48][I] key is appID||value is wx1dc762cdfeb4ed66
2016/08/18 18:21:58 [utils.go:48][I] key is appsecret||value is a72c8ccb896f3f7ddaf45f5318035bde
2016/08/18 18:21:58 [utils.go:48][I] key is grant_type||value is client_credential
2016/08/18 18:21:58 [access_token_server.go:47][I] accessToken 配置文件信息：&{url:https://api.weixin.qq.com/cgi-bin/token aPPID:wx1dc762cdfeb4ed66 appsecret:a72c8ccb896f3f7ddaf45f5318035bde grantType:client_credential accessTokenURL:https://api.weixin.qq.com/cgi-bin/token?grant_type=client_credential&&appid=wx1dc762cdfeb4ed66&secret=a72c8ccb896f3f7ddaf45f5318035bde}
2016/08/18 18:21:58 [access_token_server.go:48][I] 获取accessToken的配置==============end===================
2016/08/18 18:21:58 [access_token_server.go:42][I] 获取accessToken的配置 &{url:https://api.weixin.qq.com/cgi-bin/token aPPID:wx1dc762cdfeb4ed66 appsecret:a72c8ccb896f3f7ddaf45f5318035bde grantType:client_credential accessTokenURL:https://api.weixin.qq.com/cgi-bin/token?grant_type=client_credential&&appid=wx1dc762cdfeb4ed66&secret=a72c8ccb896f3f7ddaf45f5318035bde}
2016/08/18 18:22:51 [WxController.go:51][I] 接受微信服务器参数：/test
2016/08/18 18:22:51 [WxController.go:52][I] test 数据
2016/08/18 18:22:51 [access_token_server.go:87][I] accessToken 获取，数据结构初始化：&{CurrentAccessToken:0xc04226ad80 accessTokenResult:0xc04226ade0 LiveTime:0 Times:2h0m0s json:<nil>}
2016/08/18 18:22:51 [access_token_server.go:88][I] accessToken 启动定时器，进行请求accessToken
2016/08/18 18:22:51 [WxController.go:55][I] test 数据 &{CurrentAccessToken:0xc04226ad80 accessTokenResult:0xc04226ade0 LiveTime:0 Times:2h0m0s json:<nil>}
2016/08/18 18:22:51 [access_token_server.go:184][I] 获取accessToken Token()
2016/08/18 18:22:51 [access_token_server.go:196][I] 获取accessToken RefreshToken()  
2016/08/18 18:22:51 [access_token_server.go:96][I] GetAndAccessTokenServer创建定时器，进行请求accessToken
2016/08/18 18:22:51 [access_token_server.go:100][I] GetAndAccessTokenServer,for 循环
2016/08/18 18:22:51 [access_token_server.go:104][I] 当前CurrentAccessToken:
2016/08/18 18:22:51 [access_token_server.go:145][I] 链接微信服务器获取accessToken
2016/08/18 18:22:51 [access_token_server.go:153][I] 与微信服务器建立链接
2016/08/18 18:22:51 [access_token_server.go:155][I] 获取微信服务器数据：{"access_token":"0xb-EbWyok8tQgfLH0pg_0DKXGYKhn0hGVX-EHIJa3gmJawsHXtXCMyZQQhbZuXMLNu20byqUlnQY9G4a6DtAtJS-RtG7CtaFiJGAAo_GePIRUVn_zgXvIBRlQNaD8_qHKKhAHAORR","expires_in":7200}
2016/08/18 18:22:51 [access_token_server.go:163][I] 获取微信服务器数据,r   &{s:{"access_token":"0xb-EbWyok8tQgfLH0pg_0DKXGYKhn0hGVX-EHIJa3gmJawsHXtXCMyZQQhbZuXMLNu20byqUlnQY9G4a6DtAtJS-RtG7CtaFiJGAAo_GePIRUVn_zgXvIBRlQNaD8_qHKKhAHAORR","expires_in":7200} i:0 prevRune:-1}
2016/08/18 18:22:51 [access_token_server.go:165][I] 获取微信服务器数据,dec   &{r:0xc04246c060 buf:[] d:{data:[] off:0 scan:{step:<nil> endTop:false parseState:[] err:<nil> redo:false redoCode:0 redoState:<nil> bytes:0} nextscan:{step:<nil> endTop:false parseState:[] err:<nil> redo:false redoCode:0 redoState:<nil> bytes:0} savedError:<nil> useNumber:false} scanp:0 scan:{step:<nil> endTop:false parseState:[] err:<nil> redo:false redoCode:0 redoState:<nil> bytes:0} err:<nil> tokenState:0 tokenStack:[]}
2016/08/18 18:22:51 [access_token_server.go:169][I] 获取微信服务器数据,解析数据：{Token:0xb-EbWyok8tQgfLH0pg_0DKXGYKhn0hGVX-EHIJa3gmJawsHXtXCMyZQQhbZuXMLNu20byqUlnQY9G4a6DtAtJS-RtG7CtaFiJGAAo_GePIRUVn_zgXvIBRlQNaD8_qHKKhAHAORR ExpiresIn:7200}
2016/08/18 18:22:51 [access_token_server.go:106][I] 已经请求微信服务器获取accessToken:&{Token:0xb-EbWyok8tQgfLH0pg_0DKXGYKhn0hGVX-EHIJa3gmJawsHXtXCMyZQQhbZuXMLNu20byqUlnQY9G4a6DtAtJS-RtG7CtaFiJGAAo_GePIRUVn_zgXvIBRlQNaD8_qHKKhAHAORR ExpiresIn:7200}
2016/08/18 18:22:51 [access_token_server.go:114][I] 获取微信accessToken &{CurrentAccessToken:0xc04226ad80 accessTokenResult:0xc04226ade0 LiveTime:0 Times:2h0m0s json:0xc04246c040}
2016/08/18 18:22:51 [access_token_server.go:100][I] GetAndAccessTokenServer,for 循环
2016/08/18 18:22:51 [access_token_server.go:199][I] 获取accessToken RefreshToken()  {accessTokenStrNew:0xb-EbWyok8tQgfLH0pg_0DKXGYKhn0hGVX-EHIJa3gmJawsHXtXCMyZQQhbZuXMLNu20byqUlnQY9G4a6DtAtJS-RtG7CtaFiJGAAo_GePIRUVn_zgXvIBRlQNaD8_qHKKhAHAORR err:<nil>}
2016/08/18 18:22:51 [access_token_server.go:190][I] 获取accessToken Token()  0xb-EbWyok8tQgfLH0pg_0DKXGYKhn0hGVX-EHIJa3gmJawsHXtXCMyZQQhbZuXMLNu20byqUlnQY9G4a6DtAtJS-RtG7CtaFiJGAAo_GePIRUVn_zgXvIBRlQNaD8_qHKKhAHAORR
2016/08/18 18:23:54 [access_token_server.go:40][I] 获取accessToken的配置
2016/08/18 18:23:54 [access_token_server.go:45][I] 获取accessToken的配置==============start===================
2016/08/18 18:23:54 [utils.go:48][I] key is access_token_url||value is https://api.weixin.qq.com/cgi-bin/token
2016/08/18 18:23:54 [utils.go:48][I] key is appID||value is wx1dc762cdfeb4ed66
2016/08/18 18:23:54 [utils.go:48][I] key is appsecret||value is a72c8ccb896f3f7ddaf45f5318035bde
2016/08/18 18:23:54 [utils.go:48][I] key is grant_type||value is client_credential
2016/08/18 18:23:54 [access_token_server.go:47][I] accessToken 配置文件信息：&{url:https://api.weixin.qq.com/cgi-bin/token aPPID:wx1dc762cdfeb4ed66 appsecret:a72c8ccb896f3f7ddaf45f5318035bde grantType:client_credential accessTokenURL:https://api.weixin.qq.com/cgi-bin/token?grant_type=client_credential&&appid=wx1dc762cdfeb4ed66&secret=a72c8ccb896f3f7ddaf45f5318035bde}
2016/08/18 18:23:54 [access_token_server.go:48][I] 获取accessToken的配置==============end===================
2016/08/18 18:23:54 [access_token_server.go:42][I] 获取accessToken的配置 &{url:https://api.weixin.qq.com/cgi-bin/token aPPID:wx1dc762cdfeb4ed66 appsecret:a72c8ccb896f3f7ddaf45f5318035bde grantType:client_credential accessTokenURL:https://api.weixin.qq.com/cgi-bin/token?grant_type=client_credential&&appid=wx1dc762cdfeb4ed66&secret=a72c8ccb896f3f7ddaf45f5318035bde}
2016/08/18 18:24:02 [WxController.go:51][I] 接受微信服务器参数：/test
2016/08/18 18:24:02 [WxController.go:52][I] test 数据
2016/08/18 18:24:02 [access_token_server.go:87][I] accessToken 获取，数据结构初始化：&{CurrentAccessToken:0xc042354240 accessTokenResult:0xc0423542a0 LiveTime:0 Times:2h0m0s json:<nil>}
2016/08/18 18:24:02 [access_token_server.go:88][I] accessToken 启动定时器，进行请求accessToken
2016/08/18 18:24:02 [WxController.go:55][I] test 数据===================== &{CurrentAccessToken:0xc042354240 accessTokenResult:0xc0423542a0 LiveTime:0 Times:2h0m0s json:<nil>}
2016/08/18 18:24:02 [access_token_server.go:184][I] 获取accessToken Token()
2016/08/18 18:24:02 [access_token_server.go:196][I] 获取accessToken RefreshToken()  
2016/08/18 18:24:02 [access_token_server.go:96][I] GetAndAccessTokenServer创建定时器，进行请求accessToken
2016/08/18 18:24:02 [access_token_server.go:100][I] GetAndAccessTokenServer,for 循环
2016/08/18 18:24:02 [access_token_server.go:104][I] 当前CurrentAccessToken:
2016/08/18 18:24:02 [access_token_server.go:145][I] 链接微信服务器获取accessToken
2016/08/18 18:24:02 [access_token_server.go:153][I] 与微信服务器建立链接
2016/08/18 18:24:03 [access_token_server.go:155][I] 获取微信服务器数据：{"access_token":"DykABYOJ6HpXB9lRr3jhUQFHO_aAujyxq_6rQl20D7NXtFPskElC7vAdpLDGgsKAFTcnZyPfKi1LMuJR1Y_izXLPeboJ6e8PXRqU2DFE_fV0L3oRV5dEQAS89eS5tzIJYGHjABASAB","expires_in":7200}
2016/08/18 18:24:03 [access_token_server.go:163][I] 获取微信服务器数据,r   &{s:{"access_token":"DykABYOJ6HpXB9lRr3jhUQFHO_aAujyxq_6rQl20D7NXtFPskElC7vAdpLDGgsKAFTcnZyPfKi1LMuJR1Y_izXLPeboJ6e8PXRqU2DFE_fV0L3oRV5dEQAS89eS5tzIJYGHjABASAB","expires_in":7200} i:0 prevRune:-1}
2016/08/18 18:24:03 [access_token_server.go:165][I] 获取微信服务器数据,dec   &{r:0xc0423aa0a0 buf:[] d:{data:[] off:0 scan:{step:<nil> endTop:false parseState:[] err:<nil> redo:false redoCode:0 redoState:<nil> bytes:0} nextscan:{step:<nil> endTop:false parseState:[] err:<nil> redo:false redoCode:0 redoState:<nil> bytes:0} savedError:<nil> useNumber:false} scanp:0 scan:{step:<nil> endTop:false parseState:[] err:<nil> redo:false redoCode:0 redoState:<nil> bytes:0} err:<nil> tokenState:0 tokenStack:[]}
2016/08/18 18:24:03 [access_token_server.go:169][I] 获取微信服务器数据,解析数据：{Token:DykABYOJ6HpXB9lRr3jhUQFHO_aAujyxq_6rQl20D7NXtFPskElC7vAdpLDGgsKAFTcnZyPfKi1LMuJR1Y_izXLPeboJ6e8PXRqU2DFE_fV0L3oRV5dEQAS89eS5tzIJYGHjABASAB ExpiresIn:7200}
2016/08/18 18:24:03 [access_token_server.go:106][I] 已经请求微信服务器获取accessToken:&{Token:DykABYOJ6HpXB9lRr3jhUQFHO_aAujyxq_6rQl20D7NXtFPskElC7vAdpLDGgsKAFTcnZyPfKi1LMuJR1Y_izXLPeboJ6e8PXRqU2DFE_fV0L3oRV5dEQAS89eS5tzIJYGHjABASAB ExpiresIn:7200}
2016/08/18 18:24:03 [access_token_server.go:114][I] 获取微信accessToken &{CurrentAccessToken:0xc042354240 accessTokenResult:0xc0423542a0 LiveTime:0 Times:2h0m0s json:0xc0423aa080}
2016/08/18 18:24:03 [access_token_server.go:100][I] GetAndAccessTokenServer,for 循环
2016/08/18 18:24:03 [access_token_server.go:199][I] 获取accessToken RefreshToken()  {accessTokenStrNew:DykABYOJ6HpXB9lRr3jhUQFHO_aAujyxq_6rQl20D7NXtFPskElC7vAdpLDGgsKAFTcnZyPfKi1LMuJR1Y_izXLPeboJ6e8PXRqU2DFE_fV0L3oRV5dEQAS89eS5tzIJYGHjABASAB err:<nil>}
2016/08/18 18:24:03 [access_token_server.go:190][I] 获取accessToken Token()  DykABYOJ6HpXB9lRr3jhUQFHO_aAujyxq_6rQl20D7NXtFPskElC7vAdpLDGgsKAFTcnZyPfKi1LMuJR1Y_izXLPeboJ6e8PXRqU2DFE_fV0L3oRV5dEQAS89eS5tzIJYGHjABASAB
2016/08/18 18:29:03 [access_token_server.go:40][I] 获取accessToken的配置
2016/08/18 18:29:03 [access_token_server.go:45][I] 获取accessToken的配置==============start===================
2016/08/18 18:29:03 [utils.go:48][I] key is access_token_url||value is https://api.weixin.qq.com/cgi-bin/token
2016/08/18 18:29:03 [utils.go:48][I] key is appID||value is wx1dc762cdfeb4ed66
2016/08/18 18:29:03 [utils.go:48][I] key is appsecret||value is a72c8ccb896f3f7ddaf45f5318035bde
2016/08/18 18:29:03 [utils.go:48][I] key is grant_type||value is client_credential
2016/08/18 18:29:03 [access_token_server.go:47][I] accessToken 配置文件信息：&{url:https://api.weixin.qq.com/cgi-bin/token aPPID:wx1dc762cdfeb4ed66 appsecret:a72c8ccb896f3f7ddaf45f5318035bde grantType:client_credential accessTokenURL:https://api.weixin.qq.com/cgi-bin/token?grant_type=client_credential&&appid=wx1dc762cdfeb4ed66&secret=a72c8ccb896f3f7ddaf45f5318035bde}
2016/08/18 18:29:03 [access_token_server.go:48][I] 获取accessToken的配置==============end===================
2016/08/18 18:29:03 [access_token_server.go:42][I] 获取accessToken的配置 &{url:https://api.weixin.qq.com/cgi-bin/token aPPID:wx1dc762cdfeb4ed66 appsecret:a72c8ccb896f3f7ddaf45f5318035bde grantType:client_credential accessTokenURL:https://api.weixin.qq.com/cgi-bin/token?grant_type=client_credential&&appid=wx1dc762cdfeb4ed66&secret=a72c8ccb896f3f7ddaf45f5318035bde}
2016/08/18 18:29:12 [WxController.go:51][I] 接受微信服务器参数：/test
2016/08/18 18:29:12 [WxController.go:52][I] test 数据
2016/08/18 18:29:12 [access_token_server.go:87][I] accessToken 获取，数据结构初始化：&{CurrentAccessToken:0xc04233e300 accessTokenResult:0xc04233e360 LiveTime:0 Times:2s json:<nil>}
2016/08/18 18:29:12 [access_token_server.go:88][I] accessToken 启动定时器，进行请求accessToken
2016/08/18 18:29:12 [WxController.go:55][I] test 数据===================== &{CurrentAccessToken:0xc04233e300 accessTokenResult:0xc04233e360 LiveTime:0 Times:2s json:<nil>}
2016/08/18 18:29:12 [access_token_server.go:184][I] 获取accessToken Token()
2016/08/18 18:29:12 [access_token_server.go:196][I] 获取accessToken RefreshToken()  
2016/08/18 18:29:12 [access_token_server.go:96][I] GetAndAccessTokenServer创建定时器，进行请求accessToken
2016/08/18 18:29:12 [access_token_server.go:100][I] GetAndAccessTokenServer,for 循环
2016/08/18 18:29:12 [access_token_server.go:104][I] 当前CurrentAccessToken:
2016/08/18 18:29:12 [access_token_server.go:145][I] 链接微信服务器获取accessToken
2016/08/18 18:29:12 [access_token_server.go:153][I] 与微信服务器建立链接
2016/08/18 18:29:12 [access_token_server.go:155][I] 获取微信服务器数据：{"access_token":"Gn_SuKgvmW3AT1hRXkx1LNiLCKat7x7k7Ju3Pa4Kwx0Ah5Go0Rvb8BBg9BaDi0JrfkdJmtEYPs7etMSd3wFRS_ygC2NVGWCzAbuh8Im_z-zN2ltV99_ShD_f7kYQQGULBAEfAGAQPT","expires_in":7200}
2016/08/18 18:29:12 [access_token_server.go:163][I] 获取微信服务器数据,r   &{s:{"access_token":"Gn_SuKgvmW3AT1hRXkx1LNiLCKat7x7k7Ju3Pa4Kwx0Ah5Go0Rvb8BBg9BaDi0JrfkdJmtEYPs7etMSd3wFRS_ygC2NVGWCzAbuh8Im_z-zN2ltV99_ShD_f7kYQQGULBAEfAGAQPT","expires_in":7200} i:0 prevRune:-1}
2016/08/18 18:29:12 [access_token_server.go:165][I] 获取微信服务器数据,dec   &{r:0xc0423b80c0 buf:[] d:{data:[] off:0 scan:{step:<nil> endTop:false parseState:[] err:<nil> redo:false redoCode:0 redoState:<nil> bytes:0} nextscan:{step:<nil> endTop:false parseState:[] err:<nil> redo:false redoCode:0 redoState:<nil> bytes:0} savedError:<nil> useNumber:false} scanp:0 scan:{step:<nil> endTop:false parseState:[] err:<nil> redo:false redoCode:0 redoState:<nil> bytes:0} err:<nil> tokenState:0 tokenStack:[]}
2016/08/18 18:29:12 [access_token_server.go:169][I] 获取微信服务器数据,解析数据：{Token:Gn_SuKgvmW3AT1hRXkx1LNiLCKat7x7k7Ju3Pa4Kwx0Ah5Go0Rvb8BBg9BaDi0JrfkdJmtEYPs7etMSd3wFRS_ygC2NVGWCzAbuh8Im_z-zN2ltV99_ShD_f7kYQQGULBAEfAGAQPT ExpiresIn:7200}
2016/08/18 18:29:12 [access_token_server.go:106][I] 已经请求微信服务器获取accessToken:&{Token:Gn_SuKgvmW3AT1hRXkx1LNiLCKat7x7k7Ju3Pa4Kwx0Ah5Go0Rvb8BBg9BaDi0JrfkdJmtEYPs7etMSd3wFRS_ygC2NVGWCzAbuh8Im_z-zN2ltV99_ShD_f7kYQQGULBAEfAGAQPT ExpiresIn:7200}
2016/08/18 18:29:12 [access_token_server.go:114][I] 获取微信accessToken &{CurrentAccessToken:0xc04233e300 accessTokenResult:0xc04233e360 LiveTime:0 Times:2s json:0xc0423b80a0}
2016/08/18 18:29:12 [access_token_server.go:100][I] GetAndAccessTokenServer,for 循环
2016/08/18 18:29:12 [access_token_server.go:199][I] 获取accessToken RefreshToken()  {accessTokenStrNew:Gn_SuKgvmW3AT1hRXkx1LNiLCKat7x7k7Ju3Pa4Kwx0Ah5Go0Rvb8BBg9BaDi0JrfkdJmtEYPs7etMSd3wFRS_ygC2NVGWCzAbuh8Im_z-zN2ltV99_ShD_f7kYQQGULBAEfAGAQPT err:<nil>}
2016/08/18 18:29:12 [access_token_server.go:190][I] 获取accessToken Token()  Gn_SuKgvmW3AT1hRXkx1LNiLCKat7x7k7Ju3Pa4Kwx0Ah5Go0Rvb8BBg9BaDi0JrfkdJmtEYPs7etMSd3wFRS_ygC2NVGWCzAbuh8Im_z-zN2ltV99_ShD_f7kYQQGULBAEfAGAQPT
2016/08/18 18:29:14 [access_token_server.go:116][I] 获取微信accessToken 启动定时器时间nicker.C 0xc04236c060
2016/08/18 18:29:14 [access_token_server.go:145][I] 链接微信服务器获取accessToken
2016/08/18 18:29:14 [access_token_server.go:153][I] 与微信服务器建立链接
2016/08/18 18:29:14 [access_token_server.go:155][I] 获取微信服务器数据：{"access_token":"Gn_SuKgvmW3AT1hRXkx1LNiLCKat7x7k7Ju3Pa4Kwx0mGTHk6JcbjkkbJLCHIzL3mYCGElYGr_lR3APJ7gKYd-AsKQvA5aV0yvL3ly_EZFmzTW4TLy6MiX3PByTpF097JYSfAGATIC","expires_in":7199}
2016/08/18 18:29:14 [access_token_server.go:163][I] 获取微信服务器数据,r   &{s:{"access_token":"Gn_SuKgvmW3AT1hRXkx1LNiLCKat7x7k7Ju3Pa4Kwx0mGTHk6JcbjkkbJLCHIzL3mYCGElYGr_lR3APJ7gKYd-AsKQvA5aV0yvL3ly_EZFmzTW4TLy6MiX3PByTpF097JYSfAGATIC","expires_in":7199} i:0 prevRune:-1}
2016/08/18 18:29:14 [access_token_server.go:165][I] 获取微信服务器数据,dec   &{r:0xc042254100 buf:[] d:{data:[] off:0 scan:{step:<nil> endTop:false parseState:[] err:<nil> redo:false redoCode:0 redoState:<nil> bytes:0} nextscan:{step:<nil> endTop:false parseState:[] err:<nil> redo:false redoCode:0 redoState:<nil> bytes:0} savedError:<nil> useNumber:false} scanp:0 scan:{step:<nil> endTop:false parseState:[] err:<nil> redo:false redoCode:0 redoState:<nil> bytes:0} err:<nil> tokenState:0 tokenStack:[]}
2016/08/18 18:29:14 [access_token_server.go:169][I] 获取微信服务器数据,解析数据：{Token:Gn_SuKgvmW3AT1hRXkx1LNiLCKat7x7k7Ju3Pa4Kwx0mGTHk6JcbjkkbJLCHIzL3mYCGElYGr_lR3APJ7gKYd-AsKQvA5aV0yvL3ly_EZFmzTW4TLy6MiX3PByTpF097JYSfAGATIC ExpiresIn:7199}
2016/08/18 18:29:14 [access_token_server.go:118][I] 获取微信accessToken 定时器获取数据 错误nicker.C <nil>
2016/08/18 18:29:14 [access_token_server.go:119][I] 获取微信accessToken 定时器获取数据nicker.C &{Token:Gn_SuKgvmW3AT1hRXkx1LNiLCKat7x7k7Ju3Pa4Kwx0mGTHk6JcbjkkbJLCHIzL3mYCGElYGr_lR3APJ7gKYd-AsKQvA5aV0yvL3ly_EZFmzTW4TLy6MiX3PByTpF097JYSfAGATIC ExpiresIn:7199}
2016/08/18 18:29:14 [access_token_server.go:126][I] 获取数据时间 ExpiresIn  7199
2016/08/18 18:29:14 [access_token_server.go:127][I] 获取数据时，标准时间差  -7197000000000
2016/08/18 18:29:14 [access_token_server.go:129][I] 获取数据时间太长7199
2016/08/18 18:29:14 [access_token_server.go:130][I] 获取数据时间太长,重新启动定时器
2016/08/18 18:29:14 [access_token_server.go:100][I] GetAndAccessTokenServer,for 循环
2016/08/18 18:29:52 [access_token_server.go:40][I] 获取accessToken的配置
2016/08/18 18:29:52 [access_token_server.go:45][I] 获取accessToken的配置==============start===================
2016/08/18 18:29:52 [utils.go:48][I] key is access_token_url||value is https://api.weixin.qq.com/cgi-bin/token
2016/08/18 18:29:52 [utils.go:48][I] key is appID||value is wx1dc762cdfeb4ed66
2016/08/18 18:29:52 [utils.go:48][I] key is appsecret||value is a72c8ccb896f3f7ddaf45f5318035bde
2016/08/18 18:29:52 [utils.go:48][I] key is grant_type||value is client_credential
2016/08/18 18:29:52 [access_token_server.go:47][I] accessToken 配置文件信息：&{url:https://api.weixin.qq.com/cgi-bin/token aPPID:wx1dc762cdfeb4ed66 appsecret:a72c8ccb896f3f7ddaf45f5318035bde grantType:client_credential accessTokenURL:https://api.weixin.qq.com/cgi-bin/token?grant_type=client_credential&&appid=wx1dc762cdfeb4ed66&secret=a72c8ccb896f3f7ddaf45f5318035bde}
2016/08/18 18:29:52 [access_token_server.go:48][I] 获取accessToken的配置==============end===================
2016/08/18 18:29:52 [access_token_server.go:42][I] 获取accessToken的配置 &{url:https://api.weixin.qq.com/cgi-bin/token aPPID:wx1dc762cdfeb4ed66 appsecret:a72c8ccb896f3f7ddaf45f5318035bde grantType:client_credential accessTokenURL:https://api.weixin.qq.com/cgi-bin/token?grant_type=client_credential&&appid=wx1dc762cdfeb4ed66&secret=a72c8ccb896f3f7ddaf45f5318035bde}
2016/08/18 18:29:59 [WxController.go:51][I] 接受微信服务器参数：/test
2016/08/18 18:29:59 [WxController.go:52][I] test 数据
2016/08/18 18:29:59 [access_token_server.go:87][I] accessToken 获取，数据结构初始化：&{CurrentAccessToken:0xc04227ed80 accessTokenResult:0xc04227ede0 LiveTime:0 Times:2s json:<nil>}
2016/08/18 18:29:59 [access_token_server.go:88][I] accessToken 启动定时器，进行请求accessToken
2016/08/18 18:29:59 [WxController.go:55][I] test 数据===================== &{CurrentAccessToken:0xc04227ed80 accessTokenResult:0xc04227ede0 LiveTime:0 Times:2s json:<nil>}
2016/08/18 18:29:59 [access_token_server.go:184][I] 获取accessToken Token()
2016/08/18 18:29:59 [access_token_server.go:196][I] 获取accessToken RefreshToken()  
2016/08/18 18:29:59 [access_token_server.go:96][I] GetAndAccessTokenServer创建定时器，进行请求accessToken
2016/08/18 18:29:59 [access_token_server.go:100][I] GetAndAccessTokenServer,for 循环
2016/08/18 18:29:59 [access_token_server.go:104][I] 当前CurrentAccessToken:
2016/08/18 18:29:59 [access_token_server.go:145][I] 链接微信服务器获取accessToken
2016/08/18 18:29:59 [access_token_server.go:153][I] 与微信服务器建立链接
2016/08/18 18:29:59 [access_token_server.go:155][I] 获取微信服务器数据：{"access_token":"KnORswOxzGEEecG3172HFie6XdkD74aB-py_jWkZRxUbPsseY9UPrl58XNAFPZV9T7Kdn181sTlRcMq2y9B6D4QZ3oXXqpDGgtEiReSR1ok4PTIDJPEdnByX_OH2I7tWRUVjAFAUXY","expires_in":7200}
2016/08/18 18:29:59 [access_token_server.go:163][I] 获取微信服务器数据,r   &{s:{"access_token":"KnORswOxzGEEecG3172HFie6XdkD74aB-py_jWkZRxUbPsseY9UPrl58XNAFPZV9T7Kdn181sTlRcMq2y9B6D4QZ3oXXqpDGgtEiReSR1ok4PTIDJPEdnByX_OH2I7tWRUVjAFAUXY","expires_in":7200} i:0 prevRune:-1}
2016/08/18 18:29:59 [access_token_server.go:165][I] 获取微信服务器数据,dec   &{r:0xc042370120 buf:[] d:{data:[] off:0 scan:{step:<nil> endTop:false parseState:[] err:<nil> redo:false redoCode:0 redoState:<nil> bytes:0} nextscan:{step:<nil> endTop:false parseState:[] err:<nil> redo:false redoCode:0 redoState:<nil> bytes:0} savedError:<nil> useNumber:false} scanp:0 scan:{step:<nil> endTop:false parseState:[] err:<nil> redo:false redoCode:0 redoState:<nil> bytes:0} err:<nil> tokenState:0 tokenStack:[]}
2016/08/18 18:29:59 [access_token_server.go:169][I] 获取微信服务器数据,解析数据：{Token:KnORswOxzGEEecG3172HFie6XdkD74aB-py_jWkZRxUbPsseY9UPrl58XNAFPZV9T7Kdn181sTlRcMq2y9B6D4QZ3oXXqpDGgtEiReSR1ok4PTIDJPEdnByX_OH2I7tWRUVjAFAUXY ExpiresIn:7200}
2016/08/18 18:29:59 [access_token_server.go:106][I] 已经请求微信服务器获取accessToken:&{Token:KnORswOxzGEEecG3172HFie6XdkD74aB-py_jWkZRxUbPsseY9UPrl58XNAFPZV9T7Kdn181sTlRcMq2y9B6D4QZ3oXXqpDGgtEiReSR1ok4PTIDJPEdnByX_OH2I7tWRUVjAFAUXY ExpiresIn:7200}
2016/08/18 18:29:59 [access_token_server.go:114][I] 获取微信accessToken &{CurrentAccessToken:0xc04227ed80 accessTokenResult:0xc04227ede0 LiveTime:0 Times:2s json:0xc042370100}
2016/08/18 18:29:59 [access_token_server.go:100][I] GetAndAccessTokenServer,for 循环
2016/08/18 18:29:59 [access_token_server.go:199][I] 获取accessToken RefreshToken()  {accessTokenStrNew:KnORswOxzGEEecG3172HFie6XdkD74aB-py_jWkZRxUbPsseY9UPrl58XNAFPZV9T7Kdn181sTlRcMq2y9B6D4QZ3oXXqpDGgtEiReSR1ok4PTIDJPEdnByX_OH2I7tWRUVjAFAUXY err:<nil>}
2016/08/18 18:29:59 [access_token_server.go:190][I] 获取accessToken Token()  KnORswOxzGEEecG3172HFie6XdkD74aB-py_jWkZRxUbPsseY9UPrl58XNAFPZV9T7Kdn181sTlRcMq2y9B6D4QZ3oXXqpDGgtEiReSR1ok4PTIDJPEdnByX_OH2I7tWRUVjAFAUXY
2016/08/18 18:30:01 [access_token_server.go:116][I] 获取微信accessToken 启动定时器时间nicker.C 0xc04227f020
2016/08/18 18:30:01 [access_token_server.go:145][I] 链接微信服务器获取accessToken
2016/08/18 18:30:01 [access_token_server.go:153][I] 与微信服务器建立链接
2016/08/18 18:30:01 [access_token_server.go:155][I] 获取微信服务器数据：{"access_token":"KnORswOxzGEEecG3172HFie6XdkD74aB-py_jWkZRxW3HWNwurHyofLTSYWlkHB6aG5o7X2kztldf2-tq5PA6KkHsz024kg-sl-XHNB8CMFjDwBFChPVVd65xMS3aKYtIBDjAFABUW","expires_in":7198}
2016/08/18 18:30:01 [access_token_server.go:163][I] 获取微信服务器数据,r   &{s:{"access_token":"KnORswOxzGEEecG3172HFie6XdkD74aB-py_jWkZRxW3HWNwurHyofLTSYWlkHB6aG5o7X2kztldf2-tq5PA6KkHsz024kg-sl-XHNB8CMFjDwBFChPVVd65xMS3aKYtIBDjAFABUW","expires_in":7198} i:0 prevRune:-1}
2016/08/18 18:30:01 [access_token_server.go:165][I] 获取微信服务器数据,dec   &{r:0xc04226e080 buf:[] d:{data:[] off:0 scan:{step:<nil> endTop:false parseState:[] err:<nil> redo:false redoCode:0 redoState:<nil> bytes:0} nextscan:{step:<nil> endTop:false parseState:[] err:<nil> redo:false redoCode:0 redoState:<nil> bytes:0} savedError:<nil> useNumber:false} scanp:0 scan:{step:<nil> endTop:false parseState:[] err:<nil> redo:false redoCode:0 redoState:<nil> bytes:0} err:<nil> tokenState:0 tokenStack:[]}
2016/08/18 18:30:01 [access_token_server.go:169][I] 获取微信服务器数据,解析数据：{Token:KnORswOxzGEEecG3172HFie6XdkD74aB-py_jWkZRxW3HWNwurHyofLTSYWlkHB6aG5o7X2kztldf2-tq5PA6KkHsz024kg-sl-XHNB8CMFjDwBFChPVVd65xMS3aKYtIBDjAFABUW ExpiresIn:7198}
2016/08/18 18:30:01 [access_token_server.go:118][I] 获取微信accessToken 定时器获取数据 错误nicker.C <nil>
2016/08/18 18:30:01 [access_token_server.go:119][I] 获取微信accessToken 定时器获取数据nicker.C &{Token:KnORswOxzGEEecG3172HFie6XdkD74aB-py_jWkZRxW3HWNwurHyofLTSYWlkHB6aG5o7X2kztldf2-tq5PA6KkHsz024kg-sl-XHNB8CMFjDwBFChPVVd65xMS3aKYtIBDjAFABUW ExpiresIn:7198}
2016/08/18 18:30:01 [access_token_server.go:126][I] 获取数据时间 ExpiresIn  7198
2016/08/18 18:30:01 [access_token_server.go:127][I] 获取数据时，标准时间差  -7196000000000
2016/08/18 18:30:01 [access_token_server.go:129][I] 获取数据时间太长7198
2016/08/18 18:30:01 [access_token_server.go:130][I] 获取数据时间太长,重新启动定时器
2016/08/18 18:30:01 [access_token_server.go:100][I] GetAndAccessTokenServer,for 循环
2016/08/18 18:30:03 [access_token_server.go:116][I] 获取微信accessToken 启动定时器时间nicker.C 0xc0423862a0
2016/08/18 18:30:03 [access_token_server.go:145][I] 链接微信服务器获取accessToken
2016/08/18 18:30:03 [access_token_server.go:153][I] 与微信服务器建立链接
2016/08/18 18:30:03 [access_token_server.go:155][I] 获取微信服务器数据：{"access_token":"KnORswOxzGEEecG3172HFie6XdkD74aB-py_jWkZRxUaop8HT5iTvmefdmhAgkjXEtbdyFd5j2x0dCldQR9NjdXkKF371cvuZ0MAbMawDIrTKj1ZyEC3RkVccjt2Bew5TRMjAFAXVQ","expires_in":7196}
2016/08/18 18:30:03 [access_token_server.go:163][I] 获取微信服务器数据,r   &{s:{"access_token":"KnORswOxzGEEecG3172HFie6XdkD74aB-py_jWkZRxUaop8HT5iTvmefdmhAgkjXEtbdyFd5j2x0dCldQR9NjdXkKF371cvuZ0MAbMawDIrTKj1ZyEC3RkVccjt2Bew5TRMjAFAXVQ","expires_in":7196} i:0 prevRune:-1}
2016/08/18 18:30:03 [access_token_server.go:165][I] 获取微信服务器数据,dec   &{r:0xc042279b40 buf:[] d:{data:[] off:0 scan:{step:<nil> endTop:false parseState:[] err:<nil> redo:false redoCode:0 redoState:<nil> bytes:0} nextscan:{step:<nil> endTop:false parseState:[] err:<nil> redo:false redoCode:0 redoState:<nil> bytes:0} savedError:<nil> useNumber:false} scanp:0 scan:{step:<nil> endTop:false parseState:[] err:<nil> redo:false redoCode:0 redoState:<nil> bytes:0} err:<nil> tokenState:0 tokenStack:[]}
2016/08/18 18:30:03 [access_token_server.go:169][I] 获取微信服务器数据,解析数据：{Token:KnORswOxzGEEecG3172HFie6XdkD74aB-py_jWkZRxUaop8HT5iTvmefdmhAgkjXEtbdyFd5j2x0dCldQR9NjdXkKF371cvuZ0MAbMawDIrTKj1ZyEC3RkVccjt2Bew5TRMjAFAXVQ ExpiresIn:7196}
2016/08/18 18:30:03 [access_token_server.go:118][I] 获取微信accessToken 定时器获取数据 错误nicker.C <nil>
2016/08/18 18:30:03 [access_token_server.go:119][I] 获取微信accessToken 定时器获取数据nicker.C &{Token:KnORswOxzGEEecG3172HFie6XdkD74aB-py_jWkZRxUaop8HT5iTvmefdmhAgkjXEtbdyFd5j2x0dCldQR9NjdXkKF371cvuZ0MAbMawDIrTKj1ZyEC3RkVccjt2Bew5TRMjAFAXVQ ExpiresIn:7196}
2016/08/18 18:30:03 [access_token_server.go:126][I] 获取数据时间 ExpiresIn  7196
2016/08/18 18:30:03 [access_token_server.go:127][I] 获取数据时，标准时间差  -7194000000000
2016/08/18 18:30:03 [access_token_server.go:129][I] 获取数据时间太长7196
2016/08/18 18:30:03 [access_token_server.go:130][I] 获取数据时间太长,重新启动定时器
2016/08/18 18:30:03 [access_token_server.go:100][I] GetAndAccessTokenServer,for 循环
2016/08/18 18:30:05 [access_token_server.go:116][I] 获取微信accessToken 启动定时器时间nicker.C 0xc0423481e0
2016/08/18 18:30:05 [access_token_server.go:145][I] 链接微信服务器获取accessToken
2016/08/18 18:30:05 [access_token_server.go:153][I] 与微信服务器建立链接
2016/08/18 18:30:06 [access_token_server.go:155][I] 获取微信服务器数据：{"access_token":"KnORswOxzGEEecG3172HFie6XdkD74aB-py_jWkZRxXSaA8L6DuK7J04524np-3GYeUwG4jVMjpElCCAu-AOCNJDMhvFYmA2YsfBT942k85ZZ-A3pETpgqEYOQYl16xqKQLjAFAXDY","expires_in":7200}
2016/08/18 18:30:06 [access_token_server.go:163][I] 获取微信服务器数据,r   &{s:{"access_token":"KnORswOxzGEEecG3172HFie6XdkD74aB-py_jWkZRxXSaA8L6DuK7J04524np-3GYeUwG4jVMjpElCCAu-AOCNJDMhvFYmA2YsfBT942k85ZZ-A3pETpgqEYOQYl16xqKQLjAFAXDY","expires_in":7200} i:0 prevRune:-1}
2016/08/18 18:30:06 [access_token_server.go:165][I] 获取微信服务器数据,dec   &{r:0xc0422681c0 buf:[] d:{data:[] off:0 scan:{step:<nil> endTop:false parseState:[] err:<nil> redo:false redoCode:0 redoState:<nil> bytes:0} nextscan:{step:<nil> endTop:false parseState:[] err:<nil> redo:false redoCode:0 redoState:<nil> bytes:0} savedError:<nil> useNumber:false} scanp:0 scan:{step:<nil> endTop:false parseState:[] err:<nil> redo:false redoCode:0 redoState:<nil> bytes:0} err:<nil> tokenState:0 tokenStack:[]}
2016/08/18 18:30:06 [access_token_server.go:169][I] 获取微信服务器数据,解析数据：{Token:KnORswOxzGEEecG3172HFie6XdkD74aB-py_jWkZRxXSaA8L6DuK7J04524np-3GYeUwG4jVMjpElCCAu-AOCNJDMhvFYmA2YsfBT942k85ZZ-A3pETpgqEYOQYl16xqKQLjAFAXDY ExpiresIn:7200}
2016/08/18 18:30:06 [access_token_server.go:118][I] 获取微信accessToken 定时器获取数据 错误nicker.C <nil>
2016/08/18 18:30:06 [access_token_server.go:119][I] 获取微信accessToken 定时器获取数据nicker.C &{Token:KnORswOxzGEEecG3172HFie6XdkD74aB-py_jWkZRxXSaA8L6DuK7J04524np-3GYeUwG4jVMjpElCCAu-AOCNJDMhvFYmA2YsfBT942k85ZZ-A3pETpgqEYOQYl16xqKQLjAFAXDY ExpiresIn:7200}
2016/08/18 18:30:06 [access_token_server.go:126][I] 获取数据时间 ExpiresIn  7200
2016/08/18 18:30:06 [access_token_server.go:127][I] 获取数据时，标准时间差  -7198000000000
2016/08/18 18:30:06 [access_token_server.go:129][I] 获取数据时间太长7200
2016/08/18 18:30:06 [access_token_server.go:130][I] 获取数据时间太长,重新启动定时器
2016/08/18 18:30:06 [access_token_server.go:100][I] GetAndAccessTokenServer,for 循环
2016/08/18 18:30:08 [access_token_server.go:116][I] 获取微信accessToken 启动定时器时间nicker.C 0xc04227e2a0
2016/08/18 18:30:08 [access_token_server.go:145][I] 链接微信服务器获取accessToken
2016/08/18 18:30:08 [access_token_server.go:153][I] 与微信服务器建立链接
2016/08/18 18:30:08 [access_token_server.go:155][I] 获取微信服务器数据：{"access_token":"KnORswOxzGEEecG3172HFie6XdkD74aB-py_jWkZRxXcq7wiOXflQ-cdoIEiwvfl43SL3GyVWA-F0qh12HkFYEuQid7xrw6rGcowMnxbMbhgF8NnoXnfHeZyH3QaJ7F3DOCjAFAPAO","expires_in":7200}
2016/08/18 18:30:08 [access_token_server.go:163][I] 获取微信服务器数据,r   &{s:{"access_token":"KnORswOxzGEEecG3172HFie6XdkD74aB-py_jWkZRxXcq7wiOXflQ-cdoIEiwvfl43SL3GyVWA-F0qh12HkFYEuQid7xrw6rGcowMnxbMbhgF8NnoXnfHeZyH3QaJ7F3DOCjAFAPAO","expires_in":7200} i:0 prevRune:-1}
2016/08/18 18:30:08 [access_token_server.go:165][I] 获取微信服务器数据,dec   &{r:0xc0420bdc00 buf:[] d:{data:[] off:0 scan:{step:<nil> endTop:false parseState:[] err:<nil> redo:false redoCode:0 redoState:<nil> bytes:0} nextscan:{step:<nil> endTop:false parseState:[] err:<nil> redo:false redoCode:0 redoState:<nil> bytes:0} savedError:<nil> useNumber:false} scanp:0 scan:{step:<nil> endTop:false parseState:[] err:<nil> redo:false redoCode:0 redoState:<nil> bytes:0} err:<nil> tokenState:0 tokenStack:[]}
2016/08/18 18:30:08 [access_token_server.go:169][I] 获取微信服务器数据,解析数据：{Token:KnORswOxzGEEecG3172HFie6XdkD74aB-py_jWkZRxXcq7wiOXflQ-cdoIEiwvfl43SL3GyVWA-F0qh12HkFYEuQid7xrw6rGcowMnxbMbhgF8NnoXnfHeZyH3QaJ7F3DOCjAFAPAO ExpiresIn:7200}
2016/08/18 18:30:08 [access_token_server.go:118][I] 获取微信accessToken 定时器获取数据 错误nicker.C <nil>
2016/08/18 18:30:08 [access_token_server.go:119][I] 获取微信accessToken 定时器获取数据nicker.C &{Token:KnORswOxzGEEecG3172HFie6XdkD74aB-py_jWkZRxXcq7wiOXflQ-cdoIEiwvfl43SL3GyVWA-F0qh12HkFYEuQid7xrw6rGcowMnxbMbhgF8NnoXnfHeZyH3QaJ7F3DOCjAFAPAO ExpiresIn:7200}
2016/08/18 18:30:08 [access_token_server.go:126][I] 获取数据时间 ExpiresIn  7200
2016/08/18 18:30:08 [access_token_server.go:127][I] 获取数据时，标准时间差  -7198000000000
2016/08/18 18:30:08 [access_token_server.go:129][I] 获取数据时间太长7200
2016/08/18 18:30:08 [access_token_server.go:130][I] 获取数据时间太长,重新启动定时器
2016/08/18 18:30:08 [access_token_server.go:100][I] GetAndAccessTokenServer,for 循环
2016/08/18 18:30:10 [access_token_server.go:116][I] 获取微信accessToken 启动定时器时间nicker.C 0xc04227fe00
2016/08/18 18:30:10 [access_token_server.go:145][I] 链接微信服务器获取accessToken
2016/08/18 18:30:10 [access_token_server.go:153][I] 与微信服务器建立链接
2016/08/18 18:30:10 [access_token_server.go:155][I] 获取微信服务器数据：{"access_token":"KnORswOxzGEEecG3172HFie6XdkD74aB-py_jWkZRxXrAa4n3aoVRXHfh52fXM8LuWKR9iUaUd7lBiBOMGYzisQxLY5hS9ubkLCyUYh6ZtcbbWEUw0KERY1087PRkNJDDMYjAFAGPB","expires_in":7200}
2016/08/18 18:30:10 [access_token_server.go:163][I] 获取微信服务器数据,r   &{s:{"access_token":"KnORswOxzGEEecG3172HFie6XdkD74aB-py_jWkZRxXrAa4n3aoVRXHfh52fXM8LuWKR9iUaUd7lBiBOMGYzisQxLY5hS9ubkLCyUYh6ZtcbbWEUw0KERY1087PRkNJDDMYjAFAGPB","expires_in":7200} i:0 prevRune:-1}
2016/08/18 18:30:10 [access_token_server.go:165][I] 获取微信服务器数据,dec   &{r:0xc042370ac0 buf:[] d:{data:[] off:0 scan:{step:<nil> endTop:false parseState:[] err:<nil> redo:false redoCode:0 redoState:<nil> bytes:0} nextscan:{step:<nil> endTop:false parseState:[] err:<nil> redo:false redoCode:0 redoState:<nil> bytes:0} savedError:<nil> useNumber:false} scanp:0 scan:{step:<nil> endTop:false parseState:[] err:<nil> redo:false redoCode:0 redoState:<nil> bytes:0} err:<nil> tokenState:0 tokenStack:[]}
2016/08/18 18:30:10 [access_token_server.go:169][I] 获取微信服务器数据,解析数据：{Token:KnORswOxzGEEecG3172HFie6XdkD74aB-py_jWkZRxXrAa4n3aoVRXHfh52fXM8LuWKR9iUaUd7lBiBOMGYzisQxLY5hS9ubkLCyUYh6ZtcbbWEUw0KERY1087PRkNJDDMYjAFAGPB ExpiresIn:7200}
2016/08/18 18:30:10 [access_token_server.go:118][I] 获取微信accessToken 定时器获取数据 错误nicker.C <nil>
2016/08/18 18:30:10 [access_token_server.go:119][I] 获取微信accessToken 定时器获取数据nicker.C &{Token:KnORswOxzGEEecG3172HFie6XdkD74aB-py_jWkZRxXrAa4n3aoVRXHfh52fXM8LuWKR9iUaUd7lBiBOMGYzisQxLY5hS9ubkLCyUYh6ZtcbbWEUw0KERY1087PRkNJDDMYjAFAGPB ExpiresIn:7200}
2016/08/18 18:30:10 [access_token_server.go:126][I] 获取数据时间 ExpiresIn  7200
2016/08/18 18:30:10 [access_token_server.go:127][I] 获取数据时，标准时间差  -7198000000000
2016/08/18 18:30:10 [access_token_server.go:129][I] 获取数据时间太长7200
2016/08/18 18:30:10 [access_token_server.go:130][I] 获取数据时间太长,重新启动定时器
2016/08/18 18:30:10 [access_token_server.go:100][I] GetAndAccessTokenServer,for 循环
2016/08/18 18:30:12 [access_token_server.go:116][I] 获取微信accessToken 启动定时器时间nicker.C 0xc042349a40
2016/08/18 18:30:12 [access_token_server.go:145][I] 链接微信服务器获取accessToken
2016/08/18 18:30:12 [access_token_server.go:153][I] 与微信服务器建立链接
2016/08/18 18:30:12 [access_token_server.go:155][I] 获取微信服务器数据：{"access_token":"KnORswOxzGEEecG3172HFie6XdkD74aB-py_jWkZRxUAwuMvIibouWNiLv7mfrFzMmEXP4acoLRuxOrBhGh_LgPO1BLjmga3z0cg7Vo-HL3ItiQsu_4MnkkO4q4wvlzHOJIjAFABWV","expires_in":7200}
2016/08/18 18:30:12 [access_token_server.go:163][I] 获取微信服务器数据,r   &{s:{"access_token":"KnORswOxzGEEecG3172HFie6XdkD74aB-py_jWkZRxUAwuMvIibouWNiLv7mfrFzMmEXP4acoLRuxOrBhGh_LgPO1BLjmga3z0cg7Vo-HL3ItiQsu_4MnkkO4q4wvlzHOJIjAFABWV","expires_in":7200} i:0 prevRune:-1}
2016/08/18 18:30:12 [access_token_server.go:165][I] 获取微信服务器数据,dec   &{r:0xc042497d60 buf:[] d:{data:[] off:0 scan:{step:<nil> endTop:false parseState:[] err:<nil> redo:false redoCode:0 redoState:<nil> bytes:0} nextscan:{step:<nil> endTop:false parseState:[] err:<nil> redo:false redoCode:0 redoState:<nil> bytes:0} savedError:<nil> useNumber:false} scanp:0 scan:{step:<nil> endTop:false parseState:[] err:<nil> redo:false redoCode:0 redoState:<nil> bytes:0} err:<nil> tokenState:0 tokenStack:[]}
2016/08/18 18:30:12 [access_token_server.go:169][I] 获取微信服务器数据,解析数据：{Token:KnORswOxzGEEecG3172HFie6XdkD74aB-py_jWkZRxUAwuMvIibouWNiLv7mfrFzMmEXP4acoLRuxOrBhGh_LgPO1BLjmga3z0cg7Vo-HL3ItiQsu_4MnkkO4q4wvlzHOJIjAFABWV ExpiresIn:7200}
2016/08/18 18:30:12 [access_token_server.go:118][I] 获取微信accessToken 定时器获取数据 错误nicker.C <nil>
2016/08/18 18:30:12 [access_token_server.go:119][I] 获取微信accessToken 定时器获取数据nicker.C &{Token:KnORswOxzGEEecG3172HFie6XdkD74aB-py_jWkZRxUAwuMvIibouWNiLv7mfrFzMmEXP4acoLRuxOrBhGh_LgPO1BLjmga3z0cg7Vo-HL3ItiQsu_4MnkkO4q4wvlzHOJIjAFABWV ExpiresIn:7200}
2016/08/18 18:30:12 [access_token_server.go:126][I] 获取数据时间 ExpiresIn  7200
2016/08/18 18:30:12 [access_token_server.go:127][I] 获取数据时，标准时间差  -7198000000000
2016/08/18 18:30:12 [access_token_server.go:129][I] 获取数据时间太长7200
2016/08/18 18:30:12 [access_token_server.go:130][I] 获取数据时间太长,重新启动定时器
2016/08/18 18:30:12 [access_token_server.go:100][I] GetAndAccessTokenServer,for 循环
2016/08/18 18:30:14 [access_token_server.go:116][I] 获取微信accessToken 启动定时器时间nicker.C 0xc04241b080
2016/08/18 18:30:14 [access_token_server.go:145][I] 链接微信服务器获取accessToken
2016/08/18 18:30:14 [access_token_server.go:153][I] 与微信服务器建立链接
2016/08/18 18:30:14 [access_token_server.go:155][I] 获取微信服务器数据：{"access_token":"KnORswOxzGEEecG3172HFie6XdkD74aB-py_jWkZRxXacPUCwvwfVKsJ-jvU4AQY5xFm79VgCciBXNwWGI3paY_vzlCAjRjSPzZPQndVXvoaXFL2RH8xQUZMSXvcu-OfFCPjAFAWTG","expires_in":7200}
2016/08/18 18:30:14 [access_token_server.go:163][I] 获取微信服务器数据,r   &{s:{"access_token":"KnORswOxzGEEecG3172HFie6XdkD74aB-py_jWkZRxXacPUCwvwfVKsJ-jvU4AQY5xFm79VgCciBXNwWGI3paY_vzlCAjRjSPzZPQndVXvoaXFL2RH8xQUZMSXvcu-OfFCPjAFAWTG","expires_in":7200} i:0 prevRune:-1}
2016/08/18 18:30:14 [access_token_server.go:165][I] 获取微信服务器数据,dec   &{r:0xc0420b61a0 buf:[] d:{data:[] off:0 scan:{step:<nil> endTop:false parseState:[] err:<nil> redo:false redoCode:0 redoState:<nil> bytes:0} nextscan:{step:<nil> endTop:false parseState:[] err:<nil> redo:false redoCode:0 redoState:<nil> bytes:0} savedError:<nil> useNumber:false} scanp:0 scan:{step:<nil> endTop:false parseState:[] err:<nil> redo:false redoCode:0 redoState:<nil> bytes:0} err:<nil> tokenState:0 tokenStack:[]}
2016/08/18 18:30:14 [access_token_server.go:169][I] 获取微信服务器数据,解析数据：{Token:KnORswOxzGEEecG3172HFie6XdkD74aB-py_jWkZRxXacPUCwvwfVKsJ-jvU4AQY5xFm79VgCciBXNwWGI3paY_vzlCAjRjSPzZPQndVXvoaXFL2RH8xQUZMSXvcu-OfFCPjAFAWTG ExpiresIn:7200}
2016/08/18 18:30:14 [access_token_server.go:118][I] 获取微信accessToken 定时器获取数据 错误nicker.C <nil>
2016/08/18 18:30:14 [access_token_server.go:119][I] 获取微信accessToken 定时器获取数据nicker.C &{Token:KnORswOxzGEEecG3172HFie6XdkD74aB-py_jWkZRxXacPUCwvwfVKsJ-jvU4AQY5xFm79VgCciBXNwWGI3paY_vzlCAjRjSPzZPQndVXvoaXFL2RH8xQUZMSXvcu-OfFCPjAFAWTG ExpiresIn:7200}
2016/08/18 18:30:14 [access_token_server.go:126][I] 获取数据时间 ExpiresIn  7200
2016/08/18 18:30:14 [access_token_server.go:127][I] 获取数据时，标准时间差  -7198000000000
2016/08/18 18:30:14 [access_token_server.go:129][I] 获取数据时间太长7200
2016/08/18 18:30:14 [access_token_server.go:130][I] 获取数据时间太长,重新启动定时器
2016/08/18 18:30:14 [access_token_server.go:100][I] GetAndAccessTokenServer,for 循环
2016/08/18 18:30:16 [access_token_server.go:116][I] 获取微信accessToken 启动定时器时间nicker.C 0xc0420b45a0
2016/08/18 18:30:16 [access_token_server.go:145][I] 链接微信服务器获取accessToken
2016/08/18 18:30:16 [access_token_server.go:153][I] 与微信服务器建立链接
2016/08/18 18:30:16 [access_token_server.go:155][I] 获取微信服务器数据：{"access_token":"KnORswOxzGEEecG3172HFie6XdkD74aB-py_jWkZRxUHHhxO6v8hF0mIgLYesvm6OjRNJUgeq9QEUxbP-xH-qIbQ6g469MTdyBMBGWcwi6iC43VAbKpd-kZgw50Y-wVfEWXjAFAUMN","expires_in":7200}
2016/08/18 18:30:16 [access_token_server.go:163][I] 获取微信服务器数据,r   &{s:{"access_token":"KnORswOxzGEEecG3172HFie6XdkD74aB-py_jWkZRxUHHhxO6v8hF0mIgLYesvm6OjRNJUgeq9QEUxbP-xH-qIbQ6g469MTdyBMBGWcwi6iC43VAbKpd-kZgw50Y-wVfEWXjAFAUMN","expires_in":7200} i:0 prevRune:-1}
2016/08/18 18:30:16 [access_token_server.go:165][I] 获取微信服务器数据,dec   &{r:0xc0424e17e0 buf:[] d:{data:[] off:0 scan:{step:<nil> endTop:false parseState:[] err:<nil> redo:false redoCode:0 redoState:<nil> bytes:0} nextscan:{step:<nil> endTop:false parseState:[] err:<nil> redo:false redoCode:0 redoState:<nil> bytes:0} savedError:<nil> useNumber:false} scanp:0 scan:{step:<nil> endTop:false parseState:[] err:<nil> redo:false redoCode:0 redoState:<nil> bytes:0} err:<nil> tokenState:0 tokenStack:[]}
2016/08/18 18:30:16 [access_token_server.go:169][I] 获取微信服务器数据,解析数据：{Token:KnORswOxzGEEecG3172HFie6XdkD74aB-py_jWkZRxUHHhxO6v8hF0mIgLYesvm6OjRNJUgeq9QEUxbP-xH-qIbQ6g469MTdyBMBGWcwi6iC43VAbKpd-kZgw50Y-wVfEWXjAFAUMN ExpiresIn:7200}
2016/08/18 18:30:16 [access_token_server.go:118][I] 获取微信accessToken 定时器获取数据 错误nicker.C <nil>
2016/08/18 18:30:16 [access_token_server.go:119][I] 获取微信accessToken 定时器获取数据nicker.C &{Token:KnORswOxzGEEecG3172HFie6XdkD74aB-py_jWkZRxUHHhxO6v8hF0mIgLYesvm6OjRNJUgeq9QEUxbP-xH-qIbQ6g469MTdyBMBGWcwi6iC43VAbKpd-kZgw50Y-wVfEWXjAFAUMN ExpiresIn:7200}
2016/08/18 18:30:16 [access_token_server.go:126][I] 获取数据时间 ExpiresIn  7200
2016/08/18 18:30:16 [access_token_server.go:127][I] 获取数据时，标准时间差  -7198000000000
2016/08/18 18:30:16 [access_token_server.go:129][I] 获取数据时间太长7200
2016/08/18 18:30:16 [access_token_server.go:130][I] 获取数据时间太长,重新启动定时器
2016/08/18 18:30:16 [access_token_server.go:100][I] GetAndAccessTokenServer,for 循环
2016/08/18 18:30:17 [access_token_server.go:40][I] 获取accessToken的配置
2016/08/18 18:30:17 [access_token_server.go:45][I] 获取accessToken的配置==============start===================
2016/08/18 18:30:17 [utils.go:48][I] key is access_token_url||value is https://api.weixin.qq.com/cgi-bin/token
2016/08/18 18:30:17 [utils.go:48][I] key is appID||value is wx1dc762cdfeb4ed66
2016/08/18 18:30:17 [utils.go:48][I] key is appsecret||value is a72c8ccb896f3f7ddaf45f5318035bde
2016/08/18 18:30:17 [utils.go:48][I] key is grant_type||value is client_credential
2016/08/18 18:30:17 [access_token_server.go:47][I] accessToken 配置文件信息：&{url:https://api.weixin.qq.com/cgi-bin/token aPPID:wx1dc762cdfeb4ed66 appsecret:a72c8ccb896f3f7ddaf45f5318035bde grantType:client_credential accessTokenURL:https://api.weixin.qq.com/cgi-bin/token?grant_type=client_credential&&appid=wx1dc762cdfeb4ed66&secret=a72c8ccb896f3f7ddaf45f5318035bde}
2016/08/18 18:30:17 [access_token_server.go:48][I] 获取accessToken的配置==============end===================
2016/08/18 18:30:17 [access_token_server.go:42][I] 获取accessToken的配置 &{url:https://api.weixin.qq.com/cgi-bin/token aPPID:wx1dc762cdfeb4ed66 appsecret:a72c8ccb896f3f7ddaf45f5318035bde grantType:client_credential accessTokenURL:https://api.weixin.qq.com/cgi-bin/token?grant_type=client_credential&&appid=wx1dc762cdfeb4ed66&secret=a72c8ccb896f3f7ddaf45f5318035bde}
2016/08/18 18:30:24 [WxController.go:51][I] 接受微信服务器参数：/test
2016/08/18 18:30:24 [WxController.go:52][I] test 数据
2016/08/18 18:30:24 [access_token_server.go:87][I] accessToken 获取，数据结构初始化：&{CurrentAccessToken:0xc042344180 accessTokenResult:0xc0423441e0 LiveTime:0 Times:2h0m0s json:<nil>}
2016/08/18 18:30:24 [access_token_server.go:88][I] accessToken 启动定时器，进行请求accessToken
2016/08/18 18:30:24 [WxController.go:55][I] test 数据===================== &{CurrentAccessToken:0xc042344180 accessTokenResult:0xc0423441e0 LiveTime:0 Times:2h0m0s json:<nil>}
2016/08/18 18:30:24 [access_token_server.go:184][I] 获取accessToken Token()
2016/08/18 18:30:24 [access_token_server.go:196][I] 获取accessToken RefreshToken()  
2016/08/18 18:30:24 [access_token_server.go:96][I] GetAndAccessTokenServer创建定时器，进行请求accessToken
2016/08/18 18:30:24 [access_token_server.go:100][I] GetAndAccessTokenServer,for 循环
2016/08/18 18:30:24 [access_token_server.go:104][I] 当前CurrentAccessToken:
2016/08/18 18:30:24 [access_token_server.go:145][I] 链接微信服务器获取accessToken
2016/08/18 18:30:24 [access_token_server.go:153][I] 与微信服务器建立链接
2016/08/18 18:30:25 [access_token_server.go:155][I] 获取微信服务器数据：{"access_token":"7JHD6t4euiDU-50yGGK4mLT9sBNOdSU8nyBQc6p_T1kmPo8PD29AEh7z-QxxdjBTu0eKuowYgCHogUbuUj5N7EJ_J0NfKbKa5ZUV8FVjcB4XXXgAFAQQQ","expires_in":7200}
2016/08/18 18:30:25 [access_token_server.go:163][I] 获取微信服务器数据,r   &{s:{"access_token":"7JHD6t4euiDU-50yGGK4mLT9sBNOdSU8nyBQc6p_T1kmPo8PD29AEh7z-QxxdjBTu0eKuowYgCHogUbuUj5N7EJ_J0NfKbKa5ZUV8FVjcB4XXXgAFAQQQ","expires_in":7200} i:0 prevRune:-1}
2016/08/18 18:30:25 [access_token_server.go:165][I] 获取微信服务器数据,dec   &{r:0xc0423b85e0 buf:[] d:{data:[] off:0 scan:{step:<nil> endTop:false parseState:[] err:<nil> redo:false redoCode:0 redoState:<nil> bytes:0} nextscan:{step:<nil> endTop:false parseState:[] err:<nil> redo:false redoCode:0 redoState:<nil> bytes:0} savedError:<nil> useNumber:false} scanp:0 scan:{step:<nil> endTop:false parseState:[] err:<nil> redo:false redoCode:0 redoState:<nil> bytes:0} err:<nil> tokenState:0 tokenStack:[]}
2016/08/18 18:30:25 [access_token_server.go:169][I] 获取微信服务器数据,解析数据：{Token:7JHD6t4euiDU-50yGGK4mLT9sBNOdSU8nyBQc6p_T1kmPo8PD29AEh7z-QxxdjBTu0eKuowYgCHogUbuUj5N7EJ_J0NfKbKa5ZUV8FVjcB4XXXgAFAQQQ ExpiresIn:7200}
2016/08/18 18:30:25 [access_token_server.go:106][I] 已经请求微信服务器获取accessToken:&{Token:7JHD6t4euiDU-50yGGK4mLT9sBNOdSU8nyBQc6p_T1kmPo8PD29AEh7z-QxxdjBTu0eKuowYgCHogUbuUj5N7EJ_J0NfKbKa5ZUV8FVjcB4XXXgAFAQQQ ExpiresIn:7200}
2016/08/18 18:30:25 [access_token_server.go:114][I] 获取微信accessToken &{CurrentAccessToken:0xc042344180 accessTokenResult:0xc0423441e0 LiveTime:0 Times:2h0m0s json:0xc0423b85c0}
2016/08/18 18:30:25 [access_token_server.go:100][I] GetAndAccessTokenServer,for 循环
2016/08/18 18:30:25 [access_token_server.go:199][I] 获取accessToken RefreshToken()  {accessTokenStrNew:7JHD6t4euiDU-50yGGK4mLT9sBNOdSU8nyBQc6p_T1kmPo8PD29AEh7z-QxxdjBTu0eKuowYgCHogUbuUj5N7EJ_J0NfKbKa5ZUV8FVjcB4XXXgAFAQQQ err:<nil>}
2016/08/18 18:30:25 [access_token_server.go:190][I] 获取accessToken Token()  7JHD6t4euiDU-50yGGK4mLT9sBNOdSU8nyBQc6p_T1kmPo8PD29AEh7z-QxxdjBTu0eKuowYgCHogUbuUj5N7EJ_J0NfKbKa5ZUV8FVjcB4XXXgAFAQQQ
2016/08/21 19:25:29 [access_token_server.go:40] [I] 获取accessToken的配置
2016/08/21 19:25:29 [access_token_server.go:45] [I] 获取accessToken的配置==============start===================
2016/08/21 19:25:29 [utils.go:49] [I] key is access_token_url||value is https://api.weixin.qq.com/cgi-bin/token
2016/08/21 19:25:29 [utils.go:49] [I] key is appID||value is wx1dc762cdfeb4ed66
2016/08/21 19:25:29 [utils.go:49] [I] key is appsecret||value is a72c8ccb896f3f7ddaf45f5318035bde
2016/08/21 19:25:29 [utils.go:49] [I] key is grant_type||value is client_credential
2016/08/21 19:25:29 [access_token_server.go:47] [I] accessToken 配置文件信息：&{url:https://api.weixin.qq.com/cgi-bin/token aPPID:wx1dc762cdfeb4ed66 appsecret:a72c8ccb896f3f7ddaf45f5318035bde grantType:client_credential accessTokenURL:https://api.weixin.qq.com/cgi-bin/token?grant_type=client_credential&&appid=wx1dc762cdfeb4ed66&secret=a72c8ccb896f3f7ddaf45f5318035bde}
2016/08/21 19:25:29 [access_token_server.go:48] [I] 获取accessToken的配置==============end===================
2016/08/21 19:25:29 [access_token_server.go:42] [I] 获取accessToken的配置 &{url:https://api.weixin.qq.com/cgi-bin/token aPPID:wx1dc762cdfeb4ed66 appsecret:a72c8ccb896f3f7ddaf45f5318035bde grantType:client_credential accessTokenURL:https://api.weixin.qq.com/cgi-bin/token?grant_type=client_credential&&appid=wx1dc762cdfeb4ed66&secret=a72c8ccb896f3f7ddaf45f5318035bde}
2016/08/21 20:43:44 [access_token_server.go:40] [I] 获取accessToken的配置
2016/08/21 20:43:44 [access_token_server.go:45] [I] 获取accessToken的配置==============start===================
2016/08/21 20:43:44 [utils.go:49] [I] key is access_token_url||value is https://api.weixin.qq.com/cgi-bin/token
2016/08/21 20:43:44 [utils.go:49] [I] key is appID||value is wx1dc762cdfeb4ed66
2016/08/21 20:43:44 [utils.go:49] [I] key is appsecret||value is a72c8ccb896f3f7ddaf45f5318035bde
2016/08/21 20:43:44 [utils.go:49] [I] key is grant_type||value is client_credential
2016/08/21 20:43:44 [access_token_server.go:47] [I] accessToken 配置文件信息：&{url:https://api.weixin.qq.com/cgi-bin/token aPPID:wx1dc762cdfeb4ed66 appsecret:a72c8ccb896f3f7ddaf45f5318035bde grantType:client_credential accessTokenURL:https://api.weixin.qq.com/cgi-bin/token?grant_type=client_credential&&appid=wx1dc762cdfeb4ed66&secret=a72c8ccb896f3f7ddaf45f5318035bde}
2016/08/21 20:43:44 [access_token_server.go:48] [I] 获取accessToken的配置==============end===================
2016/08/21 20:43:44 [access_token_server.go:42] [I] 获取accessToken的配置 &{url:https://api.weixin.qq.com/cgi-bin/token aPPID:wx1dc762cdfeb4ed66 appsecret:a72c8ccb896f3f7ddaf45f5318035bde grantType:client_credential accessTokenURL:https://api.weixin.qq.com/cgi-bin/token?grant_type=client_credential&&appid=wx1dc762cdfeb4ed66&secret=a72c8ccb896f3f7ddaf45f5318035bde}
2016/08/21 21:09:17 [access_token_server.go:40] [I] 获取accessToken的配置
2016/08/21 21:09:17 [access_token_server.go:45] [I] 获取accessToken的配置==============start===================
2016/08/21 21:09:17 [utils.go:49] [I] key is access_token_url||value is https://api.weixin.qq.com/cgi-bin/token
2016/08/21 21:09:17 [utils.go:49] [I] key is appID||value is wx1dc762cdfeb4ed66
2016/08/21 21:09:17 [utils.go:49] [I] key is appsecret||value is a72c8ccb896f3f7ddaf45f5318035bde
2016/08/21 21:09:17 [utils.go:49] [I] key is grant_type||value is client_credential
2016/08/21 21:09:17 [access_token_server.go:47] [I] accessToken 配置文件信息：&{url:https://api.weixin.qq.com/cgi-bin/token aPPID:wx1dc762cdfeb4ed66 appsecret:a72c8ccb896f3f7ddaf45f5318035bde grantType:client_credential accessTokenURL:https://api.weixin.qq.com/cgi-bin/token?grant_type=client_credential&&appid=wx1dc762cdfeb4ed66&secret=a72c8ccb896f3f7ddaf45f5318035bde}
2016/08/21 21:09:17 [access_token_server.go:48] [I] 获取accessToken的配置==============end===================
2016/08/21 21:09:17 [access_token_server.go:42] [I] 获取accessToken的配置 &{url:https://api.weixin.qq.com/cgi-bin/token aPPID:wx1dc762cdfeb4ed66 appsecret:a72c8ccb896f3f7ddaf45f5318035bde grantType:client_credential accessTokenURL:https://api.weixin.qq.com/cgi-bin/token?grant_type=client_credential&&appid=wx1dc762cdfeb4ed66&secret=a72c8ccb896f3f7ddaf45f5318035bde}
2016/08/21 21:09:58 [access_token_server.go:40] [I] 获取accessToken的配置
2016/08/21 21:09:58 [access_token_server.go:45] [I] 获取accessToken的配置==============start===================
2016/08/21 21:09:58 [utils.go:49] [I] key is access_token_url||value is https://api.weixin.qq.com/cgi-bin/token
2016/08/21 21:09:58 [utils.go:49] [I] key is appID||value is wx1dc762cdfeb4ed66
2016/08/21 21:09:58 [utils.go:49] [I] key is appsecret||value is a72c8ccb896f3f7ddaf45f5318035bde
2016/08/21 21:09:58 [utils.go:49] [I] key is grant_type||value is client_credential
2016/08/21 21:09:58 [access_token_server.go:47] [I] accessToken 配置文件信息：&{url:https://api.weixin.qq.com/cgi-bin/token aPPID:wx1dc762cdfeb4ed66 appsecret:a72c8ccb896f3f7ddaf45f5318035bde grantType:client_credential accessTokenURL:https://api.weixin.qq.com/cgi-bin/token?grant_type=client_credential&&appid=wx1dc762cdfeb4ed66&secret=a72c8ccb896f3f7ddaf45f5318035bde}
2016/08/21 21:09:58 [access_token_server.go:48] [I] 获取accessToken的配置==============end===================
2016/08/21 21:09:58 [access_token_server.go:42] [I] 获取accessToken的配置 &{url:https://api.weixin.qq.com/cgi-bin/token aPPID:wx1dc762cdfeb4ed66 appsecret:a72c8ccb896f3f7ddaf45f5318035bde grantType:client_credential accessTokenURL:https://api.weixin.qq.com/cgi-bin/token?grant_type=client_credential&&appid=wx1dc762cdfeb4ed66&secret=a72c8ccb896f3f7ddaf45f5318035bde}
2016/08/21 21:17:21 [WxController.go:31] [I] 微信服务器进行验证
2016/08/21 21:17:21 [WxController.go:33] [I] 接受微信服务器参数：/wx/
2016/08/21 21:17:21 [utils.go:49] [I] key is token||value is wx12sscwweewwqwwqqs
2016/08/21 21:17:21 [WxController.go:45] [I] 微信服务器发来的签名串：
2016/08/21 21:17:21 [WxController.go:48] [E] timestamp is null
2016/08/21 21:20:18 [WxController.go:23] [I] RequestBody:<xml><ToUserName><![CDATA[gh_ee33478575bf]]></ToUserName>
<FromUserName><![CDATA[oYp2KxLycN29A8I7eDEhBR6caaaI]]></FromUserName>
<CreateTime>1471785618</CreateTime>
<MsgType><![CDATA[event]]></MsgType>
<Event><![CDATA[subscribe]]></Event>
<EventKey><![CDATA[]]></EventKey>
</xml>
2016/08/21 21:20:18 [message.go:92] [I] 开始接收消息,并且解析：<xml><ToUserName><![CDATA[gh_ee33478575bf]]></ToUserName>
<FromUserName><![CDATA[oYp2KxLycN29A8I7eDEhBR6caaaI]]></FromUserName>
<CreateTime>1471785618</CreateTime>
<MsgType><![CDATA[event]]></MsgType>
<Event><![CDATA[subscribe]]></Event>
<EventKey><![CDATA[]]></EventKey>
</xml>
2016/08/21 21:20:18 [utils.go:55] [I] 需要解析的XML数据：<xml><ToUserName><![CDATA[gh_ee33478575bf]]></ToUserName>
<FromUserName><![CDATA[oYp2KxLycN29A8I7eDEhBR6caaaI]]></FromUserName>
<CreateTime>1471785618</CreateTime>
<MsgType><![CDATA[event]]></MsgType>
<Event><![CDATA[subscribe]]></Event>
<EventKey><![CDATA[]]></EventKey>
</xml>
2016/08/21 21:20:26 [WxController.go:23] [I] RequestBody:<xml><ToUserName><![CDATA[gh_ee33478575bf]]></ToUserName>
<FromUserName><![CDATA[oYp2KxLycN29A8I7eDEhBR6caaaI]]></FromUserName>
<CreateTime>1471785627</CreateTime>
<MsgType><![CDATA[text]]></MsgType>
<Content><![CDATA[凤飞飞]]></Content>
<MsgId>6321271135106761251</MsgId>
</xml>
2016/08/21 21:20:26 [message.go:92] [I] 开始接收消息,并且解析：<xml><ToUserName><![CDATA[gh_ee33478575bf]]></ToUserName>
<FromUserName><![CDATA[oYp2KxLycN29A8I7eDEhBR6caaaI]]></FromUserName>
<CreateTime>1471785627</CreateTime>
<MsgType><![CDATA[text]]></MsgType>
<Content><![CDATA[凤飞飞]]></Content>
<MsgId>6321271135106761251</MsgId>
</xml>
2016/08/21 21:20:26 [utils.go:55] [I] 需要解析的XML数据：<xml><ToUserName><![CDATA[gh_ee33478575bf]]></ToUserName>
<FromUserName><![CDATA[oYp2KxLycN29A8I7eDEhBR6caaaI]]></FromUserName>
<CreateTime>1471785627</CreateTime>
<MsgType><![CDATA[text]]></MsgType>
<Content><![CDATA[凤飞飞]]></Content>
<MsgId>6321271135106761251</MsgId>
</xml>
2016/08/21 21:23:35 [access_token_server.go:40] [I] 获取accessToken的配置
2016/08/21 21:23:35 [access_token_server.go:45] [I] 获取accessToken的配置==============start===================
2016/08/21 21:23:35 [utils.go:49] [I] key is access_token_url||value is https://api.weixin.qq.com/cgi-bin/token
2016/08/21 21:23:35 [utils.go:49] [I] key is appID||value is wx1dc762cdfeb4ed66
2016/08/21 21:23:35 [utils.go:49] [I] key is appsecret||value is a72c8ccb896f3f7ddaf45f5318035bde
2016/08/21 21:23:35 [utils.go:49] [I] key is grant_type||value is client_credential
2016/08/21 21:23:35 [access_token_server.go:47] [I] accessToken 配置文件信息：&{url:https://api.weixin.qq.com/cgi-bin/token aPPID:wx1dc762cdfeb4ed66 appsecret:a72c8ccb896f3f7ddaf45f5318035bde grantType:client_credential accessTokenURL:https://api.weixin.qq.com/cgi-bin/token?grant_type=client_credential&&appid=wx1dc762cdfeb4ed66&secret=a72c8ccb896f3f7ddaf45f5318035bde}
2016/08/21 21:23:35 [access_token_server.go:48] [I] 获取accessToken的配置==============end===================
2016/08/21 21:23:35 [access_token_server.go:42] [I] 获取accessToken的配置 &{url:https://api.weixin.qq.com/cgi-bin/token aPPID:wx1dc762cdfeb4ed66 appsecret:a72c8ccb896f3f7ddaf45f5318035bde grantType:client_credential accessTokenURL:https://api.weixin.qq.com/cgi-bin/token?grant_type=client_credential&&appid=wx1dc762cdfeb4ed66&secret=a72c8ccb896f3f7ddaf45f5318035bde}
2016/08/21 21:24:29 [access_token_server.go:40] [I] 获取accessToken的配置
2016/08/21 21:24:29 [access_token_server.go:45] [I] 获取accessToken的配置==============start===================
2016/08/21 21:24:29 [utils.go:49] [I] key is access_token_url||value is https://api.weixin.qq.com/cgi-bin/token
2016/08/21 21:24:29 [utils.go:49] [I] key is appID||value is wx1dc762cdfeb4ed66
2016/08/21 21:24:29 [utils.go:49] [I] key is appsecret||value is a72c8ccb896f3f7ddaf45f5318035bde
2016/08/21 21:24:29 [utils.go:49] [I] key is grant_type||value is client_credential
2016/08/21 21:24:29 [access_token_server.go:47] [I] accessToken 配置文件信息：&{url:https://api.weixin.qq.com/cgi-bin/token aPPID:wx1dc762cdfeb4ed66 appsecret:a72c8ccb896f3f7ddaf45f5318035bde grantType:client_credential accessTokenURL:https://api.weixin.qq.com/cgi-bin/token?grant_type=client_credential&&appid=wx1dc762cdfeb4ed66&secret=a72c8ccb896f3f7ddaf45f5318035bde}
2016/08/21 21:24:29 [access_token_server.go:48] [I] 获取accessToken的配置==============end===================
2016/08/21 21:24:29 [access_token_server.go:42] [I] 获取accessToken的配置 &{url:https://api.weixin.qq.com/cgi-bin/token aPPID:wx1dc762cdfeb4ed66 appsecret:a72c8ccb896f3f7ddaf45f5318035bde grantType:client_credential accessTokenURL:https://api.weixin.qq.com/cgi-bin/token?grant_type=client_credential&&appid=wx1dc762cdfeb4ed66&secret=a72c8ccb896f3f7ddaf45f5318035bde}
2016/08/21 21:24:58 [access_token_server.go:40] [I] 获取accessToken的配置
2016/08/21 21:24:58 [access_token_server.go:45] [I] 获取accessToken的配置==============start===================
2016/08/21 21:24:58 [utils.go:49] [I] key is access_token_url||value is https://api.weixin.qq.com/cgi-bin/token
2016/08/21 21:24:58 [utils.go:49] [I] key is appID||value is wx1dc762cdfeb4ed66
2016/08/21 21:24:58 [utils.go:49] [I] key is appsecret||value is a72c8ccb896f3f7ddaf45f5318035bde
2016/08/21 21:24:58 [utils.go:49] [I] key is grant_type||value is client_credential
2016/08/21 21:24:58 [access_token_server.go:47] [I] accessToken 配置文件信息：&{url:https://api.weixin.qq.com/cgi-bin/token aPPID:wx1dc762cdfeb4ed66 appsecret:a72c8ccb896f3f7ddaf45f5318035bde grantType:client_credential accessTokenURL:https://api.weixin.qq.com/cgi-bin/token?grant_type=client_credential&&appid=wx1dc762cdfeb4ed66&secret=a72c8ccb896f3f7ddaf45f5318035bde}
2016/08/21 21:24:58 [access_token_server.go:48] [I] 获取accessToken的配置==============end===================
2016/08/21 21:24:58 [access_token_server.go:42] [I] 获取accessToken的配置 &{url:https://api.weixin.qq.com/cgi-bin/token aPPID:wx1dc762cdfeb4ed66 appsecret:a72c8ccb896f3f7ddaf45f5318035bde grantType:client_credential accessTokenURL:https://api.weixin.qq.com/cgi-bin/token?grant_type=client_credential&&appid=wx1dc762cdfeb4ed66&secret=a72c8ccb896f3f7ddaf45f5318035bde}
2016/08/21 21:25:21 [access_token_server.go:40] [I] 获取accessToken的配置
2016/08/21 21:25:21 [access_token_server.go:45] [I] 获取accessToken的配置==============start===================
2016/08/21 21:25:21 [utils.go:49] [I] key is access_token_url||value is https://api.weixin.qq.com/cgi-bin/token
2016/08/21 21:25:21 [utils.go:49] [I] key is appID||value is wx1dc762cdfeb4ed66
2016/08/21 21:25:21 [utils.go:49] [I] key is appsecret||value is a72c8ccb896f3f7ddaf45f5318035bde
2016/08/21 21:25:21 [utils.go:49] [I] key is grant_type||value is client_credential
2016/08/21 21:25:21 [access_token_server.go:47] [I] accessToken 配置文件信息：&{url:https://api.weixin.qq.com/cgi-bin/token aPPID:wx1dc762cdfeb4ed66 appsecret:a72c8ccb896f3f7ddaf45f5318035bde grantType:client_credential accessTokenURL:https://api.weixin.qq.com/cgi-bin/token?grant_type=client_credential&&appid=wx1dc762cdfeb4ed66&secret=a72c8ccb896f3f7ddaf45f5318035bde}
2016/08/21 21:25:21 [access_token_server.go:48] [I] 获取accessToken的配置==============end===================
2016/08/21 21:25:21 [access_token_server.go:42] [I] 获取accessToken的配置 &{url:https://api.weixin.qq.com/cgi-bin/token aPPID:wx1dc762cdfeb4ed66 appsecret:a72c8ccb896f3f7ddaf45f5318035bde grantType:client_credential accessTokenURL:https://api.weixin.qq.com/cgi-bin/token?grant_type=client_credential&&appid=wx1dc762cdfeb4ed66&secret=a72c8ccb896f3f7ddaf45f5318035bde}
2016/08/21 21:25:28 [access_token_server.go:40] [I] 获取accessToken的配置
2016/08/21 21:25:28 [access_token_server.go:45] [I] 获取accessToken的配置==============start===================
2016/08/21 21:25:28 [utils.go:49] [I] key is access_token_url||value is https://api.weixin.qq.com/cgi-bin/token
2016/08/21 21:25:28 [utils.go:49] [I] key is appID||value is wx1dc762cdfeb4ed66
2016/08/21 21:25:28 [utils.go:49] [I] key is appsecret||value is a72c8ccb896f3f7ddaf45f5318035bde
2016/08/21 21:25:28 [utils.go:49] [I] key is grant_type||value is client_credential
2016/08/21 21:25:28 [access_token_server.go:47] [I] accessToken 配置文件信息：&{url:https://api.weixin.qq.com/cgi-bin/token aPPID:wx1dc762cdfeb4ed66 appsecret:a72c8ccb896f3f7ddaf45f5318035bde grantType:client_credential accessTokenURL:https://api.weixin.qq.com/cgi-bin/token?grant_type=client_credential&&appid=wx1dc762cdfeb4ed66&secret=a72c8ccb896f3f7ddaf45f5318035bde}
2016/08/21 21:25:28 [access_token_server.go:48] [I] 获取accessToken的配置==============end===================
2016/08/21 21:25:28 [access_token_server.go:42] [I] 获取accessToken的配置 &{url:https://api.weixin.qq.com/cgi-bin/token aPPID:wx1dc762cdfeb4ed66 appsecret:a72c8ccb896f3f7ddaf45f5318035bde grantType:client_credential accessTokenURL:https://api.weixin.qq.com/cgi-bin/token?grant_type=client_credential&&appid=wx1dc762cdfeb4ed66&secret=a72c8ccb896f3f7ddaf45f5318035bde}
2016/08/21 21:25:48 [WxController.go:23] [I] RequestBody:<xml><ToUserName><![CDATA[gh_ee33478575bf]]></ToUserName>
<FromUserName><![CDATA[oYp2KxLycN29A8I7eDEhBR6caaaI]]></FromUserName>
<CreateTime>1471785949</CreateTime>
<MsgType><![CDATA[text]]></MsgType>
<Content><![CDATA[一个哥哥分]]></Content>
<MsgId>6321272518086230788</MsgId>
</xml>
2016/08/21 21:25:48 [message.go:92] [I] 开始接收消息,并且解析：<xml><ToUserName><![CDATA[gh_ee33478575bf]]></ToUserName>
<FromUserName><![CDATA[oYp2KxLycN29A8I7eDEhBR6caaaI]]></FromUserName>
<CreateTime>1471785949</CreateTime>
<MsgType><![CDATA[text]]></MsgType>
<Content><![CDATA[一个哥哥分]]></Content>
<MsgId>6321272518086230788</MsgId>
</xml>
2016/08/21 21:25:48 [utils.go:55] [I] 需要解析的XML数据：<xml><ToUserName><![CDATA[gh_ee33478575bf]]></ToUserName>
<FromUserName><![CDATA[oYp2KxLycN29A8I7eDEhBR6caaaI]]></FromUserName>
<CreateTime>1471785949</CreateTime>
<MsgType><![CDATA[text]]></MsgType>
<Content><![CDATA[一个哥哥分]]></Content>
<MsgId>6321272518086230788</MsgId>
</xml>
2016/08/21 21:25:48 [utils.go:60] [I] 解析xml发生错误：XML syntax error on line 1: illegal character code U+0000
2016/08/21 21:25:48 [utils.go:62] [I] 解析xml结果：&{XMLName:{Space: Local:} ToUserName: FromUserName: CreateTime:0 MsgType: MsgID:0 MediaID: Content: PicUrl: VoiceFormat: VoiceRecognition: VideoThumbMediaID: LocationLabel: LocationX:0 LocationY:0 LocationScale:0 LinkTitle: LinkDescription: LinkURL: Event: EventKey: EventTicket: EventLatitude:0 EventLongitude:0 EventPrecision:0}
2016/08/21 21:34:00 [access_token_server.go:40] [I] 获取accessToken的配置
2016/08/21 21:34:00 [access_token_server.go:45] [I] 获取accessToken的配置==============start===================
2016/08/21 21:34:00 [utils.go:49] [I] key is access_token_url||value is https://api.weixin.qq.com/cgi-bin/token
2016/08/21 21:34:00 [utils.go:49] [I] key is appID||value is wx1dc762cdfeb4ed66
2016/08/21 21:34:00 [utils.go:49] [I] key is appsecret||value is a72c8ccb896f3f7ddaf45f5318035bde
2016/08/21 21:34:00 [utils.go:49] [I] key is grant_type||value is client_credential
2016/08/21 21:34:00 [access_token_server.go:47] [I] accessToken 配置文件信息：&{url:https://api.weixin.qq.com/cgi-bin/token aPPID:wx1dc762cdfeb4ed66 appsecret:a72c8ccb896f3f7ddaf45f5318035bde grantType:client_credential accessTokenURL:https://api.weixin.qq.com/cgi-bin/token?grant_type=client_credential&&appid=wx1dc762cdfeb4ed66&secret=a72c8ccb896f3f7ddaf45f5318035bde}
2016/08/21 21:34:00 [access_token_server.go:48] [I] 获取accessToken的配置==============end===================
2016/08/21 21:34:00 [access_token_server.go:42] [I] 获取accessToken的配置 &{url:https://api.weixin.qq.com/cgi-bin/token aPPID:wx1dc762cdfeb4ed66 appsecret:a72c8ccb896f3f7ddaf45f5318035bde grantType:client_credential accessTokenURL:https://api.weixin.qq.com/cgi-bin/token?grant_type=client_credential&&appid=wx1dc762cdfeb4ed66&secret=a72c8ccb896f3f7ddaf45f5318035bde}
2016/08/21 21:34:14 [WxController.go:23] [I] RequestBody:<xml><ToUserName><![CDATA[gh_ee33478575bf]]></ToUserName>
<FromUserName><![CDATA[oYp2KxLycN29A8I7eDEhBR6caaaI]]></FromUserName>
<CreateTime>1471786454</CreateTime>
<MsgType><![CDATA[text]]></MsgType>
<Content><![CDATA[多大的]]></Content>
<MsgId>6321274687044715664</MsgId>
</xml>
2016/08/21 21:34:14 [message.go:92] [I] 开始接收消息,并且解析：<xml><ToUserName><![CDATA[gh_ee33478575bf]]></ToUserName>
<FromUserName><![CDATA[oYp2KxLycN29A8I7eDEhBR6caaaI]]></FromUserName>
<CreateTime>1471786454</CreateTime>
<MsgType><![CDATA[text]]></MsgType>
<Content><![CDATA[多大的]]></Content>
<MsgId>6321274687044715664</MsgId>
</xml>
2016/08/21 21:34:14 [utils.go:55] [I] 需要解析的XML数据：<xml><ToUserName><![CDATA[gh_ee33478575bf]]></ToUserName>
<FromUserName><![CDATA[oYp2KxLycN29A8I7eDEhBR6caaaI]]></FromUserName>
<CreateTime>1471786454</CreateTime>
<MsgType><![CDATA[text]]></MsgType>
<Content><![CDATA[多大的]]></Content>
<MsgId>6321274687044715664</MsgId>
</xml>
2016/08/21 21:34:14 [utils.go:62] [I] 解析xml结果：&{XMLName:{Space: Local:xml} ToUserName:gh_ee33478575bf FromUserName:oYp2KxLycN29A8I7eDEhBR6caaaI CreateTime:1471786454 MsgType:text MsgID:6321274687044715664 MediaID: Content:多大的 PicUrl: VoiceFormat: VoiceRecognition: VideoThumbMediaID: LocationLabel: LocationX:0 LocationY:0 LocationScale:0 LinkTitle: LinkDescription: LinkURL: Event: EventKey: EventTicket: EventLatitude:0 EventLongitude:0 EventPrecision:0}
2016/08/21 21:34:14 [message.go:103] [I] 开始接收消息，解析结束：&{XMLName:{Space: Local:xml} ToUserName:gh_ee33478575bf FromUserName:oYp2KxLycN29A8I7eDEhBR6caaaI CreateTime:1471786454 MsgType:text MsgID:6321274687044715664 MediaID: Content:多大的 PicUrl: VoiceFormat: VoiceRecognition: VideoThumbMediaID: LocationLabel: LocationX:0 LocationY:0 LocationScale:0 LinkTitle: LinkDescription: LinkURL: Event: EventKey: EventTicket: EventLatitude:0 EventLongitude:0 EventPrecision:0}
2016/08/21 21:34:52 [WxController.go:23] [I] RequestBody:<xml><ToUserName><![CDATA[gh_ee33478575bf]]></ToUserName>
<FromUserName><![CDATA[oYp2KxLycN29A8I7eDEhBR6caaaI]]></FromUserName>
<CreateTime>1471786493</CreateTime>
<MsgType><![CDATA[text]]></MsgType>
<Content><![CDATA[-/::'(]]></Content>
<MsgId>6321274854548440245</MsgId>
</xml>
2016/08/21 21:34:52 [message.go:92] [I] 开始接收消息,并且解析：<xml><ToUserName><![CDATA[gh_ee33478575bf]]></ToUserName>
<FromUserName><![CDATA[oYp2KxLycN29A8I7eDEhBR6caaaI]]></FromUserName>
<CreateTime>1471786493</CreateTime>
<MsgType><![CDATA[text]]></MsgType>
<Content><![CDATA[-/::'(]]></Content>
<MsgId>6321274854548440245</MsgId>
</xml>
2016/08/21 21:34:52 [utils.go:55] [I] 需要解析的XML数据：<xml><ToUserName><![CDATA[gh_ee33478575bf]]></ToUserName>
<FromUserName><![CDATA[oYp2KxLycN29A8I7eDEhBR6caaaI]]></FromUserName>
<CreateTime>1471786493</CreateTime>
<MsgType><![CDATA[text]]></MsgType>
<Content><![CDATA[-/::'(]]></Content>
<MsgId>6321274854548440245</MsgId>
</xml>
2016/08/21 21:34:52 [utils.go:62] [I] 解析xml结果：&{XMLName:{Space: Local:xml} ToUserName:gh_ee33478575bf FromUserName:oYp2KxLycN29A8I7eDEhBR6caaaI CreateTime:1471786493 MsgType:text MsgID:6321274854548440245 MediaID: Content:-/::'( PicUrl: VoiceFormat: VoiceRecognition: VideoThumbMediaID: LocationLabel: LocationX:0 LocationY:0 LocationScale:0 LinkTitle: LinkDescription: LinkURL: Event: EventKey: EventTicket: EventLatitude:0 EventLongitude:0 EventPrecision:0}
2016/08/21 21:34:52 [message.go:103] [I] 开始接收消息，解析结束：&{XMLName:{Space: Local:xml} ToUserName:gh_ee33478575bf FromUserName:oYp2KxLycN29A8I7eDEhBR6caaaI CreateTime:1471786493 MsgType:text MsgID:6321274854548440245 MediaID: Content:-/::'( PicUrl: VoiceFormat: VoiceRecognition: VideoThumbMediaID: LocationLabel: LocationX:0 LocationY:0 LocationScale:0 LinkTitle: LinkDescription: LinkURL: Event: EventKey: EventTicket: EventLatitude:0 EventLongitude:0 EventPrecision:0}
2016/08/22 08:23:09 [access_token_server.go:40] [I] 获取accessToken的配置
2016/08/22 08:23:09 [access_token_server.go:45] [I] 获取accessToken的配置==============start===================
2016/08/22 08:23:09 [utils.go:49] [I] key is access_token_url||value is https://api.weixin.qq.com/cgi-bin/token
2016/08/22 08:23:09 [utils.go:49] [I] key is appID||value is wx1dc762cdfeb4ed66
2016/08/22 08:23:09 [utils.go:49] [I] key is appsecret||value is a72c8ccb896f3f7ddaf45f5318035bde
2016/08/22 08:23:09 [utils.go:49] [I] key is grant_type||value is client_credential
2016/08/22 08:23:09 [access_token_server.go:47] [I] accessToken 配置文件信息：&{url:https://api.weixin.qq.com/cgi-bin/token aPPID:wx1dc762cdfeb4ed66 appsecret:a72c8ccb896f3f7ddaf45f5318035bde grantType:client_credential accessTokenURL:https://api.weixin.qq.com/cgi-bin/token?grant_type=client_credential&&appid=wx1dc762cdfeb4ed66&secret=a72c8ccb896f3f7ddaf45f5318035bde}
2016/08/22 08:23:09 [access_token_server.go:48] [I] 获取accessToken的配置==============end===================
2016/08/22 08:23:09 [access_token_server.go:42] [I] 获取accessToken的配置 &{url:https://api.weixin.qq.com/cgi-bin/token aPPID:wx1dc762cdfeb4ed66 appsecret:a72c8ccb896f3f7ddaf45f5318035bde grantType:client_credential accessTokenURL:https://api.weixin.qq.com/cgi-bin/token?grant_type=client_credential&&appid=wx1dc762cdfeb4ed66&secret=a72c8ccb896f3f7ddaf45f5318035bde}
2016/08/22 08:23:51 [access_token_server.go:40] [I] 获取accessToken的配置
2016/08/22 08:23:51 [access_token_server.go:45] [I] 获取accessToken的配置==============start===================
2016/08/22 08:23:51 [utils.go:49] [I] key is access_token_url||value is https://api.weixin.qq.com/cgi-bin/token
2016/08/22 08:23:51 [utils.go:49] [I] key is appID||value is wx1dc762cdfeb4ed66
2016/08/22 08:23:51 [utils.go:49] [I] key is appsecret||value is a72c8ccb896f3f7ddaf45f5318035bde
2016/08/22 08:23:51 [utils.go:49] [I] key is grant_type||value is client_credential
2016/08/22 08:23:51 [access_token_server.go:47] [I] accessToken 配置文件信息：&{url:https://api.weixin.qq.com/cgi-bin/token aPPID:wx1dc762cdfeb4ed66 appsecret:a72c8ccb896f3f7ddaf45f5318035bde grantType:client_credential accessTokenURL:https://api.weixin.qq.com/cgi-bin/token?grant_type=client_credential&&appid=wx1dc762cdfeb4ed66&secret=a72c8ccb896f3f7ddaf45f5318035bde}
2016/08/22 08:23:51 [access_token_server.go:48] [I] 获取accessToken的配置==============end===================
2016/08/22 08:23:51 [access_token_server.go:42] [I] 获取accessToken的配置 &{url:https://api.weixin.qq.com/cgi-bin/token aPPID:wx1dc762cdfeb4ed66 appsecret:a72c8ccb896f3f7ddaf45f5318035bde grantType:client_credential accessTokenURL:https://api.weixin.qq.com/cgi-bin/token?grant_type=client_credential&&appid=wx1dc762cdfeb4ed66&secret=a72c8ccb896f3f7ddaf45f5318035bde}
2016/08/22 08:24:25 [access_token_server.go:40] [I] 获取accessToken的配置
2016/08/22 08:24:25 [access_token_server.go:45] [I] 获取accessToken的配置==============start===================
2016/08/22 08:24:25 [utils.go:49] [I] key is access_token_url||value is https://api.weixin.qq.com/cgi-bin/token
2016/08/22 08:24:25 [utils.go:49] [I] key is appID||value is wx1dc762cdfeb4ed66
2016/08/22 08:24:25 [utils.go:49] [I] key is appsecret||value is a72c8ccb896f3f7ddaf45f5318035bde
2016/08/22 08:24:25 [utils.go:49] [I] key is grant_type||value is client_credential
2016/08/22 08:24:25 [access_token_server.go:47] [I] accessToken 配置文件信息：&{url:https://api.weixin.qq.com/cgi-bin/token aPPID:wx1dc762cdfeb4ed66 appsecret:a72c8ccb896f3f7ddaf45f5318035bde grantType:client_credential accessTokenURL:https://api.weixin.qq.com/cgi-bin/token?grant_type=client_credential&&appid=wx1dc762cdfeb4ed66&secret=a72c8ccb896f3f7ddaf45f5318035bde}
2016/08/22 08:24:25 [access_token_server.go:48] [I] 获取accessToken的配置==============end===================
2016/08/22 08:24:25 [access_token_server.go:42] [I] 获取accessToken的配置 &{url:https://api.weixin.qq.com/cgi-bin/token aPPID:wx1dc762cdfeb4ed66 appsecret:a72c8ccb896f3f7ddaf45f5318035bde grantType:client_credential accessTokenURL:https://api.weixin.qq.com/cgi-bin/token?grant_type=client_credential&&appid=wx1dc762cdfeb4ed66&secret=a72c8ccb896f3f7ddaf45f5318035bde}
2016/08/22 08:24:30 [access_token_server.go:40] [I] 获取accessToken的配置
2016/08/22 08:24:30 [access_token_server.go:45] [I] 获取accessToken的配置==============start===================
2016/08/22 08:24:30 [utils.go:49] [I] key is access_token_url||value is https://api.weixin.qq.com/cgi-bin/token
2016/08/22 08:24:30 [utils.go:49] [I] key is appID||value is wx1dc762cdfeb4ed66
2016/08/22 08:24:30 [utils.go:49] [I] key is appsecret||value is a72c8ccb896f3f7ddaf45f5318035bde
2016/08/22 08:24:30 [utils.go:49] [I] key is grant_type||value is client_credential
2016/08/22 08:24:30 [access_token_server.go:47] [I] accessToken 配置文件信息：&{url:https://api.weixin.qq.com/cgi-bin/token aPPID:wx1dc762cdfeb4ed66 appsecret:a72c8ccb896f3f7ddaf45f5318035bde grantType:client_credential accessTokenURL:https://api.weixin.qq.com/cgi-bin/token?grant_type=client_credential&&appid=wx1dc762cdfeb4ed66&secret=a72c8ccb896f3f7ddaf45f5318035bde}
2016/08/22 08:24:30 [access_token_server.go:48] [I] 获取accessToken的配置==============end===================
2016/08/22 08:24:30 [access_token_server.go:42] [I] 获取accessToken的配置 &{url:https://api.weixin.qq.com/cgi-bin/token aPPID:wx1dc762cdfeb4ed66 appsecret:a72c8ccb896f3f7ddaf45f5318035bde grantType:client_credential accessTokenURL:https://api.weixin.qq.com/cgi-bin/token?grant_type=client_credential&&appid=wx1dc762cdfeb4ed66&secret=a72c8ccb896f3f7ddaf45f5318035bde}
2016/08/22 08:24:59 [access_token_server.go:40] [I] 获取accessToken的配置
2016/08/22 08:24:59 [access_token_server.go:45] [I] 获取accessToken的配置==============start===================
2016/08/22 08:24:59 [utils.go:49] [I] key is access_token_url||value is https://api.weixin.qq.com/cgi-bin/token
2016/08/22 08:24:59 [utils.go:49] [I] key is appID||value is wx1dc762cdfeb4ed66
2016/08/22 08:24:59 [utils.go:49] [I] key is appsecret||value is a72c8ccb896f3f7ddaf45f5318035bde
2016/08/22 08:24:59 [utils.go:49] [I] key is grant_type||value is client_credential
2016/08/22 08:24:59 [access_token_server.go:47] [I] accessToken 配置文件信息：&{url:https://api.weixin.qq.com/cgi-bin/token aPPID:wx1dc762cdfeb4ed66 appsecret:a72c8ccb896f3f7ddaf45f5318035bde grantType:client_credential accessTokenURL:https://api.weixin.qq.com/cgi-bin/token?grant_type=client_credential&&appid=wx1dc762cdfeb4ed66&secret=a72c8ccb896f3f7ddaf45f5318035bde}
2016/08/22 08:24:59 [access_token_server.go:48] [I] 获取accessToken的配置==============end===================
2016/08/22 08:24:59 [access_token_server.go:42] [I] 获取accessToken的配置 &{url:https://api.weixin.qq.com/cgi-bin/token aPPID:wx1dc762cdfeb4ed66 appsecret:a72c8ccb896f3f7ddaf45f5318035bde grantType:client_credential accessTokenURL:https://api.weixin.qq.com/cgi-bin/token?grant_type=client_credential&&appid=wx1dc762cdfeb4ed66&secret=a72c8ccb896f3f7ddaf45f5318035bde}
2016/08/22 08:25:07 [access_token_server.go:40] [I] 获取accessToken的配置
2016/08/22 08:25:07 [access_token_server.go:45] [I] 获取accessToken的配置==============start===================
2016/08/22 08:25:07 [utils.go:49] [I] key is access_token_url||value is https://api.weixin.qq.com/cgi-bin/token
2016/08/22 08:25:07 [utils.go:49] [I] key is appID||value is wx1dc762cdfeb4ed66
2016/08/22 08:25:07 [utils.go:49] [I] key is appsecret||value is a72c8ccb896f3f7ddaf45f5318035bde
2016/08/22 08:25:07 [utils.go:49] [I] key is grant_type||value is client_credential
2016/08/22 08:25:07 [access_token_server.go:47] [I] accessToken 配置文件信息：&{url:https://api.weixin.qq.com/cgi-bin/token aPPID:wx1dc762cdfeb4ed66 appsecret:a72c8ccb896f3f7ddaf45f5318035bde grantType:client_credential accessTokenURL:https://api.weixin.qq.com/cgi-bin/token?grant_type=client_credential&&appid=wx1dc762cdfeb4ed66&secret=a72c8ccb896f3f7ddaf45f5318035bde}
2016/08/22 08:25:07 [access_token_server.go:48] [I] 获取accessToken的配置==============end===================
2016/08/22 08:25:07 [access_token_server.go:42] [I] 获取accessToken的配置 &{url:https://api.weixin.qq.com/cgi-bin/token aPPID:wx1dc762cdfeb4ed66 appsecret:a72c8ccb896f3f7ddaf45f5318035bde grantType:client_credential accessTokenURL:https://api.weixin.qq.com/cgi-bin/token?grant_type=client_credential&&appid=wx1dc762cdfeb4ed66&secret=a72c8ccb896f3f7ddaf45f5318035bde}
2016/08/22 08:25:54 [access_token_server.go:40] [I] 获取accessToken的配置
2016/08/22 08:25:54 [access_token_server.go:45] [I] 获取accessToken的配置==============start===================
2016/08/22 08:25:54 [utils.go:49] [I] key is access_token_url||value is https://api.weixin.qq.com/cgi-bin/token
2016/08/22 08:25:54 [utils.go:49] [I] key is appID||value is wx1dc762cdfeb4ed66
2016/08/22 08:25:54 [utils.go:49] [I] key is appsecret||value is a72c8ccb896f3f7ddaf45f5318035bde
2016/08/22 08:25:54 [utils.go:49] [I] key is grant_type||value is client_credential
2016/08/22 08:25:54 [access_token_server.go:47] [I] accessToken 配置文件信息：&{url:https://api.weixin.qq.com/cgi-bin/token aPPID:wx1dc762cdfeb4ed66 appsecret:a72c8ccb896f3f7ddaf45f5318035bde grantType:client_credential accessTokenURL:https://api.weixin.qq.com/cgi-bin/token?grant_type=client_credential&&appid=wx1dc762cdfeb4ed66&secret=a72c8ccb896f3f7ddaf45f5318035bde}
2016/08/22 08:25:54 [access_token_server.go:48] [I] 获取accessToken的配置==============end===================
2016/08/22 08:25:54 [access_token_server.go:42] [I] 获取accessToken的配置 &{url:https://api.weixin.qq.com/cgi-bin/token aPPID:wx1dc762cdfeb4ed66 appsecret:a72c8ccb896f3f7ddaf45f5318035bde grantType:client_credential accessTokenURL:https://api.weixin.qq.com/cgi-bin/token?grant_type=client_credential&&appid=wx1dc762cdfeb4ed66&secret=a72c8ccb896f3f7ddaf45f5318035bde}
2016/08/22 08:26:19 [access_token_server.go:40] [I] 获取accessToken的配置
2016/08/22 08:26:19 [access_token_server.go:45] [I] 获取accessToken的配置==============start===================
2016/08/22 08:26:19 [utils.go:49] [I] key is access_token_url||value is https://api.weixin.qq.com/cgi-bin/token
2016/08/22 08:26:19 [utils.go:49] [I] key is appID||value is wx1dc762cdfeb4ed66
2016/08/22 08:26:19 [utils.go:49] [I] key is appsecret||value is a72c8ccb896f3f7ddaf45f5318035bde
2016/08/22 08:26:19 [utils.go:49] [I] key is grant_type||value is client_credential
2016/08/22 08:26:19 [access_token_server.go:47] [I] accessToken 配置文件信息：&{url:https://api.weixin.qq.com/cgi-bin/token aPPID:wx1dc762cdfeb4ed66 appsecret:a72c8ccb896f3f7ddaf45f5318035bde grantType:client_credential accessTokenURL:https://api.weixin.qq.com/cgi-bin/token?grant_type=client_credential&&appid=wx1dc762cdfeb4ed66&secret=a72c8ccb896f3f7ddaf45f5318035bde}
2016/08/22 08:26:19 [access_token_server.go:48] [I] 获取accessToken的配置==============end===================
2016/08/22 08:26:19 [access_token_server.go:42] [I] 获取accessToken的配置 &{url:https://api.weixin.qq.com/cgi-bin/token aPPID:wx1dc762cdfeb4ed66 appsecret:a72c8ccb896f3f7ddaf45f5318035bde grantType:client_credential accessTokenURL:https://api.weixin.qq.com/cgi-bin/token?grant_type=client_credential&&appid=wx1dc762cdfeb4ed66&secret=a72c8ccb896f3f7ddaf45f5318035bde}
2016/08/22 08:26:29 [access_token_server.go:40] [I] 获取accessToken的配置
2016/08/22 08:26:29 [access_token_server.go:45] [I] 获取accessToken的配置==============start===================
2016/08/22 08:26:29 [utils.go:49] [I] key is access_token_url||value is https://api.weixin.qq.com/cgi-bin/token
2016/08/22 08:26:29 [utils.go:49] [I] key is appID||value is wx1dc762cdfeb4ed66
2016/08/22 08:26:29 [utils.go:49] [I] key is appsecret||value is a72c8ccb896f3f7ddaf45f5318035bde
2016/08/22 08:26:29 [utils.go:49] [I] key is grant_type||value is client_credential
2016/08/22 08:26:29 [access_token_server.go:47] [I] accessToken 配置文件信息：&{url:https://api.weixin.qq.com/cgi-bin/token aPPID:wx1dc762cdfeb4ed66 appsecret:a72c8ccb896f3f7ddaf45f5318035bde grantType:client_credential accessTokenURL:https://api.weixin.qq.com/cgi-bin/token?grant_type=client_credential&&appid=wx1dc762cdfeb4ed66&secret=a72c8ccb896f3f7ddaf45f5318035bde}
2016/08/22 08:26:29 [access_token_server.go:48] [I] 获取accessToken的配置==============end===================
2016/08/22 08:26:29 [access_token_server.go:42] [I] 获取accessToken的配置 &{url:https://api.weixin.qq.com/cgi-bin/token aPPID:wx1dc762cdfeb4ed66 appsecret:a72c8ccb896f3f7ddaf45f5318035bde grantType:client_credential accessTokenURL:https://api.weixin.qq.com/cgi-bin/token?grant_type=client_credential&&appid=wx1dc762cdfeb4ed66&secret=a72c8ccb896f3f7ddaf45f5318035bde}
2016/08/22 08:27:02 [access_token_server.go:40] [I] 获取accessToken的配置
2016/08/22 08:27:02 [access_token_server.go:45] [I] 获取accessToken的配置==============start===================
2016/08/22 08:27:02 [utils.go:49] [I] key is access_token_url||value is https://api.weixin.qq.com/cgi-bin/token
2016/08/22 08:27:02 [utils.go:49] [I] key is appID||value is wx1dc762cdfeb4ed66
2016/08/22 08:27:02 [utils.go:49] [I] key is appsecret||value is a72c8ccb896f3f7ddaf45f5318035bde
2016/08/22 08:27:02 [utils.go:49] [I] key is grant_type||value is client_credential
2016/08/22 08:27:02 [access_token_server.go:47] [I] accessToken 配置文件信息：&{url:https://api.weixin.qq.com/cgi-bin/token aPPID:wx1dc762cdfeb4ed66 appsecret:a72c8ccb896f3f7ddaf45f5318035bde grantType:client_credential accessTokenURL:https://api.weixin.qq.com/cgi-bin/token?grant_type=client_credential&&appid=wx1dc762cdfeb4ed66&secret=a72c8ccb896f3f7ddaf45f5318035bde}
2016/08/22 08:27:02 [access_token_server.go:48] [I] 获取accessToken的配置==============end===================
2016/08/22 08:27:02 [access_token_server.go:42] [I] 获取accessToken的配置 &{url:https://api.weixin.qq.com/cgi-bin/token aPPID:wx1dc762cdfeb4ed66 appsecret:a72c8ccb896f3f7ddaf45f5318035bde grantType:client_credential accessTokenURL:https://api.weixin.qq.com/cgi-bin/token?grant_type=client_credential&&appid=wx1dc762cdfeb4ed66&secret=a72c8ccb896f3f7ddaf45f5318035bde}
2016/08/22 08:27:19 [access_token_server.go:40] [I] 获取accessToken的配置
2016/08/22 08:27:19 [access_token_server.go:45] [I] 获取accessToken的配置==============start===================
2016/08/22 08:27:19 [utils.go:49] [I] key is access_token_url||value is https://api.weixin.qq.com/cgi-bin/token
2016/08/22 08:27:19 [utils.go:49] [I] key is appID||value is wx1dc762cdfeb4ed66
2016/08/22 08:27:19 [utils.go:49] [I] key is appsecret||value is a72c8ccb896f3f7ddaf45f5318035bde
2016/08/22 08:27:19 [utils.go:49] [I] key is grant_type||value is client_credential
2016/08/22 08:27:19 [access_token_server.go:47] [I] accessToken 配置文件信息：&{url:https://api.weixin.qq.com/cgi-bin/token aPPID:wx1dc762cdfeb4ed66 appsecret:a72c8ccb896f3f7ddaf45f5318035bde grantType:client_credential accessTokenURL:https://api.weixin.qq.com/cgi-bin/token?grant_type=client_credential&&appid=wx1dc762cdfeb4ed66&secret=a72c8ccb896f3f7ddaf45f5318035bde}
2016/08/22 08:27:19 [access_token_server.go:48] [I] 获取accessToken的配置==============end===================
2016/08/22 08:27:19 [access_token_server.go:42] [I] 获取accessToken的配置 &{url:https://api.weixin.qq.com/cgi-bin/token aPPID:wx1dc762cdfeb4ed66 appsecret:a72c8ccb896f3f7ddaf45f5318035bde grantType:client_credential accessTokenURL:https://api.weixin.qq.com/cgi-bin/token?grant_type=client_credential&&appid=wx1dc762cdfeb4ed66&secret=a72c8ccb896f3f7ddaf45f5318035bde}
2016/08/22 08:27:29 [access_token_server.go:40] [I] 获取accessToken的配置
2016/08/22 08:27:29 [access_token_server.go:45] [I] 获取accessToken的配置==============start===================
2016/08/22 08:27:29 [utils.go:49] [I] key is access_token_url||value is https://api.weixin.qq.com/cgi-bin/token
2016/08/22 08:27:29 [utils.go:49] [I] key is appID||value is wx1dc762cdfeb4ed66
2016/08/22 08:27:29 [utils.go:49] [I] key is appsecret||value is a72c8ccb896f3f7ddaf45f5318035bde
2016/08/22 08:27:29 [utils.go:49] [I] key is grant_type||value is client_credential
2016/08/22 08:27:29 [access_token_server.go:47] [I] accessToken 配置文件信息：&{url:https://api.weixin.qq.com/cgi-bin/token aPPID:wx1dc762cdfeb4ed66 appsecret:a72c8ccb896f3f7ddaf45f5318035bde grantType:client_credential accessTokenURL:https://api.weixin.qq.com/cgi-bin/token?grant_type=client_credential&&appid=wx1dc762cdfeb4ed66&secret=a72c8ccb896f3f7ddaf45f5318035bde}
2016/08/22 08:27:29 [access_token_server.go:48] [I] 获取accessToken的配置==============end===================
2016/08/22 08:27:29 [access_token_server.go:42] [I] 获取accessToken的配置 &{url:https://api.weixin.qq.com/cgi-bin/token aPPID:wx1dc762cdfeb4ed66 appsecret:a72c8ccb896f3f7ddaf45f5318035bde grantType:client_credential accessTokenURL:https://api.weixin.qq.com/cgi-bin/token?grant_type=client_credential&&appid=wx1dc762cdfeb4ed66&secret=a72c8ccb896f3f7ddaf45f5318035bde}
2016/08/22 08:27:39 [access_token_server.go:40] [I] 获取accessToken的配置
2016/08/22 08:27:39 [access_token_server.go:45] [I] 获取accessToken的配置==============start===================
2016/08/22 08:27:39 [utils.go:49] [I] key is access_token_url||value is https://api.weixin.qq.com/cgi-bin/token
2016/08/22 08:27:39 [utils.go:49] [I] key is appID||value is wx1dc762cdfeb4ed66
2016/08/22 08:27:39 [utils.go:49] [I] key is appsecret||value is a72c8ccb896f3f7ddaf45f5318035bde
2016/08/22 08:27:39 [utils.go:49] [I] key is grant_type||value is client_credential
2016/08/22 08:27:39 [access_token_server.go:47] [I] accessToken 配置文件信息：&{url:https://api.weixin.qq.com/cgi-bin/token aPPID:wx1dc762cdfeb4ed66 appsecret:a72c8ccb896f3f7ddaf45f5318035bde grantType:client_credential accessTokenURL:https://api.weixin.qq.com/cgi-bin/token?grant_type=client_credential&&appid=wx1dc762cdfeb4ed66&secret=a72c8ccb896f3f7ddaf45f5318035bde}
2016/08/22 08:27:39 [access_token_server.go:48] [I] 获取accessToken的配置==============end===================
2016/08/22 08:27:39 [access_token_server.go:42] [I] 获取accessToken的配置 &{url:https://api.weixin.qq.com/cgi-bin/token aPPID:wx1dc762cdfeb4ed66 appsecret:a72c8ccb896f3f7ddaf45f5318035bde grantType:client_credential accessTokenURL:https://api.weixin.qq.com/cgi-bin/token?grant_type=client_credential&&appid=wx1dc762cdfeb4ed66&secret=a72c8ccb896f3f7ddaf45f5318035bde}
2016/08/22 08:27:59 [access_token_server.go:40] [I] 获取accessToken的配置
2016/08/22 08:27:59 [access_token_server.go:45] [I] 获取accessToken的配置==============start===================
2016/08/22 08:27:59 [utils.go:49] [I] key is access_token_url||value is https://api.weixin.qq.com/cgi-bin/token
2016/08/22 08:27:59 [utils.go:49] [I] key is appID||value is wx1dc762cdfeb4ed66
2016/08/22 08:27:59 [utils.go:49] [I] key is appsecret||value is a72c8ccb896f3f7ddaf45f5318035bde
2016/08/22 08:27:59 [utils.go:49] [I] key is grant_type||value is client_credential
2016/08/22 08:27:59 [access_token_server.go:47] [I] accessToken 配置文件信息：&{url:https://api.weixin.qq.com/cgi-bin/token aPPID:wx1dc762cdfeb4ed66 appsecret:a72c8ccb896f3f7ddaf45f5318035bde grantType:client_credential accessTokenURL:https://api.weixin.qq.com/cgi-bin/token?grant_type=client_credential&&appid=wx1dc762cdfeb4ed66&secret=a72c8ccb896f3f7ddaf45f5318035bde}
2016/08/22 08:27:59 [access_token_server.go:48] [I] 获取accessToken的配置==============end===================
2016/08/22 08:27:59 [access_token_server.go:42] [I] 获取accessToken的配置 &{url:https://api.weixin.qq.com/cgi-bin/token aPPID:wx1dc762cdfeb4ed66 appsecret:a72c8ccb896f3f7ddaf45f5318035bde grantType:client_credential accessTokenURL:https://api.weixin.qq.com/cgi-bin/token?grant_type=client_credential&&appid=wx1dc762cdfeb4ed66&secret=a72c8ccb896f3f7ddaf45f5318035bde}
2016/08/22 08:28:35 [access_token_server.go:40] [I] 获取accessToken的配置
2016/08/22 08:28:35 [access_token_server.go:45] [I] 获取accessToken的配置==============start===================
2016/08/22 08:28:35 [utils.go:49] [I] key is access_token_url||value is https://api.weixin.qq.com/cgi-bin/token
2016/08/22 08:28:35 [utils.go:49] [I] key is appID||value is wx1dc762cdfeb4ed66
2016/08/22 08:28:35 [utils.go:49] [I] key is appsecret||value is a72c8ccb896f3f7ddaf45f5318035bde
2016/08/22 08:28:35 [utils.go:49] [I] key is grant_type||value is client_credential
2016/08/22 08:28:35 [access_token_server.go:47] [I] accessToken 配置文件信息：&{url:https://api.weixin.qq.com/cgi-bin/token aPPID:wx1dc762cdfeb4ed66 appsecret:a72c8ccb896f3f7ddaf45f5318035bde grantType:client_credential accessTokenURL:https://api.weixin.qq.com/cgi-bin/token?grant_type=client_credential&&appid=wx1dc762cdfeb4ed66&secret=a72c8ccb896f3f7ddaf45f5318035bde}
2016/08/22 08:28:35 [access_token_server.go:48] [I] 获取accessToken的配置==============end===================
2016/08/22 08:28:35 [access_token_server.go:42] [I] 获取accessToken的配置 &{url:https://api.weixin.qq.com/cgi-bin/token aPPID:wx1dc762cdfeb4ed66 appsecret:a72c8ccb896f3f7ddaf45f5318035bde grantType:client_credential accessTokenURL:https://api.weixin.qq.com/cgi-bin/token?grant_type=client_credential&&appid=wx1dc762cdfeb4ed66&secret=a72c8ccb896f3f7ddaf45f5318035bde}
2016/08/22 08:29:49 [access_token_server.go:40] [I] 获取accessToken的配置
2016/08/22 08:29:49 [access_token_server.go:45] [I] 获取accessToken的配置==============start===================
2016/08/22 08:29:49 [utils.go:49] [I] key is access_token_url||value is https://api.weixin.qq.com/cgi-bin/token
2016/08/22 08:29:49 [utils.go:49] [I] key is appID||value is wx1dc762cdfeb4ed66
2016/08/22 08:29:49 [utils.go:49] [I] key is appsecret||value is a72c8ccb896f3f7ddaf45f5318035bde
2016/08/22 08:29:49 [utils.go:49] [I] key is grant_type||value is client_credential
2016/08/22 08:29:49 [access_token_server.go:47] [I] accessToken 配置文件信息：&{url:https://api.weixin.qq.com/cgi-bin/token aPPID:wx1dc762cdfeb4ed66 appsecret:a72c8ccb896f3f7ddaf45f5318035bde grantType:client_credential accessTokenURL:https://api.weixin.qq.com/cgi-bin/token?grant_type=client_credential&&appid=wx1dc762cdfeb4ed66&secret=a72c8ccb896f3f7ddaf45f5318035bde}
2016/08/22 08:29:49 [access_token_server.go:48] [I] 获取accessToken的配置==============end===================
2016/08/22 08:29:49 [access_token_server.go:42] [I] 获取accessToken的配置 &{url:https://api.weixin.qq.com/cgi-bin/token aPPID:wx1dc762cdfeb4ed66 appsecret:a72c8ccb896f3f7ddaf45f5318035bde grantType:client_credential accessTokenURL:https://api.weixin.qq.com/cgi-bin/token?grant_type=client_credential&&appid=wx1dc762cdfeb4ed66&secret=a72c8ccb896f3f7ddaf45f5318035bde}
2016/08/22 08:30:01 [access_token_server.go:40] [I] 获取accessToken的配置
2016/08/22 08:30:01 [access_token_server.go:45] [I] 获取accessToken的配置==============start===================
2016/08/22 08:30:01 [utils.go:49] [I] key is access_token_url||value is https://api.weixin.qq.com/cgi-bin/token
2016/08/22 08:30:01 [utils.go:49] [I] key is appID||value is wx1dc762cdfeb4ed66
2016/08/22 08:30:01 [utils.go:49] [I] key is appsecret||value is a72c8ccb896f3f7ddaf45f5318035bde
2016/08/22 08:30:01 [utils.go:49] [I] key is grant_type||value is client_credential
2016/08/22 08:30:01 [access_token_server.go:47] [I] accessToken 配置文件信息：&{url:https://api.weixin.qq.com/cgi-bin/token aPPID:wx1dc762cdfeb4ed66 appsecret:a72c8ccb896f3f7ddaf45f5318035bde grantType:client_credential accessTokenURL:https://api.weixin.qq.com/cgi-bin/token?grant_type=client_credential&&appid=wx1dc762cdfeb4ed66&secret=a72c8ccb896f3f7ddaf45f5318035bde}
2016/08/22 08:30:01 [access_token_server.go:48] [I] 获取accessToken的配置==============end===================
2016/08/22 08:30:01 [access_token_server.go:42] [I] 获取accessToken的配置 &{url:https://api.weixin.qq.com/cgi-bin/token aPPID:wx1dc762cdfeb4ed66 appsecret:a72c8ccb896f3f7ddaf45f5318035bde grantType:client_credential accessTokenURL:https://api.weixin.qq.com/cgi-bin/token?grant_type=client_credential&&appid=wx1dc762cdfeb4ed66&secret=a72c8ccb896f3f7ddaf45f5318035bde}
2016/08/22 08:30:18 [access_token_server.go:40] [I] 获取accessToken的配置
2016/08/22 08:30:18 [access_token_server.go:45] [I] 获取accessToken的配置==============start===================
2016/08/22 08:30:18 [utils.go:49] [I] key is access_token_url||value is https://api.weixin.qq.com/cgi-bin/token
2016/08/22 08:30:18 [utils.go:49] [I] key is appID||value is wx1dc762cdfeb4ed66
2016/08/22 08:30:18 [utils.go:49] [I] key is appsecret||value is a72c8ccb896f3f7ddaf45f5318035bde
2016/08/22 08:30:18 [utils.go:49] [I] key is grant_type||value is client_credential
2016/08/22 08:30:18 [access_token_server.go:47] [I] accessToken 配置文件信息：&{url:https://api.weixin.qq.com/cgi-bin/token aPPID:wx1dc762cdfeb4ed66 appsecret:a72c8ccb896f3f7ddaf45f5318035bde grantType:client_credential accessTokenURL:https://api.weixin.qq.com/cgi-bin/token?grant_type=client_credential&&appid=wx1dc762cdfeb4ed66&secret=a72c8ccb896f3f7ddaf45f5318035bde}
2016/08/22 08:30:18 [access_token_server.go:48] [I] 获取accessToken的配置==============end===================
2016/08/22 08:30:18 [access_token_server.go:42] [I] 获取accessToken的配置 &{url:https://api.weixin.qq.com/cgi-bin/token aPPID:wx1dc762cdfeb4ed66 appsecret:a72c8ccb896f3f7ddaf45f5318035bde grantType:client_credential accessTokenURL:https://api.weixin.qq.com/cgi-bin/token?grant_type=client_credential&&appid=wx1dc762cdfeb4ed66&secret=a72c8ccb896f3f7ddaf45f5318035bde}
2016/08/22 08:31:02 [access_token_server.go:40] [I] 获取accessToken的配置
2016/08/22 08:31:02 [access_token_server.go:45] [I] 获取accessToken的配置==============start===================
2016/08/22 08:31:02 [utils.go:49] [I] key is access_token_url||value is https://api.weixin.qq.com/cgi-bin/token
2016/08/22 08:31:02 [utils.go:49] [I] key is appID||value is wx1dc762cdfeb4ed66
2016/08/22 08:31:02 [utils.go:49] [I] key is appsecret||value is a72c8ccb896f3f7ddaf45f5318035bde
2016/08/22 08:31:02 [utils.go:49] [I] key is grant_type||value is client_credential
2016/08/22 08:31:02 [access_token_server.go:47] [I] accessToken 配置文件信息：&{url:https://api.weixin.qq.com/cgi-bin/token aPPID:wx1dc762cdfeb4ed66 appsecret:a72c8ccb896f3f7ddaf45f5318035bde grantType:client_credential accessTokenURL:https://api.weixin.qq.com/cgi-bin/token?grant_type=client_credential&&appid=wx1dc762cdfeb4ed66&secret=a72c8ccb896f3f7ddaf45f5318035bde}
2016/08/22 08:31:02 [access_token_server.go:48] [I] 获取accessToken的配置==============end===================
2016/08/22 08:31:02 [access_token_server.go:42] [I] 获取accessToken的配置 &{url:https://api.weixin.qq.com/cgi-bin/token aPPID:wx1dc762cdfeb4ed66 appsecret:a72c8ccb896f3f7ddaf45f5318035bde grantType:client_credential accessTokenURL:https://api.weixin.qq.com/cgi-bin/token?grant_type=client_credential&&appid=wx1dc762cdfeb4ed66&secret=a72c8ccb896f3f7ddaf45f5318035bde}
2016/08/22 08:31:13 [access_token_server.go:40] [I] 获取accessToken的配置
2016/08/22 08:31:13 [access_token_server.go:45] [I] 获取accessToken的配置==============start===================
2016/08/22 08:31:13 [utils.go:49] [I] key is access_token_url||value is https://api.weixin.qq.com/cgi-bin/token
2016/08/22 08:31:13 [utils.go:49] [I] key is appID||value is wx1dc762cdfeb4ed66
2016/08/22 08:31:13 [utils.go:49] [I] key is appsecret||value is a72c8ccb896f3f7ddaf45f5318035bde
2016/08/22 08:31:13 [utils.go:49] [I] key is grant_type||value is client_credential
2016/08/22 08:31:13 [access_token_server.go:47] [I] accessToken 配置文件信息：&{url:https://api.weixin.qq.com/cgi-bin/token aPPID:wx1dc762cdfeb4ed66 appsecret:a72c8ccb896f3f7ddaf45f5318035bde grantType:client_credential accessTokenURL:https://api.weixin.qq.com/cgi-bin/token?grant_type=client_credential&&appid=wx1dc762cdfeb4ed66&secret=a72c8ccb896f3f7ddaf45f5318035bde}
2016/08/22 08:31:13 [access_token_server.go:48] [I] 获取accessToken的配置==============end===================
2016/08/22 08:31:13 [access_token_server.go:42] [I] 获取accessToken的配置 &{url:https://api.weixin.qq.com/cgi-bin/token aPPID:wx1dc762cdfeb4ed66 appsecret:a72c8ccb896f3f7ddaf45f5318035bde grantType:client_credential accessTokenURL:https://api.weixin.qq.com/cgi-bin/token?grant_type=client_credential&&appid=wx1dc762cdfeb4ed66&secret=a72c8ccb896f3f7ddaf45f5318035bde}
2016/08/25 15:20:04 [access_token_server.go:40][I] 获取accessToken的配置
2016/08/25 15:20:04 [access_token_server.go:45][I] 获取accessToken的配置==============start===================
2016/08/25 15:20:04 [utils.go:49][I] key is access_token_url||value is https://api.weixin.qq.com/cgi-bin/token
2016/08/25 15:20:04 [utils.go:49][I] key is appID||value is wx1dc762cdfeb4ed66
2016/08/25 15:20:04 [utils.go:49][I] key is appsecret||value is a72c8ccb896f3f7ddaf45f5318035bde
2016/08/25 15:20:04 [utils.go:49][I] key is grant_type||value is client_credential
2016/08/25 15:20:04 [access_token_server.go:47][I] accessToken 配置文件信息：&{url:https://api.weixin.qq.com/cgi-bin/token aPPID:wx1dc762cdfeb4ed66 appsecret:a72c8ccb896f3f7ddaf45f5318035bde grantType:client_credential accessTokenURL:https://api.weixin.qq.com/cgi-bin/token?grant_type=client_credential&&appid=wx1dc762cdfeb4ed66&secret=a72c8ccb896f3f7ddaf45f5318035bde}
2016/08/25 15:20:04 [access_token_server.go:48][I] 获取accessToken的配置==============end===================
2016/08/25 15:20:04 [access_token_server.go:42][I] 获取accessToken的配置 &{url:https://api.weixin.qq.com/cgi-bin/token aPPID:wx1dc762cdfeb4ed66 appsecret:a72c8ccb896f3f7ddaf45f5318035bde grantType:client_credential accessTokenURL:https://api.weixin.qq.com/cgi-bin/token?grant_type=client_credential&&appid=wx1dc762cdfeb4ed66&secret=a72c8ccb896f3f7ddaf45f5318035bde}
2016/08/25 15:21:04 [access_token_server.go:40][I] 获取accessToken的配置
2016/08/25 15:21:04 [access_token_server.go:45][I] 获取accessToken的配置==============start===================
2016/08/25 15:21:04 [utils.go:49][I] key is access_token_url||value is https://api.weixin.qq.com/cgi-bin/token
2016/08/25 15:21:04 [utils.go:49][I] key is appID||value is wx1dc762cdfeb4ed66
2016/08/25 15:21:04 [utils.go:49][I] key is appsecret||value is a72c8ccb896f3f7ddaf45f5318035bde
2016/08/25 15:21:04 [utils.go:49][I] key is grant_type||value is client_credential
2016/08/25 15:21:04 [access_token_server.go:47][I] accessToken 配置文件信息：&{url:https://api.weixin.qq.com/cgi-bin/token aPPID:wx1dc762cdfeb4ed66 appsecret:a72c8ccb896f3f7ddaf45f5318035bde grantType:client_credential accessTokenURL:https://api.weixin.qq.com/cgi-bin/token?grant_type=client_credential&&appid=wx1dc762cdfeb4ed66&secret=a72c8ccb896f3f7ddaf45f5318035bde}
2016/08/25 15:21:04 [access_token_server.go:48][I] 获取accessToken的配置==============end===================
2016/08/25 15:21:04 [access_token_server.go:42][I] 获取accessToken的配置 &{url:https://api.weixin.qq.com/cgi-bin/token aPPID:wx1dc762cdfeb4ed66 appsecret:a72c8ccb896f3f7ddaf45f5318035bde grantType:client_credential accessTokenURL:https://api.weixin.qq.com/cgi-bin/token?grant_type=client_credential&&appid=wx1dc762cdfeb4ed66&secret=a72c8ccb896f3f7ddaf45f5318035bde}
2016/08/25 15:27:50 [access_token_server.go:40][I] 获取accessToken的配置
2016/08/25 15:27:50 [access_token_server.go:45][I] 获取accessToken的配置==============start===================
2016/08/25 15:27:50 [utils.go:49][I] key is access_token_url||value is https://api.weixin.qq.com/cgi-bin/token
2016/08/25 15:27:50 [utils.go:49][I] key is appID||value is wx1dc762cdfeb4ed66
2016/08/25 15:27:50 [utils.go:49][I] key is appsecret||value is a72c8ccb896f3f7ddaf45f5318035bde
2016/08/25 15:27:50 [utils.go:49][I] key is grant_type||value is client_credential
2016/08/25 15:27:50 [access_token_server.go:47][I] accessToken 配置文件信息：&{url:https://api.weixin.qq.com/cgi-bin/token aPPID:wx1dc762cdfeb4ed66 appsecret:a72c8ccb896f3f7ddaf45f5318035bde grantType:client_credential accessTokenURL:https://api.weixin.qq.com/cgi-bin/token?grant_type=client_credential&&appid=wx1dc762cdfeb4ed66&secret=a72c8ccb896f3f7ddaf45f5318035bde}
2016/08/25 15:27:50 [access_token_server.go:48][I] 获取accessToken的配置==============end===================
2016/08/25 15:27:50 [access_token_server.go:42][I] 获取accessToken的配置 &{url:https://api.weixin.qq.com/cgi-bin/token aPPID:wx1dc762cdfeb4ed66 appsecret:a72c8ccb896f3f7ddaf45f5318035bde grantType:client_credential accessTokenURL:https://api.weixin.qq.com/cgi-bin/token?grant_type=client_credential&&appid=wx1dc762cdfeb4ed66&secret=a72c8ccb896f3f7ddaf45f5318035bde}
2016/08/25 15:30:25 [access_token_server.go:40][I] 获取accessToken的配置
2016/08/25 15:30:25 [access_token_server.go:45][I] 获取accessToken的配置==============start===================
2016/08/25 15:30:25 [utils.go:49][I] key is access_token_url||value is https://api.weixin.qq.com/cgi-bin/token
2016/08/25 15:30:25 [utils.go:49][I] key is appID||value is wx1dc762cdfeb4ed66
2016/08/25 15:30:25 [utils.go:49][I] key is appsecret||value is a72c8ccb896f3f7ddaf45f5318035bde
2016/08/25 15:30:25 [utils.go:49][I] key is grant_type||value is client_credential
2016/08/25 15:30:25 [access_token_server.go:47][I] accessToken 配置文件信息：&{url:https://api.weixin.qq.com/cgi-bin/token aPPID:wx1dc762cdfeb4ed66 appsecret:a72c8ccb896f3f7ddaf45f5318035bde grantType:client_credential accessTokenURL:https://api.weixin.qq.com/cgi-bin/token?grant_type=client_credential&&appid=wx1dc762cdfeb4ed66&secret=a72c8ccb896f3f7ddaf45f5318035bde}
2016/08/25 15:30:25 [access_token_server.go:48][I] 获取accessToken的配置==============end===================
2016/08/25 15:30:25 [access_token_server.go:42][I] 获取accessToken的配置 &{url:https://api.weixin.qq.com/cgi-bin/token aPPID:wx1dc762cdfeb4ed66 appsecret:a72c8ccb896f3f7ddaf45f5318035bde grantType:client_credential accessTokenURL:https://api.weixin.qq.com/cgi-bin/token?grant_type=client_credential&&appid=wx1dc762cdfeb4ed66&secret=a72c8ccb896f3f7ddaf45f5318035bde}
2016/08/25 15:31:30 [access_token_server.go:40][I] 获取accessToken的配置
2016/08/25 15:31:30 [access_token_server.go:45][I] 获取accessToken的配置==============start===================
2016/08/25 15:31:30 [utils.go:49][I] key is access_token_url||value is https://api.weixin.qq.com/cgi-bin/token
2016/08/25 15:31:30 [utils.go:49][I] key is appID||value is wx1dc762cdfeb4ed66
2016/08/25 15:31:30 [utils.go:49][I] key is appsecret||value is a72c8ccb896f3f7ddaf45f5318035bde
2016/08/25 15:31:30 [utils.go:49][I] key is grant_type||value is client_credential
2016/08/25 15:31:30 [access_token_server.go:47][I] accessToken 配置文件信息：&{url:https://api.weixin.qq.com/cgi-bin/token aPPID:wx1dc762cdfeb4ed66 appsecret:a72c8ccb896f3f7ddaf45f5318035bde grantType:client_credential accessTokenURL:https://api.weixin.qq.com/cgi-bin/token?grant_type=client_credential&&appid=wx1dc762cdfeb4ed66&secret=a72c8ccb896f3f7ddaf45f5318035bde}
2016/08/25 15:31:30 [access_token_server.go:48][I] 获取accessToken的配置==============end===================
2016/08/25 15:31:30 [access_token_server.go:42][I] 获取accessToken的配置 &{url:https://api.weixin.qq.com/cgi-bin/token aPPID:wx1dc762cdfeb4ed66 appsecret:a72c8ccb896f3f7ddaf45f5318035bde grantType:client_credential accessTokenURL:https://api.weixin.qq.com/cgi-bin/token?grant_type=client_credential&&appid=wx1dc762cdfeb4ed66&secret=a72c8ccb896f3f7ddaf45f5318035bde}
2016/08/25 15:32:11 [access_token_server.go:40][I] 获取accessToken的配置
2016/08/25 15:32:11 [access_token_server.go:45][I] 获取accessToken的配置==============start===================
2016/08/25 15:32:11 [utils.go:49][I] key is access_token_url||value is https://api.weixin.qq.com/cgi-bin/token
2016/08/25 15:32:11 [utils.go:49][I] key is appID||value is wx1dc762cdfeb4ed66
2016/08/25 15:32:11 [utils.go:49][I] key is appsecret||value is a72c8ccb896f3f7ddaf45f5318035bde
2016/08/25 15:32:11 [utils.go:49][I] key is grant_type||value is client_credential
2016/08/25 15:32:11 [access_token_server.go:47][I] accessToken 配置文件信息：&{url:https://api.weixin.qq.com/cgi-bin/token aPPID:wx1dc762cdfeb4ed66 appsecret:a72c8ccb896f3f7ddaf45f5318035bde grantType:client_credential accessTokenURL:https://api.weixin.qq.com/cgi-bin/token?grant_type=client_credential&&appid=wx1dc762cdfeb4ed66&secret=a72c8ccb896f3f7ddaf45f5318035bde}
2016/08/25 15:32:11 [access_token_server.go:48][I] 获取accessToken的配置==============end===================
2016/08/25 15:32:11 [access_token_server.go:42][I] 获取accessToken的配置 &{url:https://api.weixin.qq.com/cgi-bin/token aPPID:wx1dc762cdfeb4ed66 appsecret:a72c8ccb896f3f7ddaf45f5318035bde grantType:client_credential accessTokenURL:https://api.weixin.qq.com/cgi-bin/token?grant_type=client_credential&&appid=wx1dc762cdfeb4ed66&secret=a72c8ccb896f3f7ddaf45f5318035bde}
2016/08/25 15:32:11 [access_token_server.go:40][I] 获取accessToken的配置
2016/08/25 15:32:11 [access_token_server.go:45][I] 获取accessToken的配置==============start===================
2016/08/25 15:32:11 [utils.go:49][I] key is access_token_url||value is https://api.weixin.qq.com/cgi-bin/token
2016/08/25 15:32:11 [utils.go:49][I] key is appID||value is wx1dc762cdfeb4ed66
2016/08/25 15:32:11 [utils.go:49][I] key is appsecret||value is a72c8ccb896f3f7ddaf45f5318035bde
2016/08/25 15:32:11 [utils.go:49][I] key is grant_type||value is client_credential
2016/08/25 15:32:11 [access_token_server.go:47][I] accessToken 配置文件信息：&{url:https://api.weixin.qq.com/cgi-bin/token aPPID:wx1dc762cdfeb4ed66 appsecret:a72c8ccb896f3f7ddaf45f5318035bde grantType:client_credential accessTokenURL:https://api.weixin.qq.com/cgi-bin/token?grant_type=client_credential&&appid=wx1dc762cdfeb4ed66&secret=a72c8ccb896f3f7ddaf45f5318035bde}
2016/08/25 15:32:11 [access_token_server.go:48][I] 获取accessToken的配置==============end===================
2016/08/25 15:32:11 [access_token_server.go:42][I] 获取accessToken的配置 &{url:https://api.weixin.qq.com/cgi-bin/token aPPID:wx1dc762cdfeb4ed66 appsecret:a72c8ccb896f3f7ddaf45f5318035bde grantType:client_credential accessTokenURL:https://api.weixin.qq.com/cgi-bin/token?grant_type=client_credential&&appid=wx1dc762cdfeb4ed66&secret=a72c8ccb896f3f7ddaf45f5318035bde}
2016/08/25 15:32:27 [access_token_server.go:40][I] 获取accessToken的配置
2016/08/25 15:32:27 [access_token_server.go:45][I] 获取accessToken的配置==============start===================
2016/08/25 15:32:27 [utils.go:49][I] key is access_token_url||value is https://api.weixin.qq.com/cgi-bin/token
2016/08/25 15:32:27 [utils.go:49][I] key is appID||value is wx1dc762cdfeb4ed66
2016/08/25 15:32:27 [utils.go:49][I] key is appsecret||value is a72c8ccb896f3f7ddaf45f5318035bde
2016/08/25 15:32:27 [utils.go:49][I] key is grant_type||value is client_credential
2016/08/25 15:32:27 [access_token_server.go:47][I] accessToken 配置文件信息：&{url:https://api.weixin.qq.com/cgi-bin/token aPPID:wx1dc762cdfeb4ed66 appsecret:a72c8ccb896f3f7ddaf45f5318035bde grantType:client_credential accessTokenURL:https://api.weixin.qq.com/cgi-bin/token?grant_type=client_credential&&appid=wx1dc762cdfeb4ed66&secret=a72c8ccb896f3f7ddaf45f5318035bde}
2016/08/25 15:32:27 [access_token_server.go:48][I] 获取accessToken的配置==============end===================
2016/08/25 15:32:27 [access_token_server.go:42][I] 获取accessToken的配置 &{url:https://api.weixin.qq.com/cgi-bin/token aPPID:wx1dc762cdfeb4ed66 appsecret:a72c8ccb896f3f7ddaf45f5318035bde grantType:client_credential accessTokenURL:https://api.weixin.qq.com/cgi-bin/token?grant_type=client_credential&&appid=wx1dc762cdfeb4ed66&secret=a72c8ccb896f3f7ddaf45f5318035bde}
2016/08/25 15:32:46 [access_token_server.go:40][I] 获取accessToken的配置
2016/08/25 15:32:46 [access_token_server.go:45][I] 获取accessToken的配置==============start===================
2016/08/25 15:32:46 [utils.go:49][I] key is access_token_url||value is https://api.weixin.qq.com/cgi-bin/token
2016/08/25 15:32:46 [utils.go:49][I] key is appID||value is wx1dc762cdfeb4ed66
2016/08/25 15:32:46 [utils.go:49][I] key is appsecret||value is a72c8ccb896f3f7ddaf45f5318035bde
2016/08/25 15:32:46 [utils.go:49][I] key is grant_type||value is client_credential
2016/08/25 15:32:46 [access_token_server.go:47][I] accessToken 配置文件信息：&{url:https://api.weixin.qq.com/cgi-bin/token aPPID:wx1dc762cdfeb4ed66 appsecret:a72c8ccb896f3f7ddaf45f5318035bde grantType:client_credential accessTokenURL:https://api.weixin.qq.com/cgi-bin/token?grant_type=client_credential&&appid=wx1dc762cdfeb4ed66&secret=a72c8ccb896f3f7ddaf45f5318035bde}
2016/08/25 15:32:46 [access_token_server.go:48][I] 获取accessToken的配置==============end===================
2016/08/25 15:32:46 [access_token_server.go:42][I] 获取accessToken的配置 &{url:https://api.weixin.qq.com/cgi-bin/token aPPID:wx1dc762cdfeb4ed66 appsecret:a72c8ccb896f3f7ddaf45f5318035bde grantType:client_credential accessTokenURL:https://api.weixin.qq.com/cgi-bin/token?grant_type=client_credential&&appid=wx1dc762cdfeb4ed66&secret=a72c8ccb896f3f7ddaf45f5318035bde}
2016/08/25 15:33:08 [access_token_server.go:40][I] 获取accessToken的配置
2016/08/25 15:33:08 [access_token_server.go:45][I] 获取accessToken的配置==============start===================
2016/08/25 15:33:08 [utils.go:49][I] key is access_token_url||value is https://api.weixin.qq.com/cgi-bin/token
2016/08/25 15:33:08 [utils.go:49][I] key is appID||value is wx1dc762cdfeb4ed66
2016/08/25 15:33:08 [utils.go:49][I] key is appsecret||value is a72c8ccb896f3f7ddaf45f5318035bde
2016/08/25 15:33:08 [utils.go:49][I] key is grant_type||value is client_credential
2016/08/25 15:33:08 [access_token_server.go:47][I] accessToken 配置文件信息：&{url:https://api.weixin.qq.com/cgi-bin/token aPPID:wx1dc762cdfeb4ed66 appsecret:a72c8ccb896f3f7ddaf45f5318035bde grantType:client_credential accessTokenURL:https://api.weixin.qq.com/cgi-bin/token?grant_type=client_credential&&appid=wx1dc762cdfeb4ed66&secret=a72c8ccb896f3f7ddaf45f5318035bde}
2016/08/25 15:33:08 [access_token_server.go:48][I] 获取accessToken的配置==============end===================
2016/08/25 15:33:08 [access_token_server.go:42][I] 获取accessToken的配置 &{url:https://api.weixin.qq.com/cgi-bin/token aPPID:wx1dc762cdfeb4ed66 appsecret:a72c8ccb896f3f7ddaf45f5318035bde grantType:client_credential accessTokenURL:https://api.weixin.qq.com/cgi-bin/token?grant_type=client_credential&&appid=wx1dc762cdfeb4ed66&secret=a72c8ccb896f3f7ddaf45f5318035bde}
2016/08/25 15:34:20 [access_token_server.go:40][I] 获取accessToken的配置
2016/08/25 15:34:20 [access_token_server.go:45][I] 获取accessToken的配置==============start===================
2016/08/25 15:34:20 [utils.go:49][I] key is access_token_url||value is https://api.weixin.qq.com/cgi-bin/token
2016/08/25 15:34:20 [utils.go:49][I] key is appID||value is wx1dc762cdfeb4ed66
2016/08/25 15:34:20 [utils.go:49][I] key is appsecret||value is a72c8ccb896f3f7ddaf45f5318035bde
2016/08/25 15:34:20 [utils.go:49][I] key is grant_type||value is client_credential
2016/08/25 15:34:20 [access_token_server.go:47][I] accessToken 配置文件信息：&{url:https://api.weixin.qq.com/cgi-bin/token aPPID:wx1dc762cdfeb4ed66 appsecret:a72c8ccb896f3f7ddaf45f5318035bde grantType:client_credential accessTokenURL:https://api.weixin.qq.com/cgi-bin/token?grant_type=client_credential&&appid=wx1dc762cdfeb4ed66&secret=a72c8ccb896f3f7ddaf45f5318035bde}
2016/08/25 15:34:20 [access_token_server.go:48][I] 获取accessToken的配置==============end===================
2016/08/25 15:34:20 [access_token_server.go:42][I] 获取accessToken的配置 &{url:https://api.weixin.qq.com/cgi-bin/token aPPID:wx1dc762cdfeb4ed66 appsecret:a72c8ccb896f3f7ddaf45f5318035bde grantType:client_credential accessTokenURL:https://api.weixin.qq.com/cgi-bin/token?grant_type=client_credential&&appid=wx1dc762cdfeb4ed66&secret=a72c8ccb896f3f7ddaf45f5318035bde}
2016/08/25 15:35:43 [access_token_server.go:40][I] 获取accessToken的配置
2016/08/25 15:35:43 [access_token_server.go:45][I] 获取accessToken的配置==============start===================
2016/08/25 15:35:43 [utils.go:49][I] key is access_token_url||value is https://api.weixin.qq.com/cgi-bin/token
2016/08/25 15:35:43 [utils.go:49][I] key is appID||value is wx1dc762cdfeb4ed66
2016/08/25 15:35:43 [utils.go:49][I] key is appsecret||value is a72c8ccb896f3f7ddaf45f5318035bde
2016/08/25 15:35:43 [utils.go:49][I] key is grant_type||value is client_credential
2016/08/25 15:35:43 [access_token_server.go:47][I] accessToken 配置文件信息：&{url:https://api.weixin.qq.com/cgi-bin/token aPPID:wx1dc762cdfeb4ed66 appsecret:a72c8ccb896f3f7ddaf45f5318035bde grantType:client_credential accessTokenURL:https://api.weixin.qq.com/cgi-bin/token?grant_type=client_credential&&appid=wx1dc762cdfeb4ed66&secret=a72c8ccb896f3f7ddaf45f5318035bde}
2016/08/25 15:35:43 [access_token_server.go:48][I] 获取accessToken的配置==============end===================
2016/08/25 15:35:43 [access_token_server.go:42][I] 获取accessToken的配置 &{url:https://api.weixin.qq.com/cgi-bin/token aPPID:wx1dc762cdfeb4ed66 appsecret:a72c8ccb896f3f7ddaf45f5318035bde grantType:client_credential accessTokenURL:https://api.weixin.qq.com/cgi-bin/token?grant_type=client_credential&&appid=wx1dc762cdfeb4ed66&secret=a72c8ccb896f3f7ddaf45f5318035bde}
2016/08/25 15:35:43 [main.go:14][I] 初始化数据库
2016/08/25 15:36:09 [access_token_server.go:40][I] 获取accessToken的配置
2016/08/25 15:36:09 [access_token_server.go:45][I] 获取accessToken的配置==============start===================
2016/08/25 15:36:09 [utils.go:49][I] key is access_token_url||value is https://api.weixin.qq.com/cgi-bin/token
2016/08/25 15:36:09 [utils.go:49][I] key is appID||value is wx1dc762cdfeb4ed66
2016/08/25 15:36:09 [utils.go:49][I] key is appsecret||value is a72c8ccb896f3f7ddaf45f5318035bde
2016/08/25 15:36:09 [utils.go:49][I] key is grant_type||value is client_credential
2016/08/25 15:36:09 [access_token_server.go:47][I] accessToken 配置文件信息：&{url:https://api.weixin.qq.com/cgi-bin/token aPPID:wx1dc762cdfeb4ed66 appsecret:a72c8ccb896f3f7ddaf45f5318035bde grantType:client_credential accessTokenURL:https://api.weixin.qq.com/cgi-bin/token?grant_type=client_credential&&appid=wx1dc762cdfeb4ed66&secret=a72c8ccb896f3f7ddaf45f5318035bde}
2016/08/25 15:36:09 [access_token_server.go:48][I] 获取accessToken的配置==============end===================
2016/08/25 15:36:09 [access_token_server.go:42][I] 获取accessToken的配置 &{url:https://api.weixin.qq.com/cgi-bin/token aPPID:wx1dc762cdfeb4ed66 appsecret:a72c8ccb896f3f7ddaf45f5318035bde grantType:client_credential accessTokenURL:https://api.weixin.qq.com/cgi-bin/token?grant_type=client_credential&&appid=wx1dc762cdfeb4ed66&secret=a72c8ccb896f3f7ddaf45f5318035bde}
2016/08/25 15:36:09 [main.go:14][I] 初始化数据库=======start============
2016/08/25 15:36:09 [main.go:17][I] 初始化数据库
2016/08/25 15:36:22 [access_token_server.go:40][I] 获取accessToken的配置
2016/08/25 15:36:22 [access_token_server.go:45][I] 获取accessToken的配置==============start===================
2016/08/25 15:36:22 [utils.go:49][I] key is access_token_url||value is https://api.weixin.qq.com/cgi-bin/token
2016/08/25 15:36:22 [utils.go:49][I] key is appID||value is wx1dc762cdfeb4ed66
2016/08/25 15:36:22 [utils.go:49][I] key is appsecret||value is a72c8ccb896f3f7ddaf45f5318035bde
2016/08/25 15:36:22 [utils.go:49][I] key is grant_type||value is client_credential
2016/08/25 15:36:22 [access_token_server.go:47][I] accessToken 配置文件信息：&{url:https://api.weixin.qq.com/cgi-bin/token aPPID:wx1dc762cdfeb4ed66 appsecret:a72c8ccb896f3f7ddaf45f5318035bde grantType:client_credential accessTokenURL:https://api.weixin.qq.com/cgi-bin/token?grant_type=client_credential&&appid=wx1dc762cdfeb4ed66&secret=a72c8ccb896f3f7ddaf45f5318035bde}
2016/08/25 15:36:22 [access_token_server.go:48][I] 获取accessToken的配置==============end===================
2016/08/25 15:36:22 [access_token_server.go:42][I] 获取accessToken的配置 &{url:https://api.weixin.qq.com/cgi-bin/token aPPID:wx1dc762cdfeb4ed66 appsecret:a72c8ccb896f3f7ddaf45f5318035bde grantType:client_credential accessTokenURL:https://api.weixin.qq.com/cgi-bin/token?grant_type=client_credential&&appid=wx1dc762cdfeb4ed66&secret=a72c8ccb896f3f7ddaf45f5318035bde}
2016/08/25 15:36:22 [main.go:14][I] 初始化数据库=======start============
2016/08/25 15:36:22 [main.go:17][I] 初始化数据库=======end=================
2016/08/25 15:59:33 [access_token_server.go:40] [I] 获取accessToken的配置
2016/08/25 15:59:33 [access_token_server.go:45] [I] 获取accessToken的配置==============start===================
2016/08/25 15:59:33 [utils.go:49] [I] key is access_token_url||value is https://api.weixin.qq.com/cgi-bin/token
2016/08/25 15:59:33 [utils.go:49] [I] key is appID||value is wx1dc762cdfeb4ed66
2016/08/25 15:59:33 [utils.go:49] [I] key is appsecret||value is a72c8ccb896f3f7ddaf45f5318035bde
2016/08/25 15:59:33 [utils.go:49] [I] key is grant_type||value is client_credential
2016/08/25 15:59:33 [access_token_server.go:47] [I] accessToken 配置文件信息：&{url:https://api.weixin.qq.com/cgi-bin/token aPPID:wx1dc762cdfeb4ed66 appsecret:a72c8ccb896f3f7ddaf45f5318035bde grantType:client_credential accessTokenURL:https://api.weixin.qq.com/cgi-bin/token?grant_type=client_credential&&appid=wx1dc762cdfeb4ed66&secret=a72c8ccb896f3f7ddaf45f5318035bde}
2016/08/25 15:59:33 [access_token_server.go:48] [I] 获取accessToken的配置==============end===================
2016/08/25 15:59:33 [access_token_server.go:42] [I] 获取accessToken的配置 &{url:https://api.weixin.qq.com/cgi-bin/token aPPID:wx1dc762cdfeb4ed66 appsecret:a72c8ccb896f3f7ddaf45f5318035bde grantType:client_credential accessTokenURL:https://api.weixin.qq.com/cgi-bin/token?grant_type=client_credential&&appid=wx1dc762cdfeb4ed66&secret=a72c8ccb896f3f7ddaf45f5318035bde}
2016/08/25 15:59:33 [main.go:14] [I] 初始化数据库=======start============
2016/08/25 15:59:35 [main.go:18] [I] 初始化数据库=======end=================
2016/08/25 16:01:04 [access_token_server.go:40] [I] 获取accessToken的配置
2016/08/25 16:01:04 [access_token_server.go:45] [I] 获取accessToken的配置==============start===================
2016/08/25 16:01:04 [utils.go:49] [I] key is access_token_url||value is https://api.weixin.qq.com/cgi-bin/token
2016/08/25 16:01:04 [utils.go:49] [I] key is appID||value is wx1dc762cdfeb4ed66
2016/08/25 16:01:04 [utils.go:49] [I] key is appsecret||value is a72c8ccb896f3f7ddaf45f5318035bde
2016/08/25 16:01:04 [utils.go:49] [I] key is grant_type||value is client_credential
2016/08/25 16:01:04 [access_token_server.go:47] [I] accessToken 配置文件信息：&{url:https://api.weixin.qq.com/cgi-bin/token aPPID:wx1dc762cdfeb4ed66 appsecret:a72c8ccb896f3f7ddaf45f5318035bde grantType:client_credential accessTokenURL:https://api.weixin.qq.com/cgi-bin/token?grant_type=client_credential&&appid=wx1dc762cdfeb4ed66&secret=a72c8ccb896f3f7ddaf45f5318035bde}
2016/08/25 16:01:04 [access_token_server.go:48] [I] 获取accessToken的配置==============end===================
2016/08/25 16:01:04 [access_token_server.go:42] [I] 获取accessToken的配置 &{url:https://api.weixin.qq.com/cgi-bin/token aPPID:wx1dc762cdfeb4ed66 appsecret:a72c8ccb896f3f7ddaf45f5318035bde grantType:client_credential accessTokenURL:https://api.weixin.qq.com/cgi-bin/token?grant_type=client_credential&&appid=wx1dc762cdfeb4ed66&secret=a72c8ccb896f3f7ddaf45f5318035bde}
2016/08/25 16:01:04 [main.go:14] [I] 初始化数据库=======start============
2016/08/25 16:01:06 [main.go:18] [I] 初始化数据库=======end=================
2016/08/25 16:01:54 [access_token_server.go:40] [I] 获取accessToken的配置
2016/08/25 16:01:54 [access_token_server.go:45] [I] 获取accessToken的配置==============start===================
2016/08/25 16:01:54 [utils.go:49] [I] key is access_token_url||value is https://api.weixin.qq.com/cgi-bin/token
2016/08/25 16:01:54 [utils.go:49] [I] key is appID||value is wx1dc762cdfeb4ed66
2016/08/25 16:01:54 [utils.go:49] [I] key is appsecret||value is a72c8ccb896f3f7ddaf45f5318035bde
2016/08/25 16:01:54 [utils.go:49] [I] key is grant_type||value is client_credential
2016/08/25 16:01:54 [access_token_server.go:47] [I] accessToken 配置文件信息：&{url:https://api.weixin.qq.com/cgi-bin/token aPPID:wx1dc762cdfeb4ed66 appsecret:a72c8ccb896f3f7ddaf45f5318035bde grantType:client_credential accessTokenURL:https://api.weixin.qq.com/cgi-bin/token?grant_type=client_credential&&appid=wx1dc762cdfeb4ed66&secret=a72c8ccb896f3f7ddaf45f5318035bde}
2016/08/25 16:01:54 [access_token_server.go:48] [I] 获取accessToken的配置==============end===================
2016/08/25 16:01:54 [access_token_server.go:42] [I] 获取accessToken的配置 &{url:https://api.weixin.qq.com/cgi-bin/token aPPID:wx1dc762cdfeb4ed66 appsecret:a72c8ccb896f3f7ddaf45f5318035bde grantType:client_credential accessTokenURL:https://api.weixin.qq.com/cgi-bin/token?grant_type=client_credential&&appid=wx1dc762cdfeb4ed66&secret=a72c8ccb896f3f7ddaf45f5318035bde}
2016/08/25 16:01:54 [main.go:14] [I] 初始化数据库=======start============
2016/08/25 16:01:54 [main.go:18] [I] 初始化数据库=======end=================
2016/08/25 16:05:32 [access_token_server.go:40] [I] 获取accessToken的配置
2016/08/25 16:05:32 [access_token_server.go:45] [I] 获取accessToken的配置==============start===================
2016/08/25 16:05:32 [utils.go:49] [I] key is access_token_url||value is https://api.weixin.qq.com/cgi-bin/token
2016/08/25 16:05:32 [utils.go:49] [I] key is appID||value is wx1dc762cdfeb4ed66
2016/08/25 16:05:32 [utils.go:49] [I] key is appsecret||value is a72c8ccb896f3f7ddaf45f5318035bde
2016/08/25 16:05:32 [utils.go:49] [I] key is grant_type||value is client_credential
2016/08/25 16:05:32 [access_token_server.go:47] [I] accessToken 配置文件信息：&{url:https://api.weixin.qq.com/cgi-bin/token aPPID:wx1dc762cdfeb4ed66 appsecret:a72c8ccb896f3f7ddaf45f5318035bde grantType:client_credential accessTokenURL:https://api.weixin.qq.com/cgi-bin/token?grant_type=client_credential&&appid=wx1dc762cdfeb4ed66&secret=a72c8ccb896f3f7ddaf45f5318035bde}
2016/08/25 16:05:32 [access_token_server.go:48] [I] 获取accessToken的配置==============end===================
2016/08/25 16:05:32 [access_token_server.go:42] [I] 获取accessToken的配置 &{url:https://api.weixin.qq.com/cgi-bin/token aPPID:wx1dc762cdfeb4ed66 appsecret:a72c8ccb896f3f7ddaf45f5318035bde grantType:client_credential accessTokenURL:https://api.weixin.qq.com/cgi-bin/token?grant_type=client_credential&&appid=wx1dc762cdfeb4ed66&secret=a72c8ccb896f3f7ddaf45f5318035bde}
2016/08/25 16:05:32 [main.go:14] [I] 初始化数据库=======start============
2016/08/25 16:05:32 [main.go:18] [I] 初始化数据库=======end=================
2016/08/25 16:05:53 [access_token_server.go:40] [I] 获取accessToken的配置
2016/08/25 16:05:53 [access_token_server.go:45] [I] 获取accessToken的配置==============start===================
2016/08/25 16:05:53 [utils.go:49] [I] key is access_token_url||value is https://api.weixin.qq.com/cgi-bin/token
2016/08/25 16:05:53 [utils.go:49] [I] key is appID||value is wx1dc762cdfeb4ed66
2016/08/25 16:05:53 [utils.go:49] [I] key is appsecret||value is a72c8ccb896f3f7ddaf45f5318035bde
2016/08/25 16:05:53 [utils.go:49] [I] key is grant_type||value is client_credential
2016/08/25 16:05:53 [access_token_server.go:47] [I] accessToken 配置文件信息：&{url:https://api.weixin.qq.com/cgi-bin/token aPPID:wx1dc762cdfeb4ed66 appsecret:a72c8ccb896f3f7ddaf45f5318035bde grantType:client_credential accessTokenURL:https://api.weixin.qq.com/cgi-bin/token?grant_type=client_credential&&appid=wx1dc762cdfeb4ed66&secret=a72c8ccb896f3f7ddaf45f5318035bde}
2016/08/25 16:05:53 [access_token_server.go:48] [I] 获取accessToken的配置==============end===================
2016/08/25 16:05:53 [access_token_server.go:42] [I] 获取accessToken的配置 &{url:https://api.weixin.qq.com/cgi-bin/token aPPID:wx1dc762cdfeb4ed66 appsecret:a72c8ccb896f3f7ddaf45f5318035bde grantType:client_credential accessTokenURL:https://api.weixin.qq.com/cgi-bin/token?grant_type=client_credential&&appid=wx1dc762cdfeb4ed66&secret=a72c8ccb896f3f7ddaf45f5318035bde}
2016/08/25 16:05:53 [main.go:14] [I] 初始化数据库=======start============
2016/08/25 16:05:56 [main.go:18] [I] 初始化数据库=======end=================
2016/08/25 16:10:25 [access_token_server.go:40] [I] 获取accessToken的配置
2016/08/25 16:10:25 [access_token_server.go:45] [I] 获取accessToken的配置==============start===================
2016/08/25 16:10:25 [utils.go:49] [I] key is access_token_url||value is https://api.weixin.qq.com/cgi-bin/token
2016/08/25 16:10:25 [utils.go:49] [I] key is appID||value is wx1dc762cdfeb4ed66
2016/08/25 16:10:25 [utils.go:49] [I] key is appsecret||value is a72c8ccb896f3f7ddaf45f5318035bde
2016/08/25 16:10:25 [utils.go:49] [I] key is grant_type||value is client_credential
2016/08/25 16:10:25 [access_token_server.go:47] [I] accessToken 配置文件信息：&{url:https://api.weixin.qq.com/cgi-bin/token aPPID:wx1dc762cdfeb4ed66 appsecret:a72c8ccb896f3f7ddaf45f5318035bde grantType:client_credential accessTokenURL:https://api.weixin.qq.com/cgi-bin/token?grant_type=client_credential&&appid=wx1dc762cdfeb4ed66&secret=a72c8ccb896f3f7ddaf45f5318035bde}
2016/08/25 16:10:25 [access_token_server.go:48] [I] 获取accessToken的配置==============end===================
2016/08/25 16:10:25 [access_token_server.go:42] [I] 获取accessToken的配置 &{url:https://api.weixin.qq.com/cgi-bin/token aPPID:wx1dc762cdfeb4ed66 appsecret:a72c8ccb896f3f7ddaf45f5318035bde grantType:client_credential accessTokenURL:https://api.weixin.qq.com/cgi-bin/token?grant_type=client_credential&&appid=wx1dc762cdfeb4ed66&secret=a72c8ccb896f3f7ddaf45f5318035bde}
2016/08/25 16:10:25 [main.go:14] [I] 初始化数据库=======start============
2016/08/25 16:10:46 [main.go:18] [I] 初始化数据库=======end=================
2016/08/25 16:12:21 [access_token_server.go:40] [I] 获取accessToken的配置
2016/08/25 16:12:21 [access_token_server.go:45] [I] 获取accessToken的配置==============start===================
2016/08/25 16:12:21 [utils.go:49] [I] key is access_token_url||value is https://api.weixin.qq.com/cgi-bin/token
2016/08/25 16:12:21 [utils.go:49] [I] key is appID||value is wx1dc762cdfeb4ed66
2016/08/25 16:12:21 [utils.go:49] [I] key is appsecret||value is a72c8ccb896f3f7ddaf45f5318035bde
2016/08/25 16:12:21 [utils.go:49] [I] key is grant_type||value is client_credential
2016/08/25 16:12:21 [access_token_server.go:47] [I] accessToken 配置文件信息：&{url:https://api.weixin.qq.com/cgi-bin/token aPPID:wx1dc762cdfeb4ed66 appsecret:a72c8ccb896f3f7ddaf45f5318035bde grantType:client_credential accessTokenURL:https://api.weixin.qq.com/cgi-bin/token?grant_type=client_credential&&appid=wx1dc762cdfeb4ed66&secret=a72c8ccb896f3f7ddaf45f5318035bde}
2016/08/25 16:12:21 [access_token_server.go:48] [I] 获取accessToken的配置==============end===================
2016/08/25 16:12:21 [access_token_server.go:42] [I] 获取accessToken的配置 &{url:https://api.weixin.qq.com/cgi-bin/token aPPID:wx1dc762cdfeb4ed66 appsecret:a72c8ccb896f3f7ddaf45f5318035bde grantType:client_credential accessTokenURL:https://api.weixin.qq.com/cgi-bin/token?grant_type=client_credential&&appid=wx1dc762cdfeb4ed66&secret=a72c8ccb896f3f7ddaf45f5318035bde}
2016/08/25 16:12:21 [main.go:14] [I] 初始化数据库=======start============
2016/08/25 16:12:42 [main.go:18] [I] 初始化数据库=======end=================
2016/08/25 16:13:43 [access_token_server.go:40] [I] 获取accessToken的配置
2016/08/25 16:13:43 [access_token_server.go:45] [I] 获取accessToken的配置==============start===================
2016/08/25 16:13:43 [utils.go:49] [I] key is access_token_url||value is https://api.weixin.qq.com/cgi-bin/token
2016/08/25 16:13:43 [utils.go:49] [I] key is appID||value is wx1dc762cdfeb4ed66
2016/08/25 16:13:43 [utils.go:49] [I] key is appsecret||value is a72c8ccb896f3f7ddaf45f5318035bde
2016/08/25 16:13:43 [utils.go:49] [I] key is grant_type||value is client_credential
2016/08/25 16:13:43 [access_token_server.go:47] [I] accessToken 配置文件信息：&{url:https://api.weixin.qq.com/cgi-bin/token aPPID:wx1dc762cdfeb4ed66 appsecret:a72c8ccb896f3f7ddaf45f5318035bde grantType:client_credential accessTokenURL:https://api.weixin.qq.com/cgi-bin/token?grant_type=client_credential&&appid=wx1dc762cdfeb4ed66&secret=a72c8ccb896f3f7ddaf45f5318035bde}
2016/08/25 16:13:43 [access_token_server.go:48] [I] 获取accessToken的配置==============end===================
2016/08/25 16:13:43 [access_token_server.go:42] [I] 获取accessToken的配置 &{url:https://api.weixin.qq.com/cgi-bin/token aPPID:wx1dc762cdfeb4ed66 appsecret:a72c8ccb896f3f7ddaf45f5318035bde grantType:client_credential accessTokenURL:https://api.weixin.qq.com/cgi-bin/token?grant_type=client_credential&&appid=wx1dc762cdfeb4ed66&secret=a72c8ccb896f3f7ddaf45f5318035bde}
2016/08/25 16:13:43 [main.go:14] [I] 初始化数据库=======start============
2016/08/25 16:14:04 [main.go:18] [I] 初始化数据库=======end=================
2016/08/25 16:14:25 [access_token_server.go:40] [I] 获取accessToken的配置
2016/08/25 16:14:25 [access_token_server.go:45] [I] 获取accessToken的配置==============start===================
2016/08/25 16:14:25 [utils.go:49] [I] key is access_token_url||value is https://api.weixin.qq.com/cgi-bin/token
2016/08/25 16:14:25 [utils.go:49] [I] key is appID||value is wx1dc762cdfeb4ed66
2016/08/25 16:14:25 [utils.go:49] [I] key is appsecret||value is a72c8ccb896f3f7ddaf45f5318035bde
2016/08/25 16:14:25 [utils.go:49] [I] key is grant_type||value is client_credential
2016/08/25 16:14:25 [access_token_server.go:47] [I] accessToken 配置文件信息：&{url:https://api.weixin.qq.com/cgi-bin/token aPPID:wx1dc762cdfeb4ed66 appsecret:a72c8ccb896f3f7ddaf45f5318035bde grantType:client_credential accessTokenURL:https://api.weixin.qq.com/cgi-bin/token?grant_type=client_credential&&appid=wx1dc762cdfeb4ed66&secret=a72c8ccb896f3f7ddaf45f5318035bde}
2016/08/25 16:14:25 [access_token_server.go:48] [I] 获取accessToken的配置==============end===================
2016/08/25 16:14:25 [access_token_server.go:42] [I] 获取accessToken的配置 &{url:https://api.weixin.qq.com/cgi-bin/token aPPID:wx1dc762cdfeb4ed66 appsecret:a72c8ccb896f3f7ddaf45f5318035bde grantType:client_credential accessTokenURL:https://api.weixin.qq.com/cgi-bin/token?grant_type=client_credential&&appid=wx1dc762cdfeb4ed66&secret=a72c8ccb896f3f7ddaf45f5318035bde}
2016/08/25 16:14:25 [main.go:14] [I] 初始化数据库=======start============
2016/08/25 16:14:25 [main.go:18] [I] 初始化数据库=======end=================
2016/08/25 16:14:48 [access_token_server.go:40] [I] 获取accessToken的配置
2016/08/25 16:14:48 [access_token_server.go:45] [I] 获取accessToken的配置==============start===================
2016/08/25 16:14:48 [utils.go:49] [I] key is access_token_url||value is https://api.weixin.qq.com/cgi-bin/token
2016/08/25 16:14:48 [utils.go:49] [I] key is appID||value is wx1dc762cdfeb4ed66
2016/08/25 16:14:48 [utils.go:49] [I] key is appsecret||value is a72c8ccb896f3f7ddaf45f5318035bde
2016/08/25 16:14:48 [utils.go:49] [I] key is grant_type||value is client_credential
2016/08/25 16:14:48 [access_token_server.go:47] [I] accessToken 配置文件信息：&{url:https://api.weixin.qq.com/cgi-bin/token aPPID:wx1dc762cdfeb4ed66 appsecret:a72c8ccb896f3f7ddaf45f5318035bde grantType:client_credential accessTokenURL:https://api.weixin.qq.com/cgi-bin/token?grant_type=client_credential&&appid=wx1dc762cdfeb4ed66&secret=a72c8ccb896f3f7ddaf45f5318035bde}
2016/08/25 16:14:48 [access_token_server.go:48] [I] 获取accessToken的配置==============end===================
2016/08/25 16:14:48 [access_token_server.go:42] [I] 获取accessToken的配置 &{url:https://api.weixin.qq.com/cgi-bin/token aPPID:wx1dc762cdfeb4ed66 appsecret:a72c8ccb896f3f7ddaf45f5318035bde grantType:client_credential accessTokenURL:https://api.weixin.qq.com/cgi-bin/token?grant_type=client_credential&&appid=wx1dc762cdfeb4ed66&secret=a72c8ccb896f3f7ddaf45f5318035bde}
2016/08/25 16:14:48 [main.go:14] [I] 初始化数据库=======start============
2016/08/25 16:14:48 [main.go:18] [I] 初始化数据库=======end=================
2016/08/25 23:06:18 [access_token_server.go:40] [I] 获取accessToken的配置
2016/08/25 23:06:18 [access_token_server.go:45] [I] 获取accessToken的配置==============start===================
2016/08/25 23:06:18 [utils.go:49] [I] key is access_token_url||value is https://api.weixin.qq.com/cgi-bin/token
2016/08/25 23:06:18 [utils.go:49] [I] key is appID||value is wx1dc762cdfeb4ed66
2016/08/25 23:06:18 [utils.go:49] [I] key is appsecret||value is a72c8ccb896f3f7ddaf45f5318035bde
2016/08/25 23:06:18 [utils.go:49] [I] key is grant_type||value is client_credential
2016/08/25 23:06:18 [access_token_server.go:47] [I] accessToken 配置文件信息：&{url:https://api.weixin.qq.com/cgi-bin/token aPPID:wx1dc762cdfeb4ed66 appsecret:a72c8ccb896f3f7ddaf45f5318035bde grantType:client_credential accessTokenURL:https://api.weixin.qq.com/cgi-bin/token?grant_type=client_credential&&appid=wx1dc762cdfeb4ed66&secret=a72c8ccb896f3f7ddaf45f5318035bde}
2016/08/25 23:06:18 [access_token_server.go:48] [I] 获取accessToken的配置==============end===================
2016/08/25 23:06:18 [access_token_server.go:42] [I] 获取accessToken的配置 &{url:https://api.weixin.qq.com/cgi-bin/token aPPID:wx1dc762cdfeb4ed66 appsecret:a72c8ccb896f3f7ddaf45f5318035bde grantType:client_credential accessTokenURL:https://api.weixin.qq.com/cgi-bin/token?grant_type=client_credential&&appid=wx1dc762cdfeb4ed66&secret=a72c8ccb896f3f7ddaf45f5318035bde}
2016/08/25 23:06:18 [main.go:14] [I] 初始化数据库=======start============
2016/08/25 23:06:18 [main.go:18] [I] 初始化数据库=======end=================
2016/08/26 21:09:51 [access_token_server.go:40] [I] 获取accessToken的配置
2016/08/26 21:09:51 [access_token_server.go:45] [I] 获取accessToken的配置==============start===================
2016/08/26 21:09:51 [utils.go:49] [I] key is access_token_url||value is https://api.weixin.qq.com/cgi-bin/token
2016/08/26 21:09:51 [utils.go:49] [I] key is appID||value is wx1dc762cdfeb4ed66
2016/08/26 21:09:51 [utils.go:49] [I] key is appsecret||value is a72c8ccb896f3f7ddaf45f5318035bde
2016/08/26 21:09:51 [utils.go:49] [I] key is grant_type||value is client_credential
2016/08/26 21:09:51 [access_token_server.go:47] [I] accessToken 配置文件信息：&{url:https://api.weixin.qq.com/cgi-bin/token aPPID:wx1dc762cdfeb4ed66 appsecret:a72c8ccb896f3f7ddaf45f5318035bde grantType:client_credential accessTokenURL:https://api.weixin.qq.com/cgi-bin/token?grant_type=client_credential&&appid=wx1dc762cdfeb4ed66&secret=a72c8ccb896f3f7ddaf45f5318035bde}
2016/08/26 21:09:51 [access_token_server.go:48] [I] 获取accessToken的配置==============end===================
2016/08/26 21:09:51 [access_token_server.go:42] [I] 获取accessToken的配置 &{url:https://api.weixin.qq.com/cgi-bin/token aPPID:wx1dc762cdfeb4ed66 appsecret:a72c8ccb896f3f7ddaf45f5318035bde grantType:client_credential accessTokenURL:https://api.weixin.qq.com/cgi-bin/token?grant_type=client_credential&&appid=wx1dc762cdfeb4ed66&secret=a72c8ccb896f3f7ddaf45f5318035bde}
2016/08/26 21:09:51 [main.go:14] [I] 初始化数据库=======start============
2016/08/26 21:09:51 [main.go:18] [I] 初始化数据库=======end=================
2016/08/26 21:11:16 [access_token_server.go:40] [I] 获取accessToken的配置
2016/08/26 21:11:16 [access_token_server.go:45] [I] 获取accessToken的配置==============start===================
2016/08/26 21:11:16 [utils.go:49] [I] key is access_token_url||value is https://api.weixin.qq.com/cgi-bin/token
2016/08/26 21:11:16 [utils.go:49] [I] key is appID||value is wx1dc762cdfeb4ed66
2016/08/26 21:11:16 [utils.go:49] [I] key is appsecret||value is a72c8ccb896f3f7ddaf45f5318035bde
2016/08/26 21:11:16 [utils.go:49] [I] key is grant_type||value is client_credential
2016/08/26 21:11:16 [access_token_server.go:47] [I] accessToken 配置文件信息：&{url:https://api.weixin.qq.com/cgi-bin/token aPPID:wx1dc762cdfeb4ed66 appsecret:a72c8ccb896f3f7ddaf45f5318035bde grantType:client_credential accessTokenURL:https://api.weixin.qq.com/cgi-bin/token?grant_type=client_credential&&appid=wx1dc762cdfeb4ed66&secret=a72c8ccb896f3f7ddaf45f5318035bde}
2016/08/26 21:11:16 [access_token_server.go:48] [I] 获取accessToken的配置==============end===================
2016/08/26 21:11:16 [access_token_server.go:42] [I] 获取accessToken的配置 &{url:https://api.weixin.qq.com/cgi-bin/token aPPID:wx1dc762cdfeb4ed66 appsecret:a72c8ccb896f3f7ddaf45f5318035bde grantType:client_credential accessTokenURL:https://api.weixin.qq.com/cgi-bin/token?grant_type=client_credential&&appid=wx1dc762cdfeb4ed66&secret=a72c8ccb896f3f7ddaf45f5318035bde}
2016/08/26 21:11:16 [main.go:14] [I] 初始化数据库=======start============
2016/08/26 21:11:16 [main.go:18] [I] 初始化数据库=======end=================
2016/08/26 21:14:01 [access_token_server.go:40] [I] 获取accessToken的配置
2016/08/26 21:14:01 [access_token_server.go:45] [I] 获取accessToken的配置==============start===================
2016/08/26 21:14:01 [utils.go:49] [I] key is access_token_url||value is https://api.weixin.qq.com/cgi-bin/token
2016/08/26 21:14:01 [utils.go:49] [I] key is appID||value is wx1dc762cdfeb4ed66
2016/08/26 21:14:01 [utils.go:49] [I] key is appsecret||value is a72c8ccb896f3f7ddaf45f5318035bde
2016/08/26 21:14:01 [utils.go:49] [I] key is grant_type||value is client_credential
2016/08/26 21:14:01 [access_token_server.go:47] [I] accessToken 配置文件信息：&{url:https://api.weixin.qq.com/cgi-bin/token aPPID:wx1dc762cdfeb4ed66 appsecret:a72c8ccb896f3f7ddaf45f5318035bde grantType:client_credential accessTokenURL:https://api.weixin.qq.com/cgi-bin/token?grant_type=client_credential&&appid=wx1dc762cdfeb4ed66&secret=a72c8ccb896f3f7ddaf45f5318035bde}
2016/08/26 21:14:01 [access_token_server.go:48] [I] 获取accessToken的配置==============end===================
2016/08/26 21:14:01 [access_token_server.go:42] [I] 获取accessToken的配置 &{url:https://api.weixin.qq.com/cgi-bin/token aPPID:wx1dc762cdfeb4ed66 appsecret:a72c8ccb896f3f7ddaf45f5318035bde grantType:client_credential accessTokenURL:https://api.weixin.qq.com/cgi-bin/token?grant_type=client_credential&&appid=wx1dc762cdfeb4ed66&secret=a72c8ccb896f3f7ddaf45f5318035bde}
2016/08/26 21:14:17 [main.go:14] [I] 初始化数据库=======start============
2016/08/26 21:14:43 [main.go:18] [I] 初始化数据库=======end=================
